[2026-08-26 05:34:00,058] flops: 0.619251354, params: 0.315566, Total params: : 0.3156
[2026-08-26 05:34:18,779] Epoch: 1, Dataset: test, Dice: 0.1350, IoU: 0.0811
[2026-08-26 05:34:19,372] Epoch: 1, Dataset: val, Dice: 0.1453, IoU: 0.0915
[2026-08-26 05:34:19,372] ### Best Model Saved (Dice improved from 0.0000 to 0.1453) ###
[2026-08-26 05:34:38,157] Epoch: 2, Dataset: test, Dice: 0.2232, IoU: 0.1481
[2026-08-26 05:34:38,754] Epoch: 2, Dataset: val, Dice: 0.2088, IoU: 0.1363
[2026-08-26 05:34:38,754] ### Best Model Saved (Dice improved from 0.1453 to 0.2088) ###
[2026-08-26 05:34:58,128] Epoch: 3, Dataset: test, Dice: 0.2782, IoU: 0.1867
[2026-08-26 05:34:58,729] Epoch: 3, Dataset: val, Dice: 0.2287, IoU: 0.1482
[2026-08-26 05:34:58,730] ### Best Model Saved (Dice improved from 0.2088 to 0.2287) ###
[2026-08-26 05:35:17,678] Epoch: 4, Dataset: test, Dice: 0.2532, IoU: 0.1636
[2026-08-26 05:35:18,278] Epoch: 4, Dataset: val, Dice: 0.2378, IoU: 0.1542
[2026-08-26 05:35:18,279] ### Best Model Saved (Dice improved from 0.2287 to 0.2378) ###
[2026-08-26 05:35:37,014] Epoch: 5, Dataset: test, Dice: 0.3175, IoU: 0.2197
[2026-08-26 05:35:37,626] Epoch: 5, Dataset: val, Dice: 0.2476, IoU: 0.1574
[2026-08-26 05:35:37,626] ### Best Model Saved (Dice improved from 0.2378 to 0.2476) ###
[2026-08-26 05:35:56,481] Epoch: 6, Dataset: test, Dice: 0.3951, IoU: 0.2770
[2026-08-26 05:35:57,105] Epoch: 6, Dataset: val, Dice: 0.3137, IoU: 0.2113
[2026-08-26 05:35:57,106] ### Best Model Saved (Dice improved from 0.2476 to 0.3137) ###
[2026-08-26 05:36:16,039] Epoch: 7, Dataset: test, Dice: 0.4257, IoU: 0.3056
[2026-08-26 05:36:16,651] Epoch: 7, Dataset: val, Dice: 0.2852, IoU: 0.1871
[2026-08-26 05:36:35,550] Epoch: 8, Dataset: test, Dice: 0.4292, IoU: 0.3204
[2026-08-26 05:36:36,151] Epoch: 8, Dataset: val, Dice: 0.3738, IoU: 0.2713
[2026-08-26 05:36:36,151] ### Best Model Saved (Dice improved from 0.3137 to 0.3738) ###
[2026-08-26 05:36:55,068] Epoch: 9, Dataset: test, Dice: 0.4172, IoU: 0.2889
[2026-08-26 05:36:55,670] Epoch: 9, Dataset: val, Dice: 0.2730, IoU: 0.1812
[2026-08-26 05:37:14,457] Epoch: 10, Dataset: test, Dice: 0.5060, IoU: 0.3863
[2026-08-26 05:37:15,083] Epoch: 10, Dataset: val, Dice: 0.3607, IoU: 0.2527
[2026-08-26 05:37:33,931] Epoch: 11, Dataset: test, Dice: 0.5197, IoU: 0.3927
[2026-08-26 05:37:34,533] Epoch: 11, Dataset: val, Dice: 0.4062, IoU: 0.2967
[2026-08-26 05:37:34,533] ### Best Model Saved (Dice improved from 0.3738 to 0.4062) ###
[2026-08-26 05:37:53,475] Epoch: 12, Dataset: test, Dice: 0.3397, IoU: 0.2360
[2026-08-26 05:37:54,069] Epoch: 12, Dataset: val, Dice: 0.2474, IoU: 0.1617
[2026-08-26 05:38:12,897] Epoch: 13, Dataset: test, Dice: 0.4922, IoU: 0.3622
[2026-08-26 05:38:13,512] Epoch: 13, Dataset: val, Dice: 0.3359, IoU: 0.2352
[2026-08-26 05:38:32,409] Epoch: 14, Dataset: test, Dice: 0.5765, IoU: 0.4672
[2026-08-26 05:38:33,018] Epoch: 14, Dataset: val, Dice: 0.4144, IoU: 0.3044
[2026-08-26 05:38:33,018] ### Best Model Saved (Dice improved from 0.4062 to 0.4144) ###
[2026-08-26 05:38:51,920] Epoch: 15, Dataset: test, Dice: 0.5247, IoU: 0.4340
[2026-08-26 05:38:52,609] Epoch: 15, Dataset: val, Dice: 0.4186, IoU: 0.3173
[2026-08-26 05:38:52,609] ### Best Model Saved (Dice improved from 0.4144 to 0.4186) ###
[2026-08-26 05:39:11,543] Epoch: 16, Dataset: test, Dice: 0.3610, IoU: 0.2591
[2026-08-26 05:39:12,149] Epoch: 16, Dataset: val, Dice: 0.2723, IoU: 0.1887
[2026-08-26 05:39:31,014] Epoch: 17, Dataset: test, Dice: 0.5394, IoU: 0.4364
[2026-08-26 05:39:31,621] Epoch: 17, Dataset: val, Dice: 0.4121, IoU: 0.3124
[2026-08-26 05:39:50,525] Epoch: 18, Dataset: test, Dice: 0.6245, IoU: 0.5141
[2026-08-26 05:39:51,118] Epoch: 18, Dataset: val, Dice: 0.5662, IoU: 0.4564
[2026-08-26 05:39:51,118] ### Best Model Saved (Dice improved from 0.4186 to 0.5662) ###
[2026-08-26 05:40:10,018] Epoch: 19, Dataset: test, Dice: 0.6422, IoU: 0.5324
[2026-08-26 05:40:10,621] Epoch: 19, Dataset: val, Dice: 0.4966, IoU: 0.3957
[2026-08-26 05:40:29,443] Epoch: 20, Dataset: test, Dice: 0.5981, IoU: 0.4934
[2026-08-26 05:40:30,052] Epoch: 20, Dataset: val, Dice: 0.4263, IoU: 0.3346
[2026-08-26 05:40:48,898] Epoch: 21, Dataset: test, Dice: 0.6369, IoU: 0.5307
[2026-08-26 05:40:49,502] Epoch: 21, Dataset: val, Dice: 0.4820, IoU: 0.3793
[2026-08-26 05:41:08,400] Epoch: 22, Dataset: test, Dice: 0.6535, IoU: 0.5579
[2026-08-26 05:41:08,998] Epoch: 22, Dataset: val, Dice: 0.5942, IoU: 0.4970
[2026-08-26 05:41:08,999] ### Best Model Saved (Dice improved from 0.5662 to 0.5942) ###
[2026-08-26 05:41:27,872] Epoch: 23, Dataset: test, Dice: 0.5775, IoU: 0.4901
[2026-08-26 05:41:28,481] Epoch: 23, Dataset: val, Dice: 0.5561, IoU: 0.4533
[2026-08-26 05:41:47,346] Epoch: 24, Dataset: test, Dice: 0.6360, IoU: 0.5434
[2026-08-26 05:41:47,956] Epoch: 24, Dataset: val, Dice: 0.6194, IoU: 0.5188
[2026-08-26 05:41:47,957] ### Best Model Saved (Dice improved from 0.5942 to 0.6194) ###
[2026-08-26 05:42:06,858] Epoch: 25, Dataset: test, Dice: 0.6367, IoU: 0.5313
[2026-08-26 05:42:07,454] Epoch: 25, Dataset: val, Dice: 0.6016, IoU: 0.5026
[2026-08-26 05:42:26,220] Epoch: 26, Dataset: test, Dice: 0.5742, IoU: 0.4795
[2026-08-26 05:42:26,821] Epoch: 26, Dataset: val, Dice: 0.4226, IoU: 0.3294
[2026-08-26 05:42:45,637] Epoch: 27, Dataset: test, Dice: 0.6802, IoU: 0.5843
[2026-08-26 05:42:46,233] Epoch: 27, Dataset: val, Dice: 0.6323, IoU: 0.5397
[2026-08-26 05:42:46,233] ### Best Model Saved (Dice improved from 0.6194 to 0.6323) ###
[2026-08-26 05:43:05,098] Epoch: 28, Dataset: test, Dice: 0.6983, IoU: 0.6152
[2026-08-26 05:43:05,686] Epoch: 28, Dataset: val, Dice: 0.6438, IoU: 0.5568
[2026-08-26 05:43:05,687] ### Best Model Saved (Dice improved from 0.6323 to 0.6438) ###
[2026-08-26 05:43:24,591] Epoch: 29, Dataset: test, Dice: 0.7023, IoU: 0.6067
[2026-08-26 05:43:25,194] Epoch: 29, Dataset: val, Dice: 0.6020, IoU: 0.5035
[2026-08-26 05:43:44,067] Epoch: 30, Dataset: test, Dice: 0.6970, IoU: 0.5914
[2026-08-26 05:43:44,678] Epoch: 30, Dataset: val, Dice: 0.6042, IoU: 0.5115
[2026-08-26 05:44:03,587] Epoch: 31, Dataset: test, Dice: 0.6246, IoU: 0.5231
[2026-08-26 05:44:04,178] Epoch: 31, Dataset: val, Dice: 0.5691, IoU: 0.4720
[2026-08-26 05:44:23,065] Epoch: 32, Dataset: test, Dice: 0.7483, IoU: 0.6547
[2026-08-26 05:44:23,657] Epoch: 32, Dataset: val, Dice: 0.6953, IoU: 0.5997
[2026-08-26 05:44:23,657] ### Best Model Saved (Dice improved from 0.6438 to 0.6953) ###
[2026-08-26 05:44:42,519] Epoch: 33, Dataset: test, Dice: 0.6838, IoU: 0.5969
[2026-08-26 05:44:43,120] Epoch: 33, Dataset: val, Dice: 0.6957, IoU: 0.5984
[2026-08-26 05:44:43,120] ### Best Model Saved (Dice improved from 0.6953 to 0.6957) ###
[2026-08-26 05:45:02,025] Epoch: 34, Dataset: test, Dice: 0.7345, IoU: 0.6363
[2026-08-26 05:45:02,648] Epoch: 34, Dataset: val, Dice: 0.6451, IoU: 0.5471
[2026-08-26 05:45:21,523] Epoch: 35, Dataset: test, Dice: 0.7525, IoU: 0.6694
[2026-08-26 05:45:22,135] Epoch: 35, Dataset: val, Dice: 0.7306, IoU: 0.6473
[2026-08-26 05:45:22,135] ### Best Model Saved (Dice improved from 0.6957 to 0.7306) ###
[2026-08-26 05:45:41,007] Epoch: 36, Dataset: test, Dice: 0.6857, IoU: 0.5980
[2026-08-26 05:45:41,610] Epoch: 36, Dataset: val, Dice: 0.5914, IoU: 0.5123
[2026-08-26 05:46:00,517] Epoch: 37, Dataset: test, Dice: 0.4814, IoU: 0.3953
[2026-08-26 05:46:01,117] Epoch: 37, Dataset: val, Dice: 0.4597, IoU: 0.3790
[2026-08-26 05:46:20,015] Epoch: 38, Dataset: test, Dice: 0.5846, IoU: 0.4984
[2026-08-26 05:46:20,620] Epoch: 38, Dataset: val, Dice: 0.5771, IoU: 0.5010
[2026-08-26 05:46:39,474] Epoch: 39, Dataset: test, Dice: 0.7075, IoU: 0.6096
[2026-08-26 05:46:40,112] Epoch: 39, Dataset: val, Dice: 0.6815, IoU: 0.5932
[2026-08-26 05:46:59,018] Epoch: 40, Dataset: test, Dice: 0.7509, IoU: 0.6656
[2026-08-26 05:46:59,634] Epoch: 40, Dataset: val, Dice: 0.7270, IoU: 0.6449
[2026-08-26 05:47:18,491] Epoch: 41, Dataset: test, Dice: 0.7472, IoU: 0.6623
[2026-08-26 05:47:19,101] Epoch: 41, Dataset: val, Dice: 0.7764, IoU: 0.6972
[2026-08-26 05:47:19,102] ### Best Model Saved (Dice improved from 0.7306 to 0.7764) ###
[2026-08-26 05:47:38,005] Epoch: 42, Dataset: test, Dice: 0.7890, IoU: 0.7052
[2026-08-26 05:47:38,613] Epoch: 42, Dataset: val, Dice: 0.7676, IoU: 0.6861
[2026-08-26 05:47:57,379] Epoch: 43, Dataset: test, Dice: 0.7553, IoU: 0.6541
[2026-08-26 05:47:58,008] Epoch: 43, Dataset: val, Dice: 0.7285, IoU: 0.6326
[2026-08-26 05:48:16,941] Epoch: 44, Dataset: test, Dice: 0.7070, IoU: 0.6259
[2026-08-26 05:48:17,553] Epoch: 44, Dataset: val, Dice: 0.7495, IoU: 0.6668
[2026-08-26 05:48:36,422] Epoch: 45, Dataset: test, Dice: 0.7196, IoU: 0.6429
[2026-08-26 05:48:37,032] Epoch: 45, Dataset: val, Dice: 0.7472, IoU: 0.6681
[2026-08-26 05:48:55,929] Epoch: 46, Dataset: test, Dice: 0.6826, IoU: 0.5987
[2026-08-26 05:48:56,542] Epoch: 46, Dataset: val, Dice: 0.6691, IoU: 0.5889
[2026-08-26 05:49:15,389] Epoch: 47, Dataset: test, Dice: 0.7582, IoU: 0.6734
[2026-08-26 05:49:16,005] Epoch: 47, Dataset: val, Dice: 0.7052, IoU: 0.6193
[2026-08-26 05:49:34,854] Epoch: 48, Dataset: test, Dice: 0.5687, IoU: 0.4752
[2026-08-26 05:49:35,468] Epoch: 48, Dataset: val, Dice: 0.5260, IoU: 0.4458
[2026-08-26 05:49:54,348] Epoch: 49, Dataset: test, Dice: 0.7869, IoU: 0.7032
[2026-08-26 05:49:54,938] Epoch: 49, Dataset: val, Dice: 0.7565, IoU: 0.6797
[2026-08-26 05:50:13,788] Epoch: 50, Dataset: test, Dice: 0.7971, IoU: 0.7062
[2026-08-26 05:50:14,405] Epoch: 50, Dataset: val, Dice: 0.7554, IoU: 0.6839
[2026-08-26 05:50:33,223] Epoch: 51, Dataset: test, Dice: 0.7502, IoU: 0.6663
[2026-08-26 05:50:33,835] Epoch: 51, Dataset: val, Dice: 0.7524, IoU: 0.6745
[2026-08-26 05:50:52,716] Epoch: 52, Dataset: test, Dice: 0.7453, IoU: 0.6615
[2026-08-26 05:50:53,327] Epoch: 52, Dataset: val, Dice: 0.7414, IoU: 0.6661
[2026-08-26 05:51:12,172] Epoch: 53, Dataset: test, Dice: 0.7433, IoU: 0.6642
[2026-08-26 05:51:12,771] Epoch: 53, Dataset: val, Dice: 0.7706, IoU: 0.6983
[2026-08-26 05:51:31,620] Epoch: 54, Dataset: test, Dice: 0.7441, IoU: 0.6614
[2026-08-26 05:51:32,227] Epoch: 54, Dataset: val, Dice: 0.7081, IoU: 0.6351
[2026-08-26 05:51:51,074] Epoch: 55, Dataset: test, Dice: 0.7782, IoU: 0.6986
[2026-08-26 05:51:51,686] Epoch: 55, Dataset: val, Dice: 0.7576, IoU: 0.6796
[2026-08-26 05:52:10,584] Epoch: 56, Dataset: test, Dice: 0.7583, IoU: 0.6788
[2026-08-26 05:52:11,198] Epoch: 56, Dataset: val, Dice: 0.7698, IoU: 0.6963
[2026-08-26 05:52:30,044] Epoch: 57, Dataset: test, Dice: 0.7620, IoU: 0.6774
[2026-08-26 05:52:30,642] Epoch: 57, Dataset: val, Dice: 0.7405, IoU: 0.6639
[2026-08-26 05:52:49,474] Epoch: 58, Dataset: test, Dice: 0.7763, IoU: 0.6898
[2026-08-26 05:52:50,072] Epoch: 58, Dataset: val, Dice: 0.7574, IoU: 0.6807
[2026-08-26 05:53:08,952] Epoch: 59, Dataset: test, Dice: 0.8147, IoU: 0.7392
[2026-08-26 05:53:09,573] Epoch: 59, Dataset: val, Dice: 0.7564, IoU: 0.6879
[2026-08-26 05:53:28,419] Epoch: 60, Dataset: test, Dice: 0.7428, IoU: 0.6659
[2026-08-26 05:53:29,025] Epoch: 60, Dataset: val, Dice: 0.7539, IoU: 0.6742
[2026-08-26 05:53:47,893] Epoch: 61, Dataset: test, Dice: 0.6801, IoU: 0.5827
[2026-08-26 05:53:48,499] Epoch: 61, Dataset: val, Dice: 0.6298, IoU: 0.5251
[2026-08-26 05:54:07,354] Epoch: 62, Dataset: test, Dice: 0.7813, IoU: 0.7062
[2026-08-26 05:54:07,962] Epoch: 62, Dataset: val, Dice: 0.7748, IoU: 0.6893
[2026-08-26 05:54:26,827] Epoch: 63, Dataset: test, Dice: 0.7895, IoU: 0.7071
[2026-08-26 05:54:27,430] Epoch: 63, Dataset: val, Dice: 0.7687, IoU: 0.6834
[2026-08-26 05:54:46,258] Epoch: 64, Dataset: test, Dice: 0.7840, IoU: 0.7077
[2026-08-26 05:54:46,876] Epoch: 64, Dataset: val, Dice: 0.8018, IoU: 0.7159
[2026-08-26 05:54:46,876] ### Best Model Saved (Dice improved from 0.7764 to 0.8018) ###
[2026-08-26 05:55:05,787] Epoch: 65, Dataset: test, Dice: 0.8050, IoU: 0.7249
[2026-08-26 05:55:06,393] Epoch: 65, Dataset: val, Dice: 0.7808, IoU: 0.7037
[2026-08-26 05:55:25,227] Epoch: 66, Dataset: test, Dice: 0.7478, IoU: 0.6659
[2026-08-26 05:55:25,840] Epoch: 66, Dataset: val, Dice: 0.7777, IoU: 0.6860
[2026-08-26 05:55:44,599] Epoch: 67, Dataset: test, Dice: 0.8068, IoU: 0.7245
[2026-08-26 05:55:45,195] Epoch: 67, Dataset: val, Dice: 0.8005, IoU: 0.7238
[2026-08-26 05:56:04,095] Epoch: 68, Dataset: test, Dice: 0.8298, IoU: 0.7467
[2026-08-26 05:56:04,702] Epoch: 68, Dataset: val, Dice: 0.7804, IoU: 0.6995
[2026-08-26 05:56:23,566] Epoch: 69, Dataset: test, Dice: 0.7834, IoU: 0.7046
[2026-08-26 05:56:24,181] Epoch: 69, Dataset: val, Dice: 0.7869, IoU: 0.7001
[2026-08-26 05:56:43,074] Epoch: 70, Dataset: test, Dice: 0.7832, IoU: 0.7106
[2026-08-26 05:56:43,684] Epoch: 70, Dataset: val, Dice: 0.8296, IoU: 0.7477
[2026-08-26 05:56:43,685] ### Best Model Saved (Dice improved from 0.8018 to 0.8296) ###
[2026-08-26 05:57:02,661] Epoch: 71, Dataset: test, Dice: 0.8172, IoU: 0.7437
[2026-08-26 05:57:03,279] Epoch: 71, Dataset: val, Dice: 0.8126, IoU: 0.7355
[2026-08-26 05:57:22,163] Epoch: 72, Dataset: test, Dice: 0.7864, IoU: 0.7016
[2026-08-26 05:57:22,765] Epoch: 72, Dataset: val, Dice: 0.7940, IoU: 0.7096
[2026-08-26 05:57:41,656] Epoch: 73, Dataset: test, Dice: 0.7905, IoU: 0.7059
[2026-08-26 05:57:42,291] Epoch: 73, Dataset: val, Dice: 0.8371, IoU: 0.7570
[2026-08-26 05:57:42,291] ### Best Model Saved (Dice improved from 0.8296 to 0.8371) ###
[2026-08-26 05:58:01,231] Epoch: 74, Dataset: test, Dice: 0.7568, IoU: 0.6799
[2026-08-26 05:58:01,833] Epoch: 74, Dataset: val, Dice: 0.7898, IoU: 0.6974
[2026-08-26 05:58:20,955] Epoch: 75, Dataset: test, Dice: 0.7940, IoU: 0.7153
[2026-08-26 05:58:21,560] Epoch: 75, Dataset: val, Dice: 0.7954, IoU: 0.7130
[2026-08-26 05:58:40,444] Epoch: 76, Dataset: test, Dice: 0.7467, IoU: 0.6660
[2026-08-26 05:58:41,059] Epoch: 76, Dataset: val, Dice: 0.8117, IoU: 0.7254
[2026-08-26 05:58:59,971] Epoch: 77, Dataset: test, Dice: 0.8137, IoU: 0.7351
[2026-08-26 05:59:00,602] Epoch: 77, Dataset: val, Dice: 0.8378, IoU: 0.7570
[2026-08-26 05:59:00,602] ### Best Model Saved (Dice improved from 0.8371 to 0.8378) ###
[2026-08-26 05:59:19,503] Epoch: 78, Dataset: test, Dice: 0.8004, IoU: 0.7239
[2026-08-26 05:59:20,125] Epoch: 78, Dataset: val, Dice: 0.7994, IoU: 0.7110
[2026-08-26 05:59:38,949] Epoch: 79, Dataset: test, Dice: 0.8382, IoU: 0.7629
[2026-08-26 05:59:39,553] Epoch: 79, Dataset: val, Dice: 0.7846, IoU: 0.6994
[2026-08-26 05:59:58,390] Epoch: 80, Dataset: test, Dice: 0.7832, IoU: 0.7076
[2026-08-26 05:59:58,997] Epoch: 80, Dataset: val, Dice: 0.8002, IoU: 0.7133
[2026-08-26 06:00:17,865] Epoch: 81, Dataset: test, Dice: 0.8073, IoU: 0.7211
[2026-08-26 06:00:18,477] Epoch: 81, Dataset: val, Dice: 0.8281, IoU: 0.7438
[2026-08-26 06:00:37,346] Epoch: 82, Dataset: test, Dice: 0.8204, IoU: 0.7500
[2026-08-26 06:00:37,952] Epoch: 82, Dataset: val, Dice: 0.8216, IoU: 0.7435
[2026-08-26 06:00:56,707] Epoch: 83, Dataset: test, Dice: 0.8432, IoU: 0.7694
[2026-08-26 06:00:57,315] Epoch: 83, Dataset: val, Dice: 0.8174, IoU: 0.7359
[2026-08-26 06:01:16,235] Epoch: 84, Dataset: test, Dice: 0.7977, IoU: 0.7089
[2026-08-26 06:01:16,839] Epoch: 84, Dataset: val, Dice: 0.8091, IoU: 0.7196
[2026-08-26 06:01:35,687] Epoch: 85, Dataset: test, Dice: 0.8211, IoU: 0.7435
[2026-08-26 06:01:36,298] Epoch: 85, Dataset: val, Dice: 0.8499, IoU: 0.7688
[2026-08-26 06:01:36,298] ### Best Model Saved (Dice improved from 0.8378 to 0.8499) ###
[2026-08-26 06:01:55,208] Epoch: 86, Dataset: test, Dice: 0.7547, IoU: 0.6826
[2026-08-26 06:01:55,808] Epoch: 86, Dataset: val, Dice: 0.8256, IoU: 0.7364
[2026-08-26 06:02:14,636] Epoch: 87, Dataset: test, Dice: 0.8301, IoU: 0.7440
[2026-08-26 06:02:15,246] Epoch: 87, Dataset: val, Dice: 0.8023, IoU: 0.7081
[2026-08-26 06:02:34,132] Epoch: 88, Dataset: test, Dice: 0.8282, IoU: 0.7483
[2026-08-26 06:02:34,754] Epoch: 88, Dataset: val, Dice: 0.8483, IoU: 0.7657
[2026-08-26 06:02:53,549] Epoch: 89, Dataset: test, Dice: 0.8345, IoU: 0.7574
[2026-08-26 06:02:54,146] Epoch: 89, Dataset: val, Dice: 0.8343, IoU: 0.7521
[2026-08-26 06:03:12,999] Epoch: 90, Dataset: test, Dice: 0.8022, IoU: 0.7236
[2026-08-26 06:03:13,611] Epoch: 90, Dataset: val, Dice: 0.8407, IoU: 0.7620
[2026-08-26 06:03:32,537] Epoch: 91, Dataset: test, Dice: 0.8178, IoU: 0.7417
[2026-08-26 06:03:33,152] Epoch: 91, Dataset: val, Dice: 0.8348, IoU: 0.7521
[2026-08-26 06:03:52,028] Epoch: 92, Dataset: test, Dice: 0.8094, IoU: 0.7361
[2026-08-26 06:03:52,676] Epoch: 92, Dataset: val, Dice: 0.8463, IoU: 0.7755
[2026-08-26 06:04:11,559] Epoch: 93, Dataset: test, Dice: 0.7981, IoU: 0.7185
[2026-08-26 06:04:12,173] Epoch: 93, Dataset: val, Dice: 0.8454, IoU: 0.7684
[2026-08-26 06:04:31,072] Epoch: 94, Dataset: test, Dice: 0.8390, IoU: 0.7647
[2026-08-26 06:04:31,687] Epoch: 94, Dataset: val, Dice: 0.8415, IoU: 0.7711
[2026-08-26 06:04:50,568] Epoch: 95, Dataset: test, Dice: 0.8206, IoU: 0.7421
[2026-08-26 06:04:51,189] Epoch: 95, Dataset: val, Dice: 0.8443, IoU: 0.7713
[2026-08-26 06:05:10,083] Epoch: 96, Dataset: test, Dice: 0.8435, IoU: 0.7648
[2026-08-26 06:05:10,686] Epoch: 96, Dataset: val, Dice: 0.8438, IoU: 0.7724
[2026-08-26 06:05:29,543] Epoch: 97, Dataset: test, Dice: 0.8357, IoU: 0.7563
[2026-08-26 06:05:30,149] Epoch: 97, Dataset: val, Dice: 0.8395, IoU: 0.7676
[2026-08-26 06:05:49,046] Epoch: 98, Dataset: test, Dice: 0.8339, IoU: 0.7569
[2026-08-26 06:05:49,658] Epoch: 98, Dataset: val, Dice: 0.8492, IoU: 0.7697
[2026-08-26 06:06:08,498] Epoch: 99, Dataset: test, Dice: 0.8467, IoU: 0.7709
[2026-08-26 06:06:09,103] Epoch: 99, Dataset: val, Dice: 0.8401, IoU: 0.7604
[2026-08-26 06:06:27,982] Epoch: 100, Dataset: test, Dice: 0.8374, IoU: 0.7559
[2026-08-26 06:06:28,586] Epoch: 100, Dataset: val, Dice: 0.8097, IoU: 0.7241
[2026-08-26 06:06:47,453] Epoch: 101, Dataset: test, Dice: 0.8495, IoU: 0.7777
[2026-08-26 06:06:48,072] Epoch: 101, Dataset: val, Dice: 0.8378, IoU: 0.7685
[2026-08-26 06:07:06,918] Epoch: 102, Dataset: test, Dice: 0.8187, IoU: 0.7409
[2026-08-26 06:07:07,514] Epoch: 102, Dataset: val, Dice: 0.8316, IoU: 0.7506
[2026-08-26 06:07:26,318] Epoch: 103, Dataset: test, Dice: 0.8225, IoU: 0.7424
[2026-08-26 06:07:26,923] Epoch: 103, Dataset: val, Dice: 0.8504, IoU: 0.7762
[2026-08-26 06:07:26,923] ### Best Model Saved (Dice improved from 0.8499 to 0.8504) ###
[2026-08-26 06:07:45,805] Epoch: 104, Dataset: test, Dice: 0.8327, IoU: 0.7560
[2026-08-26 06:07:46,403] Epoch: 104, Dataset: val, Dice: 0.8514, IoU: 0.7763
[2026-08-26 06:07:46,404] ### Best Model Saved (Dice improved from 0.8504 to 0.8514) ###
[2026-08-26 06:08:05,250] Epoch: 105, Dataset: test, Dice: 0.8591, IoU: 0.7853
[2026-08-26 06:08:05,854] Epoch: 105, Dataset: val, Dice: 0.8503, IoU: 0.7743
[2026-08-26 06:08:24,710] Epoch: 106, Dataset: test, Dice: 0.8840, IoU: 0.8102
[2026-08-26 06:08:25,312] Epoch: 106, Dataset: val, Dice: 0.8702, IoU: 0.7956
[2026-08-26 06:08:25,312] ### Best Model Saved (Dice improved from 0.8514 to 0.8702) ###
[2026-08-26 06:08:44,198] Epoch: 107, Dataset: test, Dice: 0.8144, IoU: 0.7305
[2026-08-26 06:08:44,812] Epoch: 107, Dataset: val, Dice: 0.8282, IoU: 0.7400
[2026-08-26 06:09:03,664] Epoch: 108, Dataset: test, Dice: 0.8629, IoU: 0.7830
[2026-08-26 06:09:04,277] Epoch: 108, Dataset: val, Dice: 0.8593, IoU: 0.7872
[2026-08-26 06:09:23,153] Epoch: 109, Dataset: test, Dice: 0.8590, IoU: 0.7801
[2026-08-26 06:09:23,771] Epoch: 109, Dataset: val, Dice: 0.8623, IoU: 0.7895
[2026-08-26 06:09:42,708] Epoch: 110, Dataset: test, Dice: 0.8573, IoU: 0.7799
[2026-08-26 06:09:43,331] Epoch: 110, Dataset: val, Dice: 0.8630, IoU: 0.7911
[2026-08-26 06:10:02,247] Epoch: 111, Dataset: test, Dice: 0.8184, IoU: 0.7448
[2026-08-26 06:10:02,863] Epoch: 111, Dataset: val, Dice: 0.8471, IoU: 0.7668
[2026-08-26 06:10:21,777] Epoch: 112, Dataset: test, Dice: 0.8471, IoU: 0.7689
[2026-08-26 06:10:22,431] Epoch: 112, Dataset: val, Dice: 0.8577, IoU: 0.7817
[2026-08-26 06:10:41,330] Epoch: 113, Dataset: test, Dice: 0.8329, IoU: 0.7609
[2026-08-26 06:10:41,954] Epoch: 113, Dataset: val, Dice: 0.8524, IoU: 0.7738
[2026-08-26 06:11:00,858] Epoch: 114, Dataset: test, Dice: 0.8589, IoU: 0.7784
[2026-08-26 06:11:01,488] Epoch: 114, Dataset: val, Dice: 0.8584, IoU: 0.7853
[2026-08-26 06:11:20,400] Epoch: 115, Dataset: test, Dice: 0.8378, IoU: 0.7560
[2026-08-26 06:11:21,029] Epoch: 115, Dataset: val, Dice: 0.8470, IoU: 0.7635
[2026-08-26 06:11:39,827] Epoch: 116, Dataset: test, Dice: 0.8090, IoU: 0.7436
[2026-08-26 06:11:40,433] Epoch: 116, Dataset: val, Dice: 0.8425, IoU: 0.7624
[2026-08-26 06:11:59,306] Epoch: 117, Dataset: test, Dice: 0.8735, IoU: 0.8019
[2026-08-26 06:11:59,937] Epoch: 117, Dataset: val, Dice: 0.8634, IoU: 0.7920
[2026-08-26 06:12:18,761] Epoch: 118, Dataset: test, Dice: 0.8654, IoU: 0.7940
[2026-08-26 06:12:19,384] Epoch: 118, Dataset: val, Dice: 0.8672, IoU: 0.7972
[2026-08-26 06:12:38,258] Epoch: 119, Dataset: test, Dice: 0.8626, IoU: 0.7874
[2026-08-26 06:12:38,869] Epoch: 119, Dataset: val, Dice: 0.8629, IoU: 0.7897
[2026-08-26 06:12:57,703] Epoch: 120, Dataset: test, Dice: 0.8713, IoU: 0.7934
[2026-08-26 06:12:58,313] Epoch: 120, Dataset: val, Dice: 0.8563, IoU: 0.7818
[2026-08-26 06:13:17,189] Epoch: 121, Dataset: test, Dice: 0.8672, IoU: 0.7962
[2026-08-26 06:13:17,809] Epoch: 121, Dataset: val, Dice: 0.8625, IoU: 0.7900
[2026-08-26 06:13:36,691] Epoch: 122, Dataset: test, Dice: 0.8686, IoU: 0.7902
[2026-08-26 06:13:37,282] Epoch: 122, Dataset: val, Dice: 0.8539, IoU: 0.7808
[2026-08-26 06:13:56,125] Epoch: 123, Dataset: test, Dice: 0.8667, IoU: 0.7879
[2026-08-26 06:13:56,743] Epoch: 123, Dataset: val, Dice: 0.8679, IoU: 0.7935
[2026-08-26 06:14:15,601] Epoch: 124, Dataset: test, Dice: 0.8754, IoU: 0.8005
[2026-08-26 06:14:16,221] Epoch: 124, Dataset: val, Dice: 0.8692, IoU: 0.7940
[2026-08-26 06:14:35,065] Epoch: 125, Dataset: test, Dice: 0.8763, IoU: 0.7985
[2026-08-26 06:14:35,675] Epoch: 125, Dataset: val, Dice: 0.8616, IoU: 0.7853
[2026-08-26 06:14:54,564] Epoch: 126, Dataset: test, Dice: 0.8861, IoU: 0.8127
[2026-08-26 06:14:55,181] Epoch: 126, Dataset: val, Dice: 0.8715, IoU: 0.7945
[2026-08-26 06:14:55,182] ### Best Model Saved (Dice improved from 0.8702 to 0.8715) ###
[2026-08-26 06:15:14,068] Epoch: 127, Dataset: test, Dice: 0.8773, IoU: 0.8033
[2026-08-26 06:15:14,676] Epoch: 127, Dataset: val, Dice: 0.8644, IoU: 0.7912
[2026-08-26 06:15:33,612] Epoch: 128, Dataset: test, Dice: 0.8575, IoU: 0.7836
[2026-08-26 06:15:34,226] Epoch: 128, Dataset: val, Dice: 0.8570, IoU: 0.7815
[2026-08-26 06:15:53,082] Epoch: 129, Dataset: test, Dice: 0.8811, IoU: 0.8093
[2026-08-26 06:15:53,687] Epoch: 129, Dataset: val, Dice: 0.8658, IoU: 0.7930
[2026-08-26 06:16:12,577] Epoch: 130, Dataset: test, Dice: 0.8611, IoU: 0.7826
[2026-08-26 06:16:13,225] Epoch: 130, Dataset: val, Dice: 0.8757, IoU: 0.7995
[2026-08-26 06:16:13,225] ### Best Model Saved (Dice improved from 0.8715 to 0.8757) ###
[2026-08-26 06:16:32,121] Epoch: 131, Dataset: test, Dice: 0.8547, IoU: 0.7813
[2026-08-26 06:16:32,724] Epoch: 131, Dataset: val, Dice: 0.8643, IoU: 0.7924
[2026-08-26 06:16:51,637] Epoch: 132, Dataset: test, Dice: 0.8501, IoU: 0.7746
[2026-08-26 06:16:52,269] Epoch: 132, Dataset: val, Dice: 0.8486, IoU: 0.7715
[2026-08-26 06:17:11,192] Epoch: 133, Dataset: test, Dice: 0.8774, IoU: 0.8031
[2026-08-26 06:17:11,821] Epoch: 133, Dataset: val, Dice: 0.8663, IoU: 0.7964
[2026-08-26 06:17:30,684] Epoch: 134, Dataset: test, Dice: 0.8581, IoU: 0.7805
[2026-08-26 06:17:31,293] Epoch: 134, Dataset: val, Dice: 0.8629, IoU: 0.7904
[2026-08-26 06:17:50,167] Epoch: 135, Dataset: test, Dice: 0.8785, IoU: 0.8024
[2026-08-26 06:17:50,769] Epoch: 135, Dataset: val, Dice: 0.8629, IoU: 0.7930
[2026-08-26 06:18:09,629] Epoch: 136, Dataset: test, Dice: 0.8637, IoU: 0.7892
[2026-08-26 06:18:10,235] Epoch: 136, Dataset: val, Dice: 0.8605, IoU: 0.7879
[2026-08-26 06:18:29,129] Epoch: 137, Dataset: test, Dice: 0.8644, IoU: 0.7893
[2026-08-26 06:18:29,745] Epoch: 137, Dataset: val, Dice: 0.8685, IoU: 0.7933
[2026-08-26 06:18:48,626] Epoch: 138, Dataset: test, Dice: 0.8734, IoU: 0.7958
[2026-08-26 06:18:49,243] Epoch: 138, Dataset: val, Dice: 0.8718, IoU: 0.7962
[2026-08-26 06:19:08,068] Epoch: 139, Dataset: test, Dice: 0.8593, IoU: 0.7782
[2026-08-26 06:19:08,661] Epoch: 139, Dataset: val, Dice: 0.8601, IoU: 0.7882
[2026-08-26 06:19:27,539] Epoch: 140, Dataset: test, Dice: 0.8491, IoU: 0.7737
[2026-08-26 06:19:28,148] Epoch: 140, Dataset: val, Dice: 0.8574, IoU: 0.7840
[2026-08-26 06:19:46,986] Epoch: 141, Dataset: test, Dice: 0.8660, IoU: 0.7904
[2026-08-26 06:19:47,590] Epoch: 141, Dataset: val, Dice: 0.8584, IoU: 0.7852
[2026-08-26 06:20:06,458] Epoch: 142, Dataset: test, Dice: 0.8427, IoU: 0.7695
[2026-08-26 06:20:07,050] Epoch: 142, Dataset: val, Dice: 0.8621, IoU: 0.7868
[2026-08-26 06:20:25,920] Epoch: 143, Dataset: test, Dice: 0.8509, IoU: 0.7727
[2026-08-26 06:20:26,529] Epoch: 143, Dataset: val, Dice: 0.8628, IoU: 0.7881
[2026-08-26 06:20:45,382] Epoch: 144, Dataset: test, Dice: 0.8578, IoU: 0.7777
[2026-08-26 06:20:46,011] Epoch: 144, Dataset: val, Dice: 0.8588, IoU: 0.7845
[2026-08-26 06:21:04,842] Epoch: 145, Dataset: test, Dice: 0.8786, IoU: 0.8069
[2026-08-26 06:21:05,454] Epoch: 145, Dataset: val, Dice: 0.8657, IoU: 0.7932
[2026-08-26 06:21:24,327] Epoch: 146, Dataset: test, Dice: 0.8710, IoU: 0.7931
[2026-08-26 06:21:24,930] Epoch: 146, Dataset: val, Dice: 0.8638, IoU: 0.7911
[2026-08-26 06:21:43,831] Epoch: 147, Dataset: test, Dice: 0.8552, IoU: 0.7781
[2026-08-26 06:21:44,434] Epoch: 147, Dataset: val, Dice: 0.8600, IoU: 0.7893
[2026-08-26 06:22:03,310] Epoch: 148, Dataset: test, Dice: 0.8695, IoU: 0.7957
[2026-08-26 06:22:03,931] Epoch: 148, Dataset: val, Dice: 0.8621, IoU: 0.7894
[2026-08-26 06:22:22,764] Epoch: 149, Dataset: test, Dice: 0.8732, IoU: 0.7992
[2026-08-26 06:22:23,362] Epoch: 149, Dataset: val, Dice: 0.8648, IoU: 0.7954
[2026-08-26 06:22:42,230] Epoch: 150, Dataset: test, Dice: 0.8691, IoU: 0.7959
[2026-08-26 06:22:42,842] Epoch: 150, Dataset: val, Dice: 0.8627, IoU: 0.7914
[2026-08-26 06:23:01,687] Epoch: 151, Dataset: test, Dice: 0.8735, IoU: 0.8014
[2026-08-26 06:23:02,326] Epoch: 151, Dataset: val, Dice: 0.8734, IoU: 0.7992
[2026-08-26 06:23:21,238] Epoch: 152, Dataset: test, Dice: 0.8785, IoU: 0.8063
[2026-08-26 06:23:21,855] Epoch: 152, Dataset: val, Dice: 0.8738, IoU: 0.8000
[2026-08-26 06:23:40,806] Epoch: 153, Dataset: test, Dice: 0.8604, IoU: 0.7838
[2026-08-26 06:23:41,414] Epoch: 153, Dataset: val, Dice: 0.8694, IoU: 0.7987
[2026-08-26 06:24:00,237] Epoch: 154, Dataset: test, Dice: 0.8616, IoU: 0.7876
[2026-08-26 06:24:00,842] Epoch: 154, Dataset: val, Dice: 0.8718, IoU: 0.8020
[2026-08-26 06:24:19,711] Epoch: 155, Dataset: test, Dice: 0.8651, IoU: 0.7883
[2026-08-26 06:24:20,333] Epoch: 155, Dataset: val, Dice: 0.8661, IoU: 0.7955
[2026-08-26 06:24:39,209] Epoch: 156, Dataset: test, Dice: 0.8662, IoU: 0.7878
[2026-08-26 06:24:39,822] Epoch: 156, Dataset: val, Dice: 0.8616, IoU: 0.7902
[2026-08-26 06:24:58,708] Epoch: 157, Dataset: test, Dice: 0.8683, IoU: 0.7927
[2026-08-26 06:24:59,308] Epoch: 157, Dataset: val, Dice: 0.8650, IoU: 0.7942
[2026-08-26 06:25:18,152] Epoch: 158, Dataset: test, Dice: 0.8753, IoU: 0.8028
[2026-08-26 06:25:18,767] Epoch: 158, Dataset: val, Dice: 0.8665, IoU: 0.7952
[2026-08-26 06:25:37,618] Epoch: 159, Dataset: test, Dice: 0.8782, IoU: 0.8025
[2026-08-26 06:25:38,220] Epoch: 159, Dataset: val, Dice: 0.8741, IoU: 0.8015
[2026-08-26 06:25:57,106] Epoch: 160, Dataset: test, Dice: 0.8716, IoU: 0.7960
[2026-08-26 06:25:57,713] Epoch: 160, Dataset: val, Dice: 0.8670, IoU: 0.7962
[2026-08-26 06:26:16,599] Epoch: 161, Dataset: test, Dice: 0.8708, IoU: 0.7970
[2026-08-26 06:26:17,209] Epoch: 161, Dataset: val, Dice: 0.8653, IoU: 0.7934
[2026-08-26 06:26:36,044] Epoch: 162, Dataset: test, Dice: 0.8686, IoU: 0.7911
[2026-08-26 06:26:36,653] Epoch: 162, Dataset: val, Dice: 0.8720, IoU: 0.8014
[2026-08-26 06:26:55,511] Epoch: 163, Dataset: test, Dice: 0.8318, IoU: 0.7530
[2026-08-26 06:26:56,127] Epoch: 163, Dataset: val, Dice: 0.8571, IoU: 0.7824
[2026-08-26 06:27:15,019] Epoch: 164, Dataset: test, Dice: 0.8729, IoU: 0.8003
[2026-08-26 06:27:15,635] Epoch: 164, Dataset: val, Dice: 0.8685, IoU: 0.7962
[2026-08-26 06:27:34,473] Epoch: 165, Dataset: test, Dice: 0.8765, IoU: 0.7994
[2026-08-26 06:27:35,093] Epoch: 165, Dataset: val, Dice: 0.8680, IoU: 0.7970
[2026-08-26 06:27:53,922] Epoch: 166, Dataset: test, Dice: 0.8669, IoU: 0.7894
[2026-08-26 06:27:54,529] Epoch: 166, Dataset: val, Dice: 0.8704, IoU: 0.8009
[2026-08-26 06:28:13,388] Epoch: 167, Dataset: test, Dice: 0.8686, IoU: 0.7923
[2026-08-26 06:28:13,997] Epoch: 167, Dataset: val, Dice: 0.8703, IoU: 0.8004
[2026-08-26 06:28:32,838] Epoch: 168, Dataset: test, Dice: 0.8666, IoU: 0.7889
[2026-08-26 06:28:33,443] Epoch: 168, Dataset: val, Dice: 0.8685, IoU: 0.7989
[2026-08-26 06:28:52,291] Epoch: 169, Dataset: test, Dice: 0.8720, IoU: 0.7975
[2026-08-26 06:28:52,901] Epoch: 169, Dataset: val, Dice: 0.8693, IoU: 0.7984
[2026-08-26 06:29:11,780] Epoch: 170, Dataset: test, Dice: 0.8699, IoU: 0.7936
[2026-08-26 06:29:12,422] Epoch: 170, Dataset: val, Dice: 0.8720, IoU: 0.8031
[2026-08-26 06:29:31,309] Epoch: 171, Dataset: test, Dice: 0.8776, IoU: 0.8016
[2026-08-26 06:29:31,921] Epoch: 171, Dataset: val, Dice: 0.8691, IoU: 0.7989
[2026-08-26 06:29:50,838] Epoch: 172, Dataset: test, Dice: 0.8707, IoU: 0.7940
[2026-08-26 06:29:51,445] Epoch: 172, Dataset: val, Dice: 0.8695, IoU: 0.7997
[2026-08-26 06:30:10,296] Epoch: 173, Dataset: test, Dice: 0.8715, IoU: 0.7968
[2026-08-26 06:30:10,904] Epoch: 173, Dataset: val, Dice: 0.8714, IoU: 0.8026
[2026-08-26 06:30:29,743] Epoch: 174, Dataset: test, Dice: 0.8784, IoU: 0.8029
[2026-08-26 06:30:30,371] Epoch: 174, Dataset: val, Dice: 0.8706, IoU: 0.8003
[2026-08-26 06:30:49,219] Epoch: 175, Dataset: test, Dice: 0.8733, IoU: 0.7973
[2026-08-26 06:30:49,827] Epoch: 175, Dataset: val, Dice: 0.8688, IoU: 0.7997
[2026-08-26 06:31:08,723] Epoch: 176, Dataset: test, Dice: 0.8806, IoU: 0.8057
[2026-08-26 06:31:09,334] Epoch: 176, Dataset: val, Dice: 0.8700, IoU: 0.8000
[2026-08-26 06:31:28,230] Epoch: 177, Dataset: test, Dice: 0.8799, IoU: 0.8044
[2026-08-26 06:31:28,841] Epoch: 177, Dataset: val, Dice: 0.8674, IoU: 0.7976
[2026-08-26 06:31:47,655] Epoch: 178, Dataset: test, Dice: 0.8820, IoU: 0.8066
[2026-08-26 06:31:48,261] Epoch: 178, Dataset: val, Dice: 0.8694, IoU: 0.7985
[2026-08-26 06:32:07,117] Epoch: 179, Dataset: test, Dice: 0.8825, IoU: 0.8096
[2026-08-26 06:32:07,731] Epoch: 179, Dataset: val, Dice: 0.8689, IoU: 0.7989
[2026-08-26 06:32:26,576] Epoch: 180, Dataset: test, Dice: 0.8756, IoU: 0.8003
[2026-08-26 06:32:27,190] Epoch: 180, Dataset: val, Dice: 0.8636, IoU: 0.7923
[2026-08-26 06:32:46,012] Epoch: 181, Dataset: test, Dice: 0.8779, IoU: 0.8030
[2026-08-26 06:32:46,619] Epoch: 181, Dataset: val, Dice: 0.8702, IoU: 0.8011
[2026-08-26 06:33:05,518] Epoch: 182, Dataset: test, Dice: 0.8748, IoU: 0.7994
[2026-08-26 06:33:06,136] Epoch: 182, Dataset: val, Dice: 0.8677, IoU: 0.7969
[2026-08-26 06:33:24,976] Epoch: 183, Dataset: test, Dice: 0.8790, IoU: 0.8023
[2026-08-26 06:33:25,591] Epoch: 183, Dataset: val, Dice: 0.8685, IoU: 0.7979
[2026-08-26 06:33:44,481] Epoch: 184, Dataset: test, Dice: 0.8786, IoU: 0.8022
[2026-08-26 06:33:45,102] Epoch: 184, Dataset: val, Dice: 0.8659, IoU: 0.7934
[2026-08-26 06:34:04,001] Epoch: 185, Dataset: test, Dice: 0.8756, IoU: 0.7989
[2026-08-26 06:34:04,613] Epoch: 185, Dataset: val, Dice: 0.8674, IoU: 0.7973
[2026-08-26 06:34:23,499] Epoch: 186, Dataset: test, Dice: 0.8703, IoU: 0.7944
[2026-08-26 06:34:24,093] Epoch: 186, Dataset: val, Dice: 0.8699, IoU: 0.7996
[2026-08-26 06:34:42,979] Epoch: 187, Dataset: test, Dice: 0.8733, IoU: 0.7953
[2026-08-26 06:34:43,596] Epoch: 187, Dataset: val, Dice: 0.8696, IoU: 0.7991
[2026-08-26 06:35:02,453] Epoch: 188, Dataset: test, Dice: 0.8741, IoU: 0.7998
[2026-08-26 06:35:03,077] Epoch: 188, Dataset: val, Dice: 0.8692, IoU: 0.7996
[2026-08-26 06:35:21,961] Epoch: 189, Dataset: test, Dice: 0.8720, IoU: 0.7954
[2026-08-26 06:35:22,616] Epoch: 189, Dataset: val, Dice: 0.8680, IoU: 0.7965
[2026-08-26 06:35:41,477] Epoch: 190, Dataset: test, Dice: 0.8775, IoU: 0.8023
[2026-08-26 06:35:42,129] Epoch: 190, Dataset: val, Dice: 0.8701, IoU: 0.8010
[2026-08-26 06:36:00,994] Epoch: 191, Dataset: test, Dice: 0.8731, IoU: 0.7983
[2026-08-26 06:36:01,601] Epoch: 191, Dataset: val, Dice: 0.8696, IoU: 0.7991
[2026-08-26 06:36:20,513] Epoch: 192, Dataset: test, Dice: 0.8712, IoU: 0.7952
[2026-08-26 06:36:21,131] Epoch: 192, Dataset: val, Dice: 0.8701, IoU: 0.8011
[2026-08-26 06:36:39,975] Epoch: 193, Dataset: test, Dice: 0.8767, IoU: 0.8026
[2026-08-26 06:36:40,582] Epoch: 193, Dataset: val, Dice: 0.8678, IoU: 0.7973
[2026-08-26 06:36:59,439] Epoch: 194, Dataset: test, Dice: 0.8742, IoU: 0.8009
[2026-08-26 06:37:00,049] Epoch: 194, Dataset: val, Dice: 0.8695, IoU: 0.8001
[2026-08-26 06:37:18,935] Epoch: 195, Dataset: test, Dice: 0.8758, IoU: 0.8016
[2026-08-26 06:37:19,542] Epoch: 195, Dataset: val, Dice: 0.8677, IoU: 0.7970
[2026-08-26 06:37:38,387] Epoch: 196, Dataset: test, Dice: 0.8802, IoU: 0.8054
[2026-08-26 06:37:39,012] Epoch: 196, Dataset: val, Dice: 0.8707, IoU: 0.8019
[2026-08-26 06:37:57,869] Epoch: 197, Dataset: test, Dice: 0.8752, IoU: 0.7993
[2026-08-26 06:37:58,491] Epoch: 197, Dataset: val, Dice: 0.8676, IoU: 0.7973
[2026-08-26 06:38:17,329] Epoch: 198, Dataset: test, Dice: 0.8757, IoU: 0.7975
[2026-08-26 06:38:17,921] Epoch: 198, Dataset: val, Dice: 0.8717, IoU: 0.8023
[2026-08-26 06:38:36,814] Epoch: 199, Dataset: test, Dice: 0.8768, IoU: 0.8024
[2026-08-26 06:38:37,439] Epoch: 199, Dataset: val, Dice: 0.8718, IoU: 0.8037
[2026-08-26 06:38:56,247] Epoch: 200, Dataset: test, Dice: 0.8728, IoU: 0.7985
[2026-08-26 06:38:56,854] Epoch: 200, Dataset: val, Dice: 0.8690, IoU: 0.7988
[2026-08-26 06:38:56,856] 
========================================
FINAL RESULTS: ClinicDB_MK_UNet_bs8_lr0.0005_e200_augTrue_run1_t053359
Best Val Dice: 0.8757
Test Dice at Best Val: 0.8611
Total Train Time: 3643.85s
========================================
