[2026-08-26 08:48:58,185] flops: 0.619251354, params: 0.315566, Total params: : 0.3156
[2026-08-26 08:49:17,093] Epoch: 1, Dataset: test, Dice: 0.2412, IoU: 0.1502
[2026-08-26 08:49:17,717] Epoch: 1, Dataset: val, Dice: 0.2102, IoU: 0.1301
[2026-08-26 08:49:17,717] ### Best Model Saved (Dice improved from 0.0000 to 0.2102) ###
[2026-08-26 08:49:36,596] Epoch: 2, Dataset: test, Dice: 0.2553, IoU: 0.1651
[2026-08-26 08:49:37,204] Epoch: 2, Dataset: val, Dice: 0.2195, IoU: 0.1418
[2026-08-26 08:49:37,204] ### Best Model Saved (Dice improved from 0.2102 to 0.2195) ###
[2026-08-26 08:49:56,099] Epoch: 3, Dataset: test, Dice: 0.2407, IoU: 0.1528
[2026-08-26 08:49:56,707] Epoch: 3, Dataset: val, Dice: 0.2032, IoU: 0.1276
[2026-08-26 08:50:15,589] Epoch: 4, Dataset: test, Dice: 0.2421, IoU: 0.1560
[2026-08-26 08:50:16,201] Epoch: 4, Dataset: val, Dice: 0.2125, IoU: 0.1329
[2026-08-26 08:50:35,115] Epoch: 5, Dataset: test, Dice: 0.2715, IoU: 0.1767
[2026-08-26 08:50:35,729] Epoch: 5, Dataset: val, Dice: 0.1968, IoU: 0.1283
[2026-08-26 08:50:54,655] Epoch: 6, Dataset: test, Dice: 0.2576, IoU: 0.1657
[2026-08-26 08:50:55,283] Epoch: 6, Dataset: val, Dice: 0.1624, IoU: 0.0996
[2026-08-26 08:51:14,167] Epoch: 7, Dataset: test, Dice: 0.3985, IoU: 0.2924
[2026-08-26 08:51:14,787] Epoch: 7, Dataset: val, Dice: 0.3189, IoU: 0.2173
[2026-08-26 08:51:14,788] ### Best Model Saved (Dice improved from 0.2195 to 0.3189) ###
[2026-08-26 08:51:33,729] Epoch: 8, Dataset: test, Dice: 0.4032, IoU: 0.2830
[2026-08-26 08:51:34,347] Epoch: 8, Dataset: val, Dice: 0.3081, IoU: 0.2096
[2026-08-26 08:51:53,226] Epoch: 9, Dataset: test, Dice: 0.4073, IoU: 0.2981
[2026-08-26 08:51:53,848] Epoch: 9, Dataset: val, Dice: 0.2585, IoU: 0.1802
[2026-08-26 08:52:12,728] Epoch: 10, Dataset: test, Dice: 0.4413, IoU: 0.3312
[2026-08-26 08:52:13,336] Epoch: 10, Dataset: val, Dice: 0.3282, IoU: 0.2295
[2026-08-26 08:52:13,336] ### Best Model Saved (Dice improved from 0.3189 to 0.3282) ###
[2026-08-26 08:52:32,284] Epoch: 11, Dataset: test, Dice: 0.4681, IoU: 0.3568
[2026-08-26 08:52:32,895] Epoch: 11, Dataset: val, Dice: 0.3535, IoU: 0.2483
[2026-08-26 08:52:32,896] ### Best Model Saved (Dice improved from 0.3282 to 0.3535) ###
[2026-08-26 08:52:51,826] Epoch: 12, Dataset: test, Dice: 0.5093, IoU: 0.3933
[2026-08-26 08:52:52,485] Epoch: 12, Dataset: val, Dice: 0.4420, IoU: 0.3362
[2026-08-26 08:52:52,485] ### Best Model Saved (Dice improved from 0.3535 to 0.4420) ###
[2026-08-26 08:53:11,375] Epoch: 13, Dataset: test, Dice: 0.4468, IoU: 0.3271
[2026-08-26 08:53:11,988] Epoch: 13, Dataset: val, Dice: 0.3867, IoU: 0.2807
[2026-08-26 08:53:30,923] Epoch: 14, Dataset: test, Dice: 0.4629, IoU: 0.3620
[2026-08-26 08:53:31,527] Epoch: 14, Dataset: val, Dice: 0.3974, IoU: 0.2947
[2026-08-26 08:53:50,459] Epoch: 15, Dataset: test, Dice: 0.5209, IoU: 0.4175
[2026-08-26 08:53:51,077] Epoch: 15, Dataset: val, Dice: 0.4505, IoU: 0.3588
[2026-08-26 08:53:51,077] ### Best Model Saved (Dice improved from 0.4420 to 0.4505) ###
[2026-08-26 08:54:10,011] Epoch: 16, Dataset: test, Dice: 0.5557, IoU: 0.4443
[2026-08-26 08:54:10,605] Epoch: 16, Dataset: val, Dice: 0.4561, IoU: 0.3566
[2026-08-26 08:54:10,605] ### Best Model Saved (Dice improved from 0.4505 to 0.4561) ###
[2026-08-26 08:54:29,530] Epoch: 17, Dataset: test, Dice: 0.4710, IoU: 0.3523
[2026-08-26 08:54:30,147] Epoch: 17, Dataset: val, Dice: 0.4291, IoU: 0.3177
[2026-08-26 08:54:49,007] Epoch: 18, Dataset: test, Dice: 0.5679, IoU: 0.4710
[2026-08-26 08:54:49,617] Epoch: 18, Dataset: val, Dice: 0.4927, IoU: 0.4025
[2026-08-26 08:54:49,617] ### Best Model Saved (Dice improved from 0.4561 to 0.4927) ###
[2026-08-26 08:55:08,511] Epoch: 19, Dataset: test, Dice: 0.5646, IoU: 0.4553
[2026-08-26 08:55:09,119] Epoch: 19, Dataset: val, Dice: 0.5376, IoU: 0.4116
[2026-08-26 08:55:09,119] ### Best Model Saved (Dice improved from 0.4927 to 0.5376) ###
[2026-08-26 08:55:28,031] Epoch: 20, Dataset: test, Dice: 0.6256, IoU: 0.5221
[2026-08-26 08:55:28,633] Epoch: 20, Dataset: val, Dice: 0.5143, IoU: 0.4287
[2026-08-26 08:55:47,502] Epoch: 21, Dataset: test, Dice: 0.5588, IoU: 0.4641
[2026-08-26 08:55:48,111] Epoch: 21, Dataset: val, Dice: 0.4963, IoU: 0.4228
[2026-08-26 08:56:06,990] Epoch: 22, Dataset: test, Dice: 0.6222, IoU: 0.5386
[2026-08-26 08:56:07,601] Epoch: 22, Dataset: val, Dice: 0.5789, IoU: 0.5018
[2026-08-26 08:56:07,601] ### Best Model Saved (Dice improved from 0.5376 to 0.5789) ###
[2026-08-26 08:56:26,514] Epoch: 23, Dataset: test, Dice: 0.5871, IoU: 0.4892
[2026-08-26 08:56:27,114] Epoch: 23, Dataset: val, Dice: 0.6066, IoU: 0.4965
[2026-08-26 08:56:27,114] ### Best Model Saved (Dice improved from 0.5789 to 0.6066) ###
[2026-08-26 08:56:45,961] Epoch: 24, Dataset: test, Dice: 0.5782, IoU: 0.4755
[2026-08-26 08:56:46,573] Epoch: 24, Dataset: val, Dice: 0.6046, IoU: 0.5198
[2026-08-26 08:57:05,482] Epoch: 25, Dataset: test, Dice: 0.7043, IoU: 0.5915
[2026-08-26 08:57:06,106] Epoch: 25, Dataset: val, Dice: 0.6927, IoU: 0.6096
[2026-08-26 08:57:06,107] ### Best Model Saved (Dice improved from 0.6066 to 0.6927) ###
[2026-08-26 08:57:25,055] Epoch: 26, Dataset: test, Dice: 0.6219, IoU: 0.5251
[2026-08-26 08:57:25,683] Epoch: 26, Dataset: val, Dice: 0.5874, IoU: 0.5027
[2026-08-26 08:57:44,526] Epoch: 27, Dataset: test, Dice: 0.7304, IoU: 0.6342
[2026-08-26 08:57:45,139] Epoch: 27, Dataset: val, Dice: 0.7026, IoU: 0.6168
[2026-08-26 08:57:45,139] ### Best Model Saved (Dice improved from 0.6927 to 0.7026) ###
[2026-08-26 08:58:04,047] Epoch: 28, Dataset: test, Dice: 0.6501, IoU: 0.5424
[2026-08-26 08:58:04,652] Epoch: 28, Dataset: val, Dice: 0.5992, IoU: 0.4901
[2026-08-26 08:58:23,534] Epoch: 29, Dataset: test, Dice: 0.7403, IoU: 0.6352
[2026-08-26 08:58:24,147] Epoch: 29, Dataset: val, Dice: 0.6719, IoU: 0.5811
[2026-08-26 08:58:43,024] Epoch: 30, Dataset: test, Dice: 0.6643, IoU: 0.5673
[2026-08-26 08:58:43,644] Epoch: 30, Dataset: val, Dice: 0.6606, IoU: 0.5655
[2026-08-26 08:59:02,548] Epoch: 31, Dataset: test, Dice: 0.6750, IoU: 0.5779
[2026-08-26 08:59:03,150] Epoch: 31, Dataset: val, Dice: 0.6873, IoU: 0.6001
[2026-08-26 08:59:22,057] Epoch: 32, Dataset: test, Dice: 0.7596, IoU: 0.6577
[2026-08-26 08:59:22,712] Epoch: 32, Dataset: val, Dice: 0.6988, IoU: 0.6121
[2026-08-26 08:59:41,571] Epoch: 33, Dataset: test, Dice: 0.7352, IoU: 0.6382
[2026-08-26 08:59:42,194] Epoch: 33, Dataset: val, Dice: 0.6978, IoU: 0.6071
[2026-08-26 09:00:01,105] Epoch: 34, Dataset: test, Dice: 0.7477, IoU: 0.6495
[2026-08-26 09:00:01,726] Epoch: 34, Dataset: val, Dice: 0.7294, IoU: 0.6442
[2026-08-26 09:00:01,726] ### Best Model Saved (Dice improved from 0.7026 to 0.7294) ###
[2026-08-26 09:00:20,635] Epoch: 35, Dataset: test, Dice: 0.7100, IoU: 0.6160
[2026-08-26 09:00:21,263] Epoch: 35, Dataset: val, Dice: 0.7178, IoU: 0.6342
[2026-08-26 09:00:40,138] Epoch: 36, Dataset: test, Dice: 0.7257, IoU: 0.6306
[2026-08-26 09:00:40,743] Epoch: 36, Dataset: val, Dice: 0.7439, IoU: 0.6600
[2026-08-26 09:00:40,743] ### Best Model Saved (Dice improved from 0.7294 to 0.7439) ###
[2026-08-26 09:00:59,637] Epoch: 37, Dataset: test, Dice: 0.7861, IoU: 0.6912
[2026-08-26 09:01:00,255] Epoch: 37, Dataset: val, Dice: 0.7302, IoU: 0.6459
[2026-08-26 09:01:19,108] Epoch: 38, Dataset: test, Dice: 0.7693, IoU: 0.6742
[2026-08-26 09:01:19,725] Epoch: 38, Dataset: val, Dice: 0.7340, IoU: 0.6594
[2026-08-26 09:01:38,586] Epoch: 39, Dataset: test, Dice: 0.7036, IoU: 0.6105
[2026-08-26 09:01:39,198] Epoch: 39, Dataset: val, Dice: 0.6387, IoU: 0.5522
[2026-08-26 09:01:58,106] Epoch: 40, Dataset: test, Dice: 0.7632, IoU: 0.6623
[2026-08-26 09:01:58,707] Epoch: 40, Dataset: val, Dice: 0.7292, IoU: 0.6430
[2026-08-26 09:02:17,544] Epoch: 41, Dataset: test, Dice: 0.6305, IoU: 0.5192
[2026-08-26 09:02:18,160] Epoch: 41, Dataset: val, Dice: 0.6737, IoU: 0.5678
[2026-08-26 09:02:37,038] Epoch: 42, Dataset: test, Dice: 0.7290, IoU: 0.6266
[2026-08-26 09:02:37,638] Epoch: 42, Dataset: val, Dice: 0.6902, IoU: 0.5925
[2026-08-26 09:02:56,540] Epoch: 43, Dataset: test, Dice: 0.7711, IoU: 0.6720
[2026-08-26 09:02:57,153] Epoch: 43, Dataset: val, Dice: 0.7422, IoU: 0.6582
[2026-08-26 09:03:16,012] Epoch: 44, Dataset: test, Dice: 0.7976, IoU: 0.7121
[2026-08-26 09:03:16,608] Epoch: 44, Dataset: val, Dice: 0.7322, IoU: 0.6586
[2026-08-26 09:03:35,496] Epoch: 45, Dataset: test, Dice: 0.7662, IoU: 0.6685
[2026-08-26 09:03:36,113] Epoch: 45, Dataset: val, Dice: 0.7464, IoU: 0.6679
[2026-08-26 09:03:36,113] ### Best Model Saved (Dice improved from 0.7439 to 0.7464) ###
[2026-08-26 09:03:55,059] Epoch: 46, Dataset: test, Dice: 0.7055, IoU: 0.6158
[2026-08-26 09:03:55,696] Epoch: 46, Dataset: val, Dice: 0.7489, IoU: 0.6692
[2026-08-26 09:03:55,697] ### Best Model Saved (Dice improved from 0.7464 to 0.7489) ###
[2026-08-26 09:04:14,622] Epoch: 47, Dataset: test, Dice: 0.7800, IoU: 0.6901
[2026-08-26 09:04:15,226] Epoch: 47, Dataset: val, Dice: 0.7552, IoU: 0.6731
[2026-08-26 09:04:15,226] ### Best Model Saved (Dice improved from 0.7489 to 0.7552) ###
[2026-08-26 09:04:34,147] Epoch: 48, Dataset: test, Dice: 0.7306, IoU: 0.6342
[2026-08-26 09:04:34,756] Epoch: 48, Dataset: val, Dice: 0.6719, IoU: 0.5785
[2026-08-26 09:04:53,625] Epoch: 49, Dataset: test, Dice: 0.7624, IoU: 0.6716
[2026-08-26 09:04:54,221] Epoch: 49, Dataset: val, Dice: 0.7392, IoU: 0.6615
[2026-08-26 09:05:13,060] Epoch: 50, Dataset: test, Dice: 0.7443, IoU: 0.6516
[2026-08-26 09:05:13,666] Epoch: 50, Dataset: val, Dice: 0.7837, IoU: 0.7047
[2026-08-26 09:05:13,666] ### Best Model Saved (Dice improved from 0.7552 to 0.7837) ###
[2026-08-26 09:05:32,578] Epoch: 51, Dataset: test, Dice: 0.8082, IoU: 0.7204
[2026-08-26 09:05:33,209] Epoch: 51, Dataset: val, Dice: 0.7605, IoU: 0.6734
[2026-08-26 09:05:52,118] Epoch: 52, Dataset: test, Dice: 0.7990, IoU: 0.7080
[2026-08-26 09:05:52,724] Epoch: 52, Dataset: val, Dice: 0.7449, IoU: 0.6663
[2026-08-26 09:06:11,649] Epoch: 53, Dataset: test, Dice: 0.7822, IoU: 0.6934
[2026-08-26 09:06:12,283] Epoch: 53, Dataset: val, Dice: 0.7640, IoU: 0.6780
[2026-08-26 09:06:31,141] Epoch: 54, Dataset: test, Dice: 0.7735, IoU: 0.6807
[2026-08-26 09:06:31,758] Epoch: 54, Dataset: val, Dice: 0.7837, IoU: 0.6940
[2026-08-26 09:06:31,759] ### Best Model Saved (Dice improved from 0.7837 to 0.7837) ###
[2026-08-26 09:06:50,613] Epoch: 55, Dataset: test, Dice: 0.7894, IoU: 0.7063
[2026-08-26 09:06:51,220] Epoch: 55, Dataset: val, Dice: 0.7644, IoU: 0.6884
[2026-08-26 09:07:10,096] Epoch: 56, Dataset: test, Dice: 0.8168, IoU: 0.7319
[2026-08-26 09:07:10,718] Epoch: 56, Dataset: val, Dice: 0.7753, IoU: 0.7031
[2026-08-26 09:07:29,581] Epoch: 57, Dataset: test, Dice: 0.8110, IoU: 0.7227
[2026-08-26 09:07:30,188] Epoch: 57, Dataset: val, Dice: 0.7516, IoU: 0.6685
[2026-08-26 09:07:49,088] Epoch: 58, Dataset: test, Dice: 0.8056, IoU: 0.7201
[2026-08-26 09:07:49,702] Epoch: 58, Dataset: val, Dice: 0.7712, IoU: 0.6894
[2026-08-26 09:08:08,632] Epoch: 59, Dataset: test, Dice: 0.7835, IoU: 0.6846
[2026-08-26 09:08:09,241] Epoch: 59, Dataset: val, Dice: 0.7578, IoU: 0.6695
[2026-08-26 09:08:28,109] Epoch: 60, Dataset: test, Dice: 0.8292, IoU: 0.7445
[2026-08-26 09:08:28,750] Epoch: 60, Dataset: val, Dice: 0.7675, IoU: 0.6918
[2026-08-26 09:08:47,622] Epoch: 61, Dataset: test, Dice: 0.8194, IoU: 0.7350
[2026-08-26 09:08:48,219] Epoch: 61, Dataset: val, Dice: 0.7823, IoU: 0.7031
[2026-08-26 09:09:07,087] Epoch: 62, Dataset: test, Dice: 0.8338, IoU: 0.7447
[2026-08-26 09:09:07,685] Epoch: 62, Dataset: val, Dice: 0.7659, IoU: 0.6773
[2026-08-26 09:09:26,564] Epoch: 63, Dataset: test, Dice: 0.7811, IoU: 0.6882
[2026-08-26 09:09:27,190] Epoch: 63, Dataset: val, Dice: 0.7522, IoU: 0.6612
[2026-08-26 09:09:46,081] Epoch: 64, Dataset: test, Dice: 0.7958, IoU: 0.7056
[2026-08-26 09:09:46,691] Epoch: 64, Dataset: val, Dice: 0.7895, IoU: 0.7052
[2026-08-26 09:09:46,692] ### Best Model Saved (Dice improved from 0.7837 to 0.7895) ###
[2026-08-26 09:10:05,608] Epoch: 65, Dataset: test, Dice: 0.8185, IoU: 0.7342
[2026-08-26 09:10:06,220] Epoch: 65, Dataset: val, Dice: 0.7812, IoU: 0.7040
[2026-08-26 09:10:25,101] Epoch: 66, Dataset: test, Dice: 0.8111, IoU: 0.7259
[2026-08-26 09:10:25,706] Epoch: 66, Dataset: val, Dice: 0.7768, IoU: 0.7075
[2026-08-26 09:10:44,594] Epoch: 67, Dataset: test, Dice: 0.8209, IoU: 0.7331
[2026-08-26 09:10:45,223] Epoch: 67, Dataset: val, Dice: 0.7858, IoU: 0.7130
[2026-08-26 09:11:04,108] Epoch: 68, Dataset: test, Dice: 0.8301, IoU: 0.7453
[2026-08-26 09:11:04,733] Epoch: 68, Dataset: val, Dice: 0.7778, IoU: 0.7059
[2026-08-26 09:11:23,641] Epoch: 69, Dataset: test, Dice: 0.7558, IoU: 0.6621
[2026-08-26 09:11:24,265] Epoch: 69, Dataset: val, Dice: 0.7672, IoU: 0.6825
[2026-08-26 09:11:43,076] Epoch: 70, Dataset: test, Dice: 0.8497, IoU: 0.7635
[2026-08-26 09:11:43,688] Epoch: 70, Dataset: val, Dice: 0.7751, IoU: 0.6928
[2026-08-26 09:12:02,583] Epoch: 71, Dataset: test, Dice: 0.8302, IoU: 0.7384
[2026-08-26 09:12:03,185] Epoch: 71, Dataset: val, Dice: 0.8031, IoU: 0.7220
[2026-08-26 09:12:03,185] ### Best Model Saved (Dice improved from 0.7895 to 0.8031) ###
[2026-08-26 09:12:22,111] Epoch: 72, Dataset: test, Dice: 0.8138, IoU: 0.7374
[2026-08-26 09:12:22,727] Epoch: 72, Dataset: val, Dice: 0.7771, IoU: 0.6911
[2026-08-26 09:12:41,632] Epoch: 73, Dataset: test, Dice: 0.8123, IoU: 0.7257
[2026-08-26 09:12:42,258] Epoch: 73, Dataset: val, Dice: 0.7551, IoU: 0.6709
[2026-08-26 09:13:01,066] Epoch: 74, Dataset: test, Dice: 0.8613, IoU: 0.7796
[2026-08-26 09:13:01,692] Epoch: 74, Dataset: val, Dice: 0.7858, IoU: 0.7092
[2026-08-26 09:13:20,564] Epoch: 75, Dataset: test, Dice: 0.8376, IoU: 0.7547
[2026-08-26 09:13:21,176] Epoch: 75, Dataset: val, Dice: 0.8009, IoU: 0.7186
[2026-08-26 09:13:40,035] Epoch: 76, Dataset: test, Dice: 0.8437, IoU: 0.7593
[2026-08-26 09:13:40,641] Epoch: 76, Dataset: val, Dice: 0.8187, IoU: 0.7377
[2026-08-26 09:13:40,642] ### Best Model Saved (Dice improved from 0.8031 to 0.8187) ###
[2026-08-26 09:13:59,597] Epoch: 77, Dataset: test, Dice: 0.8483, IoU: 0.7719
[2026-08-26 09:14:00,211] Epoch: 77, Dataset: val, Dice: 0.8051, IoU: 0.7314
[2026-08-26 09:14:19,150] Epoch: 78, Dataset: test, Dice: 0.8480, IoU: 0.7705
[2026-08-26 09:14:19,764] Epoch: 78, Dataset: val, Dice: 0.8291, IoU: 0.7528
[2026-08-26 09:14:19,764] ### Best Model Saved (Dice improved from 0.8187 to 0.8291) ###
[2026-08-26 09:14:38,691] Epoch: 79, Dataset: test, Dice: 0.8072, IoU: 0.7203
[2026-08-26 09:14:39,320] Epoch: 79, Dataset: val, Dice: 0.8028, IoU: 0.7274
[2026-08-26 09:14:58,242] Epoch: 80, Dataset: test, Dice: 0.8402, IoU: 0.7558
[2026-08-26 09:14:58,853] Epoch: 80, Dataset: val, Dice: 0.7975, IoU: 0.7213
[2026-08-26 09:15:17,726] Epoch: 81, Dataset: test, Dice: 0.8534, IoU: 0.7748
[2026-08-26 09:15:18,339] Epoch: 81, Dataset: val, Dice: 0.8235, IoU: 0.7506
[2026-08-26 09:15:37,193] Epoch: 82, Dataset: test, Dice: 0.8496, IoU: 0.7710
[2026-08-26 09:15:37,806] Epoch: 82, Dataset: val, Dice: 0.7996, IoU: 0.7219
[2026-08-26 09:15:56,689] Epoch: 83, Dataset: test, Dice: 0.8650, IoU: 0.7848
[2026-08-26 09:15:57,304] Epoch: 83, Dataset: val, Dice: 0.8426, IoU: 0.7706
[2026-08-26 09:15:57,304] ### Best Model Saved (Dice improved from 0.8291 to 0.8426) ###
[2026-08-26 09:16:16,195] Epoch: 84, Dataset: test, Dice: 0.8607, IoU: 0.7785
[2026-08-26 09:16:16,798] Epoch: 84, Dataset: val, Dice: 0.8264, IoU: 0.7436
[2026-08-26 09:16:35,676] Epoch: 85, Dataset: test, Dice: 0.8646, IoU: 0.7874
[2026-08-26 09:16:36,280] Epoch: 85, Dataset: val, Dice: 0.8291, IoU: 0.7565
[2026-08-26 09:16:55,159] Epoch: 86, Dataset: test, Dice: 0.8625, IoU: 0.7830
[2026-08-26 09:16:55,767] Epoch: 86, Dataset: val, Dice: 0.8152, IoU: 0.7427
[2026-08-26 09:17:14,665] Epoch: 87, Dataset: test, Dice: 0.8624, IoU: 0.7846
[2026-08-26 09:17:15,273] Epoch: 87, Dataset: val, Dice: 0.8175, IoU: 0.7380
[2026-08-26 09:17:34,128] Epoch: 88, Dataset: test, Dice: 0.8448, IoU: 0.7661
[2026-08-26 09:17:34,752] Epoch: 88, Dataset: val, Dice: 0.8335, IoU: 0.7505
[2026-08-26 09:17:53,630] Epoch: 89, Dataset: test, Dice: 0.8453, IoU: 0.7628
[2026-08-26 09:17:54,237] Epoch: 89, Dataset: val, Dice: 0.8113, IoU: 0.7282
[2026-08-26 09:18:13,114] Epoch: 90, Dataset: test, Dice: 0.8674, IoU: 0.7922
[2026-08-26 09:18:13,722] Epoch: 90, Dataset: val, Dice: 0.8221, IoU: 0.7395
[2026-08-26 09:18:32,642] Epoch: 91, Dataset: test, Dice: 0.8646, IoU: 0.7881
[2026-08-26 09:18:33,244] Epoch: 91, Dataset: val, Dice: 0.8280, IoU: 0.7459
[2026-08-26 09:18:52,101] Epoch: 92, Dataset: test, Dice: 0.8689, IoU: 0.7901
[2026-08-26 09:18:52,700] Epoch: 92, Dataset: val, Dice: 0.8048, IoU: 0.7269
[2026-08-26 09:19:11,578] Epoch: 93, Dataset: test, Dice: 0.8466, IoU: 0.7604
[2026-08-26 09:19:12,187] Epoch: 93, Dataset: val, Dice: 0.8421, IoU: 0.7624
[2026-08-26 09:19:31,065] Epoch: 94, Dataset: test, Dice: 0.8710, IoU: 0.7931
[2026-08-26 09:19:31,691] Epoch: 94, Dataset: val, Dice: 0.8354, IoU: 0.7605
[2026-08-26 09:19:50,590] Epoch: 95, Dataset: test, Dice: 0.8647, IoU: 0.7857
[2026-08-26 09:19:51,192] Epoch: 95, Dataset: val, Dice: 0.8488, IoU: 0.7682
[2026-08-26 09:19:51,193] ### Best Model Saved (Dice improved from 0.8426 to 0.8488) ###
[2026-08-26 09:20:10,104] Epoch: 96, Dataset: test, Dice: 0.8562, IoU: 0.7772
[2026-08-26 09:20:10,726] Epoch: 96, Dataset: val, Dice: 0.8257, IoU: 0.7446
[2026-08-26 09:20:29,608] Epoch: 97, Dataset: test, Dice: 0.8270, IoU: 0.7385
[2026-08-26 09:20:30,215] Epoch: 97, Dataset: val, Dice: 0.8101, IoU: 0.7258
[2026-08-26 09:20:49,106] Epoch: 98, Dataset: test, Dice: 0.8713, IoU: 0.7956
[2026-08-26 09:20:49,706] Epoch: 98, Dataset: val, Dice: 0.8691, IoU: 0.7930
[2026-08-26 09:20:49,707] ### Best Model Saved (Dice improved from 0.8488 to 0.8691) ###
[2026-08-26 09:21:08,652] Epoch: 99, Dataset: test, Dice: 0.8609, IoU: 0.7833
[2026-08-26 09:21:09,258] Epoch: 99, Dataset: val, Dice: 0.8320, IoU: 0.7486
[2026-08-26 09:21:28,135] Epoch: 100, Dataset: test, Dice: 0.8526, IoU: 0.7711
[2026-08-26 09:21:28,749] Epoch: 100, Dataset: val, Dice: 0.8582, IoU: 0.7774
[2026-08-26 09:21:47,610] Epoch: 101, Dataset: test, Dice: 0.8546, IoU: 0.7782
[2026-08-26 09:21:48,228] Epoch: 101, Dataset: val, Dice: 0.8327, IoU: 0.7567
[2026-08-26 09:22:07,101] Epoch: 102, Dataset: test, Dice: 0.8297, IoU: 0.7453
[2026-08-26 09:22:07,714] Epoch: 102, Dataset: val, Dice: 0.8300, IoU: 0.7453
[2026-08-26 09:22:26,617] Epoch: 103, Dataset: test, Dice: 0.8560, IoU: 0.7773
[2026-08-26 09:22:27,232] Epoch: 103, Dataset: val, Dice: 0.8335, IoU: 0.7496
[2026-08-26 09:22:46,116] Epoch: 104, Dataset: test, Dice: 0.8618, IoU: 0.7895
[2026-08-26 09:22:46,724] Epoch: 104, Dataset: val, Dice: 0.8325, IoU: 0.7595
[2026-08-26 09:23:05,622] Epoch: 105, Dataset: test, Dice: 0.8824, IoU: 0.8065
[2026-08-26 09:23:06,237] Epoch: 105, Dataset: val, Dice: 0.8599, IoU: 0.7846
[2026-08-26 09:23:25,110] Epoch: 106, Dataset: test, Dice: 0.8699, IoU: 0.7865
[2026-08-26 09:23:25,732] Epoch: 106, Dataset: val, Dice: 0.8386, IoU: 0.7607
[2026-08-26 09:23:44,598] Epoch: 107, Dataset: test, Dice: 0.8704, IoU: 0.7919
[2026-08-26 09:23:45,197] Epoch: 107, Dataset: val, Dice: 0.8474, IoU: 0.7679
[2026-08-26 09:24:04,097] Epoch: 108, Dataset: test, Dice: 0.8797, IoU: 0.8011
[2026-08-26 09:24:04,704] Epoch: 108, Dataset: val, Dice: 0.8657, IoU: 0.7856
[2026-08-26 09:24:23,588] Epoch: 109, Dataset: test, Dice: 0.8639, IoU: 0.7869
[2026-08-26 09:24:24,205] Epoch: 109, Dataset: val, Dice: 0.8599, IoU: 0.7777
[2026-08-26 09:24:43,055] Epoch: 110, Dataset: test, Dice: 0.8644, IoU: 0.7920
[2026-08-26 09:24:43,648] Epoch: 110, Dataset: val, Dice: 0.8370, IoU: 0.7625
[2026-08-26 09:25:02,602] Epoch: 111, Dataset: test, Dice: 0.8760, IoU: 0.7986
[2026-08-26 09:25:03,205] Epoch: 111, Dataset: val, Dice: 0.8441, IoU: 0.7611
[2026-08-26 09:25:22,106] Epoch: 112, Dataset: test, Dice: 0.8764, IoU: 0.7964
[2026-08-26 09:25:22,708] Epoch: 112, Dataset: val, Dice: 0.8624, IoU: 0.7865
[2026-08-26 09:25:41,568] Epoch: 113, Dataset: test, Dice: 0.8696, IoU: 0.7889
[2026-08-26 09:25:42,195] Epoch: 113, Dataset: val, Dice: 0.8431, IoU: 0.7658
[2026-08-26 09:26:01,079] Epoch: 114, Dataset: test, Dice: 0.8760, IoU: 0.7968
[2026-08-26 09:26:01,688] Epoch: 114, Dataset: val, Dice: 0.8447, IoU: 0.7629
[2026-08-26 09:26:20,473] Epoch: 115, Dataset: test, Dice: 0.8667, IoU: 0.7822
[2026-08-26 09:26:21,083] Epoch: 115, Dataset: val, Dice: 0.8217, IoU: 0.7419
[2026-08-26 09:26:39,959] Epoch: 116, Dataset: test, Dice: 0.8709, IoU: 0.7958
[2026-08-26 09:26:40,580] Epoch: 116, Dataset: val, Dice: 0.8603, IoU: 0.7828
[2026-08-26 09:26:59,493] Epoch: 117, Dataset: test, Dice: 0.8818, IoU: 0.8071
[2026-08-26 09:27:00,104] Epoch: 117, Dataset: val, Dice: 0.8263, IoU: 0.7468
[2026-08-26 09:27:18,994] Epoch: 118, Dataset: test, Dice: 0.8808, IoU: 0.8033
[2026-08-26 09:27:19,615] Epoch: 118, Dataset: val, Dice: 0.8260, IoU: 0.7472
[2026-08-26 09:27:38,492] Epoch: 119, Dataset: test, Dice: 0.8833, IoU: 0.8097
[2026-08-26 09:27:39,100] Epoch: 119, Dataset: val, Dice: 0.8413, IoU: 0.7676
[2026-08-26 09:27:57,970] Epoch: 120, Dataset: test, Dice: 0.8795, IoU: 0.8170
[2026-08-26 09:27:58,582] Epoch: 120, Dataset: val, Dice: 0.8480, IoU: 0.7725
[2026-08-26 09:28:17,411] Epoch: 121, Dataset: test, Dice: 0.8726, IoU: 0.7952
[2026-08-26 09:28:18,025] Epoch: 121, Dataset: val, Dice: 0.8358, IoU: 0.7614
[2026-08-26 09:28:36,935] Epoch: 122, Dataset: test, Dice: 0.8761, IoU: 0.7998
[2026-08-26 09:28:37,555] Epoch: 122, Dataset: val, Dice: 0.8498, IoU: 0.7730
[2026-08-26 09:28:56,394] Epoch: 123, Dataset: test, Dice: 0.8796, IoU: 0.8045
[2026-08-26 09:28:57,023] Epoch: 123, Dataset: val, Dice: 0.8647, IoU: 0.7878
[2026-08-26 09:29:15,871] Epoch: 124, Dataset: test, Dice: 0.8666, IoU: 0.7823
[2026-08-26 09:29:16,487] Epoch: 124, Dataset: val, Dice: 0.8580, IoU: 0.7821
[2026-08-26 09:29:35,378] Epoch: 125, Dataset: test, Dice: 0.8885, IoU: 0.8138
[2026-08-26 09:29:35,972] Epoch: 125, Dataset: val, Dice: 0.8473, IoU: 0.7722
[2026-08-26 09:29:54,844] Epoch: 126, Dataset: test, Dice: 0.8836, IoU: 0.8107
[2026-08-26 09:29:55,447] Epoch: 126, Dataset: val, Dice: 0.8500, IoU: 0.7756
[2026-08-26 09:30:14,330] Epoch: 127, Dataset: test, Dice: 0.8767, IoU: 0.8027
[2026-08-26 09:30:14,931] Epoch: 127, Dataset: val, Dice: 0.8525, IoU: 0.7763
[2026-08-26 09:30:33,866] Epoch: 128, Dataset: test, Dice: 0.8663, IoU: 0.7886
[2026-08-26 09:30:34,469] Epoch: 128, Dataset: val, Dice: 0.8042, IoU: 0.7246
[2026-08-26 09:30:53,312] Epoch: 129, Dataset: test, Dice: 0.8841, IoU: 0.8113
[2026-08-26 09:30:53,928] Epoch: 129, Dataset: val, Dice: 0.8432, IoU: 0.7663
[2026-08-26 09:31:12,693] Epoch: 130, Dataset: test, Dice: 0.8782, IoU: 0.8016
[2026-08-26 09:31:13,304] Epoch: 130, Dataset: val, Dice: 0.8484, IoU: 0.7697
[2026-08-26 09:31:32,085] Epoch: 131, Dataset: test, Dice: 0.8842, IoU: 0.8114
[2026-08-26 09:31:32,693] Epoch: 131, Dataset: val, Dice: 0.8484, IoU: 0.7725
[2026-08-26 09:31:51,640] Epoch: 132, Dataset: test, Dice: 0.8913, IoU: 0.8160
[2026-08-26 09:31:52,255] Epoch: 132, Dataset: val, Dice: 0.8625, IoU: 0.7876
[2026-08-26 09:32:11,133] Epoch: 133, Dataset: test, Dice: 0.8841, IoU: 0.8119
[2026-08-26 09:32:11,751] Epoch: 133, Dataset: val, Dice: 0.8516, IoU: 0.7761
[2026-08-26 09:32:30,679] Epoch: 134, Dataset: test, Dice: 0.8727, IoU: 0.7951
[2026-08-26 09:32:31,297] Epoch: 134, Dataset: val, Dice: 0.8425, IoU: 0.7703
[2026-08-26 09:32:50,147] Epoch: 135, Dataset: test, Dice: 0.8799, IoU: 0.8071
[2026-08-26 09:32:50,758] Epoch: 135, Dataset: val, Dice: 0.8580, IoU: 0.7865
[2026-08-26 09:33:09,647] Epoch: 136, Dataset: test, Dice: 0.8770, IoU: 0.7994
[2026-08-26 09:33:10,250] Epoch: 136, Dataset: val, Dice: 0.8514, IoU: 0.7796
[2026-08-26 09:33:29,090] Epoch: 137, Dataset: test, Dice: 0.8776, IoU: 0.8075
[2026-08-26 09:33:29,698] Epoch: 137, Dataset: val, Dice: 0.8602, IoU: 0.7881
[2026-08-26 09:33:48,570] Epoch: 138, Dataset: test, Dice: 0.8763, IoU: 0.8033
[2026-08-26 09:33:49,176] Epoch: 138, Dataset: val, Dice: 0.8505, IoU: 0.7753
[2026-08-26 09:34:08,078] Epoch: 139, Dataset: test, Dice: 0.8769, IoU: 0.8038
[2026-08-26 09:34:08,706] Epoch: 139, Dataset: val, Dice: 0.8570, IoU: 0.7836
[2026-08-26 09:34:27,602] Epoch: 140, Dataset: test, Dice: 0.8764, IoU: 0.7988
[2026-08-26 09:34:28,220] Epoch: 140, Dataset: val, Dice: 0.8606, IoU: 0.7887
[2026-08-26 09:34:47,135] Epoch: 141, Dataset: test, Dice: 0.8745, IoU: 0.7945
[2026-08-26 09:34:47,731] Epoch: 141, Dataset: val, Dice: 0.8660, IoU: 0.7970
[2026-08-26 09:35:06,624] Epoch: 142, Dataset: test, Dice: 0.8754, IoU: 0.7992
[2026-08-26 09:35:07,219] Epoch: 142, Dataset: val, Dice: 0.8529, IoU: 0.7800
[2026-08-26 09:35:26,134] Epoch: 143, Dataset: test, Dice: 0.8861, IoU: 0.8117
[2026-08-26 09:35:26,750] Epoch: 143, Dataset: val, Dice: 0.8581, IoU: 0.7867
[2026-08-26 09:35:45,615] Epoch: 144, Dataset: test, Dice: 0.8764, IoU: 0.8021
[2026-08-26 09:35:46,221] Epoch: 144, Dataset: val, Dice: 0.8601, IoU: 0.7905
[2026-08-26 09:36:05,139] Epoch: 145, Dataset: test, Dice: 0.8720, IoU: 0.8012
[2026-08-26 09:36:05,744] Epoch: 145, Dataset: val, Dice: 0.8558, IoU: 0.7841
[2026-08-26 09:36:24,612] Epoch: 146, Dataset: test, Dice: 0.8555, IoU: 0.7803
[2026-08-26 09:36:25,226] Epoch: 146, Dataset: val, Dice: 0.8508, IoU: 0.7782
[2026-08-26 09:36:44,118] Epoch: 147, Dataset: test, Dice: 0.8764, IoU: 0.8019
[2026-08-26 09:36:44,737] Epoch: 147, Dataset: val, Dice: 0.8473, IoU: 0.7743
[2026-08-26 09:37:03,606] Epoch: 148, Dataset: test, Dice: 0.8699, IoU: 0.7907
[2026-08-26 09:37:04,224] Epoch: 148, Dataset: val, Dice: 0.8450, IoU: 0.7704
[2026-08-26 09:37:23,099] Epoch: 149, Dataset: test, Dice: 0.8801, IoU: 0.8070
[2026-08-26 09:37:23,717] Epoch: 149, Dataset: val, Dice: 0.8696, IoU: 0.8002
[2026-08-26 09:37:23,718] ### Best Model Saved (Dice improved from 0.8691 to 0.8696) ###
[2026-08-26 09:37:42,678] Epoch: 150, Dataset: test, Dice: 0.8559, IoU: 0.7772
[2026-08-26 09:37:43,297] Epoch: 150, Dataset: val, Dice: 0.8537, IoU: 0.7792
[2026-08-26 09:38:02,182] Epoch: 151, Dataset: test, Dice: 0.8621, IoU: 0.7845
[2026-08-26 09:38:02,796] Epoch: 151, Dataset: val, Dice: 0.8556, IoU: 0.7828
[2026-08-26 09:38:21,679] Epoch: 152, Dataset: test, Dice: 0.8685, IoU: 0.7987
[2026-08-26 09:38:22,308] Epoch: 152, Dataset: val, Dice: 0.8474, IoU: 0.7741
[2026-08-26 09:38:41,133] Epoch: 153, Dataset: test, Dice: 0.8696, IoU: 0.7925
[2026-08-26 09:38:41,746] Epoch: 153, Dataset: val, Dice: 0.8394, IoU: 0.7645
[2026-08-26 09:39:00,657] Epoch: 154, Dataset: test, Dice: 0.8833, IoU: 0.8128
[2026-08-26 09:39:01,271] Epoch: 154, Dataset: val, Dice: 0.8401, IoU: 0.7654
[2026-08-26 09:39:20,145] Epoch: 155, Dataset: test, Dice: 0.8661, IoU: 0.7921
[2026-08-26 09:39:20,754] Epoch: 155, Dataset: val, Dice: 0.8470, IoU: 0.7748
[2026-08-26 09:39:39,681] Epoch: 156, Dataset: test, Dice: 0.8725, IoU: 0.7980
[2026-08-26 09:39:40,284] Epoch: 156, Dataset: val, Dice: 0.8584, IoU: 0.7882
[2026-08-26 09:39:59,090] Epoch: 157, Dataset: test, Dice: 0.8783, IoU: 0.8068
[2026-08-26 09:39:59,713] Epoch: 157, Dataset: val, Dice: 0.8540, IoU: 0.7823
[2026-08-26 09:40:18,545] Epoch: 158, Dataset: test, Dice: 0.8742, IoU: 0.8023
[2026-08-26 09:40:19,164] Epoch: 158, Dataset: val, Dice: 0.8523, IoU: 0.7805
[2026-08-26 09:40:38,064] Epoch: 159, Dataset: test, Dice: 0.8786, IoU: 0.8072
[2026-08-26 09:40:38,658] Epoch: 159, Dataset: val, Dice: 0.8582, IoU: 0.7861
[2026-08-26 09:40:57,487] Epoch: 160, Dataset: test, Dice: 0.8672, IoU: 0.7923
[2026-08-26 09:40:58,090] Epoch: 160, Dataset: val, Dice: 0.8512, IoU: 0.7790
[2026-08-26 09:41:16,944] Epoch: 161, Dataset: test, Dice: 0.8776, IoU: 0.8068
[2026-08-26 09:41:17,551] Epoch: 161, Dataset: val, Dice: 0.8568, IoU: 0.7844
[2026-08-26 09:41:36,404] Epoch: 162, Dataset: test, Dice: 0.8841, IoU: 0.8118
[2026-08-26 09:41:37,012] Epoch: 162, Dataset: val, Dice: 0.8508, IoU: 0.7788
[2026-08-26 09:41:55,859] Epoch: 163, Dataset: test, Dice: 0.8825, IoU: 0.8110
[2026-08-26 09:41:56,478] Epoch: 163, Dataset: val, Dice: 0.8513, IoU: 0.7803
[2026-08-26 09:42:15,366] Epoch: 164, Dataset: test, Dice: 0.8754, IoU: 0.8000
[2026-08-26 09:42:15,977] Epoch: 164, Dataset: val, Dice: 0.8631, IoU: 0.7933
[2026-08-26 09:42:34,840] Epoch: 165, Dataset: test, Dice: 0.8775, IoU: 0.8033
[2026-08-26 09:42:35,460] Epoch: 165, Dataset: val, Dice: 0.8565, IoU: 0.7839
[2026-08-26 09:42:54,324] Epoch: 166, Dataset: test, Dice: 0.8761, IoU: 0.8021
[2026-08-26 09:42:54,929] Epoch: 166, Dataset: val, Dice: 0.8452, IoU: 0.7721
[2026-08-26 09:43:13,804] Epoch: 167, Dataset: test, Dice: 0.8829, IoU: 0.8094
[2026-08-26 09:43:14,410] Epoch: 167, Dataset: val, Dice: 0.8530, IoU: 0.7812
[2026-08-26 09:43:33,132] Epoch: 168, Dataset: test, Dice: 0.8732, IoU: 0.7997
[2026-08-26 09:43:33,741] Epoch: 168, Dataset: val, Dice: 0.8587, IoU: 0.7883
[2026-08-26 09:43:52,622] Epoch: 169, Dataset: test, Dice: 0.8732, IoU: 0.7988
[2026-08-26 09:43:53,223] Epoch: 169, Dataset: val, Dice: 0.8443, IoU: 0.7706
[2026-08-26 09:44:12,031] Epoch: 170, Dataset: test, Dice: 0.8841, IoU: 0.8094
[2026-08-26 09:44:12,650] Epoch: 170, Dataset: val, Dice: 0.8592, IoU: 0.7874
[2026-08-26 09:44:31,545] Epoch: 171, Dataset: test, Dice: 0.8818, IoU: 0.8100
[2026-08-26 09:44:32,158] Epoch: 171, Dataset: val, Dice: 0.8481, IoU: 0.7741
[2026-08-26 09:44:51,048] Epoch: 172, Dataset: test, Dice: 0.8806, IoU: 0.8106
[2026-08-26 09:44:51,679] Epoch: 172, Dataset: val, Dice: 0.8505, IoU: 0.7784
[2026-08-26 09:45:10,511] Epoch: 173, Dataset: test, Dice: 0.8724, IoU: 0.7965
[2026-08-26 09:45:11,116] Epoch: 173, Dataset: val, Dice: 0.8581, IoU: 0.7864
[2026-08-26 09:45:29,977] Epoch: 174, Dataset: test, Dice: 0.8774, IoU: 0.8022
[2026-08-26 09:45:30,583] Epoch: 174, Dataset: val, Dice: 0.8494, IoU: 0.7764
[2026-08-26 09:45:49,465] Epoch: 175, Dataset: test, Dice: 0.8763, IoU: 0.8007
[2026-08-26 09:45:50,087] Epoch: 175, Dataset: val, Dice: 0.8460, IoU: 0.7715
[2026-08-26 09:46:08,966] Epoch: 176, Dataset: test, Dice: 0.8752, IoU: 0.8009
[2026-08-26 09:46:09,593] Epoch: 176, Dataset: val, Dice: 0.8559, IoU: 0.7848
[2026-08-26 09:46:28,492] Epoch: 177, Dataset: test, Dice: 0.8736, IoU: 0.7962
[2026-08-26 09:46:29,120] Epoch: 177, Dataset: val, Dice: 0.8669, IoU: 0.7977
[2026-08-26 09:46:48,037] Epoch: 178, Dataset: test, Dice: 0.8750, IoU: 0.7992
[2026-08-26 09:46:48,640] Epoch: 178, Dataset: val, Dice: 0.8633, IoU: 0.7952
[2026-08-26 09:47:07,521] Epoch: 179, Dataset: test, Dice: 0.8822, IoU: 0.8093
[2026-08-26 09:47:08,128] Epoch: 179, Dataset: val, Dice: 0.8617, IoU: 0.7923
[2026-08-26 09:47:27,018] Epoch: 180, Dataset: test, Dice: 0.8828, IoU: 0.8074
[2026-08-26 09:47:27,627] Epoch: 180, Dataset: val, Dice: 0.8637, IoU: 0.7932
[2026-08-26 09:47:46,482] Epoch: 181, Dataset: test, Dice: 0.8751, IoU: 0.7992
[2026-08-26 09:47:47,086] Epoch: 181, Dataset: val, Dice: 0.8576, IoU: 0.7869
[2026-08-26 09:48:05,912] Epoch: 182, Dataset: test, Dice: 0.8709, IoU: 0.7938
[2026-08-26 09:48:06,525] Epoch: 182, Dataset: val, Dice: 0.8598, IoU: 0.7899
[2026-08-26 09:48:25,381] Epoch: 183, Dataset: test, Dice: 0.8799, IoU: 0.8068
[2026-08-26 09:48:25,990] Epoch: 183, Dataset: val, Dice: 0.8423, IoU: 0.7672
[2026-08-26 09:48:44,852] Epoch: 184, Dataset: test, Dice: 0.8812, IoU: 0.8070
[2026-08-26 09:48:45,455] Epoch: 184, Dataset: val, Dice: 0.8660, IoU: 0.7963
[2026-08-26 09:49:04,342] Epoch: 185, Dataset: test, Dice: 0.8726, IoU: 0.7962
[2026-08-26 09:49:04,968] Epoch: 185, Dataset: val, Dice: 0.8411, IoU: 0.7662
[2026-08-26 09:49:23,873] Epoch: 186, Dataset: test, Dice: 0.8835, IoU: 0.8122
[2026-08-26 09:49:24,468] Epoch: 186, Dataset: val, Dice: 0.8529, IoU: 0.7790
[2026-08-26 09:49:43,369] Epoch: 187, Dataset: test, Dice: 0.8755, IoU: 0.8010
[2026-08-26 09:49:44,004] Epoch: 187, Dataset: val, Dice: 0.8533, IoU: 0.7805
[2026-08-26 09:50:02,879] Epoch: 188, Dataset: test, Dice: 0.8844, IoU: 0.8106
[2026-08-26 09:50:03,496] Epoch: 188, Dataset: val, Dice: 0.8653, IoU: 0.7971
[2026-08-26 09:50:22,416] Epoch: 189, Dataset: test, Dice: 0.8861, IoU: 0.8114
[2026-08-26 09:50:23,021] Epoch: 189, Dataset: val, Dice: 0.8564, IoU: 0.7859
[2026-08-26 09:50:41,924] Epoch: 190, Dataset: test, Dice: 0.8791, IoU: 0.8045
[2026-08-26 09:50:42,562] Epoch: 190, Dataset: val, Dice: 0.8509, IoU: 0.7771
[2026-08-26 09:51:01,434] Epoch: 191, Dataset: test, Dice: 0.8797, IoU: 0.8052
[2026-08-26 09:51:02,074] Epoch: 191, Dataset: val, Dice: 0.8637, IoU: 0.7934
[2026-08-26 09:51:20,967] Epoch: 192, Dataset: test, Dice: 0.8875, IoU: 0.8146
[2026-08-26 09:51:21,584] Epoch: 192, Dataset: val, Dice: 0.8654, IoU: 0.7953
[2026-08-26 09:51:40,508] Epoch: 193, Dataset: test, Dice: 0.8857, IoU: 0.8127
[2026-08-26 09:51:41,130] Epoch: 193, Dataset: val, Dice: 0.8660, IoU: 0.7945
[2026-08-26 09:52:00,099] Epoch: 194, Dataset: test, Dice: 0.8823, IoU: 0.8087
[2026-08-26 09:52:00,717] Epoch: 194, Dataset: val, Dice: 0.8606, IoU: 0.7906
[2026-08-26 09:52:19,633] Epoch: 195, Dataset: test, Dice: 0.8832, IoU: 0.8089
[2026-08-26 09:52:20,245] Epoch: 195, Dataset: val, Dice: 0.8653, IoU: 0.7958
[2026-08-26 09:52:39,092] Epoch: 196, Dataset: test, Dice: 0.8809, IoU: 0.8073
[2026-08-26 09:52:39,681] Epoch: 196, Dataset: val, Dice: 0.8642, IoU: 0.7948
[2026-08-26 09:52:58,541] Epoch: 197, Dataset: test, Dice: 0.8799, IoU: 0.8062
[2026-08-26 09:52:59,158] Epoch: 197, Dataset: val, Dice: 0.8575, IoU: 0.7851
[2026-08-26 09:53:18,056] Epoch: 198, Dataset: test, Dice: 0.8808, IoU: 0.8069
[2026-08-26 09:53:18,662] Epoch: 198, Dataset: val, Dice: 0.8442, IoU: 0.7701
[2026-08-26 09:53:37,551] Epoch: 199, Dataset: test, Dice: 0.8792, IoU: 0.8046
[2026-08-26 09:53:38,162] Epoch: 199, Dataset: val, Dice: 0.8562, IoU: 0.7855
[2026-08-26 09:53:57,039] Epoch: 200, Dataset: test, Dice: 0.8794, IoU: 0.8046
[2026-08-26 09:53:57,682] Epoch: 200, Dataset: val, Dice: 0.8564, IoU: 0.7852
[2026-08-26 09:53:57,683] 
========================================
FINAL RESULTS: ClinicDB_MK_UNet_bs8_lr0.0005_e200_augTrue_run4_t084858
Best Val Dice: 0.8696
Test Dice at Best Val: 0.8801
Total Train Time: 3645.79s
========================================
