[2026-08-26 07:43:56,655] flops: 0.619251354, params: 0.315566, Total params: : 0.3156
[2026-08-26 07:44:15,524] Epoch: 1, Dataset: test, Dice: 0.2003, IoU: 0.1280
[2026-08-26 07:44:16,131] Epoch: 1, Dataset: val, Dice: 0.2043, IoU: 0.1342
[2026-08-26 07:44:16,131] ### Best Model Saved (Dice improved from 0.0000 to 0.2043) ###
[2026-08-26 07:44:35,073] Epoch: 2, Dataset: test, Dice: 0.2503, IoU: 0.1606
[2026-08-26 07:44:35,680] Epoch: 2, Dataset: val, Dice: 0.2437, IoU: 0.1525
[2026-08-26 07:44:35,681] ### Best Model Saved (Dice improved from 0.2043 to 0.2437) ###
[2026-08-26 07:44:54,609] Epoch: 3, Dataset: test, Dice: 0.1953, IoU: 0.1260
[2026-08-26 07:44:55,210] Epoch: 3, Dataset: val, Dice: 0.2218, IoU: 0.1400
[2026-08-26 07:45:14,024] Epoch: 4, Dataset: test, Dice: 0.2771, IoU: 0.1796
[2026-08-26 07:45:14,638] Epoch: 4, Dataset: val, Dice: 0.1770, IoU: 0.1067
[2026-08-26 07:45:33,503] Epoch: 5, Dataset: test, Dice: 0.3408, IoU: 0.2381
[2026-08-26 07:45:34,115] Epoch: 5, Dataset: val, Dice: 0.2404, IoU: 0.1577
[2026-08-26 07:45:53,034] Epoch: 6, Dataset: test, Dice: 0.3173, IoU: 0.2089
[2026-08-26 07:45:53,644] Epoch: 6, Dataset: val, Dice: 0.2509, IoU: 0.1621
[2026-08-26 07:45:53,644] ### Best Model Saved (Dice improved from 0.2437 to 0.2509) ###
[2026-08-26 07:46:12,578] Epoch: 7, Dataset: test, Dice: 0.3270, IoU: 0.2196
[2026-08-26 07:46:13,202] Epoch: 7, Dataset: val, Dice: 0.2685, IoU: 0.1740
[2026-08-26 07:46:13,203] ### Best Model Saved (Dice improved from 0.2509 to 0.2685) ###
[2026-08-26 07:46:32,136] Epoch: 8, Dataset: test, Dice: 0.4331, IoU: 0.3234
[2026-08-26 07:46:32,743] Epoch: 8, Dataset: val, Dice: 0.3257, IoU: 0.2294
[2026-08-26 07:46:32,743] ### Best Model Saved (Dice improved from 0.2685 to 0.3257) ###
[2026-08-26 07:46:51,658] Epoch: 9, Dataset: test, Dice: 0.4219, IoU: 0.3086
[2026-08-26 07:46:52,301] Epoch: 9, Dataset: val, Dice: 0.3478, IoU: 0.2383
[2026-08-26 07:46:52,301] ### Best Model Saved (Dice improved from 0.3257 to 0.3478) ###
[2026-08-26 07:47:11,271] Epoch: 10, Dataset: test, Dice: 0.4300, IoU: 0.3141
[2026-08-26 07:47:11,889] Epoch: 10, Dataset: val, Dice: 0.3773, IoU: 0.2748
[2026-08-26 07:47:11,890] ### Best Model Saved (Dice improved from 0.3478 to 0.3773) ###
[2026-08-26 07:47:30,820] Epoch: 11, Dataset: test, Dice: 0.3030, IoU: 0.2187
[2026-08-26 07:47:31,442] Epoch: 11, Dataset: val, Dice: 0.1902, IoU: 0.1279
[2026-08-26 07:47:50,402] Epoch: 12, Dataset: test, Dice: 0.4980, IoU: 0.3855
[2026-08-26 07:47:51,021] Epoch: 12, Dataset: val, Dice: 0.3815, IoU: 0.2767
[2026-08-26 07:47:51,021] ### Best Model Saved (Dice improved from 0.3773 to 0.3815) ###
[2026-08-26 07:48:09,819] Epoch: 13, Dataset: test, Dice: 0.5197, IoU: 0.4045
[2026-08-26 07:48:10,439] Epoch: 13, Dataset: val, Dice: 0.3828, IoU: 0.2819
[2026-08-26 07:48:10,439] ### Best Model Saved (Dice improved from 0.3815 to 0.3828) ###
[2026-08-26 07:48:29,371] Epoch: 14, Dataset: test, Dice: 0.4542, IoU: 0.3364
[2026-08-26 07:48:29,991] Epoch: 14, Dataset: val, Dice: 0.3707, IoU: 0.2687
[2026-08-26 07:48:48,840] Epoch: 15, Dataset: test, Dice: 0.4767, IoU: 0.3640
[2026-08-26 07:48:49,462] Epoch: 15, Dataset: val, Dice: 0.3999, IoU: 0.3023
[2026-08-26 07:48:49,463] ### Best Model Saved (Dice improved from 0.3828 to 0.3999) ###
[2026-08-26 07:49:08,411] Epoch: 16, Dataset: test, Dice: 0.4909, IoU: 0.3814
[2026-08-26 07:49:09,030] Epoch: 16, Dataset: val, Dice: 0.4144, IoU: 0.3027
[2026-08-26 07:49:09,031] ### Best Model Saved (Dice improved from 0.3999 to 0.4144) ###
[2026-08-26 07:49:27,993] Epoch: 17, Dataset: test, Dice: 0.5474, IoU: 0.4281
[2026-08-26 07:49:28,612] Epoch: 17, Dataset: val, Dice: 0.4798, IoU: 0.3742
[2026-08-26 07:49:28,613] ### Best Model Saved (Dice improved from 0.4144 to 0.4798) ###
[2026-08-26 07:49:47,528] Epoch: 18, Dataset: test, Dice: 0.6273, IoU: 0.4987
[2026-08-26 07:49:48,135] Epoch: 18, Dataset: val, Dice: 0.5206, IoU: 0.4029
[2026-08-26 07:49:48,136] ### Best Model Saved (Dice improved from 0.4798 to 0.5206) ###
[2026-08-26 07:50:07,072] Epoch: 19, Dataset: test, Dice: 0.5210, IoU: 0.4063
[2026-08-26 07:50:07,702] Epoch: 19, Dataset: val, Dice: 0.4547, IoU: 0.3368
[2026-08-26 07:50:26,610] Epoch: 20, Dataset: test, Dice: 0.6035, IoU: 0.5028
[2026-08-26 07:50:27,222] Epoch: 20, Dataset: val, Dice: 0.5733, IoU: 0.4717
[2026-08-26 07:50:27,222] ### Best Model Saved (Dice improved from 0.5206 to 0.5733) ###
[2026-08-26 07:50:46,200] Epoch: 21, Dataset: test, Dice: 0.5421, IoU: 0.4273
[2026-08-26 07:50:46,839] Epoch: 21, Dataset: val, Dice: 0.4639, IoU: 0.3618
[2026-08-26 07:51:05,684] Epoch: 22, Dataset: test, Dice: 0.6549, IoU: 0.5408
[2026-08-26 07:51:06,296] Epoch: 22, Dataset: val, Dice: 0.5676, IoU: 0.4594
[2026-08-26 07:51:25,431] Epoch: 23, Dataset: test, Dice: 0.6476, IoU: 0.5470
[2026-08-26 07:51:26,366] Epoch: 23, Dataset: val, Dice: 0.5790, IoU: 0.4791
[2026-08-26 07:51:26,367] ### Best Model Saved (Dice improved from 0.5733 to 0.5790) ###
[2026-08-26 07:51:45,613] Epoch: 24, Dataset: test, Dice: 0.6600, IoU: 0.5425
[2026-08-26 07:51:46,235] Epoch: 24, Dataset: val, Dice: 0.5968, IoU: 0.5021
[2026-08-26 07:51:46,235] ### Best Model Saved (Dice improved from 0.5790 to 0.5968) ###
[2026-08-26 07:52:05,167] Epoch: 25, Dataset: test, Dice: 0.6657, IoU: 0.5516
[2026-08-26 07:52:05,783] Epoch: 25, Dataset: val, Dice: 0.6194, IoU: 0.5168
[2026-08-26 07:52:05,783] ### Best Model Saved (Dice improved from 0.5968 to 0.6194) ###
[2026-08-26 07:52:24,666] Epoch: 26, Dataset: test, Dice: 0.6672, IoU: 0.5556
[2026-08-26 07:52:25,266] Epoch: 26, Dataset: val, Dice: 0.5631, IoU: 0.4499
[2026-08-26 07:52:44,146] Epoch: 27, Dataset: test, Dice: 0.6339, IoU: 0.5242
[2026-08-26 07:52:44,741] Epoch: 27, Dataset: val, Dice: 0.5449, IoU: 0.4431
[2026-08-26 07:53:03,530] Epoch: 28, Dataset: test, Dice: 0.7222, IoU: 0.6160
[2026-08-26 07:53:04,140] Epoch: 28, Dataset: val, Dice: 0.6374, IoU: 0.5262
[2026-08-26 07:53:04,141] ### Best Model Saved (Dice improved from 0.6194 to 0.6374) ###
[2026-08-26 07:53:23,033] Epoch: 29, Dataset: test, Dice: 0.7511, IoU: 0.6520
[2026-08-26 07:53:23,658] Epoch: 29, Dataset: val, Dice: 0.6475, IoU: 0.5466
[2026-08-26 07:53:23,658] ### Best Model Saved (Dice improved from 0.6374 to 0.6475) ###
[2026-08-26 07:53:42,619] Epoch: 30, Dataset: test, Dice: 0.7500, IoU: 0.6451
[2026-08-26 07:53:43,229] Epoch: 30, Dataset: val, Dice: 0.6894, IoU: 0.5907
[2026-08-26 07:53:43,229] ### Best Model Saved (Dice improved from 0.6475 to 0.6894) ###
[2026-08-26 07:54:02,170] Epoch: 31, Dataset: test, Dice: 0.7258, IoU: 0.6247
[2026-08-26 07:54:02,783] Epoch: 31, Dataset: val, Dice: 0.7000, IoU: 0.6046
[2026-08-26 07:54:02,783] ### Best Model Saved (Dice improved from 0.6894 to 0.7000) ###
[2026-08-26 07:54:21,692] Epoch: 32, Dataset: test, Dice: 0.7074, IoU: 0.6128
[2026-08-26 07:54:22,329] Epoch: 32, Dataset: val, Dice: 0.6375, IoU: 0.5509
[2026-08-26 07:54:41,217] Epoch: 33, Dataset: test, Dice: 0.6666, IoU: 0.5541
[2026-08-26 07:54:41,835] Epoch: 33, Dataset: val, Dice: 0.6511, IoU: 0.5416
[2026-08-26 07:55:00,776] Epoch: 34, Dataset: test, Dice: 0.6911, IoU: 0.5811
[2026-08-26 07:55:01,403] Epoch: 34, Dataset: val, Dice: 0.6762, IoU: 0.5787
[2026-08-26 07:55:20,373] Epoch: 35, Dataset: test, Dice: 0.6690, IoU: 0.5839
[2026-08-26 07:55:21,002] Epoch: 35, Dataset: val, Dice: 0.6094, IoU: 0.5287
[2026-08-26 07:55:39,886] Epoch: 36, Dataset: test, Dice: 0.7019, IoU: 0.6060
[2026-08-26 07:55:40,509] Epoch: 36, Dataset: val, Dice: 0.7043, IoU: 0.6105
[2026-08-26 07:55:40,510] ### Best Model Saved (Dice improved from 0.7000 to 0.7043) ###
[2026-08-26 07:55:59,425] Epoch: 37, Dataset: test, Dice: 0.6957, IoU: 0.6112
[2026-08-26 07:56:00,037] Epoch: 37, Dataset: val, Dice: 0.6540, IoU: 0.5643
[2026-08-26 07:56:18,904] Epoch: 38, Dataset: test, Dice: 0.7164, IoU: 0.6303
[2026-08-26 07:56:19,514] Epoch: 38, Dataset: val, Dice: 0.7059, IoU: 0.6083
[2026-08-26 07:56:19,515] ### Best Model Saved (Dice improved from 0.7043 to 0.7059) ###
[2026-08-26 07:56:38,412] Epoch: 39, Dataset: test, Dice: 0.7751, IoU: 0.6731
[2026-08-26 07:56:39,022] Epoch: 39, Dataset: val, Dice: 0.7131, IoU: 0.6331
[2026-08-26 07:56:39,022] ### Best Model Saved (Dice improved from 0.7059 to 0.7131) ###
[2026-08-26 07:56:57,851] Epoch: 40, Dataset: test, Dice: 0.8019, IoU: 0.7122
[2026-08-26 07:56:58,460] Epoch: 40, Dataset: val, Dice: 0.7666, IoU: 0.6797
[2026-08-26 07:56:58,461] ### Best Model Saved (Dice improved from 0.7131 to 0.7666) ###
[2026-08-26 07:57:17,377] Epoch: 41, Dataset: test, Dice: 0.7313, IoU: 0.6443
[2026-08-26 07:57:17,984] Epoch: 41, Dataset: val, Dice: 0.7460, IoU: 0.6559
[2026-08-26 07:57:36,961] Epoch: 42, Dataset: test, Dice: 0.7328, IoU: 0.6450
[2026-08-26 07:57:37,603] Epoch: 42, Dataset: val, Dice: 0.7215, IoU: 0.6347
[2026-08-26 07:57:56,572] Epoch: 43, Dataset: test, Dice: 0.7457, IoU: 0.6536
[2026-08-26 07:57:57,189] Epoch: 43, Dataset: val, Dice: 0.7343, IoU: 0.6457
[2026-08-26 07:58:16,080] Epoch: 44, Dataset: test, Dice: 0.7577, IoU: 0.6763
[2026-08-26 07:58:16,700] Epoch: 44, Dataset: val, Dice: 0.7850, IoU: 0.6966
[2026-08-26 07:58:16,700] ### Best Model Saved (Dice improved from 0.7666 to 0.7850) ###
[2026-08-26 07:58:35,624] Epoch: 45, Dataset: test, Dice: 0.7628, IoU: 0.6714
[2026-08-26 07:58:36,238] Epoch: 45, Dataset: val, Dice: 0.7658, IoU: 0.6849
[2026-08-26 07:58:55,097] Epoch: 46, Dataset: test, Dice: 0.7698, IoU: 0.6804
[2026-08-26 07:58:55,707] Epoch: 46, Dataset: val, Dice: 0.7651, IoU: 0.6851
[2026-08-26 07:59:14,500] Epoch: 47, Dataset: test, Dice: 0.7582, IoU: 0.6654
[2026-08-26 07:59:15,110] Epoch: 47, Dataset: val, Dice: 0.7759, IoU: 0.6842
[2026-08-26 07:59:34,017] Epoch: 48, Dataset: test, Dice: 0.7345, IoU: 0.6386
[2026-08-26 07:59:34,621] Epoch: 48, Dataset: val, Dice: 0.7496, IoU: 0.6562
[2026-08-26 07:59:53,532] Epoch: 49, Dataset: test, Dice: 0.8040, IoU: 0.7201
[2026-08-26 07:59:54,143] Epoch: 49, Dataset: val, Dice: 0.7521, IoU: 0.6686
[2026-08-26 08:00:13,046] Epoch: 50, Dataset: test, Dice: 0.7818, IoU: 0.6934
[2026-08-26 08:00:13,678] Epoch: 50, Dataset: val, Dice: 0.7848, IoU: 0.6966
[2026-08-26 08:00:32,589] Epoch: 51, Dataset: test, Dice: 0.7224, IoU: 0.6322
[2026-08-26 08:00:33,210] Epoch: 51, Dataset: val, Dice: 0.7729, IoU: 0.6815
[2026-08-26 08:00:52,116] Epoch: 52, Dataset: test, Dice: 0.7767, IoU: 0.6914
[2026-08-26 08:00:52,718] Epoch: 52, Dataset: val, Dice: 0.7904, IoU: 0.7016
[2026-08-26 08:00:52,718] ### Best Model Saved (Dice improved from 0.7850 to 0.7904) ###
[2026-08-26 08:01:11,629] Epoch: 53, Dataset: test, Dice: 0.7474, IoU: 0.6619
[2026-08-26 08:01:12,266] Epoch: 53, Dataset: val, Dice: 0.7756, IoU: 0.6868
[2026-08-26 08:01:31,105] Epoch: 54, Dataset: test, Dice: 0.7847, IoU: 0.6925
[2026-08-26 08:01:31,726] Epoch: 54, Dataset: val, Dice: 0.7658, IoU: 0.6764
[2026-08-26 08:01:50,714] Epoch: 55, Dataset: test, Dice: 0.8124, IoU: 0.7315
[2026-08-26 08:01:51,335] Epoch: 55, Dataset: val, Dice: 0.7770, IoU: 0.6947
[2026-08-26 08:02:10,314] Epoch: 56, Dataset: test, Dice: 0.8199, IoU: 0.7293
[2026-08-26 08:02:10,919] Epoch: 56, Dataset: val, Dice: 0.7708, IoU: 0.6870
[2026-08-26 08:02:29,821] Epoch: 57, Dataset: test, Dice: 0.7731, IoU: 0.6874
[2026-08-26 08:02:30,421] Epoch: 57, Dataset: val, Dice: 0.8110, IoU: 0.7202
[2026-08-26 08:02:30,421] ### Best Model Saved (Dice improved from 0.7904 to 0.8110) ###
[2026-08-26 08:02:49,347] Epoch: 58, Dataset: test, Dice: 0.7871, IoU: 0.6961
[2026-08-26 08:02:49,959] Epoch: 58, Dataset: val, Dice: 0.7991, IoU: 0.7083
[2026-08-26 08:03:08,859] Epoch: 59, Dataset: test, Dice: 0.7799, IoU: 0.6900
[2026-08-26 08:03:09,463] Epoch: 59, Dataset: val, Dice: 0.8265, IoU: 0.7414
[2026-08-26 08:03:09,464] ### Best Model Saved (Dice improved from 0.8110 to 0.8265) ###
[2026-08-26 08:03:28,353] Epoch: 60, Dataset: test, Dice: 0.8077, IoU: 0.7235
[2026-08-26 08:03:28,970] Epoch: 60, Dataset: val, Dice: 0.7956, IoU: 0.6998
[2026-08-26 08:03:47,870] Epoch: 61, Dataset: test, Dice: 0.7694, IoU: 0.6930
[2026-08-26 08:03:48,488] Epoch: 61, Dataset: val, Dice: 0.8198, IoU: 0.7327
[2026-08-26 08:04:07,395] Epoch: 62, Dataset: test, Dice: 0.8284, IoU: 0.7432
[2026-08-26 08:04:08,012] Epoch: 62, Dataset: val, Dice: 0.8133, IoU: 0.7247
[2026-08-26 08:04:26,863] Epoch: 63, Dataset: test, Dice: 0.7940, IoU: 0.7064
[2026-08-26 08:04:27,464] Epoch: 63, Dataset: val, Dice: 0.8005, IoU: 0.7199
[2026-08-26 08:04:46,353] Epoch: 64, Dataset: test, Dice: 0.8084, IoU: 0.7265
[2026-08-26 08:04:46,978] Epoch: 64, Dataset: val, Dice: 0.8240, IoU: 0.7360
[2026-08-26 08:05:05,842] Epoch: 65, Dataset: test, Dice: 0.7967, IoU: 0.7048
[2026-08-26 08:05:06,458] Epoch: 65, Dataset: val, Dice: 0.7643, IoU: 0.6694
[2026-08-26 08:05:25,354] Epoch: 66, Dataset: test, Dice: 0.8014, IoU: 0.7144
[2026-08-26 08:05:25,980] Epoch: 66, Dataset: val, Dice: 0.8244, IoU: 0.7440
[2026-08-26 08:05:44,812] Epoch: 67, Dataset: test, Dice: 0.8128, IoU: 0.7342
[2026-08-26 08:05:45,424] Epoch: 67, Dataset: val, Dice: 0.8301, IoU: 0.7444
[2026-08-26 08:05:45,425] ### Best Model Saved (Dice improved from 0.8265 to 0.8301) ###
[2026-08-26 08:06:04,377] Epoch: 68, Dataset: test, Dice: 0.8395, IoU: 0.7551
[2026-08-26 08:06:04,999] Epoch: 68, Dataset: val, Dice: 0.8307, IoU: 0.7383
[2026-08-26 08:06:04,999] ### Best Model Saved (Dice improved from 0.8301 to 0.8307) ###
[2026-08-26 08:06:23,977] Epoch: 69, Dataset: test, Dice: 0.7927, IoU: 0.6980
[2026-08-26 08:06:24,581] Epoch: 69, Dataset: val, Dice: 0.8242, IoU: 0.7370
[2026-08-26 08:06:43,443] Epoch: 70, Dataset: test, Dice: 0.8401, IoU: 0.7493
[2026-08-26 08:06:44,044] Epoch: 70, Dataset: val, Dice: 0.8054, IoU: 0.7238
[2026-08-26 08:07:02,927] Epoch: 71, Dataset: test, Dice: 0.8206, IoU: 0.7331
[2026-08-26 08:07:03,527] Epoch: 71, Dataset: val, Dice: 0.8191, IoU: 0.7415
[2026-08-26 08:07:22,479] Epoch: 72, Dataset: test, Dice: 0.8046, IoU: 0.7198
[2026-08-26 08:07:23,093] Epoch: 72, Dataset: val, Dice: 0.8353, IoU: 0.7625
[2026-08-26 08:07:23,093] ### Best Model Saved (Dice improved from 0.8307 to 0.8353) ###
[2026-08-26 08:07:42,052] Epoch: 73, Dataset: test, Dice: 0.8364, IoU: 0.7509
[2026-08-26 08:07:42,684] Epoch: 73, Dataset: val, Dice: 0.8374, IoU: 0.7568
[2026-08-26 08:07:42,684] ### Best Model Saved (Dice improved from 0.8353 to 0.8374) ###
[2026-08-26 08:08:01,558] Epoch: 74, Dataset: test, Dice: 0.8527, IoU: 0.7660
[2026-08-26 08:08:02,178] Epoch: 74, Dataset: val, Dice: 0.8247, IoU: 0.7415
[2026-08-26 08:08:21,055] Epoch: 75, Dataset: test, Dice: 0.8148, IoU: 0.7245
[2026-08-26 08:08:21,668] Epoch: 75, Dataset: val, Dice: 0.8130, IoU: 0.7269
[2026-08-26 08:08:40,601] Epoch: 76, Dataset: test, Dice: 0.8088, IoU: 0.7290
[2026-08-26 08:08:41,212] Epoch: 76, Dataset: val, Dice: 0.8196, IoU: 0.7413
[2026-08-26 08:09:00,111] Epoch: 77, Dataset: test, Dice: 0.8459, IoU: 0.7545
[2026-08-26 08:09:00,727] Epoch: 77, Dataset: val, Dice: 0.8276, IoU: 0.7519
[2026-08-26 08:09:19,627] Epoch: 78, Dataset: test, Dice: 0.8191, IoU: 0.7392
[2026-08-26 08:09:20,246] Epoch: 78, Dataset: val, Dice: 0.8427, IoU: 0.7659
[2026-08-26 08:09:20,247] ### Best Model Saved (Dice improved from 0.8374 to 0.8427) ###
[2026-08-26 08:09:39,179] Epoch: 79, Dataset: test, Dice: 0.8389, IoU: 0.7575
[2026-08-26 08:09:39,802] Epoch: 79, Dataset: val, Dice: 0.8350, IoU: 0.7553
[2026-08-26 08:09:58,660] Epoch: 80, Dataset: test, Dice: 0.8303, IoU: 0.7514
[2026-08-26 08:09:59,277] Epoch: 80, Dataset: val, Dice: 0.8378, IoU: 0.7615
[2026-08-26 08:10:18,185] Epoch: 81, Dataset: test, Dice: 0.8341, IoU: 0.7519
[2026-08-26 08:10:18,790] Epoch: 81, Dataset: val, Dice: 0.8387, IoU: 0.7567
[2026-08-26 08:10:37,686] Epoch: 82, Dataset: test, Dice: 0.8052, IoU: 0.7216
[2026-08-26 08:10:38,293] Epoch: 82, Dataset: val, Dice: 0.8399, IoU: 0.7626
[2026-08-26 08:10:57,186] Epoch: 83, Dataset: test, Dice: 0.8265, IoU: 0.7433
[2026-08-26 08:10:57,797] Epoch: 83, Dataset: val, Dice: 0.8702, IoU: 0.7947
[2026-08-26 08:10:57,797] ### Best Model Saved (Dice improved from 0.8427 to 0.8702) ###
[2026-08-26 08:11:16,695] Epoch: 84, Dataset: test, Dice: 0.8362, IoU: 0.7505
[2026-08-26 08:11:17,300] Epoch: 84, Dataset: val, Dice: 0.8377, IoU: 0.7554
[2026-08-26 08:11:36,174] Epoch: 85, Dataset: test, Dice: 0.8245, IoU: 0.7379
[2026-08-26 08:11:36,814] Epoch: 85, Dataset: val, Dice: 0.8741, IoU: 0.7928
[2026-08-26 08:11:36,815] ### Best Model Saved (Dice improved from 0.8702 to 0.8741) ###
[2026-08-26 08:11:55,747] Epoch: 86, Dataset: test, Dice: 0.8632, IoU: 0.7820
[2026-08-26 08:11:56,357] Epoch: 86, Dataset: val, Dice: 0.8488, IoU: 0.7680
[2026-08-26 08:12:15,252] Epoch: 87, Dataset: test, Dice: 0.8305, IoU: 0.7468
[2026-08-26 08:12:15,868] Epoch: 87, Dataset: val, Dice: 0.8411, IoU: 0.7622
[2026-08-26 08:12:34,719] Epoch: 88, Dataset: test, Dice: 0.8306, IoU: 0.7444
[2026-08-26 08:12:35,343] Epoch: 88, Dataset: val, Dice: 0.8273, IoU: 0.7402
[2026-08-26 08:12:54,192] Epoch: 89, Dataset: test, Dice: 0.8418, IoU: 0.7561
[2026-08-26 08:12:54,813] Epoch: 89, Dataset: val, Dice: 0.8395, IoU: 0.7557
[2026-08-26 08:13:13,662] Epoch: 90, Dataset: test, Dice: 0.8002, IoU: 0.7209
[2026-08-26 08:13:14,261] Epoch: 90, Dataset: val, Dice: 0.8366, IoU: 0.7486
[2026-08-26 08:13:33,105] Epoch: 91, Dataset: test, Dice: 0.8276, IoU: 0.7481
[2026-08-26 08:13:33,714] Epoch: 91, Dataset: val, Dice: 0.8565, IoU: 0.7766
[2026-08-26 08:13:52,608] Epoch: 92, Dataset: test, Dice: 0.8548, IoU: 0.7716
[2026-08-26 08:13:53,240] Epoch: 92, Dataset: val, Dice: 0.8508, IoU: 0.7684
[2026-08-26 08:14:12,135] Epoch: 93, Dataset: test, Dice: 0.8383, IoU: 0.7562
[2026-08-26 08:14:12,734] Epoch: 93, Dataset: val, Dice: 0.8337, IoU: 0.7465
[2026-08-26 08:14:31,615] Epoch: 94, Dataset: test, Dice: 0.8242, IoU: 0.7460
[2026-08-26 08:14:32,239] Epoch: 94, Dataset: val, Dice: 0.8582, IoU: 0.7813
[2026-08-26 08:14:51,108] Epoch: 95, Dataset: test, Dice: 0.8104, IoU: 0.7299
[2026-08-26 08:14:51,744] Epoch: 95, Dataset: val, Dice: 0.8552, IoU: 0.7770
[2026-08-26 08:15:10,661] Epoch: 96, Dataset: test, Dice: 0.8357, IoU: 0.7496
[2026-08-26 08:15:11,286] Epoch: 96, Dataset: val, Dice: 0.8501, IoU: 0.7699
[2026-08-26 08:15:30,191] Epoch: 97, Dataset: test, Dice: 0.8282, IoU: 0.7476
[2026-08-26 08:15:30,789] Epoch: 97, Dataset: val, Dice: 0.8406, IoU: 0.7579
[2026-08-26 08:15:49,671] Epoch: 98, Dataset: test, Dice: 0.8277, IoU: 0.7421
[2026-08-26 08:15:50,284] Epoch: 98, Dataset: val, Dice: 0.8487, IoU: 0.7667
[2026-08-26 08:16:09,116] Epoch: 99, Dataset: test, Dice: 0.8384, IoU: 0.7634
[2026-08-26 08:16:09,722] Epoch: 99, Dataset: val, Dice: 0.8595, IoU: 0.7799
[2026-08-26 08:16:28,626] Epoch: 100, Dataset: test, Dice: 0.8479, IoU: 0.7675
[2026-08-26 08:16:29,237] Epoch: 100, Dataset: val, Dice: 0.8615, IoU: 0.7838
[2026-08-26 08:16:48,113] Epoch: 101, Dataset: test, Dice: 0.8386, IoU: 0.7560
[2026-08-26 08:16:48,720] Epoch: 101, Dataset: val, Dice: 0.8623, IoU: 0.7841
[2026-08-26 08:17:07,596] Epoch: 102, Dataset: test, Dice: 0.7736, IoU: 0.6904
[2026-08-26 08:17:08,202] Epoch: 102, Dataset: val, Dice: 0.8398, IoU: 0.7604
[2026-08-26 08:17:27,072] Epoch: 103, Dataset: test, Dice: 0.8389, IoU: 0.7583
[2026-08-26 08:17:27,686] Epoch: 103, Dataset: val, Dice: 0.8625, IoU: 0.7857
[2026-08-26 08:17:46,551] Epoch: 104, Dataset: test, Dice: 0.8122, IoU: 0.7282
[2026-08-26 08:17:47,164] Epoch: 104, Dataset: val, Dice: 0.8536, IoU: 0.7739
[2026-08-26 08:18:06,015] Epoch: 105, Dataset: test, Dice: 0.7931, IoU: 0.7174
[2026-08-26 08:18:06,628] Epoch: 105, Dataset: val, Dice: 0.8543, IoU: 0.7785
[2026-08-26 08:18:25,518] Epoch: 106, Dataset: test, Dice: 0.8274, IoU: 0.7433
[2026-08-26 08:18:26,140] Epoch: 106, Dataset: val, Dice: 0.8603, IoU: 0.7803
[2026-08-26 08:18:45,010] Epoch: 107, Dataset: test, Dice: 0.8460, IoU: 0.7666
[2026-08-26 08:18:45,623] Epoch: 107, Dataset: val, Dice: 0.8586, IoU: 0.7861
[2026-08-26 08:19:04,506] Epoch: 108, Dataset: test, Dice: 0.7909, IoU: 0.7131
[2026-08-26 08:19:05,124] Epoch: 108, Dataset: val, Dice: 0.8583, IoU: 0.7810
[2026-08-26 08:19:23,994] Epoch: 109, Dataset: test, Dice: 0.8170, IoU: 0.7374
[2026-08-26 08:19:24,594] Epoch: 109, Dataset: val, Dice: 0.8498, IoU: 0.7687
[2026-08-26 08:19:43,520] Epoch: 110, Dataset: test, Dice: 0.8141, IoU: 0.7332
[2026-08-26 08:19:44,131] Epoch: 110, Dataset: val, Dice: 0.8656, IoU: 0.7907
[2026-08-26 08:20:03,046] Epoch: 111, Dataset: test, Dice: 0.8216, IoU: 0.7375
[2026-08-26 08:20:03,657] Epoch: 111, Dataset: val, Dice: 0.8612, IoU: 0.7856
[2026-08-26 08:20:22,544] Epoch: 112, Dataset: test, Dice: 0.7966, IoU: 0.7158
[2026-08-26 08:20:23,155] Epoch: 112, Dataset: val, Dice: 0.8630, IoU: 0.7861
[2026-08-26 08:20:42,085] Epoch: 113, Dataset: test, Dice: 0.8120, IoU: 0.7286
[2026-08-26 08:20:42,687] Epoch: 113, Dataset: val, Dice: 0.8640, IoU: 0.7900
[2026-08-26 08:21:01,558] Epoch: 114, Dataset: test, Dice: 0.7999, IoU: 0.7194
[2026-08-26 08:21:02,160] Epoch: 114, Dataset: val, Dice: 0.8560, IoU: 0.7814
[2026-08-26 08:21:21,005] Epoch: 115, Dataset: test, Dice: 0.8178, IoU: 0.7359
[2026-08-26 08:21:21,621] Epoch: 115, Dataset: val, Dice: 0.8476, IoU: 0.7690
[2026-08-26 08:21:40,519] Epoch: 116, Dataset: test, Dice: 0.8297, IoU: 0.7457
[2026-08-26 08:21:41,112] Epoch: 116, Dataset: val, Dice: 0.8597, IoU: 0.7904
[2026-08-26 08:22:00,013] Epoch: 117, Dataset: test, Dice: 0.8342, IoU: 0.7532
[2026-08-26 08:22:00,620] Epoch: 117, Dataset: val, Dice: 0.8626, IoU: 0.7895
[2026-08-26 08:22:19,493] Epoch: 118, Dataset: test, Dice: 0.8163, IoU: 0.7397
[2026-08-26 08:22:20,102] Epoch: 118, Dataset: val, Dice: 0.8577, IoU: 0.7817
[2026-08-26 08:22:38,950] Epoch: 119, Dataset: test, Dice: 0.8225, IoU: 0.7414
[2026-08-26 08:22:39,560] Epoch: 119, Dataset: val, Dice: 0.8625, IoU: 0.7886
[2026-08-26 08:22:58,438] Epoch: 120, Dataset: test, Dice: 0.8091, IoU: 0.7259
[2026-08-26 08:22:59,047] Epoch: 120, Dataset: val, Dice: 0.8633, IoU: 0.7906
[2026-08-26 08:23:17,935] Epoch: 121, Dataset: test, Dice: 0.8274, IoU: 0.7414
[2026-08-26 08:23:18,533] Epoch: 121, Dataset: val, Dice: 0.8610, IoU: 0.7856
[2026-08-26 08:23:37,419] Epoch: 122, Dataset: test, Dice: 0.8268, IoU: 0.7460
[2026-08-26 08:23:38,016] Epoch: 122, Dataset: val, Dice: 0.8568, IoU: 0.7828
[2026-08-26 08:23:56,868] Epoch: 123, Dataset: test, Dice: 0.8464, IoU: 0.7667
[2026-08-26 08:23:57,485] Epoch: 123, Dataset: val, Dice: 0.8697, IoU: 0.7987
[2026-08-26 08:24:16,378] Epoch: 124, Dataset: test, Dice: 0.8194, IoU: 0.7386
[2026-08-26 08:24:16,984] Epoch: 124, Dataset: val, Dice: 0.8555, IoU: 0.7790
[2026-08-26 08:24:35,898] Epoch: 125, Dataset: test, Dice: 0.8273, IoU: 0.7475
[2026-08-26 08:24:36,518] Epoch: 125, Dataset: val, Dice: 0.8671, IoU: 0.7939
[2026-08-26 08:24:55,379] Epoch: 126, Dataset: test, Dice: 0.8349, IoU: 0.7532
[2026-08-26 08:24:56,008] Epoch: 126, Dataset: val, Dice: 0.8668, IoU: 0.7935
[2026-08-26 08:25:14,889] Epoch: 127, Dataset: test, Dice: 0.8314, IoU: 0.7522
[2026-08-26 08:25:15,492] Epoch: 127, Dataset: val, Dice: 0.8669, IoU: 0.7922
[2026-08-26 08:25:34,385] Epoch: 128, Dataset: test, Dice: 0.8226, IoU: 0.7401
[2026-08-26 08:25:35,022] Epoch: 128, Dataset: val, Dice: 0.8730, IoU: 0.8017
[2026-08-26 08:25:53,912] Epoch: 129, Dataset: test, Dice: 0.8270, IoU: 0.7463
[2026-08-26 08:25:54,511] Epoch: 129, Dataset: val, Dice: 0.8632, IoU: 0.7873
[2026-08-26 08:26:13,418] Epoch: 130, Dataset: test, Dice: 0.8348, IoU: 0.7544
[2026-08-26 08:26:14,037] Epoch: 130, Dataset: val, Dice: 0.8723, IoU: 0.7992
[2026-08-26 08:26:32,971] Epoch: 131, Dataset: test, Dice: 0.8262, IoU: 0.7444
[2026-08-26 08:26:33,592] Epoch: 131, Dataset: val, Dice: 0.8687, IoU: 0.7940
[2026-08-26 08:26:52,435] Epoch: 132, Dataset: test, Dice: 0.8310, IoU: 0.7508
[2026-08-26 08:26:53,056] Epoch: 132, Dataset: val, Dice: 0.8732, IoU: 0.7973
[2026-08-26 08:27:11,923] Epoch: 133, Dataset: test, Dice: 0.8295, IoU: 0.7529
[2026-08-26 08:27:12,573] Epoch: 133, Dataset: val, Dice: 0.8649, IoU: 0.7915
[2026-08-26 08:27:31,435] Epoch: 134, Dataset: test, Dice: 0.8336, IoU: 0.7554
[2026-08-26 08:27:32,060] Epoch: 134, Dataset: val, Dice: 0.8782, IoU: 0.8087
[2026-08-26 08:27:32,061] ### Best Model Saved (Dice improved from 0.8741 to 0.8782) ###
[2026-08-26 08:27:51,015] Epoch: 135, Dataset: test, Dice: 0.8378, IoU: 0.7557
[2026-08-26 08:27:51,630] Epoch: 135, Dataset: val, Dice: 0.8622, IoU: 0.7872
[2026-08-26 08:28:10,420] Epoch: 136, Dataset: test, Dice: 0.8253, IoU: 0.7491
[2026-08-26 08:28:11,034] Epoch: 136, Dataset: val, Dice: 0.8739, IoU: 0.8039
[2026-08-26 08:28:29,881] Epoch: 137, Dataset: test, Dice: 0.8278, IoU: 0.7499
[2026-08-26 08:28:30,495] Epoch: 137, Dataset: val, Dice: 0.8757, IoU: 0.8065
[2026-08-26 08:28:49,363] Epoch: 138, Dataset: test, Dice: 0.8173, IoU: 0.7393
[2026-08-26 08:28:49,983] Epoch: 138, Dataset: val, Dice: 0.8809, IoU: 0.8110
[2026-08-26 08:28:49,984] ### Best Model Saved (Dice improved from 0.8782 to 0.8809) ###
[2026-08-26 08:29:08,899] Epoch: 139, Dataset: test, Dice: 0.8341, IoU: 0.7541
[2026-08-26 08:29:09,506] Epoch: 139, Dataset: val, Dice: 0.8753, IoU: 0.8048
[2026-08-26 08:29:28,396] Epoch: 140, Dataset: test, Dice: 0.8235, IoU: 0.7440
[2026-08-26 08:29:28,998] Epoch: 140, Dataset: val, Dice: 0.8745, IoU: 0.8036
[2026-08-26 08:29:47,830] Epoch: 141, Dataset: test, Dice: 0.8108, IoU: 0.7347
[2026-08-26 08:29:48,441] Epoch: 141, Dataset: val, Dice: 0.8731, IoU: 0.8014
[2026-08-26 08:30:07,307] Epoch: 142, Dataset: test, Dice: 0.8235, IoU: 0.7460
[2026-08-26 08:30:07,939] Epoch: 142, Dataset: val, Dice: 0.8760, IoU: 0.8045
[2026-08-26 08:30:26,826] Epoch: 143, Dataset: test, Dice: 0.8287, IoU: 0.7507
[2026-08-26 08:30:27,449] Epoch: 143, Dataset: val, Dice: 0.8774, IoU: 0.8068
[2026-08-26 08:30:46,306] Epoch: 144, Dataset: test, Dice: 0.8349, IoU: 0.7551
[2026-08-26 08:30:46,922] Epoch: 144, Dataset: val, Dice: 0.8756, IoU: 0.8043
[2026-08-26 08:31:05,793] Epoch: 145, Dataset: test, Dice: 0.8285, IoU: 0.7502
[2026-08-26 08:31:06,404] Epoch: 145, Dataset: val, Dice: 0.8763, IoU: 0.8049
[2026-08-26 08:31:25,288] Epoch: 146, Dataset: test, Dice: 0.8360, IoU: 0.7541
[2026-08-26 08:31:25,891] Epoch: 146, Dataset: val, Dice: 0.8789, IoU: 0.8087
[2026-08-26 08:31:44,752] Epoch: 147, Dataset: test, Dice: 0.8286, IoU: 0.7478
[2026-08-26 08:31:45,370] Epoch: 147, Dataset: val, Dice: 0.8765, IoU: 0.8054
[2026-08-26 08:32:04,212] Epoch: 148, Dataset: test, Dice: 0.8288, IoU: 0.7509
[2026-08-26 08:32:04,828] Epoch: 148, Dataset: val, Dice: 0.8666, IoU: 0.7935
[2026-08-26 08:32:23,703] Epoch: 149, Dataset: test, Dice: 0.8325, IoU: 0.7507
[2026-08-26 08:32:24,339] Epoch: 149, Dataset: val, Dice: 0.8661, IoU: 0.7930
[2026-08-26 08:32:43,176] Epoch: 150, Dataset: test, Dice: 0.8260, IoU: 0.7455
[2026-08-26 08:32:43,791] Epoch: 150, Dataset: val, Dice: 0.8765, IoU: 0.8054
[2026-08-26 08:33:02,673] Epoch: 151, Dataset: test, Dice: 0.8342, IoU: 0.7588
[2026-08-26 08:33:03,289] Epoch: 151, Dataset: val, Dice: 0.8733, IoU: 0.8013
[2026-08-26 08:33:22,173] Epoch: 152, Dataset: test, Dice: 0.8419, IoU: 0.7622
[2026-08-26 08:33:22,787] Epoch: 152, Dataset: val, Dice: 0.8796, IoU: 0.8121
[2026-08-26 08:33:41,683] Epoch: 153, Dataset: test, Dice: 0.8354, IoU: 0.7581
[2026-08-26 08:33:42,319] Epoch: 153, Dataset: val, Dice: 0.8649, IoU: 0.7903
[2026-08-26 08:34:01,237] Epoch: 154, Dataset: test, Dice: 0.8273, IoU: 0.7480
[2026-08-26 08:34:01,861] Epoch: 154, Dataset: val, Dice: 0.8798, IoU: 0.8120
[2026-08-26 08:34:20,812] Epoch: 155, Dataset: test, Dice: 0.8320, IoU: 0.7531
[2026-08-26 08:34:21,427] Epoch: 155, Dataset: val, Dice: 0.8771, IoU: 0.8106
[2026-08-26 08:34:40,402] Epoch: 156, Dataset: test, Dice: 0.8289, IoU: 0.7483
[2026-08-26 08:34:41,025] Epoch: 156, Dataset: val, Dice: 0.8721, IoU: 0.8018
[2026-08-26 08:34:59,896] Epoch: 157, Dataset: test, Dice: 0.8203, IoU: 0.7414
[2026-08-26 08:35:00,490] Epoch: 157, Dataset: val, Dice: 0.8748, IoU: 0.8042
[2026-08-26 08:35:19,334] Epoch: 158, Dataset: test, Dice: 0.8408, IoU: 0.7619
[2026-08-26 08:35:19,954] Epoch: 158, Dataset: val, Dice: 0.8789, IoU: 0.8105
[2026-08-26 08:35:38,848] Epoch: 159, Dataset: test, Dice: 0.8427, IoU: 0.7626
[2026-08-26 08:35:39,461] Epoch: 159, Dataset: val, Dice: 0.8788, IoU: 0.8097
[2026-08-26 08:35:58,325] Epoch: 160, Dataset: test, Dice: 0.8418, IoU: 0.7620
[2026-08-26 08:35:58,945] Epoch: 160, Dataset: val, Dice: 0.8805, IoU: 0.8120
[2026-08-26 08:36:17,816] Epoch: 161, Dataset: test, Dice: 0.8438, IoU: 0.7641
[2026-08-26 08:36:18,423] Epoch: 161, Dataset: val, Dice: 0.8835, IoU: 0.8158
[2026-08-26 08:36:18,423] ### Best Model Saved (Dice improved from 0.8809 to 0.8835) ###
[2026-08-26 08:36:37,382] Epoch: 162, Dataset: test, Dice: 0.8428, IoU: 0.7664
[2026-08-26 08:36:38,009] Epoch: 162, Dataset: val, Dice: 0.8786, IoU: 0.8095
[2026-08-26 08:36:56,879] Epoch: 163, Dataset: test, Dice: 0.8415, IoU: 0.7639
[2026-08-26 08:36:57,490] Epoch: 163, Dataset: val, Dice: 0.8768, IoU: 0.8068
[2026-08-26 08:37:16,379] Epoch: 164, Dataset: test, Dice: 0.8546, IoU: 0.7762
[2026-08-26 08:37:16,997] Epoch: 164, Dataset: val, Dice: 0.8777, IoU: 0.8093
[2026-08-26 08:37:35,815] Epoch: 165, Dataset: test, Dice: 0.8412, IoU: 0.7631
[2026-08-26 08:37:36,412] Epoch: 165, Dataset: val, Dice: 0.8796, IoU: 0.8117
[2026-08-26 08:37:55,307] Epoch: 166, Dataset: test, Dice: 0.8508, IoU: 0.7713
[2026-08-26 08:37:55,927] Epoch: 166, Dataset: val, Dice: 0.8795, IoU: 0.8114
[2026-08-26 08:38:14,812] Epoch: 167, Dataset: test, Dice: 0.8428, IoU: 0.7624
[2026-08-26 08:38:15,422] Epoch: 167, Dataset: val, Dice: 0.8786, IoU: 0.8099
[2026-08-26 08:38:34,310] Epoch: 168, Dataset: test, Dice: 0.8411, IoU: 0.7668
[2026-08-26 08:38:34,940] Epoch: 168, Dataset: val, Dice: 0.8794, IoU: 0.8111
[2026-08-26 08:38:53,845] Epoch: 169, Dataset: test, Dice: 0.8317, IoU: 0.7551
[2026-08-26 08:38:54,480] Epoch: 169, Dataset: val, Dice: 0.8775, IoU: 0.8081
[2026-08-26 08:39:13,373] Epoch: 170, Dataset: test, Dice: 0.8395, IoU: 0.7587
[2026-08-26 08:39:14,000] Epoch: 170, Dataset: val, Dice: 0.8761, IoU: 0.8059
[2026-08-26 08:39:32,824] Epoch: 171, Dataset: test, Dice: 0.8382, IoU: 0.7615
[2026-08-26 08:39:33,434] Epoch: 171, Dataset: val, Dice: 0.8830, IoU: 0.8159
[2026-08-26 08:39:52,312] Epoch: 172, Dataset: test, Dice: 0.8409, IoU: 0.7620
[2026-08-26 08:39:52,929] Epoch: 172, Dataset: val, Dice: 0.8824, IoU: 0.8155
[2026-08-26 08:40:11,813] Epoch: 173, Dataset: test, Dice: 0.8381, IoU: 0.7598
[2026-08-26 08:40:12,466] Epoch: 173, Dataset: val, Dice: 0.8817, IoU: 0.8135
[2026-08-26 08:40:31,228] Epoch: 174, Dataset: test, Dice: 0.8399, IoU: 0.7612
[2026-08-26 08:40:31,851] Epoch: 174, Dataset: val, Dice: 0.8793, IoU: 0.8100
[2026-08-26 08:40:50,773] Epoch: 175, Dataset: test, Dice: 0.8353, IoU: 0.7591
[2026-08-26 08:40:51,381] Epoch: 175, Dataset: val, Dice: 0.8802, IoU: 0.8117
[2026-08-26 08:41:10,292] Epoch: 176, Dataset: test, Dice: 0.8373, IoU: 0.7590
[2026-08-26 08:41:10,906] Epoch: 176, Dataset: val, Dice: 0.8799, IoU: 0.8125
[2026-08-26 08:41:29,773] Epoch: 177, Dataset: test, Dice: 0.8415, IoU: 0.7636
[2026-08-26 08:41:30,385] Epoch: 177, Dataset: val, Dice: 0.8803, IoU: 0.8120
[2026-08-26 08:41:49,246] Epoch: 178, Dataset: test, Dice: 0.8382, IoU: 0.7600
[2026-08-26 08:41:49,837] Epoch: 178, Dataset: val, Dice: 0.8813, IoU: 0.8131
[2026-08-26 08:42:08,730] Epoch: 179, Dataset: test, Dice: 0.8463, IoU: 0.7672
[2026-08-26 08:42:09,333] Epoch: 179, Dataset: val, Dice: 0.8791, IoU: 0.8097
[2026-08-26 08:42:28,227] Epoch: 180, Dataset: test, Dice: 0.8370, IoU: 0.7590
[2026-08-26 08:42:28,834] Epoch: 180, Dataset: val, Dice: 0.8817, IoU: 0.8149
[2026-08-26 08:42:47,674] Epoch: 181, Dataset: test, Dice: 0.8330, IoU: 0.7553
[2026-08-26 08:42:48,280] Epoch: 181, Dataset: val, Dice: 0.8777, IoU: 0.8093
[2026-08-26 08:43:07,100] Epoch: 182, Dataset: test, Dice: 0.8414, IoU: 0.7628
[2026-08-26 08:43:07,707] Epoch: 182, Dataset: val, Dice: 0.8791, IoU: 0.8109
[2026-08-26 08:43:26,571] Epoch: 183, Dataset: test, Dice: 0.8429, IoU: 0.7657
[2026-08-26 08:43:27,173] Epoch: 183, Dataset: val, Dice: 0.8814, IoU: 0.8140
[2026-08-26 08:43:45,975] Epoch: 184, Dataset: test, Dice: 0.8392, IoU: 0.7602
[2026-08-26 08:43:46,597] Epoch: 184, Dataset: val, Dice: 0.8801, IoU: 0.8121
[2026-08-26 08:44:05,424] Epoch: 185, Dataset: test, Dice: 0.8404, IoU: 0.7623
[2026-08-26 08:44:06,036] Epoch: 185, Dataset: val, Dice: 0.8797, IoU: 0.8117
[2026-08-26 08:44:24,900] Epoch: 186, Dataset: test, Dice: 0.8343, IoU: 0.7560
[2026-08-26 08:44:25,522] Epoch: 186, Dataset: val, Dice: 0.8800, IoU: 0.8112
[2026-08-26 08:44:44,316] Epoch: 187, Dataset: test, Dice: 0.8380, IoU: 0.7598
[2026-08-26 08:44:44,923] Epoch: 187, Dataset: val, Dice: 0.8811, IoU: 0.8137
[2026-08-26 08:45:03,791] Epoch: 188, Dataset: test, Dice: 0.8335, IoU: 0.7560
[2026-08-26 08:45:04,396] Epoch: 188, Dataset: val, Dice: 0.8806, IoU: 0.8131
[2026-08-26 08:45:23,246] Epoch: 189, Dataset: test, Dice: 0.8351, IoU: 0.7589
[2026-08-26 08:45:23,875] Epoch: 189, Dataset: val, Dice: 0.8795, IoU: 0.8114
[2026-08-26 08:45:42,740] Epoch: 190, Dataset: test, Dice: 0.8308, IoU: 0.7548
[2026-08-26 08:45:43,343] Epoch: 190, Dataset: val, Dice: 0.8779, IoU: 0.8091
[2026-08-26 08:46:02,209] Epoch: 191, Dataset: test, Dice: 0.8381, IoU: 0.7611
[2026-08-26 08:46:02,800] Epoch: 191, Dataset: val, Dice: 0.8810, IoU: 0.8131
[2026-08-26 08:46:21,700] Epoch: 192, Dataset: test, Dice: 0.8301, IoU: 0.7526
[2026-08-26 08:46:22,333] Epoch: 192, Dataset: val, Dice: 0.8796, IoU: 0.8104
[2026-08-26 08:46:41,223] Epoch: 193, Dataset: test, Dice: 0.8312, IoU: 0.7531
[2026-08-26 08:46:41,831] Epoch: 193, Dataset: val, Dice: 0.8782, IoU: 0.8096
[2026-08-26 08:47:00,740] Epoch: 194, Dataset: test, Dice: 0.8396, IoU: 0.7620
[2026-08-26 08:47:01,350] Epoch: 194, Dataset: val, Dice: 0.8752, IoU: 0.8060
[2026-08-26 08:47:20,130] Epoch: 195, Dataset: test, Dice: 0.8480, IoU: 0.7715
[2026-08-26 08:47:20,721] Epoch: 195, Dataset: val, Dice: 0.8803, IoU: 0.8121
[2026-08-26 08:47:39,563] Epoch: 196, Dataset: test, Dice: 0.8355, IoU: 0.7573
[2026-08-26 08:47:40,179] Epoch: 196, Dataset: val, Dice: 0.8803, IoU: 0.8130
[2026-08-26 08:47:59,039] Epoch: 197, Dataset: test, Dice: 0.8340, IoU: 0.7567
[2026-08-26 08:47:59,646] Epoch: 197, Dataset: val, Dice: 0.8771, IoU: 0.8083
[2026-08-26 08:48:18,562] Epoch: 198, Dataset: test, Dice: 0.8450, IoU: 0.7687
[2026-08-26 08:48:19,183] Epoch: 198, Dataset: val, Dice: 0.8814, IoU: 0.8135
[2026-08-26 08:48:38,029] Epoch: 199, Dataset: test, Dice: 0.8418, IoU: 0.7649
[2026-08-26 08:48:38,629] Epoch: 199, Dataset: val, Dice: 0.8788, IoU: 0.8104
[2026-08-26 08:48:57,487] Epoch: 200, Dataset: test, Dice: 0.8428, IoU: 0.7652
[2026-08-26 08:48:58,078] Epoch: 200, Dataset: val, Dice: 0.8773, IoU: 0.8078
[2026-08-26 08:48:58,080] 
========================================
FINAL RESULTS: ClinicDB_MK_UNet_bs8_lr0.0005_e200_augTrue_run3_t074356
Best Val Dice: 0.8835
Test Dice at Best Val: 0.8438
Total Train Time: 3646.03s
========================================
