[2026-08-26 09:53:58,064] flops: 0.619251354, params: 0.315566, Total params: : 0.3156
[2026-08-26 09:54:16,968] Epoch: 1, Dataset: test, Dice: 0.2181, IoU: 0.1392
[2026-08-26 09:54:17,571] Epoch: 1, Dataset: val, Dice: 0.2007, IoU: 0.1297
[2026-08-26 09:54:17,571] ### Best Model Saved (Dice improved from 0.0000 to 0.2007) ###
[2026-08-26 09:54:36,493] Epoch: 2, Dataset: test, Dice: 0.2797, IoU: 0.1849
[2026-08-26 09:54:37,099] Epoch: 2, Dataset: val, Dice: 0.2157, IoU: 0.1365
[2026-08-26 09:54:37,099] ### Best Model Saved (Dice improved from 0.2007 to 0.2157) ###
[2026-08-26 09:54:56,001] Epoch: 3, Dataset: test, Dice: 0.2502, IoU: 0.1593
[2026-08-26 09:54:56,603] Epoch: 3, Dataset: val, Dice: 0.2076, IoU: 0.1307
[2026-08-26 09:55:15,448] Epoch: 4, Dataset: test, Dice: 0.2991, IoU: 0.2016
[2026-08-26 09:55:16,064] Epoch: 4, Dataset: val, Dice: 0.2600, IoU: 0.1751
[2026-08-26 09:55:16,065] ### Best Model Saved (Dice improved from 0.2157 to 0.2600) ###
[2026-08-26 09:55:34,965] Epoch: 5, Dataset: test, Dice: 0.2737, IoU: 0.1789
[2026-08-26 09:55:35,573] Epoch: 5, Dataset: val, Dice: 0.2187, IoU: 0.1390
[2026-08-26 09:55:54,409] Epoch: 6, Dataset: test, Dice: 0.2605, IoU: 0.1753
[2026-08-26 09:55:55,024] Epoch: 6, Dataset: val, Dice: 0.2091, IoU: 0.1325
[2026-08-26 09:56:13,818] Epoch: 7, Dataset: test, Dice: 0.2617, IoU: 0.1795
[2026-08-26 09:56:14,417] Epoch: 7, Dataset: val, Dice: 0.2233, IoU: 0.1456
[2026-08-26 09:56:33,298] Epoch: 8, Dataset: test, Dice: 0.3438, IoU: 0.2345
[2026-08-26 09:56:33,916] Epoch: 8, Dataset: val, Dice: 0.3198, IoU: 0.2209
[2026-08-26 09:56:33,917] ### Best Model Saved (Dice improved from 0.2600 to 0.3198) ###
[2026-08-26 09:56:52,838] Epoch: 9, Dataset: test, Dice: 0.3031, IoU: 0.1973
[2026-08-26 09:56:53,468] Epoch: 9, Dataset: val, Dice: 0.2805, IoU: 0.1817
[2026-08-26 09:57:12,371] Epoch: 10, Dataset: test, Dice: 0.3213, IoU: 0.2061
[2026-08-26 09:57:12,976] Epoch: 10, Dataset: val, Dice: 0.2735, IoU: 0.1752
[2026-08-26 09:57:31,884] Epoch: 11, Dataset: test, Dice: 0.4336, IoU: 0.3161
[2026-08-26 09:57:32,521] Epoch: 11, Dataset: val, Dice: 0.3040, IoU: 0.2076
[2026-08-26 09:57:51,442] Epoch: 12, Dataset: test, Dice: 0.4199, IoU: 0.3005
[2026-08-26 09:57:52,076] Epoch: 12, Dataset: val, Dice: 0.3399, IoU: 0.2321
[2026-08-26 09:57:52,076] ### Best Model Saved (Dice improved from 0.3198 to 0.3399) ###
[2026-08-26 09:58:11,051] Epoch: 13, Dataset: test, Dice: 0.4574, IoU: 0.3447
[2026-08-26 09:58:11,688] Epoch: 13, Dataset: val, Dice: 0.3891, IoU: 0.2867
[2026-08-26 09:58:11,689] ### Best Model Saved (Dice improved from 0.3399 to 0.3891) ###
[2026-08-26 09:58:30,673] Epoch: 14, Dataset: test, Dice: 0.4876, IoU: 0.3776
[2026-08-26 09:58:31,307] Epoch: 14, Dataset: val, Dice: 0.4019, IoU: 0.3031
[2026-08-26 09:58:31,307] ### Best Model Saved (Dice improved from 0.3891 to 0.4019) ###
[2026-08-26 09:58:50,292] Epoch: 15, Dataset: test, Dice: 0.5014, IoU: 0.3866
[2026-08-26 09:58:50,909] Epoch: 15, Dataset: val, Dice: 0.4240, IoU: 0.3181
[2026-08-26 09:58:50,909] ### Best Model Saved (Dice improved from 0.4019 to 0.4240) ###
[2026-08-26 09:59:09,840] Epoch: 16, Dataset: test, Dice: 0.5229, IoU: 0.4039
[2026-08-26 09:59:10,455] Epoch: 16, Dataset: val, Dice: 0.4801, IoU: 0.3716
[2026-08-26 09:59:10,455] ### Best Model Saved (Dice improved from 0.4240 to 0.4801) ###
[2026-08-26 09:59:29,354] Epoch: 17, Dataset: test, Dice: 0.5090, IoU: 0.3840
[2026-08-26 09:59:29,945] Epoch: 17, Dataset: val, Dice: 0.4763, IoU: 0.3609
[2026-08-26 09:59:48,826] Epoch: 18, Dataset: test, Dice: 0.2111, IoU: 0.1359
[2026-08-26 09:59:49,434] Epoch: 18, Dataset: val, Dice: 0.1975, IoU: 0.1297
[2026-08-26 10:00:08,324] Epoch: 19, Dataset: test, Dice: 0.6690, IoU: 0.5629
[2026-08-26 10:00:08,946] Epoch: 19, Dataset: val, Dice: 0.5512, IoU: 0.4594
[2026-08-26 10:00:08,946] ### Best Model Saved (Dice improved from 0.4801 to 0.5512) ###
[2026-08-26 10:00:27,837] Epoch: 20, Dataset: test, Dice: 0.7077, IoU: 0.5906
[2026-08-26 10:00:28,438] Epoch: 20, Dataset: val, Dice: 0.6104, IoU: 0.5023
[2026-08-26 10:00:28,438] ### Best Model Saved (Dice improved from 0.5512 to 0.6104) ###
[2026-08-26 10:00:47,242] Epoch: 21, Dataset: test, Dice: 0.6542, IoU: 0.5464
[2026-08-26 10:00:47,850] Epoch: 21, Dataset: val, Dice: 0.6052, IoU: 0.5015
[2026-08-26 10:01:06,723] Epoch: 22, Dataset: test, Dice: 0.6384, IoU: 0.5191
[2026-08-26 10:01:07,337] Epoch: 22, Dataset: val, Dice: 0.6128, IoU: 0.4982
[2026-08-26 10:01:07,338] ### Best Model Saved (Dice improved from 0.6104 to 0.6128) ###
[2026-08-26 10:01:26,261] Epoch: 23, Dataset: test, Dice: 0.7628, IoU: 0.6567
[2026-08-26 10:01:26,861] Epoch: 23, Dataset: val, Dice: 0.6586, IoU: 0.5610
[2026-08-26 10:01:26,862] ### Best Model Saved (Dice improved from 0.6128 to 0.6586) ###
[2026-08-26 10:01:45,767] Epoch: 24, Dataset: test, Dice: 0.6593, IoU: 0.5576
[2026-08-26 10:01:46,373] Epoch: 24, Dataset: val, Dice: 0.5858, IoU: 0.4925
[2026-08-26 10:02:05,227] Epoch: 25, Dataset: test, Dice: 0.7532, IoU: 0.6507
[2026-08-26 10:02:05,824] Epoch: 25, Dataset: val, Dice: 0.6623, IoU: 0.5669
[2026-08-26 10:02:05,824] ### Best Model Saved (Dice improved from 0.6586 to 0.6623) ###
[2026-08-26 10:02:24,758] Epoch: 26, Dataset: test, Dice: 0.7625, IoU: 0.6593
[2026-08-26 10:02:25,370] Epoch: 26, Dataset: val, Dice: 0.6022, IoU: 0.5046
[2026-08-26 10:02:44,174] Epoch: 27, Dataset: test, Dice: 0.6961, IoU: 0.6077
[2026-08-26 10:02:44,792] Epoch: 27, Dataset: val, Dice: 0.6327, IoU: 0.5463
[2026-08-26 10:03:03,667] Epoch: 28, Dataset: test, Dice: 0.7347, IoU: 0.6333
[2026-08-26 10:03:04,288] Epoch: 28, Dataset: val, Dice: 0.6554, IoU: 0.5536
[2026-08-26 10:03:23,143] Epoch: 29, Dataset: test, Dice: 0.6670, IoU: 0.5489
[2026-08-26 10:03:23,768] Epoch: 29, Dataset: val, Dice: 0.5990, IoU: 0.4803
[2026-08-26 10:03:42,735] Epoch: 30, Dataset: test, Dice: 0.7340, IoU: 0.6334
[2026-08-26 10:03:43,341] Epoch: 30, Dataset: val, Dice: 0.6505, IoU: 0.5469
[2026-08-26 10:04:02,160] Epoch: 31, Dataset: test, Dice: 0.7274, IoU: 0.6368
[2026-08-26 10:04:02,769] Epoch: 31, Dataset: val, Dice: 0.7376, IoU: 0.6449
[2026-08-26 10:04:02,769] ### Best Model Saved (Dice improved from 0.6623 to 0.7376) ###
[2026-08-26 10:04:21,678] Epoch: 32, Dataset: test, Dice: 0.8098, IoU: 0.7157
[2026-08-26 10:04:22,301] Epoch: 32, Dataset: val, Dice: 0.6956, IoU: 0.5987
[2026-08-26 10:04:41,197] Epoch: 33, Dataset: test, Dice: 0.7552, IoU: 0.6657
[2026-08-26 10:04:41,827] Epoch: 33, Dataset: val, Dice: 0.7060, IoU: 0.6125
[2026-08-26 10:05:00,737] Epoch: 34, Dataset: test, Dice: 0.6589, IoU: 0.5415
[2026-08-26 10:05:01,347] Epoch: 34, Dataset: val, Dice: 0.6152, IoU: 0.5025
[2026-08-26 10:05:20,221] Epoch: 35, Dataset: test, Dice: 0.7748, IoU: 0.6795
[2026-08-26 10:05:20,855] Epoch: 35, Dataset: val, Dice: 0.7296, IoU: 0.6365
[2026-08-26 10:05:39,746] Epoch: 36, Dataset: test, Dice: 0.7058, IoU: 0.5970
[2026-08-26 10:05:40,374] Epoch: 36, Dataset: val, Dice: 0.6626, IoU: 0.5609
[2026-08-26 10:05:59,250] Epoch: 37, Dataset: test, Dice: 0.7923, IoU: 0.7009
[2026-08-26 10:05:59,872] Epoch: 37, Dataset: val, Dice: 0.7347, IoU: 0.6439
[2026-08-26 10:06:18,738] Epoch: 38, Dataset: test, Dice: 0.7625, IoU: 0.6620
[2026-08-26 10:06:19,353] Epoch: 38, Dataset: val, Dice: 0.7106, IoU: 0.6184
[2026-08-26 10:06:38,199] Epoch: 39, Dataset: test, Dice: 0.7622, IoU: 0.6661
[2026-08-26 10:06:38,819] Epoch: 39, Dataset: val, Dice: 0.7183, IoU: 0.6353
[2026-08-26 10:06:57,728] Epoch: 40, Dataset: test, Dice: 0.8199, IoU: 0.7361
[2026-08-26 10:06:58,326] Epoch: 40, Dataset: val, Dice: 0.7070, IoU: 0.6254
[2026-08-26 10:07:17,166] Epoch: 41, Dataset: test, Dice: 0.7883, IoU: 0.6938
[2026-08-26 10:07:17,773] Epoch: 41, Dataset: val, Dice: 0.7255, IoU: 0.6288
[2026-08-26 10:07:36,633] Epoch: 42, Dataset: test, Dice: 0.8117, IoU: 0.7296
[2026-08-26 10:07:37,245] Epoch: 42, Dataset: val, Dice: 0.7490, IoU: 0.6692
[2026-08-26 10:07:37,245] ### Best Model Saved (Dice improved from 0.7376 to 0.7490) ###
[2026-08-26 10:07:56,181] Epoch: 43, Dataset: test, Dice: 0.7392, IoU: 0.6468
[2026-08-26 10:07:56,819] Epoch: 43, Dataset: val, Dice: 0.7377, IoU: 0.6598
[2026-08-26 10:08:15,733] Epoch: 44, Dataset: test, Dice: 0.7941, IoU: 0.7090
[2026-08-26 10:08:16,369] Epoch: 44, Dataset: val, Dice: 0.7361, IoU: 0.6551
[2026-08-26 10:08:35,290] Epoch: 45, Dataset: test, Dice: 0.7819, IoU: 0.6894
[2026-08-26 10:08:35,931] Epoch: 45, Dataset: val, Dice: 0.7409, IoU: 0.6595
[2026-08-26 10:08:54,826] Epoch: 46, Dataset: test, Dice: 0.7730, IoU: 0.6770
[2026-08-26 10:08:55,460] Epoch: 46, Dataset: val, Dice: 0.7440, IoU: 0.6639
[2026-08-26 10:09:14,336] Epoch: 47, Dataset: test, Dice: 0.7956, IoU: 0.7114
[2026-08-26 10:09:14,941] Epoch: 47, Dataset: val, Dice: 0.7453, IoU: 0.6489
[2026-08-26 10:09:33,839] Epoch: 48, Dataset: test, Dice: 0.8151, IoU: 0.7297
[2026-08-26 10:09:34,455] Epoch: 48, Dataset: val, Dice: 0.7506, IoU: 0.6646
[2026-08-26 10:09:34,455] ### Best Model Saved (Dice improved from 0.7490 to 0.7506) ###
[2026-08-26 10:09:53,401] Epoch: 49, Dataset: test, Dice: 0.8018, IoU: 0.7106
[2026-08-26 10:09:54,037] Epoch: 49, Dataset: val, Dice: 0.7143, IoU: 0.6162
[2026-08-26 10:10:12,878] Epoch: 50, Dataset: test, Dice: 0.8066, IoU: 0.7144
[2026-08-26 10:10:13,477] Epoch: 50, Dataset: val, Dice: 0.7358, IoU: 0.6467
[2026-08-26 10:10:32,372] Epoch: 51, Dataset: test, Dice: 0.8102, IoU: 0.7300
[2026-08-26 10:10:32,979] Epoch: 51, Dataset: val, Dice: 0.7759, IoU: 0.6986
[2026-08-26 10:10:32,979] ### Best Model Saved (Dice improved from 0.7506 to 0.7759) ###
[2026-08-26 10:10:51,881] Epoch: 52, Dataset: test, Dice: 0.8270, IoU: 0.7433
[2026-08-26 10:10:52,509] Epoch: 52, Dataset: val, Dice: 0.7874, IoU: 0.7034
[2026-08-26 10:10:52,510] ### Best Model Saved (Dice improved from 0.7759 to 0.7874) ###
[2026-08-26 10:11:11,430] Epoch: 53, Dataset: test, Dice: 0.8358, IoU: 0.7540
[2026-08-26 10:11:12,044] Epoch: 53, Dataset: val, Dice: 0.7929, IoU: 0.7148
[2026-08-26 10:11:12,044] ### Best Model Saved (Dice improved from 0.7874 to 0.7929) ###
[2026-08-26 10:11:30,992] Epoch: 54, Dataset: test, Dice: 0.8421, IoU: 0.7626
[2026-08-26 10:11:31,600] Epoch: 54, Dataset: val, Dice: 0.7752, IoU: 0.6918
[2026-08-26 10:11:50,524] Epoch: 55, Dataset: test, Dice: 0.8177, IoU: 0.7334
[2026-08-26 10:11:51,136] Epoch: 55, Dataset: val, Dice: 0.7502, IoU: 0.6716
[2026-08-26 10:12:10,071] Epoch: 56, Dataset: test, Dice: 0.8316, IoU: 0.7538
[2026-08-26 10:12:10,689] Epoch: 56, Dataset: val, Dice: 0.7972, IoU: 0.7173
[2026-08-26 10:12:10,689] ### Best Model Saved (Dice improved from 0.7929 to 0.7972) ###
[2026-08-26 10:12:29,663] Epoch: 57, Dataset: test, Dice: 0.7536, IoU: 0.6777
[2026-08-26 10:12:30,292] Epoch: 57, Dataset: val, Dice: 0.7572, IoU: 0.6750
[2026-08-26 10:12:49,189] Epoch: 58, Dataset: test, Dice: 0.7909, IoU: 0.7079
[2026-08-26 10:12:49,788] Epoch: 58, Dataset: val, Dice: 0.7539, IoU: 0.6600
[2026-08-26 10:13:08,668] Epoch: 59, Dataset: test, Dice: 0.8421, IoU: 0.7665
[2026-08-26 10:13:09,287] Epoch: 59, Dataset: val, Dice: 0.7977, IoU: 0.7192
[2026-08-26 10:13:09,288] ### Best Model Saved (Dice improved from 0.7972 to 0.7977) ###
[2026-08-26 10:13:28,263] Epoch: 60, Dataset: test, Dice: 0.8284, IoU: 0.7478
[2026-08-26 10:13:28,873] Epoch: 60, Dataset: val, Dice: 0.7976, IoU: 0.7129
[2026-08-26 10:13:47,750] Epoch: 61, Dataset: test, Dice: 0.8082, IoU: 0.7244
[2026-08-26 10:13:48,359] Epoch: 61, Dataset: val, Dice: 0.7713, IoU: 0.6847
[2026-08-26 10:14:07,216] Epoch: 62, Dataset: test, Dice: 0.8493, IoU: 0.7710
[2026-08-26 10:14:07,853] Epoch: 62, Dataset: val, Dice: 0.7938, IoU: 0.7012
[2026-08-26 10:14:26,750] Epoch: 63, Dataset: test, Dice: 0.8396, IoU: 0.7636
[2026-08-26 10:14:27,358] Epoch: 63, Dataset: val, Dice: 0.8142, IoU: 0.7388
[2026-08-26 10:14:27,358] ### Best Model Saved (Dice improved from 0.7977 to 0.8142) ###
[2026-08-26 10:14:46,284] Epoch: 64, Dataset: test, Dice: 0.8388, IoU: 0.7598
[2026-08-26 10:14:46,889] Epoch: 64, Dataset: val, Dice: 0.8168, IoU: 0.7318
[2026-08-26 10:14:46,890] ### Best Model Saved (Dice improved from 0.8142 to 0.8168) ###
[2026-08-26 10:15:05,777] Epoch: 65, Dataset: test, Dice: 0.8477, IoU: 0.7738
[2026-08-26 10:15:06,396] Epoch: 65, Dataset: val, Dice: 0.8178, IoU: 0.7330
[2026-08-26 10:15:06,397] ### Best Model Saved (Dice improved from 0.8168 to 0.8178) ###
[2026-08-26 10:15:25,325] Epoch: 66, Dataset: test, Dice: 0.7926, IoU: 0.7160
[2026-08-26 10:15:25,936] Epoch: 66, Dataset: val, Dice: 0.7803, IoU: 0.6961
[2026-08-26 10:15:44,870] Epoch: 67, Dataset: test, Dice: 0.8283, IoU: 0.7483
[2026-08-26 10:15:45,478] Epoch: 67, Dataset: val, Dice: 0.8059, IoU: 0.7231
[2026-08-26 10:16:04,384] Epoch: 68, Dataset: test, Dice: 0.8438, IoU: 0.7587
[2026-08-26 10:16:05,000] Epoch: 68, Dataset: val, Dice: 0.7978, IoU: 0.7147
[2026-08-26 10:16:23,895] Epoch: 69, Dataset: test, Dice: 0.8539, IoU: 0.7792
[2026-08-26 10:16:24,521] Epoch: 69, Dataset: val, Dice: 0.8317, IoU: 0.7509
[2026-08-26 10:16:24,521] ### Best Model Saved (Dice improved from 0.8178 to 0.8317) ###
[2026-08-26 10:16:43,468] Epoch: 70, Dataset: test, Dice: 0.8588, IoU: 0.7827
[2026-08-26 10:16:44,083] Epoch: 70, Dataset: val, Dice: 0.8392, IoU: 0.7609
[2026-08-26 10:16:44,083] ### Best Model Saved (Dice improved from 0.8317 to 0.8392) ###
[2026-08-26 10:17:03,016] Epoch: 71, Dataset: test, Dice: 0.8507, IoU: 0.7800
[2026-08-26 10:17:03,629] Epoch: 71, Dataset: val, Dice: 0.8113, IoU: 0.7329
[2026-08-26 10:17:22,555] Epoch: 72, Dataset: test, Dice: 0.7036, IoU: 0.6131
[2026-08-26 10:17:23,151] Epoch: 72, Dataset: val, Dice: 0.6819, IoU: 0.5928
[2026-08-26 10:17:42,075] Epoch: 73, Dataset: test, Dice: 0.8359, IoU: 0.7563
[2026-08-26 10:17:42,711] Epoch: 73, Dataset: val, Dice: 0.8101, IoU: 0.7237
[2026-08-26 10:18:01,474] Epoch: 74, Dataset: test, Dice: 0.8570, IoU: 0.7836
[2026-08-26 10:18:02,096] Epoch: 74, Dataset: val, Dice: 0.8484, IoU: 0.7674
[2026-08-26 10:18:02,096] ### Best Model Saved (Dice improved from 0.8392 to 0.8484) ###
[2026-08-26 10:18:20,993] Epoch: 75, Dataset: test, Dice: 0.8557, IoU: 0.7758
[2026-08-26 10:18:21,609] Epoch: 75, Dataset: val, Dice: 0.8289, IoU: 0.7484
[2026-08-26 10:18:40,437] Epoch: 76, Dataset: test, Dice: 0.8739, IoU: 0.8044
[2026-08-26 10:18:41,040] Epoch: 76, Dataset: val, Dice: 0.8555, IoU: 0.7679
[2026-08-26 10:18:41,041] ### Best Model Saved (Dice improved from 0.8484 to 0.8555) ###
[2026-08-26 10:18:59,985] Epoch: 77, Dataset: test, Dice: 0.8307, IoU: 0.7558
[2026-08-26 10:19:00,585] Epoch: 77, Dataset: val, Dice: 0.8325, IoU: 0.7485
[2026-08-26 10:19:19,517] Epoch: 78, Dataset: test, Dice: 0.8486, IoU: 0.7689
[2026-08-26 10:19:20,141] Epoch: 78, Dataset: val, Dice: 0.8274, IoU: 0.7460
[2026-08-26 10:19:38,993] Epoch: 79, Dataset: test, Dice: 0.8329, IoU: 0.7441
[2026-08-26 10:19:39,609] Epoch: 79, Dataset: val, Dice: 0.7930, IoU: 0.7107
[2026-08-26 10:19:58,442] Epoch: 80, Dataset: test, Dice: 0.8306, IoU: 0.7504
[2026-08-26 10:19:59,042] Epoch: 80, Dataset: val, Dice: 0.8251, IoU: 0.7389
[2026-08-26 10:20:17,932] Epoch: 81, Dataset: test, Dice: 0.8427, IoU: 0.7668
[2026-08-26 10:20:18,547] Epoch: 81, Dataset: val, Dice: 0.8375, IoU: 0.7539
[2026-08-26 10:20:37,401] Epoch: 82, Dataset: test, Dice: 0.8412, IoU: 0.7719
[2026-08-26 10:20:38,004] Epoch: 82, Dataset: val, Dice: 0.8300, IoU: 0.7553
[2026-08-26 10:20:56,890] Epoch: 83, Dataset: test, Dice: 0.8487, IoU: 0.7696
[2026-08-26 10:20:57,508] Epoch: 83, Dataset: val, Dice: 0.8312, IoU: 0.7485
[2026-08-26 10:21:16,354] Epoch: 84, Dataset: test, Dice: 0.8706, IoU: 0.8011
[2026-08-26 10:21:16,950] Epoch: 84, Dataset: val, Dice: 0.8558, IoU: 0.7784
[2026-08-26 10:21:16,950] ### Best Model Saved (Dice improved from 0.8555 to 0.8558) ###
[2026-08-26 10:21:35,863] Epoch: 85, Dataset: test, Dice: 0.8459, IoU: 0.7745
[2026-08-26 10:21:36,483] Epoch: 85, Dataset: val, Dice: 0.8481, IoU: 0.7622
[2026-08-26 10:21:55,327] Epoch: 86, Dataset: test, Dice: 0.8308, IoU: 0.7593
[2026-08-26 10:21:55,934] Epoch: 86, Dataset: val, Dice: 0.8621, IoU: 0.7803
[2026-08-26 10:21:55,935] ### Best Model Saved (Dice improved from 0.8558 to 0.8621) ###
[2026-08-26 10:22:14,829] Epoch: 87, Dataset: test, Dice: 0.8319, IoU: 0.7556
[2026-08-26 10:22:15,418] Epoch: 87, Dataset: val, Dice: 0.8307, IoU: 0.7400
[2026-08-26 10:22:34,340] Epoch: 88, Dataset: test, Dice: 0.8348, IoU: 0.7552
[2026-08-26 10:22:34,959] Epoch: 88, Dataset: val, Dice: 0.8474, IoU: 0.7603
[2026-08-26 10:22:53,774] Epoch: 89, Dataset: test, Dice: 0.8297, IoU: 0.7502
[2026-08-26 10:22:54,388] Epoch: 89, Dataset: val, Dice: 0.8601, IoU: 0.7740
[2026-08-26 10:23:13,249] Epoch: 90, Dataset: test, Dice: 0.8400, IoU: 0.7580
[2026-08-26 10:23:13,845] Epoch: 90, Dataset: val, Dice: 0.8143, IoU: 0.7368
[2026-08-26 10:23:32,722] Epoch: 91, Dataset: test, Dice: 0.8639, IoU: 0.7929
[2026-08-26 10:23:33,333] Epoch: 91, Dataset: val, Dice: 0.8288, IoU: 0.7480
[2026-08-26 10:23:52,214] Epoch: 92, Dataset: test, Dice: 0.8744, IoU: 0.8056
[2026-08-26 10:23:52,811] Epoch: 92, Dataset: val, Dice: 0.8216, IoU: 0.7409
[2026-08-26 10:24:11,707] Epoch: 93, Dataset: test, Dice: 0.8502, IoU: 0.7809
[2026-08-26 10:24:12,334] Epoch: 93, Dataset: val, Dice: 0.8588, IoU: 0.7851
[2026-08-26 10:24:31,203] Epoch: 94, Dataset: test, Dice: 0.8636, IoU: 0.7912
[2026-08-26 10:24:31,824] Epoch: 94, Dataset: val, Dice: 0.8651, IoU: 0.7876
[2026-08-26 10:24:31,824] ### Best Model Saved (Dice improved from 0.8621 to 0.8651) ###
[2026-08-26 10:24:50,768] Epoch: 95, Dataset: test, Dice: 0.8583, IoU: 0.7849
[2026-08-26 10:24:51,404] Epoch: 95, Dataset: val, Dice: 0.8573, IoU: 0.7805
[2026-08-26 10:25:10,328] Epoch: 96, Dataset: test, Dice: 0.8225, IoU: 0.7503
[2026-08-26 10:25:10,926] Epoch: 96, Dataset: val, Dice: 0.8676, IoU: 0.7857
[2026-08-26 10:25:10,926] ### Best Model Saved (Dice improved from 0.8651 to 0.8676) ###
[2026-08-26 10:25:29,823] Epoch: 97, Dataset: test, Dice: 0.8798, IoU: 0.8022
[2026-08-26 10:25:30,425] Epoch: 97, Dataset: val, Dice: 0.8690, IoU: 0.7898
[2026-08-26 10:25:30,425] ### Best Model Saved (Dice improved from 0.8676 to 0.8690) ###
[2026-08-26 10:25:49,302] Epoch: 98, Dataset: test, Dice: 0.8629, IoU: 0.7872
[2026-08-26 10:25:49,903] Epoch: 98, Dataset: val, Dice: 0.8676, IoU: 0.7940
[2026-08-26 10:26:08,783] Epoch: 99, Dataset: test, Dice: 0.8712, IoU: 0.8001
[2026-08-26 10:26:09,394] Epoch: 99, Dataset: val, Dice: 0.8556, IoU: 0.7741
[2026-08-26 10:26:28,300] Epoch: 100, Dataset: test, Dice: 0.8809, IoU: 0.8094
[2026-08-26 10:26:28,917] Epoch: 100, Dataset: val, Dice: 0.8628, IoU: 0.7851
[2026-08-26 10:26:47,763] Epoch: 101, Dataset: test, Dice: 0.8744, IoU: 0.8025
[2026-08-26 10:26:48,378] Epoch: 101, Dataset: val, Dice: 0.8757, IoU: 0.7970
[2026-08-26 10:26:48,379] ### Best Model Saved (Dice improved from 0.8690 to 0.8757) ###
[2026-08-26 10:27:07,352] Epoch: 102, Dataset: test, Dice: 0.8822, IoU: 0.8076
[2026-08-26 10:27:07,957] Epoch: 102, Dataset: val, Dice: 0.8596, IoU: 0.7784
[2026-08-26 10:27:26,872] Epoch: 103, Dataset: test, Dice: 0.8667, IoU: 0.7920
[2026-08-26 10:27:27,481] Epoch: 103, Dataset: val, Dice: 0.8507, IoU: 0.7719
[2026-08-26 10:27:46,366] Epoch: 104, Dataset: test, Dice: 0.8666, IoU: 0.7902
[2026-08-26 10:27:46,998] Epoch: 104, Dataset: val, Dice: 0.8590, IoU: 0.7762
[2026-08-26 10:28:05,876] Epoch: 105, Dataset: test, Dice: 0.8602, IoU: 0.7796
[2026-08-26 10:28:06,506] Epoch: 105, Dataset: val, Dice: 0.8697, IoU: 0.7915
[2026-08-26 10:28:25,361] Epoch: 106, Dataset: test, Dice: 0.8808, IoU: 0.8090
[2026-08-26 10:28:25,956] Epoch: 106, Dataset: val, Dice: 0.8747, IoU: 0.7976
[2026-08-26 10:28:44,845] Epoch: 107, Dataset: test, Dice: 0.8775, IoU: 0.8046
[2026-08-26 10:28:45,449] Epoch: 107, Dataset: val, Dice: 0.8692, IoU: 0.7908
[2026-08-26 10:29:04,314] Epoch: 108, Dataset: test, Dice: 0.8722, IoU: 0.7983
[2026-08-26 10:29:04,930] Epoch: 108, Dataset: val, Dice: 0.8642, IoU: 0.7803
[2026-08-26 10:29:23,809] Epoch: 109, Dataset: test, Dice: 0.8805, IoU: 0.8055
[2026-08-26 10:29:24,428] Epoch: 109, Dataset: val, Dice: 0.8759, IoU: 0.7987
[2026-08-26 10:29:24,428] ### Best Model Saved (Dice improved from 0.8757 to 0.8759) ###
[2026-08-26 10:29:43,321] Epoch: 110, Dataset: test, Dice: 0.8893, IoU: 0.8168
[2026-08-26 10:29:43,930] Epoch: 110, Dataset: val, Dice: 0.8721, IoU: 0.7933
[2026-08-26 10:30:02,822] Epoch: 111, Dataset: test, Dice: 0.9029, IoU: 0.8357
[2026-08-26 10:30:03,461] Epoch: 111, Dataset: val, Dice: 0.8796, IoU: 0.8004
[2026-08-26 10:30:03,462] ### Best Model Saved (Dice improved from 0.8759 to 0.8796) ###
[2026-08-26 10:30:22,395] Epoch: 112, Dataset: test, Dice: 0.8782, IoU: 0.8079
[2026-08-26 10:30:23,004] Epoch: 112, Dataset: val, Dice: 0.8716, IoU: 0.7908
[2026-08-26 10:30:41,911] Epoch: 113, Dataset: test, Dice: 0.8347, IoU: 0.7625
[2026-08-26 10:30:42,587] Epoch: 113, Dataset: val, Dice: 0.8682, IoU: 0.7892
[2026-08-26 10:31:01,508] Epoch: 114, Dataset: test, Dice: 0.8570, IoU: 0.7901
[2026-08-26 10:31:02,144] Epoch: 114, Dataset: val, Dice: 0.8530, IoU: 0.7702
[2026-08-26 10:31:20,966] Epoch: 115, Dataset: test, Dice: 0.8800, IoU: 0.8094
[2026-08-26 10:31:21,593] Epoch: 115, Dataset: val, Dice: 0.8763, IoU: 0.7955
[2026-08-26 10:31:40,603] Epoch: 116, Dataset: test, Dice: 0.8671, IoU: 0.7928
[2026-08-26 10:31:41,229] Epoch: 116, Dataset: val, Dice: 0.8818, IoU: 0.8027
[2026-08-26 10:31:41,229] ### Best Model Saved (Dice improved from 0.8796 to 0.8818) ###
[2026-08-26 10:32:00,219] Epoch: 117, Dataset: test, Dice: 0.8694, IoU: 0.8024
[2026-08-26 10:32:00,843] Epoch: 117, Dataset: val, Dice: 0.8709, IoU: 0.7943
[2026-08-26 10:32:19,709] Epoch: 118, Dataset: test, Dice: 0.8878, IoU: 0.8209
[2026-08-26 10:32:20,318] Epoch: 118, Dataset: val, Dice: 0.8620, IoU: 0.7824
[2026-08-26 10:32:39,106] Epoch: 119, Dataset: test, Dice: 0.8663, IoU: 0.7939
[2026-08-26 10:32:39,721] Epoch: 119, Dataset: val, Dice: 0.8718, IoU: 0.7938
[2026-08-26 10:32:58,571] Epoch: 120, Dataset: test, Dice: 0.8890, IoU: 0.8190
[2026-08-26 10:32:59,171] Epoch: 120, Dataset: val, Dice: 0.8788, IoU: 0.8010
[2026-08-26 10:33:18,040] Epoch: 121, Dataset: test, Dice: 0.8980, IoU: 0.8345
[2026-08-26 10:33:18,652] Epoch: 121, Dataset: val, Dice: 0.8761, IoU: 0.7999
[2026-08-26 10:33:37,508] Epoch: 122, Dataset: test, Dice: 0.8736, IoU: 0.8041
[2026-08-26 10:33:38,119] Epoch: 122, Dataset: val, Dice: 0.8798, IoU: 0.8027
[2026-08-26 10:33:56,985] Epoch: 123, Dataset: test, Dice: 0.8905, IoU: 0.8233
[2026-08-26 10:33:57,591] Epoch: 123, Dataset: val, Dice: 0.8760, IoU: 0.7978
[2026-08-26 10:34:16,381] Epoch: 124, Dataset: test, Dice: 0.8865, IoU: 0.8200
[2026-08-26 10:34:16,983] Epoch: 124, Dataset: val, Dice: 0.8738, IoU: 0.7997
[2026-08-26 10:34:35,846] Epoch: 125, Dataset: test, Dice: 0.9041, IoU: 0.8401
[2026-08-26 10:34:36,456] Epoch: 125, Dataset: val, Dice: 0.8674, IoU: 0.7902
[2026-08-26 10:34:55,335] Epoch: 126, Dataset: test, Dice: 0.8889, IoU: 0.8217
[2026-08-26 10:34:55,933] Epoch: 126, Dataset: val, Dice: 0.8621, IoU: 0.7840
[2026-08-26 10:35:14,795] Epoch: 127, Dataset: test, Dice: 0.8854, IoU: 0.8196
[2026-08-26 10:35:15,407] Epoch: 127, Dataset: val, Dice: 0.8723, IoU: 0.7958
[2026-08-26 10:35:34,260] Epoch: 128, Dataset: test, Dice: 0.8936, IoU: 0.8283
[2026-08-26 10:35:34,868] Epoch: 128, Dataset: val, Dice: 0.8592, IoU: 0.7794
[2026-08-26 10:35:53,777] Epoch: 129, Dataset: test, Dice: 0.8843, IoU: 0.8157
[2026-08-26 10:35:54,398] Epoch: 129, Dataset: val, Dice: 0.8721, IoU: 0.7933
[2026-08-26 10:36:13,293] Epoch: 130, Dataset: test, Dice: 0.8709, IoU: 0.8021
[2026-08-26 10:36:13,913] Epoch: 130, Dataset: val, Dice: 0.8710, IoU: 0.7931
[2026-08-26 10:36:32,756] Epoch: 131, Dataset: test, Dice: 0.9013, IoU: 0.8370
[2026-08-26 10:36:33,365] Epoch: 131, Dataset: val, Dice: 0.8676, IoU: 0.7864
[2026-08-26 10:36:52,238] Epoch: 132, Dataset: test, Dice: 0.8949, IoU: 0.8320
[2026-08-26 10:36:52,844] Epoch: 132, Dataset: val, Dice: 0.8729, IoU: 0.7968
[2026-08-26 10:37:11,712] Epoch: 133, Dataset: test, Dice: 0.8721, IoU: 0.8022
[2026-08-26 10:37:12,353] Epoch: 133, Dataset: val, Dice: 0.8712, IoU: 0.7941
[2026-08-26 10:37:31,206] Epoch: 134, Dataset: test, Dice: 0.8773, IoU: 0.8090
[2026-08-26 10:37:31,828] Epoch: 134, Dataset: val, Dice: 0.8782, IoU: 0.8025
[2026-08-26 10:37:50,705] Epoch: 135, Dataset: test, Dice: 0.8857, IoU: 0.8183
[2026-08-26 10:37:51,316] Epoch: 135, Dataset: val, Dice: 0.8722, IoU: 0.7969
[2026-08-26 10:38:10,143] Epoch: 136, Dataset: test, Dice: 0.8669, IoU: 0.7994
[2026-08-26 10:38:10,752] Epoch: 136, Dataset: val, Dice: 0.8748, IoU: 0.8017
[2026-08-26 10:38:29,607] Epoch: 137, Dataset: test, Dice: 0.8897, IoU: 0.8211
[2026-08-26 10:38:30,219] Epoch: 137, Dataset: val, Dice: 0.8723, IoU: 0.7962
[2026-08-26 10:38:49,039] Epoch: 138, Dataset: test, Dice: 0.8835, IoU: 0.8158
[2026-08-26 10:38:49,647] Epoch: 138, Dataset: val, Dice: 0.8684, IoU: 0.7924
[2026-08-26 10:39:08,501] Epoch: 139, Dataset: test, Dice: 0.8919, IoU: 0.8273
[2026-08-26 10:39:09,109] Epoch: 139, Dataset: val, Dice: 0.8736, IoU: 0.7995
[2026-08-26 10:39:27,983] Epoch: 140, Dataset: test, Dice: 0.8870, IoU: 0.8170
[2026-08-26 10:39:28,594] Epoch: 140, Dataset: val, Dice: 0.8731, IoU: 0.7963
[2026-08-26 10:39:47,457] Epoch: 141, Dataset: test, Dice: 0.8712, IoU: 0.8021
[2026-08-26 10:39:48,051] Epoch: 141, Dataset: val, Dice: 0.8734, IoU: 0.7992
[2026-08-26 10:40:06,894] Epoch: 142, Dataset: test, Dice: 0.8764, IoU: 0.8064
[2026-08-26 10:40:07,500] Epoch: 142, Dataset: val, Dice: 0.8667, IoU: 0.7900
[2026-08-26 10:40:26,350] Epoch: 143, Dataset: test, Dice: 0.8803, IoU: 0.8131
[2026-08-26 10:40:26,953] Epoch: 143, Dataset: val, Dice: 0.8732, IoU: 0.7983
[2026-08-26 10:40:45,880] Epoch: 144, Dataset: test, Dice: 0.8680, IoU: 0.7958
[2026-08-26 10:40:46,483] Epoch: 144, Dataset: val, Dice: 0.8661, IoU: 0.7882
[2026-08-26 10:41:05,290] Epoch: 145, Dataset: test, Dice: 0.8814, IoU: 0.8163
[2026-08-26 10:41:05,920] Epoch: 145, Dataset: val, Dice: 0.8664, IoU: 0.7911
[2026-08-26 10:41:24,793] Epoch: 146, Dataset: test, Dice: 0.8922, IoU: 0.8232
[2026-08-26 10:41:25,407] Epoch: 146, Dataset: val, Dice: 0.8713, IoU: 0.7944
[2026-08-26 10:41:44,274] Epoch: 147, Dataset: test, Dice: 0.8810, IoU: 0.8113
[2026-08-26 10:41:44,884] Epoch: 147, Dataset: val, Dice: 0.8657, IoU: 0.7895
[2026-08-26 10:42:03,741] Epoch: 148, Dataset: test, Dice: 0.8590, IoU: 0.7897
[2026-08-26 10:42:04,335] Epoch: 148, Dataset: val, Dice: 0.8744, IoU: 0.8020
[2026-08-26 10:42:23,217] Epoch: 149, Dataset: test, Dice: 0.8815, IoU: 0.8140
[2026-08-26 10:42:23,813] Epoch: 149, Dataset: val, Dice: 0.8754, IoU: 0.7994
[2026-08-26 10:42:42,712] Epoch: 150, Dataset: test, Dice: 0.8701, IoU: 0.8003
[2026-08-26 10:42:43,322] Epoch: 150, Dataset: val, Dice: 0.8721, IoU: 0.7958
[2026-08-26 10:43:02,229] Epoch: 151, Dataset: test, Dice: 0.8835, IoU: 0.8153
[2026-08-26 10:43:02,828] Epoch: 151, Dataset: val, Dice: 0.8776, IoU: 0.8004
[2026-08-26 10:43:21,695] Epoch: 152, Dataset: test, Dice: 0.8837, IoU: 0.8170
[2026-08-26 10:43:22,313] Epoch: 152, Dataset: val, Dice: 0.8753, IoU: 0.7992
[2026-08-26 10:43:41,217] Epoch: 153, Dataset: test, Dice: 0.8715, IoU: 0.8026
[2026-08-26 10:43:41,829] Epoch: 153, Dataset: val, Dice: 0.8754, IoU: 0.7973
[2026-08-26 10:44:00,784] Epoch: 154, Dataset: test, Dice: 0.8921, IoU: 0.8224
[2026-08-26 10:44:01,381] Epoch: 154, Dataset: val, Dice: 0.8741, IoU: 0.7982
[2026-08-26 10:44:20,269] Epoch: 155, Dataset: test, Dice: 0.8621, IoU: 0.7915
[2026-08-26 10:44:20,888] Epoch: 155, Dataset: val, Dice: 0.8687, IoU: 0.7923
[2026-08-26 10:44:39,789] Epoch: 156, Dataset: test, Dice: 0.8612, IoU: 0.7913
[2026-08-26 10:44:40,417] Epoch: 156, Dataset: val, Dice: 0.8676, IoU: 0.7895
[2026-08-26 10:44:59,293] Epoch: 157, Dataset: test, Dice: 0.8787, IoU: 0.8102
[2026-08-26 10:44:59,910] Epoch: 157, Dataset: val, Dice: 0.8691, IoU: 0.7920
[2026-08-26 10:45:18,806] Epoch: 158, Dataset: test, Dice: 0.8742, IoU: 0.8082
[2026-08-26 10:45:19,406] Epoch: 158, Dataset: val, Dice: 0.8703, IoU: 0.7950
[2026-08-26 10:45:38,242] Epoch: 159, Dataset: test, Dice: 0.8713, IoU: 0.8053
[2026-08-26 10:45:38,863] Epoch: 159, Dataset: val, Dice: 0.8750, IoU: 0.7986
[2026-08-26 10:45:57,744] Epoch: 160, Dataset: test, Dice: 0.8750, IoU: 0.8087
[2026-08-26 10:45:58,357] Epoch: 160, Dataset: val, Dice: 0.8693, IoU: 0.7920
[2026-08-26 10:46:17,207] Epoch: 161, Dataset: test, Dice: 0.8677, IoU: 0.7999
[2026-08-26 10:46:17,810] Epoch: 161, Dataset: val, Dice: 0.8715, IoU: 0.7929
[2026-08-26 10:46:36,691] Epoch: 162, Dataset: test, Dice: 0.8585, IoU: 0.7933
[2026-08-26 10:46:37,307] Epoch: 162, Dataset: val, Dice: 0.8676, IoU: 0.7905
[2026-08-26 10:46:56,188] Epoch: 163, Dataset: test, Dice: 0.8687, IoU: 0.8035
[2026-08-26 10:46:56,793] Epoch: 163, Dataset: val, Dice: 0.8705, IoU: 0.7935
[2026-08-26 10:47:15,677] Epoch: 164, Dataset: test, Dice: 0.8734, IoU: 0.8089
[2026-08-26 10:47:16,297] Epoch: 164, Dataset: val, Dice: 0.8709, IoU: 0.7948
[2026-08-26 10:47:35,200] Epoch: 165, Dataset: test, Dice: 0.8784, IoU: 0.8114
[2026-08-26 10:47:35,818] Epoch: 165, Dataset: val, Dice: 0.8680, IoU: 0.7921
[2026-08-26 10:47:54,658] Epoch: 166, Dataset: test, Dice: 0.8690, IoU: 0.8018
[2026-08-26 10:47:55,272] Epoch: 166, Dataset: val, Dice: 0.8678, IoU: 0.7897
[2026-08-26 10:48:14,097] Epoch: 167, Dataset: test, Dice: 0.8653, IoU: 0.7992
[2026-08-26 10:48:14,703] Epoch: 167, Dataset: val, Dice: 0.8665, IoU: 0.7892
[2026-08-26 10:48:33,593] Epoch: 168, Dataset: test, Dice: 0.8771, IoU: 0.8108
[2026-08-26 10:48:34,209] Epoch: 168, Dataset: val, Dice: 0.8678, IoU: 0.7917
[2026-08-26 10:48:53,080] Epoch: 169, Dataset: test, Dice: 0.8682, IoU: 0.7998
[2026-08-26 10:48:53,705] Epoch: 169, Dataset: val, Dice: 0.8688, IoU: 0.7931
[2026-08-26 10:49:12,585] Epoch: 170, Dataset: test, Dice: 0.8751, IoU: 0.8088
[2026-08-26 10:49:13,180] Epoch: 170, Dataset: val, Dice: 0.8723, IoU: 0.7997
[2026-08-26 10:49:32,055] Epoch: 171, Dataset: test, Dice: 0.8638, IoU: 0.7977
[2026-08-26 10:49:32,688] Epoch: 171, Dataset: val, Dice: 0.8701, IoU: 0.7948
[2026-08-26 10:49:51,581] Epoch: 172, Dataset: test, Dice: 0.8778, IoU: 0.8102
[2026-08-26 10:49:52,193] Epoch: 172, Dataset: val, Dice: 0.8695, IoU: 0.7944
[2026-08-26 10:50:11,008] Epoch: 173, Dataset: test, Dice: 0.8657, IoU: 0.7962
[2026-08-26 10:50:11,627] Epoch: 173, Dataset: val, Dice: 0.8705, IoU: 0.7939
[2026-08-26 10:50:30,492] Epoch: 174, Dataset: test, Dice: 0.8773, IoU: 0.8116
[2026-08-26 10:50:31,098] Epoch: 174, Dataset: val, Dice: 0.8724, IoU: 0.7980
[2026-08-26 10:50:50,010] Epoch: 175, Dataset: test, Dice: 0.8791, IoU: 0.8110
[2026-08-26 10:50:50,621] Epoch: 175, Dataset: val, Dice: 0.8691, IoU: 0.7942
[2026-08-26 10:51:09,481] Epoch: 176, Dataset: test, Dice: 0.8643, IoU: 0.7956
[2026-08-26 10:51:10,108] Epoch: 176, Dataset: val, Dice: 0.8694, IoU: 0.7940
[2026-08-26 10:51:28,979] Epoch: 177, Dataset: test, Dice: 0.8638, IoU: 0.7982
[2026-08-26 10:51:29,595] Epoch: 177, Dataset: val, Dice: 0.8708, IoU: 0.7963
[2026-08-26 10:51:48,483] Epoch: 178, Dataset: test, Dice: 0.8705, IoU: 0.8039
[2026-08-26 10:51:49,107] Epoch: 178, Dataset: val, Dice: 0.8693, IoU: 0.7946
[2026-08-26 10:52:07,986] Epoch: 179, Dataset: test, Dice: 0.8668, IoU: 0.8013
[2026-08-26 10:52:08,596] Epoch: 179, Dataset: val, Dice: 0.8738, IoU: 0.8005
[2026-08-26 10:52:27,475] Epoch: 180, Dataset: test, Dice: 0.8652, IoU: 0.7977
[2026-08-26 10:52:28,086] Epoch: 180, Dataset: val, Dice: 0.8694, IoU: 0.7934
[2026-08-26 10:52:46,967] Epoch: 181, Dataset: test, Dice: 0.8670, IoU: 0.7998
[2026-08-26 10:52:47,583] Epoch: 181, Dataset: val, Dice: 0.8706, IoU: 0.7959
[2026-08-26 10:53:06,512] Epoch: 182, Dataset: test, Dice: 0.8767, IoU: 0.8091
[2026-08-26 10:53:07,121] Epoch: 182, Dataset: val, Dice: 0.8702, IoU: 0.7951
[2026-08-26 10:53:25,954] Epoch: 183, Dataset: test, Dice: 0.8678, IoU: 0.8010
[2026-08-26 10:53:26,588] Epoch: 183, Dataset: val, Dice: 0.8712, IoU: 0.7967
[2026-08-26 10:53:45,501] Epoch: 184, Dataset: test, Dice: 0.8697, IoU: 0.8007
[2026-08-26 10:53:46,119] Epoch: 184, Dataset: val, Dice: 0.8658, IoU: 0.7899
[2026-08-26 10:54:05,018] Epoch: 185, Dataset: test, Dice: 0.8742, IoU: 0.8065
[2026-08-26 10:54:05,624] Epoch: 185, Dataset: val, Dice: 0.8697, IoU: 0.7932
[2026-08-26 10:54:24,486] Epoch: 186, Dataset: test, Dice: 0.8695, IoU: 0.8016
[2026-08-26 10:54:25,096] Epoch: 186, Dataset: val, Dice: 0.8707, IoU: 0.7962
[2026-08-26 10:54:43,963] Epoch: 187, Dataset: test, Dice: 0.8666, IoU: 0.7995
[2026-08-26 10:54:44,575] Epoch: 187, Dataset: val, Dice: 0.8726, IoU: 0.7978
[2026-08-26 10:55:03,467] Epoch: 188, Dataset: test, Dice: 0.8669, IoU: 0.7988
[2026-08-26 10:55:04,106] Epoch: 188, Dataset: val, Dice: 0.8676, IoU: 0.7921
[2026-08-26 10:55:23,005] Epoch: 189, Dataset: test, Dice: 0.8705, IoU: 0.8041
[2026-08-26 10:55:23,616] Epoch: 189, Dataset: val, Dice: 0.8738, IoU: 0.7995
[2026-08-26 10:55:42,507] Epoch: 190, Dataset: test, Dice: 0.8647, IoU: 0.7972
[2026-08-26 10:55:43,121] Epoch: 190, Dataset: val, Dice: 0.8747, IoU: 0.8012
[2026-08-26 10:56:02,017] Epoch: 191, Dataset: test, Dice: 0.8697, IoU: 0.8012
[2026-08-26 10:56:02,662] Epoch: 191, Dataset: val, Dice: 0.8702, IoU: 0.7956
[2026-08-26 10:56:21,550] Epoch: 192, Dataset: test, Dice: 0.8722, IoU: 0.8032
[2026-08-26 10:56:22,172] Epoch: 192, Dataset: val, Dice: 0.8711, IoU: 0.7968
[2026-08-26 10:56:41,081] Epoch: 193, Dataset: test, Dice: 0.8759, IoU: 0.8082
[2026-08-26 10:56:41,718] Epoch: 193, Dataset: val, Dice: 0.8691, IoU: 0.7931
[2026-08-26 10:57:00,674] Epoch: 194, Dataset: test, Dice: 0.8714, IoU: 0.8056
[2026-08-26 10:57:01,298] Epoch: 194, Dataset: val, Dice: 0.8728, IoU: 0.7972
[2026-08-26 10:57:20,159] Epoch: 195, Dataset: test, Dice: 0.8677, IoU: 0.7997
[2026-08-26 10:57:20,783] Epoch: 195, Dataset: val, Dice: 0.8698, IoU: 0.7952
[2026-08-26 10:57:39,692] Epoch: 196, Dataset: test, Dice: 0.8703, IoU: 0.8037
[2026-08-26 10:57:40,303] Epoch: 196, Dataset: val, Dice: 0.8745, IoU: 0.8012
[2026-08-26 10:57:59,161] Epoch: 197, Dataset: test, Dice: 0.8782, IoU: 0.8098
[2026-08-26 10:57:59,779] Epoch: 197, Dataset: val, Dice: 0.8704, IoU: 0.7951
[2026-08-26 10:58:18,634] Epoch: 198, Dataset: test, Dice: 0.8770, IoU: 0.8092
[2026-08-26 10:58:19,240] Epoch: 198, Dataset: val, Dice: 0.8723, IoU: 0.7980
[2026-08-26 10:58:38,076] Epoch: 199, Dataset: test, Dice: 0.8709, IoU: 0.8018
[2026-08-26 10:58:38,681] Epoch: 199, Dataset: val, Dice: 0.8711, IoU: 0.7960
[2026-08-26 10:58:57,538] Epoch: 200, Dataset: test, Dice: 0.8738, IoU: 0.8055
[2026-08-26 10:58:58,147] Epoch: 200, Dataset: val, Dice: 0.8738, IoU: 0.7995
[2026-08-26 10:58:58,149] 
========================================
FINAL RESULTS: ClinicDB_MK_UNet_bs8_lr0.0005_e200_augTrue_run5_t095357
Best Val Dice: 0.8818
Test Dice at Best Val: 0.8671
Total Train Time: 3645.46s
========================================
