[2026-08-26 06:38:56,961] flops: 0.619251354, params: 0.315566, Total params: : 0.3156
[2026-08-26 06:39:15,889] Epoch: 1, Dataset: test, Dice: 0.1961, IoU: 0.1210
[2026-08-26 06:39:16,493] Epoch: 1, Dataset: val, Dice: 0.1737, IoU: 0.1106
[2026-08-26 06:39:16,493] ### Best Model Saved (Dice improved from 0.0000 to 0.1737) ###
[2026-08-26 06:39:35,426] Epoch: 2, Dataset: test, Dice: 0.2544, IoU: 0.1605
[2026-08-26 06:39:36,040] Epoch: 2, Dataset: val, Dice: 0.2325, IoU: 0.1522
[2026-08-26 06:39:36,040] ### Best Model Saved (Dice improved from 0.1737 to 0.2325) ###
[2026-08-26 06:39:54,907] Epoch: 3, Dataset: test, Dice: 0.2423, IoU: 0.1666
[2026-08-26 06:39:55,509] Epoch: 3, Dataset: val, Dice: 0.1981, IoU: 0.1268
[2026-08-26 06:40:14,368] Epoch: 4, Dataset: test, Dice: 0.3250, IoU: 0.2194
[2026-08-26 06:40:14,989] Epoch: 4, Dataset: val, Dice: 0.2607, IoU: 0.1672
[2026-08-26 06:40:14,989] ### Best Model Saved (Dice improved from 0.2325 to 0.2607) ###
[2026-08-26 06:40:33,873] Epoch: 5, Dataset: test, Dice: 0.2146, IoU: 0.1320
[2026-08-26 06:40:34,475] Epoch: 5, Dataset: val, Dice: 0.2059, IoU: 0.1316
[2026-08-26 06:40:53,352] Epoch: 6, Dataset: test, Dice: 0.3073, IoU: 0.2048
[2026-08-26 06:40:53,958] Epoch: 6, Dataset: val, Dice: 0.2737, IoU: 0.1746
[2026-08-26 06:40:53,959] ### Best Model Saved (Dice improved from 0.2607 to 0.2737) ###
[2026-08-26 06:41:12,877] Epoch: 7, Dataset: test, Dice: 0.3511, IoU: 0.2446
[2026-08-26 06:41:13,496] Epoch: 7, Dataset: val, Dice: 0.3165, IoU: 0.2163
[2026-08-26 06:41:13,497] ### Best Model Saved (Dice improved from 0.2737 to 0.3165) ###
[2026-08-26 06:41:32,387] Epoch: 8, Dataset: test, Dice: 0.3393, IoU: 0.2358
[2026-08-26 06:41:32,976] Epoch: 8, Dataset: val, Dice: 0.3232, IoU: 0.2142
[2026-08-26 06:41:32,977] ### Best Model Saved (Dice improved from 0.3165 to 0.3232) ###
[2026-08-26 06:41:51,892] Epoch: 9, Dataset: test, Dice: 0.4134, IoU: 0.3038
[2026-08-26 06:41:52,554] Epoch: 9, Dataset: val, Dice: 0.3578, IoU: 0.2541
[2026-08-26 06:41:52,555] ### Best Model Saved (Dice improved from 0.3232 to 0.3578) ###
[2026-08-26 06:42:11,455] Epoch: 10, Dataset: test, Dice: 0.4624, IoU: 0.3479
[2026-08-26 06:42:12,076] Epoch: 10, Dataset: val, Dice: 0.3774, IoU: 0.2706
[2026-08-26 06:42:12,077] ### Best Model Saved (Dice improved from 0.3578 to 0.3774) ###
[2026-08-26 06:42:30,986] Epoch: 11, Dataset: test, Dice: 0.3959, IoU: 0.2887
[2026-08-26 06:42:31,604] Epoch: 11, Dataset: val, Dice: 0.3205, IoU: 0.2329
[2026-08-26 06:42:50,524] Epoch: 12, Dataset: test, Dice: 0.3633, IoU: 0.2601
[2026-08-26 06:42:51,138] Epoch: 12, Dataset: val, Dice: 0.3507, IoU: 0.2500
[2026-08-26 06:43:09,966] Epoch: 13, Dataset: test, Dice: 0.5273, IoU: 0.3976
[2026-08-26 06:43:10,563] Epoch: 13, Dataset: val, Dice: 0.4117, IoU: 0.3011
[2026-08-26 06:43:10,563] ### Best Model Saved (Dice improved from 0.3774 to 0.4117) ###
[2026-08-26 06:43:29,452] Epoch: 14, Dataset: test, Dice: 0.4430, IoU: 0.3563
[2026-08-26 06:43:30,063] Epoch: 14, Dataset: val, Dice: 0.4337, IoU: 0.3257
[2026-08-26 06:43:30,063] ### Best Model Saved (Dice improved from 0.4117 to 0.4337) ###
[2026-08-26 06:43:48,975] Epoch: 15, Dataset: test, Dice: 0.4426, IoU: 0.3469
[2026-08-26 06:43:49,586] Epoch: 15, Dataset: val, Dice: 0.3768, IoU: 0.2786
[2026-08-26 06:44:08,456] Epoch: 16, Dataset: test, Dice: 0.5378, IoU: 0.4313
[2026-08-26 06:44:09,046] Epoch: 16, Dataset: val, Dice: 0.4456, IoU: 0.3338
[2026-08-26 06:44:09,046] ### Best Model Saved (Dice improved from 0.4337 to 0.4456) ###
[2026-08-26 06:44:27,893] Epoch: 17, Dataset: test, Dice: 0.5119, IoU: 0.3976
[2026-08-26 06:44:28,500] Epoch: 17, Dataset: val, Dice: 0.4872, IoU: 0.3722
[2026-08-26 06:44:28,501] ### Best Model Saved (Dice improved from 0.4456 to 0.4872) ###
[2026-08-26 06:44:47,408] Epoch: 18, Dataset: test, Dice: 0.5750, IoU: 0.4738
[2026-08-26 06:44:48,006] Epoch: 18, Dataset: val, Dice: 0.5162, IoU: 0.4102
[2026-08-26 06:44:48,006] ### Best Model Saved (Dice improved from 0.4872 to 0.5162) ###
[2026-08-26 06:45:06,925] Epoch: 19, Dataset: test, Dice: 0.5489, IoU: 0.4383
[2026-08-26 06:45:07,519] Epoch: 19, Dataset: val, Dice: 0.4811, IoU: 0.3863
[2026-08-26 06:45:26,419] Epoch: 20, Dataset: test, Dice: 0.5660, IoU: 0.4689
[2026-08-26 06:45:27,017] Epoch: 20, Dataset: val, Dice: 0.4664, IoU: 0.3697
[2026-08-26 06:45:45,855] Epoch: 21, Dataset: test, Dice: 0.6110, IoU: 0.5031
[2026-08-26 06:45:46,456] Epoch: 21, Dataset: val, Dice: 0.4700, IoU: 0.3744
[2026-08-26 06:46:05,299] Epoch: 22, Dataset: test, Dice: 0.6123, IoU: 0.5152
[2026-08-26 06:46:05,903] Epoch: 22, Dataset: val, Dice: 0.5308, IoU: 0.4361
[2026-08-26 06:46:05,903] ### Best Model Saved (Dice improved from 0.5162 to 0.5308) ###
[2026-08-26 06:46:24,868] Epoch: 23, Dataset: test, Dice: 0.6094, IoU: 0.4967
[2026-08-26 06:46:25,469] Epoch: 23, Dataset: val, Dice: 0.5942, IoU: 0.4766
[2026-08-26 06:46:25,470] ### Best Model Saved (Dice improved from 0.5308 to 0.5942) ###
[2026-08-26 06:46:44,366] Epoch: 24, Dataset: test, Dice: 0.6383, IoU: 0.5332
[2026-08-26 06:46:44,977] Epoch: 24, Dataset: val, Dice: 0.5266, IoU: 0.4257
[2026-08-26 06:47:03,883] Epoch: 25, Dataset: test, Dice: 0.6915, IoU: 0.5909
[2026-08-26 06:47:04,501] Epoch: 25, Dataset: val, Dice: 0.5757, IoU: 0.4830
[2026-08-26 06:47:23,382] Epoch: 26, Dataset: test, Dice: 0.6556, IoU: 0.5547
[2026-08-26 06:47:23,988] Epoch: 26, Dataset: val, Dice: 0.5840, IoU: 0.4804
[2026-08-26 06:47:42,838] Epoch: 27, Dataset: test, Dice: 0.6574, IoU: 0.5400
[2026-08-26 06:47:43,438] Epoch: 27, Dataset: val, Dice: 0.5968, IoU: 0.4818
[2026-08-26 06:47:43,438] ### Best Model Saved (Dice improved from 0.5942 to 0.5968) ###
[2026-08-26 06:48:02,352] Epoch: 28, Dataset: test, Dice: 0.6494, IoU: 0.5558
[2026-08-26 06:48:02,972] Epoch: 28, Dataset: val, Dice: 0.6287, IoU: 0.5319
[2026-08-26 06:48:02,972] ### Best Model Saved (Dice improved from 0.5968 to 0.6287) ###
[2026-08-26 06:48:21,837] Epoch: 29, Dataset: test, Dice: 0.6733, IoU: 0.5801
[2026-08-26 06:48:22,472] Epoch: 29, Dataset: val, Dice: 0.5933, IoU: 0.4969
[2026-08-26 06:48:41,351] Epoch: 30, Dataset: test, Dice: 0.6102, IoU: 0.5019
[2026-08-26 06:48:41,987] Epoch: 30, Dataset: val, Dice: 0.5458, IoU: 0.4481
[2026-08-26 06:49:00,916] Epoch: 31, Dataset: test, Dice: 0.7013, IoU: 0.6055
[2026-08-26 06:49:01,541] Epoch: 31, Dataset: val, Dice: 0.6339, IoU: 0.5487
[2026-08-26 06:49:01,541] ### Best Model Saved (Dice improved from 0.6287 to 0.6339) ###
[2026-08-26 06:49:20,422] Epoch: 32, Dataset: test, Dice: 0.7211, IoU: 0.6252
[2026-08-26 06:49:21,034] Epoch: 32, Dataset: val, Dice: 0.6931, IoU: 0.6066
[2026-08-26 06:49:21,034] ### Best Model Saved (Dice improved from 0.6339 to 0.6931) ###
[2026-08-26 06:49:39,925] Epoch: 33, Dataset: test, Dice: 0.7459, IoU: 0.6371
[2026-08-26 06:49:40,533] Epoch: 33, Dataset: val, Dice: 0.7050, IoU: 0.6090
[2026-08-26 06:49:40,533] ### Best Model Saved (Dice improved from 0.6931 to 0.7050) ###
[2026-08-26 06:49:59,474] Epoch: 34, Dataset: test, Dice: 0.7275, IoU: 0.6390
[2026-08-26 06:50:00,080] Epoch: 34, Dataset: val, Dice: 0.6640, IoU: 0.5542
[2026-08-26 06:50:18,977] Epoch: 35, Dataset: test, Dice: 0.7129, IoU: 0.6221
[2026-08-26 06:50:19,585] Epoch: 35, Dataset: val, Dice: 0.6663, IoU: 0.5700
[2026-08-26 06:50:38,478] Epoch: 36, Dataset: test, Dice: 0.7547, IoU: 0.6592
[2026-08-26 06:50:39,099] Epoch: 36, Dataset: val, Dice: 0.7253, IoU: 0.6259
[2026-08-26 06:50:39,099] ### Best Model Saved (Dice improved from 0.7050 to 0.7253) ###
[2026-08-26 06:50:58,067] Epoch: 37, Dataset: test, Dice: 0.7583, IoU: 0.6615
[2026-08-26 06:50:58,664] Epoch: 37, Dataset: val, Dice: 0.7117, IoU: 0.6036
[2026-08-26 06:51:17,504] Epoch: 38, Dataset: test, Dice: 0.7384, IoU: 0.6505
[2026-08-26 06:51:18,109] Epoch: 38, Dataset: val, Dice: 0.7272, IoU: 0.6436
[2026-08-26 06:51:18,109] ### Best Model Saved (Dice improved from 0.7253 to 0.7272) ###
[2026-08-26 06:51:37,001] Epoch: 39, Dataset: test, Dice: 0.7469, IoU: 0.6491
[2026-08-26 06:51:37,595] Epoch: 39, Dataset: val, Dice: 0.7335, IoU: 0.6375
[2026-08-26 06:51:37,595] ### Best Model Saved (Dice improved from 0.7272 to 0.7335) ###
[2026-08-26 06:51:56,524] Epoch: 40, Dataset: test, Dice: 0.7511, IoU: 0.6696
[2026-08-26 06:51:57,141] Epoch: 40, Dataset: val, Dice: 0.7199, IoU: 0.6320
[2026-08-26 06:52:16,007] Epoch: 41, Dataset: test, Dice: 0.7400, IoU: 0.6559
[2026-08-26 06:52:16,607] Epoch: 41, Dataset: val, Dice: 0.7118, IoU: 0.6195
[2026-08-26 06:52:35,441] Epoch: 42, Dataset: test, Dice: 0.7876, IoU: 0.6961
[2026-08-26 06:52:36,047] Epoch: 42, Dataset: val, Dice: 0.7291, IoU: 0.6398
[2026-08-26 06:52:54,895] Epoch: 43, Dataset: test, Dice: 0.7631, IoU: 0.6810
[2026-08-26 06:52:55,512] Epoch: 43, Dataset: val, Dice: 0.7264, IoU: 0.6318
[2026-08-26 06:53:14,426] Epoch: 44, Dataset: test, Dice: 0.7745, IoU: 0.6952
[2026-08-26 06:53:15,045] Epoch: 44, Dataset: val, Dice: 0.7746, IoU: 0.6873
[2026-08-26 06:53:15,045] ### Best Model Saved (Dice improved from 0.7335 to 0.7746) ###
[2026-08-26 06:53:33,911] Epoch: 45, Dataset: test, Dice: 0.7802, IoU: 0.7043
[2026-08-26 06:53:34,511] Epoch: 45, Dataset: val, Dice: 0.7642, IoU: 0.6829
[2026-08-26 06:53:53,269] Epoch: 46, Dataset: test, Dice: 0.8233, IoU: 0.7386
[2026-08-26 06:53:53,870] Epoch: 46, Dataset: val, Dice: 0.7607, IoU: 0.6719
[2026-08-26 06:54:12,729] Epoch: 47, Dataset: test, Dice: 0.7996, IoU: 0.7088
[2026-08-26 06:54:13,331] Epoch: 47, Dataset: val, Dice: 0.7785, IoU: 0.6880
[2026-08-26 06:54:13,332] ### Best Model Saved (Dice improved from 0.7746 to 0.7785) ###
[2026-08-26 06:54:32,308] Epoch: 48, Dataset: test, Dice: 0.7721, IoU: 0.6880
[2026-08-26 06:54:32,920] Epoch: 48, Dataset: val, Dice: 0.7811, IoU: 0.6984
[2026-08-26 06:54:32,921] ### Best Model Saved (Dice improved from 0.7785 to 0.7811) ###
[2026-08-26 06:54:51,841] Epoch: 49, Dataset: test, Dice: 0.8214, IoU: 0.7372
[2026-08-26 06:54:52,480] Epoch: 49, Dataset: val, Dice: 0.7657, IoU: 0.6836
[2026-08-26 06:55:11,368] Epoch: 50, Dataset: test, Dice: 0.8261, IoU: 0.7490
[2026-08-26 06:55:12,001] Epoch: 50, Dataset: val, Dice: 0.8023, IoU: 0.7273
[2026-08-26 06:55:12,001] ### Best Model Saved (Dice improved from 0.7811 to 0.8023) ###
[2026-08-26 06:55:30,943] Epoch: 51, Dataset: test, Dice: 0.7886, IoU: 0.6997
[2026-08-26 06:55:31,557] Epoch: 51, Dataset: val, Dice: 0.7548, IoU: 0.6702
[2026-08-26 06:55:50,474] Epoch: 52, Dataset: test, Dice: 0.8253, IoU: 0.7386
[2026-08-26 06:55:51,088] Epoch: 52, Dataset: val, Dice: 0.7867, IoU: 0.7033
[2026-08-26 06:56:09,982] Epoch: 53, Dataset: test, Dice: 0.8014, IoU: 0.7104
[2026-08-26 06:56:10,602] Epoch: 53, Dataset: val, Dice: 0.7272, IoU: 0.6382
[2026-08-26 06:56:29,520] Epoch: 54, Dataset: test, Dice: 0.7768, IoU: 0.6944
[2026-08-26 06:56:30,130] Epoch: 54, Dataset: val, Dice: 0.7683, IoU: 0.6847
[2026-08-26 06:56:48,972] Epoch: 55, Dataset: test, Dice: 0.7950, IoU: 0.7062
[2026-08-26 06:56:49,568] Epoch: 55, Dataset: val, Dice: 0.7563, IoU: 0.6692
[2026-08-26 06:57:08,421] Epoch: 56, Dataset: test, Dice: 0.7567, IoU: 0.6694
[2026-08-26 06:57:09,029] Epoch: 56, Dataset: val, Dice: 0.7725, IoU: 0.6866
[2026-08-26 06:57:27,899] Epoch: 57, Dataset: test, Dice: 0.8069, IoU: 0.7213
[2026-08-26 06:57:28,514] Epoch: 57, Dataset: val, Dice: 0.7985, IoU: 0.7136
[2026-08-26 06:57:47,375] Epoch: 58, Dataset: test, Dice: 0.7709, IoU: 0.6850
[2026-08-26 06:57:47,989] Epoch: 58, Dataset: val, Dice: 0.7950, IoU: 0.7010
[2026-08-26 06:58:06,757] Epoch: 59, Dataset: test, Dice: 0.8206, IoU: 0.7350
[2026-08-26 06:58:07,340] Epoch: 59, Dataset: val, Dice: 0.7931, IoU: 0.7114
[2026-08-26 06:58:26,219] Epoch: 60, Dataset: test, Dice: 0.7934, IoU: 0.7113
[2026-08-26 06:58:26,818] Epoch: 60, Dataset: val, Dice: 0.7652, IoU: 0.6770
[2026-08-26 06:58:45,708] Epoch: 61, Dataset: test, Dice: 0.8152, IoU: 0.7260
[2026-08-26 06:58:46,321] Epoch: 61, Dataset: val, Dice: 0.7833, IoU: 0.6915
[2026-08-26 06:59:05,188] Epoch: 62, Dataset: test, Dice: 0.8187, IoU: 0.7330
[2026-08-26 06:59:05,808] Epoch: 62, Dataset: val, Dice: 0.7804, IoU: 0.6944
[2026-08-26 06:59:24,695] Epoch: 63, Dataset: test, Dice: 0.8036, IoU: 0.7128
[2026-08-26 06:59:25,301] Epoch: 63, Dataset: val, Dice: 0.7640, IoU: 0.6739
[2026-08-26 06:59:44,227] Epoch: 64, Dataset: test, Dice: 0.7934, IoU: 0.7077
[2026-08-26 06:59:44,832] Epoch: 64, Dataset: val, Dice: 0.7670, IoU: 0.6811
[2026-08-26 07:00:03,735] Epoch: 65, Dataset: test, Dice: 0.8236, IoU: 0.7431
[2026-08-26 07:00:04,343] Epoch: 65, Dataset: val, Dice: 0.8267, IoU: 0.7485
[2026-08-26 07:00:04,343] ### Best Model Saved (Dice improved from 0.8023 to 0.8267) ###
[2026-08-26 07:00:23,240] Epoch: 66, Dataset: test, Dice: 0.8203, IoU: 0.7351
[2026-08-26 07:00:23,847] Epoch: 66, Dataset: val, Dice: 0.8135, IoU: 0.7226
[2026-08-26 07:00:42,739] Epoch: 67, Dataset: test, Dice: 0.8428, IoU: 0.7614
[2026-08-26 07:00:43,354] Epoch: 67, Dataset: val, Dice: 0.7925, IoU: 0.7109
[2026-08-26 07:01:02,251] Epoch: 68, Dataset: test, Dice: 0.8375, IoU: 0.7589
[2026-08-26 07:01:02,871] Epoch: 68, Dataset: val, Dice: 0.8383, IoU: 0.7542
[2026-08-26 07:01:02,871] ### Best Model Saved (Dice improved from 0.8267 to 0.8383) ###
[2026-08-26 07:01:21,774] Epoch: 69, Dataset: test, Dice: 0.8120, IoU: 0.7269
[2026-08-26 07:01:22,399] Epoch: 69, Dataset: val, Dice: 0.8404, IoU: 0.7589
[2026-08-26 07:01:22,399] ### Best Model Saved (Dice improved from 0.8383 to 0.8404) ###
[2026-08-26 07:01:41,288] Epoch: 70, Dataset: test, Dice: 0.8358, IoU: 0.7555
[2026-08-26 07:01:41,911] Epoch: 70, Dataset: val, Dice: 0.8406, IoU: 0.7623
[2026-08-26 07:01:41,911] ### Best Model Saved (Dice improved from 0.8404 to 0.8406) ###
[2026-08-26 07:02:00,822] Epoch: 71, Dataset: test, Dice: 0.8606, IoU: 0.7852
[2026-08-26 07:02:01,424] Epoch: 71, Dataset: val, Dice: 0.8028, IoU: 0.7190
[2026-08-26 07:02:20,378] Epoch: 72, Dataset: test, Dice: 0.8334, IoU: 0.7551
[2026-08-26 07:02:20,976] Epoch: 72, Dataset: val, Dice: 0.7866, IoU: 0.7057
[2026-08-26 07:02:39,853] Epoch: 73, Dataset: test, Dice: 0.8223, IoU: 0.7392
[2026-08-26 07:02:40,458] Epoch: 73, Dataset: val, Dice: 0.8046, IoU: 0.7195
[2026-08-26 07:02:59,300] Epoch: 74, Dataset: test, Dice: 0.8538, IoU: 0.7718
[2026-08-26 07:02:59,918] Epoch: 74, Dataset: val, Dice: 0.8086, IoU: 0.7299
[2026-08-26 07:03:18,822] Epoch: 75, Dataset: test, Dice: 0.8375, IoU: 0.7547
[2026-08-26 07:03:19,436] Epoch: 75, Dataset: val, Dice: 0.8284, IoU: 0.7490
[2026-08-26 07:03:38,315] Epoch: 76, Dataset: test, Dice: 0.8435, IoU: 0.7626
[2026-08-26 07:03:38,920] Epoch: 76, Dataset: val, Dice: 0.8234, IoU: 0.7399
[2026-08-26 07:03:57,783] Epoch: 77, Dataset: test, Dice: 0.8341, IoU: 0.7515
[2026-08-26 07:03:58,387] Epoch: 77, Dataset: val, Dice: 0.8407, IoU: 0.7577
[2026-08-26 07:03:58,387] ### Best Model Saved (Dice improved from 0.8406 to 0.8407) ###
[2026-08-26 07:04:17,292] Epoch: 78, Dataset: test, Dice: 0.8291, IoU: 0.7453
[2026-08-26 07:04:17,911] Epoch: 78, Dataset: val, Dice: 0.8434, IoU: 0.7653
[2026-08-26 07:04:17,912] ### Best Model Saved (Dice improved from 0.8407 to 0.8434) ###
[2026-08-26 07:04:36,827] Epoch: 79, Dataset: test, Dice: 0.8528, IoU: 0.7718
[2026-08-26 07:04:37,424] Epoch: 79, Dataset: val, Dice: 0.8244, IoU: 0.7408
[2026-08-26 07:04:56,293] Epoch: 80, Dataset: test, Dice: 0.8242, IoU: 0.7448
[2026-08-26 07:04:56,906] Epoch: 80, Dataset: val, Dice: 0.8148, IoU: 0.7332
[2026-08-26 07:05:15,749] Epoch: 81, Dataset: test, Dice: 0.8201, IoU: 0.7339
[2026-08-26 07:05:16,352] Epoch: 81, Dataset: val, Dice: 0.8515, IoU: 0.7733
[2026-08-26 07:05:16,352] ### Best Model Saved (Dice improved from 0.8434 to 0.8515) ###
[2026-08-26 07:05:35,304] Epoch: 82, Dataset: test, Dice: 0.8855, IoU: 0.8140
[2026-08-26 07:05:35,919] Epoch: 82, Dataset: val, Dice: 0.8560, IoU: 0.7807
[2026-08-26 07:05:35,919] ### Best Model Saved (Dice improved from 0.8515 to 0.8560) ###
[2026-08-26 07:05:54,849] Epoch: 83, Dataset: test, Dice: 0.8363, IoU: 0.7543
[2026-08-26 07:05:55,470] Epoch: 83, Dataset: val, Dice: 0.8301, IoU: 0.7502
[2026-08-26 07:06:14,378] Epoch: 84, Dataset: test, Dice: 0.8335, IoU: 0.7497
[2026-08-26 07:06:14,988] Epoch: 84, Dataset: val, Dice: 0.8528, IoU: 0.7739
[2026-08-26 07:06:33,834] Epoch: 85, Dataset: test, Dice: 0.8104, IoU: 0.7328
[2026-08-26 07:06:34,458] Epoch: 85, Dataset: val, Dice: 0.8352, IoU: 0.7548
[2026-08-26 07:06:53,352] Epoch: 86, Dataset: test, Dice: 0.8268, IoU: 0.7520
[2026-08-26 07:06:53,975] Epoch: 86, Dataset: val, Dice: 0.8322, IoU: 0.7523
[2026-08-26 07:07:12,869] Epoch: 87, Dataset: test, Dice: 0.8298, IoU: 0.7477
[2026-08-26 07:07:13,497] Epoch: 87, Dataset: val, Dice: 0.8331, IoU: 0.7530
[2026-08-26 07:07:32,404] Epoch: 88, Dataset: test, Dice: 0.8248, IoU: 0.7444
[2026-08-26 07:07:33,026] Epoch: 88, Dataset: val, Dice: 0.8380, IoU: 0.7541
[2026-08-26 07:07:51,914] Epoch: 89, Dataset: test, Dice: 0.8223, IoU: 0.7433
[2026-08-26 07:07:52,567] Epoch: 89, Dataset: val, Dice: 0.8247, IoU: 0.7411
[2026-08-26 07:08:11,377] Epoch: 90, Dataset: test, Dice: 0.8103, IoU: 0.7302
[2026-08-26 07:08:11,994] Epoch: 90, Dataset: val, Dice: 0.8349, IoU: 0.7540
[2026-08-26 07:08:30,859] Epoch: 91, Dataset: test, Dice: 0.8212, IoU: 0.7389
[2026-08-26 07:08:31,462] Epoch: 91, Dataset: val, Dice: 0.8419, IoU: 0.7622
[2026-08-26 07:08:50,372] Epoch: 92, Dataset: test, Dice: 0.8352, IoU: 0.7536
[2026-08-26 07:08:50,970] Epoch: 92, Dataset: val, Dice: 0.8220, IoU: 0.7435
[2026-08-26 07:09:09,835] Epoch: 93, Dataset: test, Dice: 0.8203, IoU: 0.7394
[2026-08-26 07:09:10,441] Epoch: 93, Dataset: val, Dice: 0.8523, IoU: 0.7718
[2026-08-26 07:09:29,331] Epoch: 94, Dataset: test, Dice: 0.8478, IoU: 0.7660
[2026-08-26 07:09:29,945] Epoch: 94, Dataset: val, Dice: 0.8547, IoU: 0.7794
[2026-08-26 07:09:48,809] Epoch: 95, Dataset: test, Dice: 0.8649, IoU: 0.7854
[2026-08-26 07:09:49,408] Epoch: 95, Dataset: val, Dice: 0.8466, IoU: 0.7686
[2026-08-26 07:10:08,271] Epoch: 96, Dataset: test, Dice: 0.8619, IoU: 0.7798
[2026-08-26 07:10:08,874] Epoch: 96, Dataset: val, Dice: 0.8500, IoU: 0.7744
[2026-08-26 07:10:27,743] Epoch: 97, Dataset: test, Dice: 0.8429, IoU: 0.7614
[2026-08-26 07:10:28,356] Epoch: 97, Dataset: val, Dice: 0.8625, IoU: 0.7910
[2026-08-26 07:10:28,356] ### Best Model Saved (Dice improved from 0.8560 to 0.8625) ###
[2026-08-26 07:10:47,211] Epoch: 98, Dataset: test, Dice: 0.8710, IoU: 0.7955
[2026-08-26 07:10:47,809] Epoch: 98, Dataset: val, Dice: 0.8439, IoU: 0.7645
[2026-08-26 07:11:06,704] Epoch: 99, Dataset: test, Dice: 0.8327, IoU: 0.7526
[2026-08-26 07:11:07,305] Epoch: 99, Dataset: val, Dice: 0.8384, IoU: 0.7603
[2026-08-26 07:11:26,151] Epoch: 100, Dataset: test, Dice: 0.8441, IoU: 0.7647
[2026-08-26 07:11:26,754] Epoch: 100, Dataset: val, Dice: 0.8514, IoU: 0.7749
[2026-08-26 07:11:45,657] Epoch: 101, Dataset: test, Dice: 0.8206, IoU: 0.7323
[2026-08-26 07:11:46,256] Epoch: 101, Dataset: val, Dice: 0.8577, IoU: 0.7829
[2026-08-26 07:12:05,115] Epoch: 102, Dataset: test, Dice: 0.8476, IoU: 0.7657
[2026-08-26 07:12:05,723] Epoch: 102, Dataset: val, Dice: 0.8456, IoU: 0.7683
[2026-08-26 07:12:24,616] Epoch: 103, Dataset: test, Dice: 0.8293, IoU: 0.7505
[2026-08-26 07:12:25,225] Epoch: 103, Dataset: val, Dice: 0.8594, IoU: 0.7864
[2026-08-26 07:12:44,112] Epoch: 104, Dataset: test, Dice: 0.8544, IoU: 0.7736
[2026-08-26 07:12:44,725] Epoch: 104, Dataset: val, Dice: 0.8590, IoU: 0.7870
[2026-08-26 07:13:03,592] Epoch: 105, Dataset: test, Dice: 0.8451, IoU: 0.7627
[2026-08-26 07:13:04,200] Epoch: 105, Dataset: val, Dice: 0.8514, IoU: 0.7777
[2026-08-26 07:13:23,062] Epoch: 106, Dataset: test, Dice: 0.8323, IoU: 0.7510
[2026-08-26 07:13:23,676] Epoch: 106, Dataset: val, Dice: 0.8526, IoU: 0.7787
[2026-08-26 07:13:42,608] Epoch: 107, Dataset: test, Dice: 0.8435, IoU: 0.7633
[2026-08-26 07:13:43,217] Epoch: 107, Dataset: val, Dice: 0.8431, IoU: 0.7684
[2026-08-26 07:14:02,084] Epoch: 108, Dataset: test, Dice: 0.8495, IoU: 0.7711
[2026-08-26 07:14:02,698] Epoch: 108, Dataset: val, Dice: 0.8411, IoU: 0.7676
[2026-08-26 07:14:21,551] Epoch: 109, Dataset: test, Dice: 0.8448, IoU: 0.7627
[2026-08-26 07:14:22,177] Epoch: 109, Dataset: val, Dice: 0.8595, IoU: 0.7919
[2026-08-26 07:14:41,053] Epoch: 110, Dataset: test, Dice: 0.8359, IoU: 0.7544
[2026-08-26 07:14:41,676] Epoch: 110, Dataset: val, Dice: 0.8583, IoU: 0.7847
[2026-08-26 07:15:00,579] Epoch: 111, Dataset: test, Dice: 0.8339, IoU: 0.7513
[2026-08-26 07:15:01,187] Epoch: 111, Dataset: val, Dice: 0.8496, IoU: 0.7740
[2026-08-26 07:15:20,057] Epoch: 112, Dataset: test, Dice: 0.8754, IoU: 0.8016
[2026-08-26 07:15:20,672] Epoch: 112, Dataset: val, Dice: 0.8409, IoU: 0.7646
[2026-08-26 07:15:39,589] Epoch: 113, Dataset: test, Dice: 0.8602, IoU: 0.7875
[2026-08-26 07:15:40,187] Epoch: 113, Dataset: val, Dice: 0.8491, IoU: 0.7746
[2026-08-26 07:15:59,046] Epoch: 114, Dataset: test, Dice: 0.8614, IoU: 0.7836
[2026-08-26 07:15:59,669] Epoch: 114, Dataset: val, Dice: 0.8590, IoU: 0.7866
[2026-08-26 07:16:18,567] Epoch: 115, Dataset: test, Dice: 0.8601, IoU: 0.7809
[2026-08-26 07:16:19,174] Epoch: 115, Dataset: val, Dice: 0.8371, IoU: 0.7561
[2026-08-26 07:16:38,092] Epoch: 116, Dataset: test, Dice: 0.8698, IoU: 0.7928
[2026-08-26 07:16:38,704] Epoch: 116, Dataset: val, Dice: 0.8589, IoU: 0.7859
[2026-08-26 07:16:57,579] Epoch: 117, Dataset: test, Dice: 0.8703, IoU: 0.7935
[2026-08-26 07:16:58,207] Epoch: 117, Dataset: val, Dice: 0.8475, IoU: 0.7736
[2026-08-26 07:17:17,079] Epoch: 118, Dataset: test, Dice: 0.8498, IoU: 0.7692
[2026-08-26 07:17:17,695] Epoch: 118, Dataset: val, Dice: 0.8485, IoU: 0.7744
[2026-08-26 07:17:36,548] Epoch: 119, Dataset: test, Dice: 0.8407, IoU: 0.7558
[2026-08-26 07:17:37,172] Epoch: 119, Dataset: val, Dice: 0.8390, IoU: 0.7640
[2026-08-26 07:17:56,117] Epoch: 120, Dataset: test, Dice: 0.8570, IoU: 0.7777
[2026-08-26 07:17:56,745] Epoch: 120, Dataset: val, Dice: 0.8457, IoU: 0.7721
[2026-08-26 07:18:15,667] Epoch: 121, Dataset: test, Dice: 0.8527, IoU: 0.7722
[2026-08-26 07:18:16,287] Epoch: 121, Dataset: val, Dice: 0.8543, IoU: 0.7816
[2026-08-26 07:18:35,224] Epoch: 122, Dataset: test, Dice: 0.8538, IoU: 0.7708
[2026-08-26 07:18:35,844] Epoch: 122, Dataset: val, Dice: 0.8688, IoU: 0.7967
[2026-08-26 07:18:35,844] ### Best Model Saved (Dice improved from 0.8625 to 0.8688) ###
[2026-08-26 07:18:54,847] Epoch: 123, Dataset: test, Dice: 0.8566, IoU: 0.7750
[2026-08-26 07:18:55,466] Epoch: 123, Dataset: val, Dice: 0.8312, IoU: 0.7533
[2026-08-26 07:19:14,337] Epoch: 124, Dataset: test, Dice: 0.8453, IoU: 0.7687
[2026-08-26 07:19:14,950] Epoch: 124, Dataset: val, Dice: 0.8402, IoU: 0.7679
[2026-08-26 07:19:33,821] Epoch: 125, Dataset: test, Dice: 0.8311, IoU: 0.7540
[2026-08-26 07:19:34,450] Epoch: 125, Dataset: val, Dice: 0.8217, IoU: 0.7445
[2026-08-26 07:19:53,365] Epoch: 126, Dataset: test, Dice: 0.8557, IoU: 0.7791
[2026-08-26 07:19:53,988] Epoch: 126, Dataset: val, Dice: 0.8469, IoU: 0.7751
[2026-08-26 07:20:12,872] Epoch: 127, Dataset: test, Dice: 0.8618, IoU: 0.7829
[2026-08-26 07:20:13,474] Epoch: 127, Dataset: val, Dice: 0.8397, IoU: 0.7655
[2026-08-26 07:20:32,330] Epoch: 128, Dataset: test, Dice: 0.8709, IoU: 0.7919
[2026-08-26 07:20:32,947] Epoch: 128, Dataset: val, Dice: 0.8589, IoU: 0.7879
[2026-08-26 07:20:51,842] Epoch: 129, Dataset: test, Dice: 0.8414, IoU: 0.7642
[2026-08-26 07:20:52,462] Epoch: 129, Dataset: val, Dice: 0.8444, IoU: 0.7709
[2026-08-26 07:21:11,353] Epoch: 130, Dataset: test, Dice: 0.8553, IoU: 0.7750
[2026-08-26 07:21:11,968] Epoch: 130, Dataset: val, Dice: 0.8540, IoU: 0.7821
[2026-08-26 07:21:30,878] Epoch: 131, Dataset: test, Dice: 0.8635, IoU: 0.7852
[2026-08-26 07:21:31,486] Epoch: 131, Dataset: val, Dice: 0.8467, IoU: 0.7700
[2026-08-26 07:21:50,309] Epoch: 132, Dataset: test, Dice: 0.8541, IoU: 0.7752
[2026-08-26 07:21:50,924] Epoch: 132, Dataset: val, Dice: 0.8416, IoU: 0.7669
[2026-08-26 07:22:09,797] Epoch: 133, Dataset: test, Dice: 0.8631, IoU: 0.7875
[2026-08-26 07:22:10,388] Epoch: 133, Dataset: val, Dice: 0.8525, IoU: 0.7794
[2026-08-26 07:22:29,249] Epoch: 134, Dataset: test, Dice: 0.8484, IoU: 0.7739
[2026-08-26 07:22:29,857] Epoch: 134, Dataset: val, Dice: 0.8529, IoU: 0.7787
[2026-08-26 07:22:48,743] Epoch: 135, Dataset: test, Dice: 0.8414, IoU: 0.7640
[2026-08-26 07:22:49,348] Epoch: 135, Dataset: val, Dice: 0.8450, IoU: 0.7700
[2026-08-26 07:23:08,218] Epoch: 136, Dataset: test, Dice: 0.8553, IoU: 0.7817
[2026-08-26 07:23:08,843] Epoch: 136, Dataset: val, Dice: 0.8454, IoU: 0.7724
[2026-08-26 07:23:27,724] Epoch: 137, Dataset: test, Dice: 0.8428, IoU: 0.7676
[2026-08-26 07:23:28,328] Epoch: 137, Dataset: val, Dice: 0.8345, IoU: 0.7594
[2026-08-26 07:23:47,174] Epoch: 138, Dataset: test, Dice: 0.8440, IoU: 0.7621
[2026-08-26 07:23:47,778] Epoch: 138, Dataset: val, Dice: 0.8347, IoU: 0.7596
[2026-08-26 07:24:06,616] Epoch: 139, Dataset: test, Dice: 0.8401, IoU: 0.7597
[2026-08-26 07:24:07,235] Epoch: 139, Dataset: val, Dice: 0.8500, IoU: 0.7775
[2026-08-26 07:24:26,075] Epoch: 140, Dataset: test, Dice: 0.8318, IoU: 0.7552
[2026-08-26 07:24:26,676] Epoch: 140, Dataset: val, Dice: 0.8527, IoU: 0.7782
[2026-08-26 07:24:45,540] Epoch: 141, Dataset: test, Dice: 0.8399, IoU: 0.7611
[2026-08-26 07:24:46,156] Epoch: 141, Dataset: val, Dice: 0.8486, IoU: 0.7731
[2026-08-26 07:25:05,065] Epoch: 142, Dataset: test, Dice: 0.8487, IoU: 0.7691
[2026-08-26 07:25:05,675] Epoch: 142, Dataset: val, Dice: 0.8491, IoU: 0.7761
[2026-08-26 07:25:24,578] Epoch: 143, Dataset: test, Dice: 0.8538, IoU: 0.7730
[2026-08-26 07:25:25,213] Epoch: 143, Dataset: val, Dice: 0.8662, IoU: 0.7952
[2026-08-26 07:25:44,086] Epoch: 144, Dataset: test, Dice: 0.8633, IoU: 0.7816
[2026-08-26 07:25:44,689] Epoch: 144, Dataset: val, Dice: 0.8597, IoU: 0.7882
[2026-08-26 07:26:03,592] Epoch: 145, Dataset: test, Dice: 0.8565, IoU: 0.7744
[2026-08-26 07:26:04,207] Epoch: 145, Dataset: val, Dice: 0.8569, IoU: 0.7845
[2026-08-26 07:26:23,104] Epoch: 146, Dataset: test, Dice: 0.8518, IoU: 0.7707
[2026-08-26 07:26:23,710] Epoch: 146, Dataset: val, Dice: 0.8426, IoU: 0.7689
[2026-08-26 07:26:42,621] Epoch: 147, Dataset: test, Dice: 0.8324, IoU: 0.7529
[2026-08-26 07:26:43,220] Epoch: 147, Dataset: val, Dice: 0.8471, IoU: 0.7729
[2026-08-26 07:27:02,095] Epoch: 148, Dataset: test, Dice: 0.8554, IoU: 0.7767
[2026-08-26 07:27:02,702] Epoch: 148, Dataset: val, Dice: 0.8493, IoU: 0.7776
[2026-08-26 07:27:21,549] Epoch: 149, Dataset: test, Dice: 0.8545, IoU: 0.7745
[2026-08-26 07:27:22,180] Epoch: 149, Dataset: val, Dice: 0.8613, IoU: 0.7900
[2026-08-26 07:27:41,007] Epoch: 150, Dataset: test, Dice: 0.8530, IoU: 0.7729
[2026-08-26 07:27:41,630] Epoch: 150, Dataset: val, Dice: 0.8544, IoU: 0.7819
[2026-08-26 07:28:00,546] Epoch: 151, Dataset: test, Dice: 0.8614, IoU: 0.7823
[2026-08-26 07:28:01,177] Epoch: 151, Dataset: val, Dice: 0.8655, IoU: 0.7953
[2026-08-26 07:28:20,061] Epoch: 152, Dataset: test, Dice: 0.8638, IoU: 0.7878
[2026-08-26 07:28:20,684] Epoch: 152, Dataset: val, Dice: 0.8564, IoU: 0.7839
[2026-08-26 07:28:39,576] Epoch: 153, Dataset: test, Dice: 0.8455, IoU: 0.7666
[2026-08-26 07:28:40,186] Epoch: 153, Dataset: val, Dice: 0.8484, IoU: 0.7737
[2026-08-26 07:28:59,000] Epoch: 154, Dataset: test, Dice: 0.8450, IoU: 0.7658
[2026-08-26 07:28:59,610] Epoch: 154, Dataset: val, Dice: 0.8641, IoU: 0.7924
[2026-08-26 07:29:18,523] Epoch: 155, Dataset: test, Dice: 0.8376, IoU: 0.7553
[2026-08-26 07:29:19,120] Epoch: 155, Dataset: val, Dice: 0.8599, IoU: 0.7863
[2026-08-26 07:29:38,005] Epoch: 156, Dataset: test, Dice: 0.8509, IoU: 0.7749
[2026-08-26 07:29:38,629] Epoch: 156, Dataset: val, Dice: 0.8596, IoU: 0.7879
[2026-08-26 07:29:57,485] Epoch: 157, Dataset: test, Dice: 0.8523, IoU: 0.7715
[2026-08-26 07:29:58,083] Epoch: 157, Dataset: val, Dice: 0.8527, IoU: 0.7795
[2026-08-26 07:30:16,893] Epoch: 158, Dataset: test, Dice: 0.8612, IoU: 0.7838
[2026-08-26 07:30:17,497] Epoch: 158, Dataset: val, Dice: 0.8639, IoU: 0.7930
[2026-08-26 07:30:36,339] Epoch: 159, Dataset: test, Dice: 0.8520, IoU: 0.7723
[2026-08-26 07:30:36,958] Epoch: 159, Dataset: val, Dice: 0.8591, IoU: 0.7869
[2026-08-26 07:30:55,846] Epoch: 160, Dataset: test, Dice: 0.8620, IoU: 0.7838
[2026-08-26 07:30:56,467] Epoch: 160, Dataset: val, Dice: 0.8636, IoU: 0.7925
[2026-08-26 07:31:15,350] Epoch: 161, Dataset: test, Dice: 0.8527, IoU: 0.7774
[2026-08-26 07:31:15,984] Epoch: 161, Dataset: val, Dice: 0.8602, IoU: 0.7877
[2026-08-26 07:31:34,870] Epoch: 162, Dataset: test, Dice: 0.8470, IoU: 0.7686
[2026-08-26 07:31:35,496] Epoch: 162, Dataset: val, Dice: 0.8652, IoU: 0.7932
[2026-08-26 07:31:54,356] Epoch: 163, Dataset: test, Dice: 0.8519, IoU: 0.7723
[2026-08-26 07:31:54,978] Epoch: 163, Dataset: val, Dice: 0.8525, IoU: 0.7777
[2026-08-26 07:32:13,812] Epoch: 164, Dataset: test, Dice: 0.8446, IoU: 0.7658
[2026-08-26 07:32:14,414] Epoch: 164, Dataset: val, Dice: 0.8507, IoU: 0.7761
[2026-08-26 07:32:33,329] Epoch: 165, Dataset: test, Dice: 0.8565, IoU: 0.7773
[2026-08-26 07:32:33,943] Epoch: 165, Dataset: val, Dice: 0.8500, IoU: 0.7765
[2026-08-26 07:32:52,835] Epoch: 166, Dataset: test, Dice: 0.8524, IoU: 0.7756
[2026-08-26 07:32:53,464] Epoch: 166, Dataset: val, Dice: 0.8613, IoU: 0.7894
[2026-08-26 07:33:12,357] Epoch: 167, Dataset: test, Dice: 0.8504, IoU: 0.7733
[2026-08-26 07:33:12,977] Epoch: 167, Dataset: val, Dice: 0.8505, IoU: 0.7761
[2026-08-26 07:33:31,883] Epoch: 168, Dataset: test, Dice: 0.8610, IoU: 0.7832
[2026-08-26 07:33:32,536] Epoch: 168, Dataset: val, Dice: 0.8559, IoU: 0.7823
[2026-08-26 07:33:51,423] Epoch: 169, Dataset: test, Dice: 0.8448, IoU: 0.7681
[2026-08-26 07:33:52,053] Epoch: 169, Dataset: val, Dice: 0.8624, IoU: 0.7918
[2026-08-26 07:34:10,903] Epoch: 170, Dataset: test, Dice: 0.8488, IoU: 0.7727
[2026-08-26 07:34:11,522] Epoch: 170, Dataset: val, Dice: 0.8607, IoU: 0.7899
[2026-08-26 07:34:30,418] Epoch: 171, Dataset: test, Dice: 0.8549, IoU: 0.7763
[2026-08-26 07:34:31,020] Epoch: 171, Dataset: val, Dice: 0.8616, IoU: 0.7903
[2026-08-26 07:34:49,939] Epoch: 172, Dataset: test, Dice: 0.8656, IoU: 0.7902
[2026-08-26 07:34:50,547] Epoch: 172, Dataset: val, Dice: 0.8685, IoU: 0.7994
[2026-08-26 07:35:09,405] Epoch: 173, Dataset: test, Dice: 0.8629, IoU: 0.7855
[2026-08-26 07:35:10,011] Epoch: 173, Dataset: val, Dice: 0.8644, IoU: 0.7948
[2026-08-26 07:35:28,899] Epoch: 174, Dataset: test, Dice: 0.8588, IoU: 0.7817
[2026-08-26 07:35:29,522] Epoch: 174, Dataset: val, Dice: 0.8542, IoU: 0.7803
[2026-08-26 07:35:48,418] Epoch: 175, Dataset: test, Dice: 0.8655, IoU: 0.7903
[2026-08-26 07:35:49,032] Epoch: 175, Dataset: val, Dice: 0.8652, IoU: 0.7946
[2026-08-26 07:36:07,889] Epoch: 176, Dataset: test, Dice: 0.8517, IoU: 0.7751
[2026-08-26 07:36:08,508] Epoch: 176, Dataset: val, Dice: 0.8534, IoU: 0.7794
[2026-08-26 07:36:27,389] Epoch: 177, Dataset: test, Dice: 0.8635, IoU: 0.7873
[2026-08-26 07:36:28,021] Epoch: 177, Dataset: val, Dice: 0.8475, IoU: 0.7750
[2026-08-26 07:36:46,890] Epoch: 178, Dataset: test, Dice: 0.8557, IoU: 0.7796
[2026-08-26 07:36:47,487] Epoch: 178, Dataset: val, Dice: 0.8403, IoU: 0.7671
[2026-08-26 07:37:06,260] Epoch: 179, Dataset: test, Dice: 0.8567, IoU: 0.7785
[2026-08-26 07:37:06,879] Epoch: 179, Dataset: val, Dice: 0.8485, IoU: 0.7745
[2026-08-26 07:37:25,738] Epoch: 180, Dataset: test, Dice: 0.8563, IoU: 0.7790
[2026-08-26 07:37:26,348] Epoch: 180, Dataset: val, Dice: 0.8653, IoU: 0.7958
[2026-08-26 07:37:45,204] Epoch: 181, Dataset: test, Dice: 0.8538, IoU: 0.7769
[2026-08-26 07:37:45,808] Epoch: 181, Dataset: val, Dice: 0.8627, IoU: 0.7926
[2026-08-26 07:38:04,638] Epoch: 182, Dataset: test, Dice: 0.8648, IoU: 0.7874
[2026-08-26 07:38:05,253] Epoch: 182, Dataset: val, Dice: 0.8641, IoU: 0.7948
[2026-08-26 07:38:24,183] Epoch: 183, Dataset: test, Dice: 0.8631, IoU: 0.7873
[2026-08-26 07:38:24,798] Epoch: 183, Dataset: val, Dice: 0.8522, IoU: 0.7790
[2026-08-26 07:38:43,702] Epoch: 184, Dataset: test, Dice: 0.8584, IoU: 0.7801
[2026-08-26 07:38:44,331] Epoch: 184, Dataset: val, Dice: 0.8593, IoU: 0.7862
[2026-08-26 07:39:03,264] Epoch: 185, Dataset: test, Dice: 0.8538, IoU: 0.7733
[2026-08-26 07:39:03,878] Epoch: 185, Dataset: val, Dice: 0.8591, IoU: 0.7879
[2026-08-26 07:39:22,825] Epoch: 186, Dataset: test, Dice: 0.8611, IoU: 0.7830
[2026-08-26 07:39:23,441] Epoch: 186, Dataset: val, Dice: 0.8624, IoU: 0.7925
[2026-08-26 07:39:42,422] Epoch: 187, Dataset: test, Dice: 0.8612, IoU: 0.7820
[2026-08-26 07:39:43,045] Epoch: 187, Dataset: val, Dice: 0.8662, IoU: 0.7964
[2026-08-26 07:40:01,910] Epoch: 188, Dataset: test, Dice: 0.8492, IoU: 0.7705
[2026-08-26 07:40:02,578] Epoch: 188, Dataset: val, Dice: 0.8590, IoU: 0.7874
[2026-08-26 07:40:21,495] Epoch: 189, Dataset: test, Dice: 0.8621, IoU: 0.7842
[2026-08-26 07:40:22,117] Epoch: 189, Dataset: val, Dice: 0.8557, IoU: 0.7843
[2026-08-26 07:40:40,999] Epoch: 190, Dataset: test, Dice: 0.8635, IoU: 0.7845
[2026-08-26 07:40:41,608] Epoch: 190, Dataset: val, Dice: 0.8682, IoU: 0.7990
[2026-08-26 07:41:00,555] Epoch: 191, Dataset: test, Dice: 0.8636, IoU: 0.7863
[2026-08-26 07:41:01,178] Epoch: 191, Dataset: val, Dice: 0.8647, IoU: 0.7945
[2026-08-26 07:41:20,063] Epoch: 192, Dataset: test, Dice: 0.8513, IoU: 0.7724
[2026-08-26 07:41:20,678] Epoch: 192, Dataset: val, Dice: 0.8640, IoU: 0.7949
[2026-08-26 07:41:39,534] Epoch: 193, Dataset: test, Dice: 0.8530, IoU: 0.7736
[2026-08-26 07:41:40,162] Epoch: 193, Dataset: val, Dice: 0.8593, IoU: 0.7873
[2026-08-26 07:41:58,981] Epoch: 194, Dataset: test, Dice: 0.8591, IoU: 0.7803
[2026-08-26 07:41:59,576] Epoch: 194, Dataset: val, Dice: 0.8714, IoU: 0.8024
[2026-08-26 07:41:59,577] ### Best Model Saved (Dice improved from 0.8688 to 0.8714) ###
[2026-08-26 07:42:18,466] Epoch: 195, Dataset: test, Dice: 0.8588, IoU: 0.7805
[2026-08-26 07:42:19,064] Epoch: 195, Dataset: val, Dice: 0.8632, IoU: 0.7924
[2026-08-26 07:42:37,949] Epoch: 196, Dataset: test, Dice: 0.8564, IoU: 0.7774
[2026-08-26 07:42:38,550] Epoch: 196, Dataset: val, Dice: 0.8644, IoU: 0.7949
[2026-08-26 07:42:57,448] Epoch: 197, Dataset: test, Dice: 0.8545, IoU: 0.7749
[2026-08-26 07:42:58,044] Epoch: 197, Dataset: val, Dice: 0.8596, IoU: 0.7901
[2026-08-26 07:43:16,899] Epoch: 198, Dataset: test, Dice: 0.8553, IoU: 0.7758
[2026-08-26 07:43:17,517] Epoch: 198, Dataset: val, Dice: 0.8563, IoU: 0.7837
[2026-08-26 07:43:36,406] Epoch: 199, Dataset: test, Dice: 0.8575, IoU: 0.7808
[2026-08-26 07:43:37,025] Epoch: 199, Dataset: val, Dice: 0.8605, IoU: 0.7899
[2026-08-26 07:43:55,946] Epoch: 200, Dataset: test, Dice: 0.8594, IoU: 0.7815
[2026-08-26 07:43:56,551] Epoch: 200, Dataset: val, Dice: 0.8605, IoU: 0.7892
[2026-08-26 07:43:56,552] 
========================================
FINAL RESULTS: ClinicDB_MK_UNet_bs8_lr0.0005_e200_augTrue_run2_t063856
Best Val Dice: 0.8714
Test Dice at Best Val: 0.8591
Total Train Time: 3645.66s
========================================
