[2026-08-23 22:11:27,928] flops: 0.619251354, params: 0.315566, Total params: : 0.3156
[2026-08-23 22:11:56,482] Epoch: 1, Dataset: test, Dice: 0.2130, IoU: 0.1354
[2026-08-23 22:11:57,203] Epoch: 1, Dataset: val, Dice: 0.3311, IoU: 0.2354
[2026-08-23 22:11:57,204] ### Best Model Saved (Dice improved from 0.0000 to 0.3311) ###
[2026-08-23 22:12:25,873] Epoch: 2, Dataset: test, Dice: 0.2092, IoU: 0.1302
[2026-08-23 22:12:26,593] Epoch: 2, Dataset: val, Dice: 0.4965, IoU: 0.3722
[2026-08-23 22:12:26,593] ### Best Model Saved (Dice improved from 0.3311 to 0.4965) ###
[2026-08-23 22:12:55,200] Epoch: 3, Dataset: test, Dice: 0.2098, IoU: 0.1335
[2026-08-23 22:12:55,953] Epoch: 3, Dataset: val, Dice: 0.5918, IoU: 0.4552
[2026-08-23 22:12:55,953] ### Best Model Saved (Dice improved from 0.4965 to 0.5918) ###
[2026-08-23 22:13:24,580] Epoch: 4, Dataset: test, Dice: 0.2135, IoU: 0.1315
[2026-08-23 22:13:25,353] Epoch: 4, Dataset: val, Dice: 0.5933, IoU: 0.4625
[2026-08-23 22:13:25,353] ### Best Model Saved (Dice improved from 0.5918 to 0.5933) ###
[2026-08-23 22:13:54,055] Epoch: 5, Dataset: test, Dice: 0.1753, IoU: 0.1050
[2026-08-23 22:13:54,823] Epoch: 5, Dataset: val, Dice: 0.5916, IoU: 0.4759
[2026-08-23 22:14:23,391] Epoch: 6, Dataset: test, Dice: 0.3761, IoU: 0.2758
[2026-08-23 22:14:24,135] Epoch: 6, Dataset: val, Dice: 0.6335, IoU: 0.5159
[2026-08-23 22:14:24,135] ### Best Model Saved (Dice improved from 0.5933 to 0.6335) ###
[2026-08-23 22:14:52,741] Epoch: 7, Dataset: test, Dice: 0.2706, IoU: 0.1877
[2026-08-23 22:14:53,468] Epoch: 7, Dataset: val, Dice: 0.6152, IoU: 0.4882
[2026-08-23 22:15:22,083] Epoch: 8, Dataset: test, Dice: 0.2777, IoU: 0.1926
[2026-08-23 22:15:22,828] Epoch: 8, Dataset: val, Dice: 0.7017, IoU: 0.5828
[2026-08-23 22:15:22,828] ### Best Model Saved (Dice improved from 0.6335 to 0.7017) ###
[2026-08-23 22:15:51,508] Epoch: 9, Dataset: test, Dice: 0.2877, IoU: 0.1957
[2026-08-23 22:15:52,268] Epoch: 9, Dataset: val, Dice: 0.6933, IoU: 0.5879
[2026-08-23 22:16:20,885] Epoch: 10, Dataset: test, Dice: 0.3182, IoU: 0.2357
[2026-08-23 22:16:21,622] Epoch: 10, Dataset: val, Dice: 0.6403, IoU: 0.5258
[2026-08-23 22:16:50,260] Epoch: 11, Dataset: test, Dice: 0.3282, IoU: 0.2337
[2026-08-23 22:16:50,991] Epoch: 11, Dataset: val, Dice: 0.7291, IoU: 0.6197
[2026-08-23 22:16:50,991] ### Best Model Saved (Dice improved from 0.7017 to 0.7291) ###
[2026-08-23 22:17:19,551] Epoch: 12, Dataset: test, Dice: 0.2942, IoU: 0.2028
[2026-08-23 22:17:20,266] Epoch: 12, Dataset: val, Dice: 0.7099, IoU: 0.6003
[2026-08-23 22:17:48,809] Epoch: 13, Dataset: test, Dice: 0.2716, IoU: 0.1811
[2026-08-23 22:17:49,547] Epoch: 13, Dataset: val, Dice: 0.7152, IoU: 0.6028
[2026-08-23 22:18:18,155] Epoch: 14, Dataset: test, Dice: 0.4004, IoU: 0.3065
[2026-08-23 22:18:18,882] Epoch: 14, Dataset: val, Dice: 0.7396, IoU: 0.6198
[2026-08-23 22:18:18,882] ### Best Model Saved (Dice improved from 0.7291 to 0.7396) ###
[2026-08-23 22:18:47,550] Epoch: 15, Dataset: test, Dice: 0.2914, IoU: 0.2084
[2026-08-23 22:18:48,292] Epoch: 15, Dataset: val, Dice: 0.6773, IoU: 0.5527
[2026-08-23 22:19:16,881] Epoch: 16, Dataset: test, Dice: 0.3813, IoU: 0.2905
[2026-08-23 22:19:17,630] Epoch: 16, Dataset: val, Dice: 0.7482, IoU: 0.6430
[2026-08-23 22:19:17,631] ### Best Model Saved (Dice improved from 0.7396 to 0.7482) ###
[2026-08-23 22:19:46,206] Epoch: 17, Dataset: test, Dice: 0.3611, IoU: 0.2628
[2026-08-23 22:19:46,947] Epoch: 17, Dataset: val, Dice: 0.6681, IoU: 0.5412
[2026-08-23 22:20:15,546] Epoch: 18, Dataset: test, Dice: 0.3423, IoU: 0.2529
[2026-08-23 22:20:16,282] Epoch: 18, Dataset: val, Dice: 0.7333, IoU: 0.6285
[2026-08-23 22:20:44,953] Epoch: 19, Dataset: test, Dice: 0.2193, IoU: 0.1369
[2026-08-23 22:20:45,716] Epoch: 19, Dataset: val, Dice: 0.6287, IoU: 0.5071
[2026-08-23 22:21:14,365] Epoch: 20, Dataset: test, Dice: 0.3165, IoU: 0.2201
[2026-08-23 22:21:15,096] Epoch: 20, Dataset: val, Dice: 0.6866, IoU: 0.5643
[2026-08-23 22:21:43,735] Epoch: 21, Dataset: test, Dice: 0.3820, IoU: 0.2968
[2026-08-23 22:21:44,461] Epoch: 21, Dataset: val, Dice: 0.7893, IoU: 0.6816
[2026-08-23 22:21:44,461] ### Best Model Saved (Dice improved from 0.7482 to 0.7893) ###
[2026-08-23 22:22:13,144] Epoch: 22, Dataset: test, Dice: 0.4456, IoU: 0.3516
[2026-08-23 22:22:13,911] Epoch: 22, Dataset: val, Dice: 0.7593, IoU: 0.6480
[2026-08-23 22:22:42,599] Epoch: 23, Dataset: test, Dice: 0.4203, IoU: 0.3159
[2026-08-23 22:22:43,379] Epoch: 23, Dataset: val, Dice: 0.7614, IoU: 0.6530
[2026-08-23 22:23:12,039] Epoch: 24, Dataset: test, Dice: 0.4273, IoU: 0.3293
[2026-08-23 22:23:12,774] Epoch: 24, Dataset: val, Dice: 0.8050, IoU: 0.7087
[2026-08-23 22:23:12,775] ### Best Model Saved (Dice improved from 0.7893 to 0.8050) ###
[2026-08-23 22:23:41,525] Epoch: 25, Dataset: test, Dice: 0.4017, IoU: 0.2984
[2026-08-23 22:23:42,326] Epoch: 25, Dataset: val, Dice: 0.7618, IoU: 0.6601
[2026-08-23 22:24:10,997] Epoch: 26, Dataset: test, Dice: 0.4532, IoU: 0.3564
[2026-08-23 22:24:11,769] Epoch: 26, Dataset: val, Dice: 0.8271, IoU: 0.7347
[2026-08-23 22:24:11,770] ### Best Model Saved (Dice improved from 0.8050 to 0.8271) ###
[2026-08-23 22:24:40,443] Epoch: 27, Dataset: test, Dice: 0.4957, IoU: 0.4063
[2026-08-23 22:24:41,200] Epoch: 27, Dataset: val, Dice: 0.7940, IoU: 0.6975
[2026-08-23 22:25:09,855] Epoch: 28, Dataset: test, Dice: 0.4602, IoU: 0.3609
[2026-08-23 22:25:10,587] Epoch: 28, Dataset: val, Dice: 0.7811, IoU: 0.6903
[2026-08-23 22:25:39,264] Epoch: 29, Dataset: test, Dice: 0.5066, IoU: 0.3985
[2026-08-23 22:25:39,992] Epoch: 29, Dataset: val, Dice: 0.8153, IoU: 0.7180
[2026-08-23 22:26:08,629] Epoch: 30, Dataset: test, Dice: 0.4299, IoU: 0.3380
[2026-08-23 22:26:09,390] Epoch: 30, Dataset: val, Dice: 0.7826, IoU: 0.6884
[2026-08-23 22:26:38,044] Epoch: 31, Dataset: test, Dice: 0.4246, IoU: 0.3344
[2026-08-23 22:26:38,765] Epoch: 31, Dataset: val, Dice: 0.8372, IoU: 0.7458
[2026-08-23 22:26:38,766] ### Best Model Saved (Dice improved from 0.8271 to 0.8372) ###
[2026-08-23 22:27:07,435] Epoch: 32, Dataset: test, Dice: 0.4486, IoU: 0.3417
[2026-08-23 22:27:08,156] Epoch: 32, Dataset: val, Dice: 0.8078, IoU: 0.7125
[2026-08-23 22:27:36,794] Epoch: 33, Dataset: test, Dice: 0.3531, IoU: 0.2621
[2026-08-23 22:27:37,511] Epoch: 33, Dataset: val, Dice: 0.8353, IoU: 0.7460
[2026-08-23 22:28:06,147] Epoch: 34, Dataset: test, Dice: 0.4895, IoU: 0.3850
[2026-08-23 22:28:06,891] Epoch: 34, Dataset: val, Dice: 0.7989, IoU: 0.6949
[2026-08-23 22:28:35,514] Epoch: 35, Dataset: test, Dice: 0.5479, IoU: 0.4408
[2026-08-23 22:28:36,230] Epoch: 35, Dataset: val, Dice: 0.8229, IoU: 0.7295
[2026-08-23 22:29:04,794] Epoch: 36, Dataset: test, Dice: 0.5105, IoU: 0.4084
[2026-08-23 22:29:05,520] Epoch: 36, Dataset: val, Dice: 0.7854, IoU: 0.6867
[2026-08-23 22:29:34,114] Epoch: 37, Dataset: test, Dice: 0.4407, IoU: 0.3360
[2026-08-23 22:29:34,852] Epoch: 37, Dataset: val, Dice: 0.8092, IoU: 0.7142
[2026-08-23 22:30:03,444] Epoch: 38, Dataset: test, Dice: 0.4962, IoU: 0.3953
[2026-08-23 22:30:04,195] Epoch: 38, Dataset: val, Dice: 0.8492, IoU: 0.7618
[2026-08-23 22:30:04,195] ### Best Model Saved (Dice improved from 0.8372 to 0.8492) ###
[2026-08-23 22:30:32,890] Epoch: 39, Dataset: test, Dice: 0.4256, IoU: 0.3281
[2026-08-23 22:30:33,605] Epoch: 39, Dataset: val, Dice: 0.8144, IoU: 0.7130
[2026-08-23 22:31:02,312] Epoch: 40, Dataset: test, Dice: 0.4337, IoU: 0.3340
[2026-08-23 22:31:03,054] Epoch: 40, Dataset: val, Dice: 0.8363, IoU: 0.7484
[2026-08-23 22:31:31,691] Epoch: 41, Dataset: test, Dice: 0.3493, IoU: 0.2636
[2026-08-23 22:31:32,505] Epoch: 41, Dataset: val, Dice: 0.8333, IoU: 0.7455
[2026-08-23 22:32:01,131] Epoch: 42, Dataset: test, Dice: 0.4407, IoU: 0.3507
[2026-08-23 22:32:01,842] Epoch: 42, Dataset: val, Dice: 0.8256, IoU: 0.7317
[2026-08-23 22:32:30,500] Epoch: 43, Dataset: test, Dice: 0.4206, IoU: 0.3246
[2026-08-23 22:32:31,265] Epoch: 43, Dataset: val, Dice: 0.8379, IoU: 0.7465
[2026-08-23 22:32:59,890] Epoch: 44, Dataset: test, Dice: 0.5052, IoU: 0.4013
[2026-08-23 22:33:00,652] Epoch: 44, Dataset: val, Dice: 0.8309, IoU: 0.7406
[2026-08-23 22:33:29,306] Epoch: 45, Dataset: test, Dice: 0.4856, IoU: 0.3886
[2026-08-23 22:33:30,042] Epoch: 45, Dataset: val, Dice: 0.8038, IoU: 0.7139
[2026-08-23 22:33:58,663] Epoch: 46, Dataset: test, Dice: 0.4755, IoU: 0.3704
[2026-08-23 22:33:59,406] Epoch: 46, Dataset: val, Dice: 0.8636, IoU: 0.7844
[2026-08-23 22:33:59,407] ### Best Model Saved (Dice improved from 0.8492 to 0.8636) ###
[2026-08-23 22:34:28,058] Epoch: 47, Dataset: test, Dice: 0.4161, IoU: 0.3245
[2026-08-23 22:34:28,784] Epoch: 47, Dataset: val, Dice: 0.8458, IoU: 0.7609
[2026-08-23 22:34:57,693] Epoch: 48, Dataset: test, Dice: 0.5328, IoU: 0.4405
[2026-08-23 22:34:58,441] Epoch: 48, Dataset: val, Dice: 0.8021, IoU: 0.7107
[2026-08-23 22:35:27,030] Epoch: 49, Dataset: test, Dice: 0.4463, IoU: 0.3599
[2026-08-23 22:35:27,760] Epoch: 49, Dataset: val, Dice: 0.8294, IoU: 0.7428
[2026-08-23 22:35:56,336] Epoch: 50, Dataset: test, Dice: 0.4589, IoU: 0.3625
[2026-08-23 22:35:57,087] Epoch: 50, Dataset: val, Dice: 0.8167, IoU: 0.7283
[2026-08-23 22:36:25,741] Epoch: 51, Dataset: test, Dice: 0.4291, IoU: 0.3306
[2026-08-23 22:36:26,485] Epoch: 51, Dataset: val, Dice: 0.8398, IoU: 0.7525
[2026-08-23 22:36:55,144] Epoch: 52, Dataset: test, Dice: 0.4068, IoU: 0.3198
[2026-08-23 22:36:55,864] Epoch: 52, Dataset: val, Dice: 0.8492, IoU: 0.7642
[2026-08-23 22:37:24,514] Epoch: 53, Dataset: test, Dice: 0.4858, IoU: 0.3966
[2026-08-23 22:37:25,258] Epoch: 53, Dataset: val, Dice: 0.8054, IoU: 0.7141
[2026-08-23 22:37:53,854] Epoch: 54, Dataset: test, Dice: 0.4532, IoU: 0.3446
[2026-08-23 22:37:54,612] Epoch: 54, Dataset: val, Dice: 0.8409, IoU: 0.7587
[2026-08-23 22:38:23,236] Epoch: 55, Dataset: test, Dice: 0.4165, IoU: 0.3348
[2026-08-23 22:38:23,949] Epoch: 55, Dataset: val, Dice: 0.8454, IoU: 0.7589
[2026-08-23 22:38:52,673] Epoch: 56, Dataset: test, Dice: 0.4694, IoU: 0.3762
[2026-08-23 22:38:53,398] Epoch: 56, Dataset: val, Dice: 0.8790, IoU: 0.8081
[2026-08-23 22:38:53,398] ### Best Model Saved (Dice improved from 0.8636 to 0.8790) ###
[2026-08-23 22:39:22,111] Epoch: 57, Dataset: test, Dice: 0.5026, IoU: 0.4113
[2026-08-23 22:39:22,865] Epoch: 57, Dataset: val, Dice: 0.8674, IoU: 0.7910
[2026-08-23 22:39:51,493] Epoch: 58, Dataset: test, Dice: 0.5308, IoU: 0.4393
[2026-08-23 22:39:52,288] Epoch: 58, Dataset: val, Dice: 0.8513, IoU: 0.7721
[2026-08-23 22:40:20,983] Epoch: 59, Dataset: test, Dice: 0.4874, IoU: 0.3966
[2026-08-23 22:40:21,714] Epoch: 59, Dataset: val, Dice: 0.8677, IoU: 0.7913
[2026-08-23 22:40:50,331] Epoch: 60, Dataset: test, Dice: 0.4186, IoU: 0.3340
[2026-08-23 22:40:51,060] Epoch: 60, Dataset: val, Dice: 0.8381, IoU: 0.7532
[2026-08-23 22:41:19,685] Epoch: 61, Dataset: test, Dice: 0.3701, IoU: 0.2970
[2026-08-23 22:41:20,425] Epoch: 61, Dataset: val, Dice: 0.8380, IoU: 0.7494
[2026-08-23 22:41:49,135] Epoch: 62, Dataset: test, Dice: 0.5011, IoU: 0.3968
[2026-08-23 22:41:49,886] Epoch: 62, Dataset: val, Dice: 0.8584, IoU: 0.7766
[2026-08-23 22:42:18,529] Epoch: 63, Dataset: test, Dice: 0.4067, IoU: 0.3310
[2026-08-23 22:42:19,267] Epoch: 63, Dataset: val, Dice: 0.8644, IoU: 0.7839
[2026-08-23 22:42:47,913] Epoch: 64, Dataset: test, Dice: 0.4646, IoU: 0.3825
[2026-08-23 22:42:48,637] Epoch: 64, Dataset: val, Dice: 0.7741, IoU: 0.6841
[2026-08-23 22:43:17,260] Epoch: 65, Dataset: test, Dice: 0.4835, IoU: 0.3948
[2026-08-23 22:43:18,015] Epoch: 65, Dataset: val, Dice: 0.8725, IoU: 0.7974
[2026-08-23 22:43:46,693] Epoch: 66, Dataset: test, Dice: 0.5142, IoU: 0.4113
[2026-08-23 22:43:47,479] Epoch: 66, Dataset: val, Dice: 0.8691, IoU: 0.7968
[2026-08-23 22:44:16,053] Epoch: 67, Dataset: test, Dice: 0.5030, IoU: 0.4067
[2026-08-23 22:44:16,807] Epoch: 67, Dataset: val, Dice: 0.8710, IoU: 0.7915
[2026-08-23 22:44:45,387] Epoch: 68, Dataset: test, Dice: 0.4877, IoU: 0.3813
[2026-08-23 22:44:46,130] Epoch: 68, Dataset: val, Dice: 0.8825, IoU: 0.8091
[2026-08-23 22:44:46,131] ### Best Model Saved (Dice improved from 0.8790 to 0.8825) ###
[2026-08-23 22:45:14,834] Epoch: 69, Dataset: test, Dice: 0.3897, IoU: 0.3035
[2026-08-23 22:45:15,598] Epoch: 69, Dataset: val, Dice: 0.8735, IoU: 0.7958
[2026-08-23 22:45:44,252] Epoch: 70, Dataset: test, Dice: 0.4999, IoU: 0.4010
[2026-08-23 22:45:44,975] Epoch: 70, Dataset: val, Dice: 0.8696, IoU: 0.7918
[2026-08-23 22:46:13,589] Epoch: 71, Dataset: test, Dice: 0.4252, IoU: 0.3308
[2026-08-23 22:46:14,350] Epoch: 71, Dataset: val, Dice: 0.8582, IoU: 0.7770
[2026-08-23 22:46:43,010] Epoch: 72, Dataset: test, Dice: 0.4077, IoU: 0.3065
[2026-08-23 22:46:43,742] Epoch: 72, Dataset: val, Dice: 0.8761, IoU: 0.8053
[2026-08-23 22:47:12,390] Epoch: 73, Dataset: test, Dice: 0.3911, IoU: 0.3141
[2026-08-23 22:47:13,104] Epoch: 73, Dataset: val, Dice: 0.8775, IoU: 0.8037
[2026-08-23 22:47:41,667] Epoch: 74, Dataset: test, Dice: 0.3097, IoU: 0.2201
[2026-08-23 22:47:42,487] Epoch: 74, Dataset: val, Dice: 0.8121, IoU: 0.7161
[2026-08-23 22:48:11,151] Epoch: 75, Dataset: test, Dice: 0.4110, IoU: 0.3185
[2026-08-23 22:48:11,881] Epoch: 75, Dataset: val, Dice: 0.8855, IoU: 0.8148
[2026-08-23 22:48:11,881] ### Best Model Saved (Dice improved from 0.8825 to 0.8855) ###
[2026-08-23 22:48:40,614] Epoch: 76, Dataset: test, Dice: 0.5270, IoU: 0.4317
[2026-08-23 22:48:41,337] Epoch: 76, Dataset: val, Dice: 0.8761, IoU: 0.8003
[2026-08-23 22:49:09,946] Epoch: 77, Dataset: test, Dice: 0.4679, IoU: 0.3731
[2026-08-23 22:49:10,653] Epoch: 77, Dataset: val, Dice: 0.8626, IoU: 0.7813
[2026-08-23 22:49:39,289] Epoch: 78, Dataset: test, Dice: 0.5527, IoU: 0.4499
[2026-08-23 22:49:40,042] Epoch: 78, Dataset: val, Dice: 0.8912, IoU: 0.8248
[2026-08-23 22:49:40,042] ### Best Model Saved (Dice improved from 0.8855 to 0.8912) ###
[2026-08-23 22:50:08,732] Epoch: 79, Dataset: test, Dice: 0.4986, IoU: 0.4050
[2026-08-23 22:50:09,475] Epoch: 79, Dataset: val, Dice: 0.8691, IoU: 0.7950
[2026-08-23 22:50:38,078] Epoch: 80, Dataset: test, Dice: 0.5699, IoU: 0.4616
[2026-08-23 22:50:38,830] Epoch: 80, Dataset: val, Dice: 0.8478, IoU: 0.7678
[2026-08-23 22:51:07,464] Epoch: 81, Dataset: test, Dice: 0.4810, IoU: 0.3739
[2026-08-23 22:51:08,223] Epoch: 81, Dataset: val, Dice: 0.8592, IoU: 0.7772
[2026-08-23 22:51:36,930] Epoch: 82, Dataset: test, Dice: 0.5463, IoU: 0.4373
[2026-08-23 22:51:37,705] Epoch: 82, Dataset: val, Dice: 0.8808, IoU: 0.8097
[2026-08-23 22:52:06,297] Epoch: 83, Dataset: test, Dice: 0.5202, IoU: 0.4201
[2026-08-23 22:52:07,043] Epoch: 83, Dataset: val, Dice: 0.8729, IoU: 0.7987
[2026-08-23 22:52:35,636] Epoch: 84, Dataset: test, Dice: 0.5290, IoU: 0.4282
[2026-08-23 22:52:36,391] Epoch: 84, Dataset: val, Dice: 0.8499, IoU: 0.7678
[2026-08-23 22:53:05,052] Epoch: 85, Dataset: test, Dice: 0.4510, IoU: 0.3477
[2026-08-23 22:53:05,785] Epoch: 85, Dataset: val, Dice: 0.8815, IoU: 0.8131
[2026-08-23 22:53:34,399] Epoch: 86, Dataset: test, Dice: 0.4971, IoU: 0.4090
[2026-08-23 22:53:35,175] Epoch: 86, Dataset: val, Dice: 0.8555, IoU: 0.7723
[2026-08-23 22:54:03,772] Epoch: 87, Dataset: test, Dice: 0.4421, IoU: 0.3584
[2026-08-23 22:54:04,551] Epoch: 87, Dataset: val, Dice: 0.8844, IoU: 0.8148
[2026-08-23 22:54:33,211] Epoch: 88, Dataset: test, Dice: 0.5487, IoU: 0.4524
[2026-08-23 22:54:33,947] Epoch: 88, Dataset: val, Dice: 0.8743, IoU: 0.7991
[2026-08-23 22:55:02,661] Epoch: 89, Dataset: test, Dice: 0.4599, IoU: 0.3703
[2026-08-23 22:55:03,403] Epoch: 89, Dataset: val, Dice: 0.8739, IoU: 0.8000
[2026-08-23 22:55:32,098] Epoch: 90, Dataset: test, Dice: 0.4492, IoU: 0.3559
[2026-08-23 22:55:32,821] Epoch: 90, Dataset: val, Dice: 0.8645, IoU: 0.7867
[2026-08-23 22:56:01,453] Epoch: 91, Dataset: test, Dice: 0.5424, IoU: 0.4436
[2026-08-23 22:56:02,209] Epoch: 91, Dataset: val, Dice: 0.8780, IoU: 0.8054
[2026-08-23 22:56:30,881] Epoch: 92, Dataset: test, Dice: 0.5413, IoU: 0.4473
[2026-08-23 22:56:31,616] Epoch: 92, Dataset: val, Dice: 0.8865, IoU: 0.8139
[2026-08-23 22:57:00,305] Epoch: 93, Dataset: test, Dice: 0.5331, IoU: 0.4390
[2026-08-23 22:57:01,064] Epoch: 93, Dataset: val, Dice: 0.8849, IoU: 0.8123
[2026-08-23 22:57:29,740] Epoch: 94, Dataset: test, Dice: 0.5734, IoU: 0.4671
[2026-08-23 22:57:30,500] Epoch: 94, Dataset: val, Dice: 0.8766, IoU: 0.8021
[2026-08-23 22:57:59,180] Epoch: 95, Dataset: test, Dice: 0.5485, IoU: 0.4457
[2026-08-23 22:57:59,914] Epoch: 95, Dataset: val, Dice: 0.8662, IoU: 0.7928
[2026-08-23 22:58:28,570] Epoch: 96, Dataset: test, Dice: 0.5063, IoU: 0.3971
[2026-08-23 22:58:29,325] Epoch: 96, Dataset: val, Dice: 0.8855, IoU: 0.8175
[2026-08-23 22:58:57,990] Epoch: 97, Dataset: test, Dice: 0.5239, IoU: 0.4250
[2026-08-23 22:58:58,757] Epoch: 97, Dataset: val, Dice: 0.8825, IoU: 0.8120
[2026-08-23 22:59:27,446] Epoch: 98, Dataset: test, Dice: 0.4709, IoU: 0.3822
[2026-08-23 22:59:28,164] Epoch: 98, Dataset: val, Dice: 0.8833, IoU: 0.8145
[2026-08-23 22:59:56,837] Epoch: 99, Dataset: test, Dice: 0.4864, IoU: 0.3948
[2026-08-23 22:59:57,595] Epoch: 99, Dataset: val, Dice: 0.8911, IoU: 0.8245
[2026-08-23 23:00:26,240] Epoch: 100, Dataset: test, Dice: 0.5255, IoU: 0.4282
[2026-08-23 23:00:26,983] Epoch: 100, Dataset: val, Dice: 0.8862, IoU: 0.8171
[2026-08-23 23:00:55,641] Epoch: 101, Dataset: test, Dice: 0.5429, IoU: 0.4415
[2026-08-23 23:00:56,400] Epoch: 101, Dataset: val, Dice: 0.8931, IoU: 0.8273
[2026-08-23 23:00:56,400] ### Best Model Saved (Dice improved from 0.8912 to 0.8931) ###
[2026-08-23 23:01:25,113] Epoch: 102, Dataset: test, Dice: 0.4845, IoU: 0.3813
[2026-08-23 23:01:25,872] Epoch: 102, Dataset: val, Dice: 0.8798, IoU: 0.8073
[2026-08-23 23:01:54,526] Epoch: 103, Dataset: test, Dice: 0.5173, IoU: 0.4105
[2026-08-23 23:01:55,270] Epoch: 103, Dataset: val, Dice: 0.8775, IoU: 0.8096
[2026-08-23 23:02:23,893] Epoch: 104, Dataset: test, Dice: 0.4221, IoU: 0.3312
[2026-08-23 23:02:24,618] Epoch: 104, Dataset: val, Dice: 0.8764, IoU: 0.8028
[2026-08-23 23:02:53,202] Epoch: 105, Dataset: test, Dice: 0.5277, IoU: 0.4257
[2026-08-23 23:02:53,923] Epoch: 105, Dataset: val, Dice: 0.8892, IoU: 0.8255
[2026-08-23 23:03:22,584] Epoch: 106, Dataset: test, Dice: 0.5534, IoU: 0.4488
[2026-08-23 23:03:23,343] Epoch: 106, Dataset: val, Dice: 0.8759, IoU: 0.8074
[2026-08-23 23:03:52,044] Epoch: 107, Dataset: test, Dice: 0.4937, IoU: 0.3885
[2026-08-23 23:03:52,801] Epoch: 107, Dataset: val, Dice: 0.8846, IoU: 0.8167
[2026-08-23 23:04:21,403] Epoch: 108, Dataset: test, Dice: 0.5442, IoU: 0.4420
[2026-08-23 23:04:22,180] Epoch: 108, Dataset: val, Dice: 0.8871, IoU: 0.8197
[2026-08-23 23:04:50,723] Epoch: 109, Dataset: test, Dice: 0.4308, IoU: 0.3279
[2026-08-23 23:04:51,479] Epoch: 109, Dataset: val, Dice: 0.8819, IoU: 0.8111
[2026-08-23 23:05:20,113] Epoch: 110, Dataset: test, Dice: 0.5673, IoU: 0.4616
[2026-08-23 23:05:20,824] Epoch: 110, Dataset: val, Dice: 0.8888, IoU: 0.8188
[2026-08-23 23:05:49,468] Epoch: 111, Dataset: test, Dice: 0.5076, IoU: 0.4109
[2026-08-23 23:05:50,208] Epoch: 111, Dataset: val, Dice: 0.8893, IoU: 0.8220
[2026-08-23 23:06:18,913] Epoch: 112, Dataset: test, Dice: 0.5149, IoU: 0.3975
[2026-08-23 23:06:19,669] Epoch: 112, Dataset: val, Dice: 0.8900, IoU: 0.8233
[2026-08-23 23:06:48,284] Epoch: 113, Dataset: test, Dice: 0.4514, IoU: 0.3551
[2026-08-23 23:06:49,031] Epoch: 113, Dataset: val, Dice: 0.8790, IoU: 0.8079
[2026-08-23 23:07:17,563] Epoch: 114, Dataset: test, Dice: 0.5129, IoU: 0.4062
[2026-08-23 23:07:18,292] Epoch: 114, Dataset: val, Dice: 0.8858, IoU: 0.8171
[2026-08-23 23:07:46,909] Epoch: 115, Dataset: test, Dice: 0.5180, IoU: 0.4070
[2026-08-23 23:07:47,676] Epoch: 115, Dataset: val, Dice: 0.8892, IoU: 0.8226
[2026-08-23 23:08:16,334] Epoch: 116, Dataset: test, Dice: 0.5278, IoU: 0.4255
[2026-08-23 23:08:17,068] Epoch: 116, Dataset: val, Dice: 0.8880, IoU: 0.8160
[2026-08-23 23:08:45,690] Epoch: 117, Dataset: test, Dice: 0.5387, IoU: 0.4489
[2026-08-23 23:08:46,434] Epoch: 117, Dataset: val, Dice: 0.8877, IoU: 0.8176
[2026-08-23 23:09:15,059] Epoch: 118, Dataset: test, Dice: 0.4615, IoU: 0.3748
[2026-08-23 23:09:15,825] Epoch: 118, Dataset: val, Dice: 0.8776, IoU: 0.8067
[2026-08-23 23:09:44,415] Epoch: 119, Dataset: test, Dice: 0.4946, IoU: 0.4020
[2026-08-23 23:09:45,161] Epoch: 119, Dataset: val, Dice: 0.8811, IoU: 0.8113
[2026-08-23 23:10:13,808] Epoch: 120, Dataset: test, Dice: 0.5820, IoU: 0.4845
[2026-08-23 23:10:14,543] Epoch: 120, Dataset: val, Dice: 0.8905, IoU: 0.8224
[2026-08-23 23:10:43,163] Epoch: 121, Dataset: test, Dice: 0.4905, IoU: 0.3993
[2026-08-23 23:10:43,911] Epoch: 121, Dataset: val, Dice: 0.8807, IoU: 0.8108
[2026-08-23 23:11:12,648] Epoch: 122, Dataset: test, Dice: 0.4815, IoU: 0.3918
[2026-08-23 23:11:13,397] Epoch: 122, Dataset: val, Dice: 0.8871, IoU: 0.8198
[2026-08-23 23:11:42,060] Epoch: 123, Dataset: test, Dice: 0.5094, IoU: 0.4159
[2026-08-23 23:11:42,782] Epoch: 123, Dataset: val, Dice: 0.8849, IoU: 0.8150
[2026-08-23 23:12:11,357] Epoch: 124, Dataset: test, Dice: 0.4415, IoU: 0.3457
[2026-08-23 23:12:12,133] Epoch: 124, Dataset: val, Dice: 0.8905, IoU: 0.8221
[2026-08-23 23:12:40,701] Epoch: 125, Dataset: test, Dice: 0.5197, IoU: 0.4174
[2026-08-23 23:12:41,420] Epoch: 125, Dataset: val, Dice: 0.8922, IoU: 0.8275
[2026-08-23 23:13:10,095] Epoch: 126, Dataset: test, Dice: 0.4770, IoU: 0.3761
[2026-08-23 23:13:10,848] Epoch: 126, Dataset: val, Dice: 0.8962, IoU: 0.8341
[2026-08-23 23:13:10,848] ### Best Model Saved (Dice improved from 0.8931 to 0.8962) ###
[2026-08-23 23:13:39,564] Epoch: 127, Dataset: test, Dice: 0.5531, IoU: 0.4632
[2026-08-23 23:13:40,271] Epoch: 127, Dataset: val, Dice: 0.8935, IoU: 0.8225
[2026-08-23 23:14:08,863] Epoch: 128, Dataset: test, Dice: 0.5476, IoU: 0.4463
[2026-08-23 23:14:09,604] Epoch: 128, Dataset: val, Dice: 0.8763, IoU: 0.8055
[2026-08-23 23:14:38,217] Epoch: 129, Dataset: test, Dice: 0.4776, IoU: 0.3769
[2026-08-23 23:14:38,961] Epoch: 129, Dataset: val, Dice: 0.8867, IoU: 0.8173
[2026-08-23 23:15:07,639] Epoch: 130, Dataset: test, Dice: 0.4536, IoU: 0.3563
[2026-08-23 23:15:08,369] Epoch: 130, Dataset: val, Dice: 0.8963, IoU: 0.8298
[2026-08-23 23:15:08,369] ### Best Model Saved (Dice improved from 0.8962 to 0.8963) ###
[2026-08-23 23:15:37,042] Epoch: 131, Dataset: test, Dice: 0.5163, IoU: 0.4225
[2026-08-23 23:15:37,755] Epoch: 131, Dataset: val, Dice: 0.8862, IoU: 0.8209
[2026-08-23 23:16:06,425] Epoch: 132, Dataset: test, Dice: 0.5500, IoU: 0.4552
[2026-08-23 23:16:07,183] Epoch: 132, Dataset: val, Dice: 0.8928, IoU: 0.8267
[2026-08-23 23:16:35,816] Epoch: 133, Dataset: test, Dice: 0.4966, IoU: 0.3964
[2026-08-23 23:16:36,561] Epoch: 133, Dataset: val, Dice: 0.8936, IoU: 0.8266
[2026-08-23 23:17:05,206] Epoch: 134, Dataset: test, Dice: 0.5751, IoU: 0.4693
[2026-08-23 23:17:05,967] Epoch: 134, Dataset: val, Dice: 0.8896, IoU: 0.8233
[2026-08-23 23:17:34,654] Epoch: 135, Dataset: test, Dice: 0.5416, IoU: 0.4476
[2026-08-23 23:17:35,429] Epoch: 135, Dataset: val, Dice: 0.8834, IoU: 0.8114
[2026-08-23 23:18:04,125] Epoch: 136, Dataset: test, Dice: 0.5114, IoU: 0.4156
[2026-08-23 23:18:04,891] Epoch: 136, Dataset: val, Dice: 0.8832, IoU: 0.8164
[2026-08-23 23:18:33,527] Epoch: 137, Dataset: test, Dice: 0.5273, IoU: 0.4246
[2026-08-23 23:18:34,299] Epoch: 137, Dataset: val, Dice: 0.8935, IoU: 0.8269
[2026-08-23 23:19:02,937] Epoch: 138, Dataset: test, Dice: 0.5444, IoU: 0.4463
[2026-08-23 23:19:03,648] Epoch: 138, Dataset: val, Dice: 0.8794, IoU: 0.8123
[2026-08-23 23:19:32,300] Epoch: 139, Dataset: test, Dice: 0.5630, IoU: 0.4592
[2026-08-23 23:19:33,054] Epoch: 139, Dataset: val, Dice: 0.9087, IoU: 0.8460
[2026-08-23 23:19:33,054] ### Best Model Saved (Dice improved from 0.8963 to 0.9087) ###
[2026-08-23 23:20:01,682] Epoch: 140, Dataset: test, Dice: 0.5495, IoU: 0.4477
[2026-08-23 23:20:02,444] Epoch: 140, Dataset: val, Dice: 0.9105, IoU: 0.8451
[2026-08-23 23:20:02,444] ### Best Model Saved (Dice improved from 0.9087 to 0.9105) ###
[2026-08-23 23:20:31,121] Epoch: 141, Dataset: test, Dice: 0.5715, IoU: 0.4679
[2026-08-23 23:20:31,835] Epoch: 141, Dataset: val, Dice: 0.9039, IoU: 0.8416
[2026-08-23 23:21:00,456] Epoch: 142, Dataset: test, Dice: 0.5481, IoU: 0.4402
[2026-08-23 23:21:01,214] Epoch: 142, Dataset: val, Dice: 0.9014, IoU: 0.8384
[2026-08-23 23:21:29,849] Epoch: 143, Dataset: test, Dice: 0.5402, IoU: 0.4431
[2026-08-23 23:21:30,572] Epoch: 143, Dataset: val, Dice: 0.8947, IoU: 0.8265
[2026-08-23 23:21:59,189] Epoch: 144, Dataset: test, Dice: 0.5607, IoU: 0.4666
[2026-08-23 23:21:59,927] Epoch: 144, Dataset: val, Dice: 0.8908, IoU: 0.8232
[2026-08-23 23:22:28,549] Epoch: 145, Dataset: test, Dice: 0.5124, IoU: 0.4214
[2026-08-23 23:22:29,270] Epoch: 145, Dataset: val, Dice: 0.8850, IoU: 0.8191
[2026-08-23 23:22:57,894] Epoch: 146, Dataset: test, Dice: 0.5459, IoU: 0.4494
[2026-08-23 23:22:58,656] Epoch: 146, Dataset: val, Dice: 0.8874, IoU: 0.8197
[2026-08-23 23:23:27,306] Epoch: 147, Dataset: test, Dice: 0.5379, IoU: 0.4443
[2026-08-23 23:23:28,068] Epoch: 147, Dataset: val, Dice: 0.8941, IoU: 0.8293
[2026-08-23 23:23:56,709] Epoch: 148, Dataset: test, Dice: 0.4700, IoU: 0.3763
[2026-08-23 23:23:57,458] Epoch: 148, Dataset: val, Dice: 0.8908, IoU: 0.8268
[2026-08-23 23:24:26,105] Epoch: 149, Dataset: test, Dice: 0.4680, IoU: 0.3745
[2026-08-23 23:24:26,845] Epoch: 149, Dataset: val, Dice: 0.8855, IoU: 0.8178
[2026-08-23 23:24:55,568] Epoch: 150, Dataset: test, Dice: 0.5586, IoU: 0.4646
[2026-08-23 23:24:56,335] Epoch: 150, Dataset: val, Dice: 0.8917, IoU: 0.8266
[2026-08-23 23:25:24,941] Epoch: 151, Dataset: test, Dice: 0.4382, IoU: 0.3478
[2026-08-23 23:25:25,686] Epoch: 151, Dataset: val, Dice: 0.8879, IoU: 0.8218
[2026-08-23 23:25:54,278] Epoch: 152, Dataset: test, Dice: 0.5168, IoU: 0.4132
[2026-08-23 23:25:55,011] Epoch: 152, Dataset: val, Dice: 0.8960, IoU: 0.8295
[2026-08-23 23:26:23,604] Epoch: 153, Dataset: test, Dice: 0.5729, IoU: 0.4788
[2026-08-23 23:26:24,354] Epoch: 153, Dataset: val, Dice: 0.8864, IoU: 0.8212
[2026-08-23 23:26:52,980] Epoch: 154, Dataset: test, Dice: 0.4895, IoU: 0.3921
[2026-08-23 23:26:53,716] Epoch: 154, Dataset: val, Dice: 0.8918, IoU: 0.8287
[2026-08-23 23:27:22,414] Epoch: 155, Dataset: test, Dice: 0.5258, IoU: 0.4290
[2026-08-23 23:27:23,172] Epoch: 155, Dataset: val, Dice: 0.8966, IoU: 0.8294
[2026-08-23 23:27:51,838] Epoch: 156, Dataset: test, Dice: 0.5534, IoU: 0.4553
[2026-08-23 23:27:52,598] Epoch: 156, Dataset: val, Dice: 0.8952, IoU: 0.8270
[2026-08-23 23:28:21,279] Epoch: 157, Dataset: test, Dice: 0.4849, IoU: 0.3885
[2026-08-23 23:28:22,027] Epoch: 157, Dataset: val, Dice: 0.8932, IoU: 0.8296
[2026-08-23 23:28:50,631] Epoch: 158, Dataset: test, Dice: 0.5557, IoU: 0.4516
[2026-08-23 23:28:51,381] Epoch: 158, Dataset: val, Dice: 0.8945, IoU: 0.8332
[2026-08-23 23:29:20,040] Epoch: 159, Dataset: test, Dice: 0.5368, IoU: 0.4349
[2026-08-23 23:29:20,768] Epoch: 159, Dataset: val, Dice: 0.8865, IoU: 0.8233
[2026-08-23 23:29:49,407] Epoch: 160, Dataset: test, Dice: 0.5779, IoU: 0.4712
[2026-08-23 23:29:50,140] Epoch: 160, Dataset: val, Dice: 0.8945, IoU: 0.8320
[2026-08-23 23:30:18,799] Epoch: 161, Dataset: test, Dice: 0.5003, IoU: 0.3914
[2026-08-23 23:30:19,562] Epoch: 161, Dataset: val, Dice: 0.8917, IoU: 0.8278
[2026-08-23 23:30:48,201] Epoch: 162, Dataset: test, Dice: 0.4426, IoU: 0.3464
[2026-08-23 23:30:48,995] Epoch: 162, Dataset: val, Dice: 0.8905, IoU: 0.8263
[2026-08-23 23:31:17,600] Epoch: 163, Dataset: test, Dice: 0.4964, IoU: 0.3960
[2026-08-23 23:31:18,360] Epoch: 163, Dataset: val, Dice: 0.8916, IoU: 0.8269
[2026-08-23 23:31:46,933] Epoch: 164, Dataset: test, Dice: 0.4806, IoU: 0.3791
[2026-08-23 23:31:47,667] Epoch: 164, Dataset: val, Dice: 0.8908, IoU: 0.8255
[2026-08-23 23:32:16,298] Epoch: 165, Dataset: test, Dice: 0.5019, IoU: 0.4033
[2026-08-23 23:32:17,047] Epoch: 165, Dataset: val, Dice: 0.8957, IoU: 0.8320
[2026-08-23 23:32:45,716] Epoch: 166, Dataset: test, Dice: 0.5761, IoU: 0.4803
[2026-08-23 23:32:46,442] Epoch: 166, Dataset: val, Dice: 0.8923, IoU: 0.8275
[2026-08-23 23:33:15,086] Epoch: 167, Dataset: test, Dice: 0.5225, IoU: 0.4257
[2026-08-23 23:33:15,795] Epoch: 167, Dataset: val, Dice: 0.8894, IoU: 0.8253
[2026-08-23 23:33:44,404] Epoch: 168, Dataset: test, Dice: 0.5321, IoU: 0.4319
[2026-08-23 23:33:45,164] Epoch: 168, Dataset: val, Dice: 0.8973, IoU: 0.8291
[2026-08-23 23:34:13,750] Epoch: 169, Dataset: test, Dice: 0.5471, IoU: 0.4445
[2026-08-23 23:34:14,502] Epoch: 169, Dataset: val, Dice: 0.8914, IoU: 0.8251
[2026-08-23 23:34:43,144] Epoch: 170, Dataset: test, Dice: 0.4809, IoU: 0.3834
[2026-08-23 23:34:43,871] Epoch: 170, Dataset: val, Dice: 0.8920, IoU: 0.8270
[2026-08-23 23:35:12,555] Epoch: 171, Dataset: test, Dice: 0.5268, IoU: 0.4273
[2026-08-23 23:35:13,270] Epoch: 171, Dataset: val, Dice: 0.8918, IoU: 0.8279
[2026-08-23 23:35:41,889] Epoch: 172, Dataset: test, Dice: 0.5401, IoU: 0.4445
[2026-08-23 23:35:42,669] Epoch: 172, Dataset: val, Dice: 0.8930, IoU: 0.8292
[2026-08-23 23:36:11,329] Epoch: 173, Dataset: test, Dice: 0.5476, IoU: 0.4519
[2026-08-23 23:36:12,091] Epoch: 173, Dataset: val, Dice: 0.8970, IoU: 0.8324
[2026-08-23 23:36:40,693] Epoch: 174, Dataset: test, Dice: 0.5833, IoU: 0.4745
[2026-08-23 23:36:41,471] Epoch: 174, Dataset: val, Dice: 0.8910, IoU: 0.8250
[2026-08-23 23:37:10,093] Epoch: 175, Dataset: test, Dice: 0.5411, IoU: 0.4429
[2026-08-23 23:37:10,849] Epoch: 175, Dataset: val, Dice: 0.8949, IoU: 0.8312
[2026-08-23 23:37:39,465] Epoch: 176, Dataset: test, Dice: 0.4759, IoU: 0.3833
[2026-08-23 23:37:40,217] Epoch: 176, Dataset: val, Dice: 0.8936, IoU: 0.8300
[2026-08-23 23:38:08,833] Epoch: 177, Dataset: test, Dice: 0.5043, IoU: 0.4033
[2026-08-23 23:38:09,556] Epoch: 177, Dataset: val, Dice: 0.8952, IoU: 0.8325
[2026-08-23 23:38:38,156] Epoch: 178, Dataset: test, Dice: 0.5090, IoU: 0.4073
[2026-08-23 23:38:38,884] Epoch: 178, Dataset: val, Dice: 0.8939, IoU: 0.8310
[2026-08-23 23:39:07,495] Epoch: 179, Dataset: test, Dice: 0.5042, IoU: 0.4094
[2026-08-23 23:39:08,219] Epoch: 179, Dataset: val, Dice: 0.8950, IoU: 0.8311
[2026-08-23 23:39:36,843] Epoch: 180, Dataset: test, Dice: 0.5421, IoU: 0.4405
[2026-08-23 23:39:37,617] Epoch: 180, Dataset: val, Dice: 0.8917, IoU: 0.8296
[2026-08-23 23:40:06,259] Epoch: 181, Dataset: test, Dice: 0.5051, IoU: 0.4048
[2026-08-23 23:40:07,005] Epoch: 181, Dataset: val, Dice: 0.8947, IoU: 0.8297
[2026-08-23 23:40:35,619] Epoch: 182, Dataset: test, Dice: 0.5617, IoU: 0.4598
[2026-08-23 23:40:36,359] Epoch: 182, Dataset: val, Dice: 0.8945, IoU: 0.8306
[2026-08-23 23:41:04,938] Epoch: 183, Dataset: test, Dice: 0.4583, IoU: 0.3689
[2026-08-23 23:41:05,687] Epoch: 183, Dataset: val, Dice: 0.8881, IoU: 0.8209
[2026-08-23 23:41:34,372] Epoch: 184, Dataset: test, Dice: 0.4796, IoU: 0.3827
[2026-08-23 23:41:35,100] Epoch: 184, Dataset: val, Dice: 0.8931, IoU: 0.8308
[2026-08-23 23:42:03,750] Epoch: 185, Dataset: test, Dice: 0.5065, IoU: 0.4069
[2026-08-23 23:42:04,477] Epoch: 185, Dataset: val, Dice: 0.8991, IoU: 0.8378
[2026-08-23 23:42:33,082] Epoch: 186, Dataset: test, Dice: 0.5904, IoU: 0.4891
[2026-08-23 23:42:33,812] Epoch: 186, Dataset: val, Dice: 0.8920, IoU: 0.8294
[2026-08-23 23:43:02,461] Epoch: 187, Dataset: test, Dice: 0.5378, IoU: 0.4335
[2026-08-23 23:43:03,215] Epoch: 187, Dataset: val, Dice: 0.8934, IoU: 0.8314
[2026-08-23 23:43:31,849] Epoch: 188, Dataset: test, Dice: 0.5206, IoU: 0.4202
[2026-08-23 23:43:32,624] Epoch: 188, Dataset: val, Dice: 0.8917, IoU: 0.8240
[2026-08-23 23:44:01,257] Epoch: 189, Dataset: test, Dice: 0.5597, IoU: 0.4613
[2026-08-23 23:44:02,016] Epoch: 189, Dataset: val, Dice: 0.8956, IoU: 0.8326
[2026-08-23 23:44:30,645] Epoch: 190, Dataset: test, Dice: 0.5123, IoU: 0.4141
[2026-08-23 23:44:31,404] Epoch: 190, Dataset: val, Dice: 0.8921, IoU: 0.8273
[2026-08-23 23:45:00,047] Epoch: 191, Dataset: test, Dice: 0.5203, IoU: 0.4196
[2026-08-23 23:45:00,802] Epoch: 191, Dataset: val, Dice: 0.8943, IoU: 0.8329
[2026-08-23 23:45:29,375] Epoch: 192, Dataset: test, Dice: 0.5150, IoU: 0.4178
[2026-08-23 23:45:30,115] Epoch: 192, Dataset: val, Dice: 0.8942, IoU: 0.8317
[2026-08-23 23:45:58,847] Epoch: 193, Dataset: test, Dice: 0.5483, IoU: 0.4521
[2026-08-23 23:45:59,587] Epoch: 193, Dataset: val, Dice: 0.8980, IoU: 0.8362
[2026-08-23 23:46:28,179] Epoch: 194, Dataset: test, Dice: 0.5819, IoU: 0.4812
[2026-08-23 23:46:28,897] Epoch: 194, Dataset: val, Dice: 0.8943, IoU: 0.8303
[2026-08-23 23:46:57,497] Epoch: 195, Dataset: test, Dice: 0.5215, IoU: 0.4182
[2026-08-23 23:46:58,233] Epoch: 195, Dataset: val, Dice: 0.8924, IoU: 0.8280
[2026-08-23 23:47:26,852] Epoch: 196, Dataset: test, Dice: 0.5307, IoU: 0.4313
[2026-08-23 23:47:27,583] Epoch: 196, Dataset: val, Dice: 0.8941, IoU: 0.8308
[2026-08-23 23:47:56,202] Epoch: 197, Dataset: test, Dice: 0.4678, IoU: 0.3770
[2026-08-23 23:47:56,935] Epoch: 197, Dataset: val, Dice: 0.8911, IoU: 0.8249
[2026-08-23 23:48:25,585] Epoch: 198, Dataset: test, Dice: 0.5532, IoU: 0.4511
[2026-08-23 23:48:26,326] Epoch: 198, Dataset: val, Dice: 0.8948, IoU: 0.8324
[2026-08-23 23:48:54,973] Epoch: 199, Dataset: test, Dice: 0.5210, IoU: 0.4251
[2026-08-23 23:48:55,688] Epoch: 199, Dataset: val, Dice: 0.8965, IoU: 0.8351
[2026-08-23 23:49:24,353] Epoch: 200, Dataset: test, Dice: 0.5625, IoU: 0.4599
[2026-08-23 23:49:25,105] Epoch: 200, Dataset: val, Dice: 0.8989, IoU: 0.8363
[2026-08-23 23:49:25,107] 
========================================
FINAL RESULTS: ClinicDB_MK_UNet_bs8_lr0.0005_e200_augTrue_run3_t221127
Best Val Dice: 0.9105
Test Dice at Best Val: 0.5495
Total Train Time: 5598.11s
========================================
