[2026-08-24 14:27:02,500] flops: 0.126256062, params: 0.027384, Total params: : 0.0274
[2026-08-24 14:27:16,227] Epoch: 1, Dataset: test, Dice: 0.1586, IoU: 0.0925
[2026-08-24 14:27:16,806] Epoch: 1, Dataset: val, Dice: 0.3234, IoU: 0.2135
[2026-08-24 14:27:16,806] ### Best Model Saved (Dice improved from 0.0000 to 0.3234) ###
[2026-08-24 14:27:29,473] Epoch: 2, Dataset: test, Dice: 0.1086, IoU: 0.0619
[2026-08-24 14:27:30,041] Epoch: 2, Dataset: val, Dice: 0.2798, IoU: 0.1862
[2026-08-24 14:27:42,802] Epoch: 3, Dataset: test, Dice: 0.1808, IoU: 0.1075
[2026-08-24 14:27:43,376] Epoch: 3, Dataset: val, Dice: 0.4392, IoU: 0.3152
[2026-08-24 14:27:43,377] ### Best Model Saved (Dice improved from 0.3234 to 0.4392) ###
[2026-08-24 14:27:56,200] Epoch: 4, Dataset: test, Dice: 0.1697, IoU: 0.1004
[2026-08-24 14:27:56,756] Epoch: 4, Dataset: val, Dice: 0.4594, IoU: 0.3425
[2026-08-24 14:27:56,756] ### Best Model Saved (Dice improved from 0.4392 to 0.4594) ###
[2026-08-24 14:28:09,596] Epoch: 5, Dataset: test, Dice: 0.1728, IoU: 0.1152
[2026-08-24 14:28:10,157] Epoch: 5, Dataset: val, Dice: 0.4836, IoU: 0.3651
[2026-08-24 14:28:10,157] ### Best Model Saved (Dice improved from 0.4594 to 0.4836) ###
[2026-08-24 14:28:23,125] Epoch: 6, Dataset: test, Dice: 0.0737, IoU: 0.0392
[2026-08-24 14:28:23,688] Epoch: 6, Dataset: val, Dice: 0.2638, IoU: 0.1672
[2026-08-24 14:28:36,812] Epoch: 7, Dataset: test, Dice: 0.2755, IoU: 0.1888
[2026-08-24 14:28:37,375] Epoch: 7, Dataset: val, Dice: 0.5834, IoU: 0.4490
[2026-08-24 14:28:37,375] ### Best Model Saved (Dice improved from 0.4836 to 0.5834) ###
[2026-08-24 14:28:50,558] Epoch: 8, Dataset: test, Dice: 0.2291, IoU: 0.1487
[2026-08-24 14:28:51,121] Epoch: 8, Dataset: val, Dice: 0.5280, IoU: 0.3949
[2026-08-24 14:29:04,364] Epoch: 9, Dataset: test, Dice: 0.2251, IoU: 0.1495
[2026-08-24 14:29:04,948] Epoch: 9, Dataset: val, Dice: 0.5272, IoU: 0.3953
[2026-08-24 14:29:18,234] Epoch: 10, Dataset: test, Dice: 0.1903, IoU: 0.1211
[2026-08-24 14:29:18,802] Epoch: 10, Dataset: val, Dice: 0.5806, IoU: 0.4525
[2026-08-24 14:29:32,227] Epoch: 11, Dataset: test, Dice: 0.1892, IoU: 0.1241
[2026-08-24 14:29:32,792] Epoch: 11, Dataset: val, Dice: 0.5799, IoU: 0.4550
[2026-08-24 14:29:46,186] Epoch: 12, Dataset: test, Dice: 0.1888, IoU: 0.1228
[2026-08-24 14:29:46,738] Epoch: 12, Dataset: val, Dice: 0.6171, IoU: 0.4960
[2026-08-24 14:29:46,738] ### Best Model Saved (Dice improved from 0.5834 to 0.6171) ###
[2026-08-24 14:30:00,048] Epoch: 13, Dataset: test, Dice: 0.1994, IoU: 0.1269
[2026-08-24 14:30:00,608] Epoch: 13, Dataset: val, Dice: 0.6568, IoU: 0.5317
[2026-08-24 14:30:00,608] ### Best Model Saved (Dice improved from 0.6171 to 0.6568) ###
[2026-08-24 14:30:14,060] Epoch: 14, Dataset: test, Dice: 0.1681, IoU: 0.1025
[2026-08-24 14:30:14,630] Epoch: 14, Dataset: val, Dice: 0.6521, IoU: 0.5379
[2026-08-24 14:30:28,002] Epoch: 15, Dataset: test, Dice: 0.2386, IoU: 0.1589
[2026-08-24 14:30:28,558] Epoch: 15, Dataset: val, Dice: 0.6569, IoU: 0.5334
[2026-08-24 14:30:28,559] ### Best Model Saved (Dice improved from 0.6568 to 0.6569) ###
[2026-08-24 14:30:41,869] Epoch: 16, Dataset: test, Dice: 0.2757, IoU: 0.1921
[2026-08-24 14:30:42,430] Epoch: 16, Dataset: val, Dice: 0.5965, IoU: 0.4733
[2026-08-24 14:30:55,772] Epoch: 17, Dataset: test, Dice: 0.2235, IoU: 0.1449
[2026-08-24 14:30:56,336] Epoch: 17, Dataset: val, Dice: 0.6638, IoU: 0.5479
[2026-08-24 14:30:56,336] ### Best Model Saved (Dice improved from 0.6569 to 0.6638) ###
[2026-08-24 14:31:09,682] Epoch: 18, Dataset: test, Dice: 0.2647, IoU: 0.1738
[2026-08-24 14:31:10,261] Epoch: 18, Dataset: val, Dice: 0.7317, IoU: 0.6215
[2026-08-24 14:31:10,261] ### Best Model Saved (Dice improved from 0.6638 to 0.7317) ###
[2026-08-24 14:31:23,640] Epoch: 19, Dataset: test, Dice: 0.2412, IoU: 0.1675
[2026-08-24 14:31:24,284] Epoch: 19, Dataset: val, Dice: 0.6642, IoU: 0.5462
[2026-08-24 14:31:37,662] Epoch: 20, Dataset: test, Dice: 0.3366, IoU: 0.2488
[2026-08-24 14:31:38,239] Epoch: 20, Dataset: val, Dice: 0.7323, IoU: 0.6169
[2026-08-24 14:31:38,240] ### Best Model Saved (Dice improved from 0.7317 to 0.7323) ###
[2026-08-24 14:31:51,505] Epoch: 21, Dataset: test, Dice: 0.2472, IoU: 0.1670
[2026-08-24 14:31:52,077] Epoch: 21, Dataset: val, Dice: 0.7051, IoU: 0.5956
[2026-08-24 14:32:05,362] Epoch: 22, Dataset: test, Dice: 0.2608, IoU: 0.1716
[2026-08-24 14:32:05,938] Epoch: 22, Dataset: val, Dice: 0.6550, IoU: 0.5322
[2026-08-24 14:32:19,189] Epoch: 23, Dataset: test, Dice: 0.3107, IoU: 0.2247
[2026-08-24 14:32:19,754] Epoch: 23, Dataset: val, Dice: 0.6721, IoU: 0.5507
[2026-08-24 14:32:33,028] Epoch: 24, Dataset: test, Dice: 0.3136, IoU: 0.2198
[2026-08-24 14:32:33,584] Epoch: 24, Dataset: val, Dice: 0.7098, IoU: 0.5911
[2026-08-24 14:32:46,973] Epoch: 25, Dataset: test, Dice: 0.3296, IoU: 0.2334
[2026-08-24 14:32:47,539] Epoch: 25, Dataset: val, Dice: 0.7198, IoU: 0.6025
[2026-08-24 14:33:00,845] Epoch: 26, Dataset: test, Dice: 0.3126, IoU: 0.2239
[2026-08-24 14:33:01,395] Epoch: 26, Dataset: val, Dice: 0.7528, IoU: 0.6409
[2026-08-24 14:33:01,396] ### Best Model Saved (Dice improved from 0.7323 to 0.7528) ###
[2026-08-24 14:33:14,724] Epoch: 27, Dataset: test, Dice: 0.2832, IoU: 0.1884
[2026-08-24 14:33:15,295] Epoch: 27, Dataset: val, Dice: 0.7204, IoU: 0.6058
[2026-08-24 14:33:28,598] Epoch: 28, Dataset: test, Dice: 0.2138, IoU: 0.1418
[2026-08-24 14:33:29,160] Epoch: 28, Dataset: val, Dice: 0.7169, IoU: 0.6067
[2026-08-24 14:33:42,456] Epoch: 29, Dataset: test, Dice: 0.2548, IoU: 0.1749
[2026-08-24 14:33:43,023] Epoch: 29, Dataset: val, Dice: 0.7211, IoU: 0.6073
[2026-08-24 14:33:56,405] Epoch: 30, Dataset: test, Dice: 0.3843, IoU: 0.2968
[2026-08-24 14:33:56,981] Epoch: 30, Dataset: val, Dice: 0.6765, IoU: 0.5568
[2026-08-24 14:34:10,200] Epoch: 31, Dataset: test, Dice: 0.2499, IoU: 0.1656
[2026-08-24 14:34:10,760] Epoch: 31, Dataset: val, Dice: 0.6661, IoU: 0.5435
[2026-08-24 14:34:24,061] Epoch: 32, Dataset: test, Dice: 0.3362, IoU: 0.2581
[2026-08-24 14:34:24,603] Epoch: 32, Dataset: val, Dice: 0.7226, IoU: 0.6112
[2026-08-24 14:34:37,878] Epoch: 33, Dataset: test, Dice: 0.3048, IoU: 0.2187
[2026-08-24 14:34:38,436] Epoch: 33, Dataset: val, Dice: 0.7256, IoU: 0.6196
[2026-08-24 14:34:51,721] Epoch: 34, Dataset: test, Dice: 0.4201, IoU: 0.3313
[2026-08-24 14:34:52,297] Epoch: 34, Dataset: val, Dice: 0.7458, IoU: 0.6394
[2026-08-24 14:35:05,625] Epoch: 35, Dataset: test, Dice: 0.3631, IoU: 0.2851
[2026-08-24 14:35:06,189] Epoch: 35, Dataset: val, Dice: 0.7181, IoU: 0.6092
[2026-08-24 14:35:19,460] Epoch: 36, Dataset: test, Dice: 0.3629, IoU: 0.2747
[2026-08-24 14:35:20,020] Epoch: 36, Dataset: val, Dice: 0.7425, IoU: 0.6366
[2026-08-24 14:35:33,300] Epoch: 37, Dataset: test, Dice: 0.2917, IoU: 0.1996
[2026-08-24 14:35:33,888] Epoch: 37, Dataset: val, Dice: 0.7569, IoU: 0.6509
[2026-08-24 14:35:33,888] ### Best Model Saved (Dice improved from 0.7528 to 0.7569) ###
[2026-08-24 14:35:47,178] Epoch: 38, Dataset: test, Dice: 0.3572, IoU: 0.2703
[2026-08-24 14:35:47,747] Epoch: 38, Dataset: val, Dice: 0.7582, IoU: 0.6562
[2026-08-24 14:35:47,748] ### Best Model Saved (Dice improved from 0.7569 to 0.7582) ###
[2026-08-24 14:36:01,055] Epoch: 39, Dataset: test, Dice: 0.3969, IoU: 0.2969
[2026-08-24 14:36:01,612] Epoch: 39, Dataset: val, Dice: 0.7897, IoU: 0.6893
[2026-08-24 14:36:01,612] ### Best Model Saved (Dice improved from 0.7582 to 0.7897) ###
[2026-08-24 14:36:14,895] Epoch: 40, Dataset: test, Dice: 0.3561, IoU: 0.2603
[2026-08-24 14:36:15,450] Epoch: 40, Dataset: val, Dice: 0.7828, IoU: 0.6833
[2026-08-24 14:36:28,751] Epoch: 41, Dataset: test, Dice: 0.3620, IoU: 0.2773
[2026-08-24 14:36:29,319] Epoch: 41, Dataset: val, Dice: 0.6966, IoU: 0.5808
[2026-08-24 14:36:42,632] Epoch: 42, Dataset: test, Dice: 0.3511, IoU: 0.2570
[2026-08-24 14:36:43,196] Epoch: 42, Dataset: val, Dice: 0.7903, IoU: 0.6918
[2026-08-24 14:36:43,197] ### Best Model Saved (Dice improved from 0.7897 to 0.7903) ###
[2026-08-24 14:36:56,453] Epoch: 43, Dataset: test, Dice: 0.3982, IoU: 0.3130
[2026-08-24 14:36:57,013] Epoch: 43, Dataset: val, Dice: 0.7699, IoU: 0.6681
[2026-08-24 14:37:10,251] Epoch: 44, Dataset: test, Dice: 0.3700, IoU: 0.2704
[2026-08-24 14:37:10,802] Epoch: 44, Dataset: val, Dice: 0.7917, IoU: 0.6980
[2026-08-24 14:37:10,802] ### Best Model Saved (Dice improved from 0.7903 to 0.7917) ###
[2026-08-24 14:37:24,128] Epoch: 45, Dataset: test, Dice: 0.2967, IoU: 0.1995
[2026-08-24 14:37:24,701] Epoch: 45, Dataset: val, Dice: 0.7349, IoU: 0.6268
[2026-08-24 14:37:38,052] Epoch: 46, Dataset: test, Dice: 0.2992, IoU: 0.2119
[2026-08-24 14:37:38,611] Epoch: 46, Dataset: val, Dice: 0.7470, IoU: 0.6366
[2026-08-24 14:37:51,948] Epoch: 47, Dataset: test, Dice: 0.3009, IoU: 0.2070
[2026-08-24 14:37:52,529] Epoch: 47, Dataset: val, Dice: 0.7687, IoU: 0.6628
[2026-08-24 14:38:05,912] Epoch: 48, Dataset: test, Dice: 0.3060, IoU: 0.2194
[2026-08-24 14:38:06,479] Epoch: 48, Dataset: val, Dice: 0.7362, IoU: 0.6323
[2026-08-24 14:38:19,813] Epoch: 49, Dataset: test, Dice: 0.3620, IoU: 0.2735
[2026-08-24 14:38:20,387] Epoch: 49, Dataset: val, Dice: 0.7494, IoU: 0.6462
[2026-08-24 14:38:33,682] Epoch: 50, Dataset: test, Dice: 0.3835, IoU: 0.2949
[2026-08-24 14:38:34,281] Epoch: 50, Dataset: val, Dice: 0.7801, IoU: 0.6828
[2026-08-24 14:38:47,560] Epoch: 51, Dataset: test, Dice: 0.3942, IoU: 0.2943
[2026-08-24 14:38:48,504] Epoch: 51, Dataset: val, Dice: 0.7751, IoU: 0.6758
[2026-08-24 14:39:01,987] Epoch: 52, Dataset: test, Dice: 0.3521, IoU: 0.2713
[2026-08-24 14:39:02,551] Epoch: 52, Dataset: val, Dice: 0.7490, IoU: 0.6360
[2026-08-24 14:39:15,869] Epoch: 53, Dataset: test, Dice: 0.3440, IoU: 0.2489
[2026-08-24 14:39:16,437] Epoch: 53, Dataset: val, Dice: 0.7994, IoU: 0.7059
[2026-08-24 14:39:16,438] ### Best Model Saved (Dice improved from 0.7917 to 0.7994) ###
[2026-08-24 14:39:29,853] Epoch: 54, Dataset: test, Dice: 0.4320, IoU: 0.3380
[2026-08-24 14:39:30,429] Epoch: 54, Dataset: val, Dice: 0.7741, IoU: 0.6701
[2026-08-24 14:39:43,711] Epoch: 55, Dataset: test, Dice: 0.4163, IoU: 0.3148
[2026-08-24 14:39:44,307] Epoch: 55, Dataset: val, Dice: 0.7838, IoU: 0.6780
[2026-08-24 14:39:57,643] Epoch: 56, Dataset: test, Dice: 0.5158, IoU: 0.4044
[2026-08-24 14:39:58,218] Epoch: 56, Dataset: val, Dice: 0.7997, IoU: 0.7035
[2026-08-24 14:39:58,219] ### Best Model Saved (Dice improved from 0.7994 to 0.7997) ###
[2026-08-24 14:40:11,515] Epoch: 57, Dataset: test, Dice: 0.4096, IoU: 0.3193
[2026-08-24 14:40:12,086] Epoch: 57, Dataset: val, Dice: 0.7441, IoU: 0.6304
[2026-08-24 14:40:25,413] Epoch: 58, Dataset: test, Dice: 0.3429, IoU: 0.2454
[2026-08-24 14:40:26,013] Epoch: 58, Dataset: val, Dice: 0.7485, IoU: 0.6439
[2026-08-24 14:40:39,335] Epoch: 59, Dataset: test, Dice: 0.4263, IoU: 0.3211
[2026-08-24 14:40:39,912] Epoch: 59, Dataset: val, Dice: 0.8116, IoU: 0.7214
[2026-08-24 14:40:39,912] ### Best Model Saved (Dice improved from 0.7997 to 0.8116) ###
[2026-08-24 14:40:53,288] Epoch: 60, Dataset: test, Dice: 0.3764, IoU: 0.2852
[2026-08-24 14:40:53,870] Epoch: 60, Dataset: val, Dice: 0.7623, IoU: 0.6686
[2026-08-24 14:41:07,225] Epoch: 61, Dataset: test, Dice: 0.3672, IoU: 0.2732
[2026-08-24 14:41:07,779] Epoch: 61, Dataset: val, Dice: 0.7409, IoU: 0.6385
[2026-08-24 14:41:21,075] Epoch: 62, Dataset: test, Dice: 0.3398, IoU: 0.2477
[2026-08-24 14:41:21,641] Epoch: 62, Dataset: val, Dice: 0.7851, IoU: 0.6941
[2026-08-24 14:41:34,900] Epoch: 63, Dataset: test, Dice: 0.3910, IoU: 0.2939
[2026-08-24 14:41:35,479] Epoch: 63, Dataset: val, Dice: 0.7569, IoU: 0.6497
[2026-08-24 14:41:48,748] Epoch: 64, Dataset: test, Dice: 0.3798, IoU: 0.2795
[2026-08-24 14:41:49,308] Epoch: 64, Dataset: val, Dice: 0.7676, IoU: 0.6666
[2026-08-24 14:42:02,646] Epoch: 65, Dataset: test, Dice: 0.3442, IoU: 0.2443
[2026-08-24 14:42:03,221] Epoch: 65, Dataset: val, Dice: 0.7960, IoU: 0.7069
[2026-08-24 14:42:16,536] Epoch: 66, Dataset: test, Dice: 0.3957, IoU: 0.2957
[2026-08-24 14:42:17,085] Epoch: 66, Dataset: val, Dice: 0.7924, IoU: 0.6984
[2026-08-24 14:42:30,458] Epoch: 67, Dataset: test, Dice: 0.3717, IoU: 0.2649
[2026-08-24 14:42:31,044] Epoch: 67, Dataset: val, Dice: 0.7924, IoU: 0.6996
[2026-08-24 14:42:44,367] Epoch: 68, Dataset: test, Dice: 0.3948, IoU: 0.2832
[2026-08-24 14:42:44,944] Epoch: 68, Dataset: val, Dice: 0.7813, IoU: 0.6808
[2026-08-24 14:42:58,289] Epoch: 69, Dataset: test, Dice: 0.4548, IoU: 0.3562
[2026-08-24 14:42:58,881] Epoch: 69, Dataset: val, Dice: 0.8099, IoU: 0.7199
[2026-08-24 14:43:12,234] Epoch: 70, Dataset: test, Dice: 0.3971, IoU: 0.3139
[2026-08-24 14:43:12,811] Epoch: 70, Dataset: val, Dice: 0.7976, IoU: 0.7060
[2026-08-24 14:43:26,101] Epoch: 71, Dataset: test, Dice: 0.4073, IoU: 0.3243
[2026-08-24 14:43:26,657] Epoch: 71, Dataset: val, Dice: 0.7871, IoU: 0.6867
[2026-08-24 14:43:39,952] Epoch: 72, Dataset: test, Dice: 0.3461, IoU: 0.2552
[2026-08-24 14:43:40,516] Epoch: 72, Dataset: val, Dice: 0.7891, IoU: 0.6953
[2026-08-24 14:43:53,873] Epoch: 73, Dataset: test, Dice: 0.3957, IoU: 0.3033
[2026-08-24 14:43:54,453] Epoch: 73, Dataset: val, Dice: 0.7859, IoU: 0.6870
[2026-08-24 14:44:07,708] Epoch: 74, Dataset: test, Dice: 0.3387, IoU: 0.2462
[2026-08-24 14:44:08,292] Epoch: 74, Dataset: val, Dice: 0.7849, IoU: 0.6902
[2026-08-24 14:44:21,595] Epoch: 75, Dataset: test, Dice: 0.4429, IoU: 0.3485
[2026-08-24 14:44:22,146] Epoch: 75, Dataset: val, Dice: 0.7778, IoU: 0.6773
[2026-08-24 14:44:35,457] Epoch: 76, Dataset: test, Dice: 0.3746, IoU: 0.2781
[2026-08-24 14:44:36,033] Epoch: 76, Dataset: val, Dice: 0.8079, IoU: 0.7127
[2026-08-24 14:44:49,260] Epoch: 77, Dataset: test, Dice: 0.3192, IoU: 0.2231
[2026-08-24 14:44:49,828] Epoch: 77, Dataset: val, Dice: 0.7907, IoU: 0.6936
[2026-08-24 14:45:03,089] Epoch: 78, Dataset: test, Dice: 0.2779, IoU: 0.1976
[2026-08-24 14:45:03,658] Epoch: 78, Dataset: val, Dice: 0.7831, IoU: 0.6838
[2026-08-24 14:45:17,007] Epoch: 79, Dataset: test, Dice: 0.3621, IoU: 0.2643
[2026-08-24 14:45:17,570] Epoch: 79, Dataset: val, Dice: 0.8194, IoU: 0.7322
[2026-08-24 14:45:17,570] ### Best Model Saved (Dice improved from 0.8116 to 0.8194) ###
[2026-08-24 14:45:30,912] Epoch: 80, Dataset: test, Dice: 0.4556, IoU: 0.3561
[2026-08-24 14:45:31,492] Epoch: 80, Dataset: val, Dice: 0.8174, IoU: 0.7283
[2026-08-24 14:45:44,856] Epoch: 81, Dataset: test, Dice: 0.3856, IoU: 0.2871
[2026-08-24 14:45:45,408] Epoch: 81, Dataset: val, Dice: 0.8216, IoU: 0.7333
[2026-08-24 14:45:45,408] ### Best Model Saved (Dice improved from 0.8194 to 0.8216) ###
[2026-08-24 14:45:58,849] Epoch: 82, Dataset: test, Dice: 0.3329, IoU: 0.2350
[2026-08-24 14:45:59,415] Epoch: 82, Dataset: val, Dice: 0.7505, IoU: 0.6470
[2026-08-24 14:46:12,643] Epoch: 83, Dataset: test, Dice: 0.4496, IoU: 0.3495
[2026-08-24 14:46:13,219] Epoch: 83, Dataset: val, Dice: 0.8119, IoU: 0.7218
[2026-08-24 14:46:26,565] Epoch: 84, Dataset: test, Dice: 0.3298, IoU: 0.2382
[2026-08-24 14:46:27,125] Epoch: 84, Dataset: val, Dice: 0.7961, IoU: 0.7026
[2026-08-24 14:46:40,483] Epoch: 85, Dataset: test, Dice: 0.4447, IoU: 0.3418
[2026-08-24 14:46:41,052] Epoch: 85, Dataset: val, Dice: 0.8376, IoU: 0.7516
[2026-08-24 14:46:41,052] ### Best Model Saved (Dice improved from 0.8216 to 0.8376) ###
[2026-08-24 14:46:54,496] Epoch: 86, Dataset: test, Dice: 0.4260, IoU: 0.3265
[2026-08-24 14:46:55,048] Epoch: 86, Dataset: val, Dice: 0.8154, IoU: 0.7245
[2026-08-24 14:47:08,343] Epoch: 87, Dataset: test, Dice: 0.4015, IoU: 0.3037
[2026-08-24 14:47:08,897] Epoch: 87, Dataset: val, Dice: 0.8042, IoU: 0.7114
[2026-08-24 14:47:22,193] Epoch: 88, Dataset: test, Dice: 0.3975, IoU: 0.2939
[2026-08-24 14:47:22,779] Epoch: 88, Dataset: val, Dice: 0.7993, IoU: 0.7026
[2026-08-24 14:47:36,137] Epoch: 89, Dataset: test, Dice: 0.3573, IoU: 0.2624
[2026-08-24 14:47:36,695] Epoch: 89, Dataset: val, Dice: 0.8097, IoU: 0.7201
[2026-08-24 14:47:50,032] Epoch: 90, Dataset: test, Dice: 0.3864, IoU: 0.2917
[2026-08-24 14:47:50,591] Epoch: 90, Dataset: val, Dice: 0.8130, IoU: 0.7252
[2026-08-24 14:48:03,950] Epoch: 91, Dataset: test, Dice: 0.4389, IoU: 0.3374
[2026-08-24 14:48:04,526] Epoch: 91, Dataset: val, Dice: 0.8132, IoU: 0.7183
[2026-08-24 14:48:17,879] Epoch: 92, Dataset: test, Dice: 0.3961, IoU: 0.2936
[2026-08-24 14:48:18,447] Epoch: 92, Dataset: val, Dice: 0.7853, IoU: 0.6900
[2026-08-24 14:48:31,806] Epoch: 93, Dataset: test, Dice: 0.3456, IoU: 0.2613
[2026-08-24 14:48:32,383] Epoch: 93, Dataset: val, Dice: 0.7818, IoU: 0.6799
[2026-08-24 14:48:45,664] Epoch: 94, Dataset: test, Dice: 0.4327, IoU: 0.3324
[2026-08-24 14:48:46,226] Epoch: 94, Dataset: val, Dice: 0.8121, IoU: 0.7197
[2026-08-24 14:48:59,457] Epoch: 95, Dataset: test, Dice: 0.4335, IoU: 0.3332
[2026-08-24 14:49:00,036] Epoch: 95, Dataset: val, Dice: 0.8357, IoU: 0.7548
[2026-08-24 14:49:13,323] Epoch: 96, Dataset: test, Dice: 0.4621, IoU: 0.3695
[2026-08-24 14:49:13,911] Epoch: 96, Dataset: val, Dice: 0.8248, IoU: 0.7334
[2026-08-24 14:49:27,171] Epoch: 97, Dataset: test, Dice: 0.3698, IoU: 0.2644
[2026-08-24 14:49:27,757] Epoch: 97, Dataset: val, Dice: 0.8022, IoU: 0.7125
[2026-08-24 14:49:41,073] Epoch: 98, Dataset: test, Dice: 0.4007, IoU: 0.3004
[2026-08-24 14:49:41,645] Epoch: 98, Dataset: val, Dice: 0.8136, IoU: 0.7241
[2026-08-24 14:49:54,886] Epoch: 99, Dataset: test, Dice: 0.3899, IoU: 0.2858
[2026-08-24 14:49:55,462] Epoch: 99, Dataset: val, Dice: 0.8156, IoU: 0.7295
[2026-08-24 14:50:08,678] Epoch: 100, Dataset: test, Dice: 0.3479, IoU: 0.2475
[2026-08-24 14:50:09,248] Epoch: 100, Dataset: val, Dice: 0.8082, IoU: 0.7242
[2026-08-24 14:50:22,601] Epoch: 101, Dataset: test, Dice: 0.3279, IoU: 0.2367
[2026-08-24 14:50:23,183] Epoch: 101, Dataset: val, Dice: 0.7912, IoU: 0.7012
[2026-08-24 14:50:36,494] Epoch: 102, Dataset: test, Dice: 0.3976, IoU: 0.3083
[2026-08-24 14:50:37,069] Epoch: 102, Dataset: val, Dice: 0.8175, IoU: 0.7281
[2026-08-24 14:50:50,435] Epoch: 103, Dataset: test, Dice: 0.3848, IoU: 0.2821
[2026-08-24 14:50:51,015] Epoch: 103, Dataset: val, Dice: 0.8404, IoU: 0.7605
[2026-08-24 14:50:51,015] ### Best Model Saved (Dice improved from 0.8376 to 0.8404) ###
[2026-08-24 14:51:04,345] Epoch: 104, Dataset: test, Dice: 0.3708, IoU: 0.2702
[2026-08-24 14:51:04,929] Epoch: 104, Dataset: val, Dice: 0.8080, IoU: 0.7216
[2026-08-24 14:51:18,215] Epoch: 105, Dataset: test, Dice: 0.3893, IoU: 0.2877
[2026-08-24 14:51:18,766] Epoch: 105, Dataset: val, Dice: 0.8396, IoU: 0.7616
[2026-08-24 14:51:32,028] Epoch: 106, Dataset: test, Dice: 0.3578, IoU: 0.2557
[2026-08-24 14:51:32,586] Epoch: 106, Dataset: val, Dice: 0.8318, IoU: 0.7488
[2026-08-24 14:51:45,974] Epoch: 107, Dataset: test, Dice: 0.4348, IoU: 0.3329
[2026-08-24 14:51:46,566] Epoch: 107, Dataset: val, Dice: 0.8378, IoU: 0.7542
[2026-08-24 14:51:59,904] Epoch: 108, Dataset: test, Dice: 0.3684, IoU: 0.2655
[2026-08-24 14:52:00,471] Epoch: 108, Dataset: val, Dice: 0.8358, IoU: 0.7533
[2026-08-24 14:52:13,806] Epoch: 109, Dataset: test, Dice: 0.3720, IoU: 0.2728
[2026-08-24 14:52:14,399] Epoch: 109, Dataset: val, Dice: 0.8303, IoU: 0.7450
[2026-08-24 14:52:27,696] Epoch: 110, Dataset: test, Dice: 0.3860, IoU: 0.2977
[2026-08-24 14:52:28,269] Epoch: 110, Dataset: val, Dice: 0.8048, IoU: 0.7164
[2026-08-24 14:52:41,714] Epoch: 111, Dataset: test, Dice: 0.3764, IoU: 0.2807
[2026-08-24 14:52:42,293] Epoch: 111, Dataset: val, Dice: 0.8252, IoU: 0.7413
[2026-08-24 14:52:55,665] Epoch: 112, Dataset: test, Dice: 0.3919, IoU: 0.2999
[2026-08-24 14:52:56,264] Epoch: 112, Dataset: val, Dice: 0.8353, IoU: 0.7546
[2026-08-24 14:53:09,668] Epoch: 113, Dataset: test, Dice: 0.3693, IoU: 0.2715
[2026-08-24 14:53:10,232] Epoch: 113, Dataset: val, Dice: 0.8436, IoU: 0.7621
[2026-08-24 14:53:10,232] ### Best Model Saved (Dice improved from 0.8404 to 0.8436) ###
[2026-08-24 14:53:23,733] Epoch: 114, Dataset: test, Dice: 0.4230, IoU: 0.3267
[2026-08-24 14:53:24,364] Epoch: 114, Dataset: val, Dice: 0.8183, IoU: 0.7278
[2026-08-24 14:53:37,826] Epoch: 115, Dataset: test, Dice: 0.4123, IoU: 0.3146
[2026-08-24 14:53:38,402] Epoch: 115, Dataset: val, Dice: 0.8326, IoU: 0.7465
[2026-08-24 14:53:51,701] Epoch: 116, Dataset: test, Dice: 0.3983, IoU: 0.3021
[2026-08-24 14:53:52,274] Epoch: 116, Dataset: val, Dice: 0.8156, IoU: 0.7217
[2026-08-24 14:54:05,681] Epoch: 117, Dataset: test, Dice: 0.3630, IoU: 0.2641
[2026-08-24 14:54:06,270] Epoch: 117, Dataset: val, Dice: 0.8333, IoU: 0.7475
[2026-08-24 14:54:19,753] Epoch: 118, Dataset: test, Dice: 0.3495, IoU: 0.2540
[2026-08-24 14:54:20,339] Epoch: 118, Dataset: val, Dice: 0.8430, IoU: 0.7679
[2026-08-24 14:54:33,802] Epoch: 119, Dataset: test, Dice: 0.3886, IoU: 0.2998
[2026-08-24 14:54:34,389] Epoch: 119, Dataset: val, Dice: 0.8406, IoU: 0.7557
[2026-08-24 14:54:47,825] Epoch: 120, Dataset: test, Dice: 0.4504, IoU: 0.3472
[2026-08-24 14:54:48,417] Epoch: 120, Dataset: val, Dice: 0.8451, IoU: 0.7641
[2026-08-24 14:54:48,418] ### Best Model Saved (Dice improved from 0.8436 to 0.8451) ###
[2026-08-24 14:55:01,875] Epoch: 121, Dataset: test, Dice: 0.3822, IoU: 0.2876
[2026-08-24 14:55:02,465] Epoch: 121, Dataset: val, Dice: 0.8321, IoU: 0.7438
[2026-08-24 14:55:15,895] Epoch: 122, Dataset: test, Dice: 0.3916, IoU: 0.2954
[2026-08-24 14:55:16,482] Epoch: 122, Dataset: val, Dice: 0.8368, IoU: 0.7573
[2026-08-24 14:55:29,887] Epoch: 123, Dataset: test, Dice: 0.4060, IoU: 0.3073
[2026-08-24 14:55:30,477] Epoch: 123, Dataset: val, Dice: 0.8399, IoU: 0.7547
[2026-08-24 14:55:43,994] Epoch: 124, Dataset: test, Dice: 0.3317, IoU: 0.2370
[2026-08-24 14:55:44,563] Epoch: 124, Dataset: val, Dice: 0.8264, IoU: 0.7416
[2026-08-24 14:55:58,022] Epoch: 125, Dataset: test, Dice: 0.3861, IoU: 0.2917
[2026-08-24 14:55:58,577] Epoch: 125, Dataset: val, Dice: 0.8102, IoU: 0.7156
[2026-08-24 14:56:11,996] Epoch: 126, Dataset: test, Dice: 0.3602, IoU: 0.2716
[2026-08-24 14:56:12,580] Epoch: 126, Dataset: val, Dice: 0.8218, IoU: 0.7351
[2026-08-24 14:56:26,067] Epoch: 127, Dataset: test, Dice: 0.3648, IoU: 0.2699
[2026-08-24 14:56:26,638] Epoch: 127, Dataset: val, Dice: 0.8356, IoU: 0.7524
[2026-08-24 14:56:40,112] Epoch: 128, Dataset: test, Dice: 0.4255, IoU: 0.3165
[2026-08-24 14:56:40,679] Epoch: 128, Dataset: val, Dice: 0.8424, IoU: 0.7621
[2026-08-24 14:56:54,134] Epoch: 129, Dataset: test, Dice: 0.3435, IoU: 0.2481
[2026-08-24 14:56:54,700] Epoch: 129, Dataset: val, Dice: 0.8172, IoU: 0.7281
[2026-08-24 14:57:08,135] Epoch: 130, Dataset: test, Dice: 0.3889, IoU: 0.2834
[2026-08-24 14:57:08,714] Epoch: 130, Dataset: val, Dice: 0.8385, IoU: 0.7500
[2026-08-24 14:57:22,186] Epoch: 131, Dataset: test, Dice: 0.3399, IoU: 0.2429
[2026-08-24 14:57:22,772] Epoch: 131, Dataset: val, Dice: 0.8137, IoU: 0.7324
[2026-08-24 14:57:36,237] Epoch: 132, Dataset: test, Dice: 0.3141, IoU: 0.2203
[2026-08-24 14:57:36,802] Epoch: 132, Dataset: val, Dice: 0.8307, IoU: 0.7475
[2026-08-24 14:57:50,154] Epoch: 133, Dataset: test, Dice: 0.4030, IoU: 0.2988
[2026-08-24 14:57:50,745] Epoch: 133, Dataset: val, Dice: 0.8390, IoU: 0.7583
[2026-08-24 14:58:04,227] Epoch: 134, Dataset: test, Dice: 0.4158, IoU: 0.3167
[2026-08-24 14:58:04,803] Epoch: 134, Dataset: val, Dice: 0.8237, IoU: 0.7360
[2026-08-24 14:58:18,229] Epoch: 135, Dataset: test, Dice: 0.3289, IoU: 0.2286
[2026-08-24 14:58:18,814] Epoch: 135, Dataset: val, Dice: 0.8326, IoU: 0.7481
[2026-08-24 14:58:32,274] Epoch: 136, Dataset: test, Dice: 0.3821, IoU: 0.2816
[2026-08-24 14:58:32,847] Epoch: 136, Dataset: val, Dice: 0.8390, IoU: 0.7546
[2026-08-24 14:58:46,318] Epoch: 137, Dataset: test, Dice: 0.3510, IoU: 0.2517
[2026-08-24 14:58:46,885] Epoch: 137, Dataset: val, Dice: 0.8288, IoU: 0.7469
[2026-08-24 14:59:00,378] Epoch: 138, Dataset: test, Dice: 0.3928, IoU: 0.2935
[2026-08-24 14:59:00,945] Epoch: 138, Dataset: val, Dice: 0.8361, IoU: 0.7504
[2026-08-24 14:59:14,417] Epoch: 139, Dataset: test, Dice: 0.3919, IoU: 0.2862
[2026-08-24 14:59:14,984] Epoch: 139, Dataset: val, Dice: 0.8478, IoU: 0.7684
[2026-08-24 14:59:14,985] ### Best Model Saved (Dice improved from 0.8451 to 0.8478) ###
[2026-08-24 14:59:28,428] Epoch: 140, Dataset: test, Dice: 0.3413, IoU: 0.2446
[2026-08-24 14:59:28,988] Epoch: 140, Dataset: val, Dice: 0.8241, IoU: 0.7363
[2026-08-24 14:59:42,403] Epoch: 141, Dataset: test, Dice: 0.3698, IoU: 0.2698
[2026-08-24 14:59:42,972] Epoch: 141, Dataset: val, Dice: 0.8228, IoU: 0.7410
[2026-08-24 14:59:56,407] Epoch: 142, Dataset: test, Dice: 0.3515, IoU: 0.2543
[2026-08-24 14:59:56,992] Epoch: 142, Dataset: val, Dice: 0.8490, IoU: 0.7707
[2026-08-24 14:59:56,993] ### Best Model Saved (Dice improved from 0.8478 to 0.8490) ###
[2026-08-24 15:00:10,392] Epoch: 143, Dataset: test, Dice: 0.3589, IoU: 0.2593
[2026-08-24 15:00:10,959] Epoch: 143, Dataset: val, Dice: 0.8472, IoU: 0.7660
[2026-08-24 15:00:24,449] Epoch: 144, Dataset: test, Dice: 0.3607, IoU: 0.2591
[2026-08-24 15:00:25,029] Epoch: 144, Dataset: val, Dice: 0.8318, IoU: 0.7466
[2026-08-24 15:00:38,502] Epoch: 145, Dataset: test, Dice: 0.3250, IoU: 0.2318
[2026-08-24 15:00:39,067] Epoch: 145, Dataset: val, Dice: 0.8330, IoU: 0.7484
[2026-08-24 15:00:52,480] Epoch: 146, Dataset: test, Dice: 0.3557, IoU: 0.2592
[2026-08-24 15:00:53,064] Epoch: 146, Dataset: val, Dice: 0.8467, IoU: 0.7642
[2026-08-24 15:01:06,601] Epoch: 147, Dataset: test, Dice: 0.3674, IoU: 0.2737
[2026-08-24 15:01:07,193] Epoch: 147, Dataset: val, Dice: 0.8358, IoU: 0.7518
[2026-08-24 15:01:20,600] Epoch: 148, Dataset: test, Dice: 0.3656, IoU: 0.2641
[2026-08-24 15:01:21,178] Epoch: 148, Dataset: val, Dice: 0.8404, IoU: 0.7559
[2026-08-24 15:01:34,604] Epoch: 149, Dataset: test, Dice: 0.3574, IoU: 0.2556
[2026-08-24 15:01:35,160] Epoch: 149, Dataset: val, Dice: 0.8446, IoU: 0.7594
[2026-08-24 15:01:48,627] Epoch: 150, Dataset: test, Dice: 0.3637, IoU: 0.2631
[2026-08-24 15:01:49,227] Epoch: 150, Dataset: val, Dice: 0.8331, IoU: 0.7586
[2026-08-24 15:02:02,679] Epoch: 151, Dataset: test, Dice: 0.3783, IoU: 0.2765
[2026-08-24 15:02:03,265] Epoch: 151, Dataset: val, Dice: 0.8350, IoU: 0.7508
[2026-08-24 15:02:16,668] Epoch: 152, Dataset: test, Dice: 0.3987, IoU: 0.2944
[2026-08-24 15:02:17,248] Epoch: 152, Dataset: val, Dice: 0.8469, IoU: 0.7683
[2026-08-24 15:02:30,725] Epoch: 153, Dataset: test, Dice: 0.3644, IoU: 0.2668
[2026-08-24 15:02:31,300] Epoch: 153, Dataset: val, Dice: 0.8358, IoU: 0.7495
[2026-08-24 15:02:44,709] Epoch: 154, Dataset: test, Dice: 0.4197, IoU: 0.3182
[2026-08-24 15:02:45,286] Epoch: 154, Dataset: val, Dice: 0.8454, IoU: 0.7640
[2026-08-24 15:02:58,698] Epoch: 155, Dataset: test, Dice: 0.3931, IoU: 0.2941
[2026-08-24 15:02:59,274] Epoch: 155, Dataset: val, Dice: 0.8394, IoU: 0.7561
[2026-08-24 15:03:12,705] Epoch: 156, Dataset: test, Dice: 0.3894, IoU: 0.2902
[2026-08-24 15:03:13,292] Epoch: 156, Dataset: val, Dice: 0.8421, IoU: 0.7554
[2026-08-24 15:03:26,755] Epoch: 157, Dataset: test, Dice: 0.4227, IoU: 0.3220
[2026-08-24 15:03:27,368] Epoch: 157, Dataset: val, Dice: 0.8504, IoU: 0.7679
[2026-08-24 15:03:27,368] ### Best Model Saved (Dice improved from 0.8490 to 0.8504) ###
[2026-08-24 15:03:40,813] Epoch: 158, Dataset: test, Dice: 0.3723, IoU: 0.2712
[2026-08-24 15:03:41,392] Epoch: 158, Dataset: val, Dice: 0.8396, IoU: 0.7545
[2026-08-24 15:03:54,882] Epoch: 159, Dataset: test, Dice: 0.3671, IoU: 0.2647
[2026-08-24 15:03:55,463] Epoch: 159, Dataset: val, Dice: 0.8502, IoU: 0.7718
[2026-08-24 15:04:08,918] Epoch: 160, Dataset: test, Dice: 0.3704, IoU: 0.2682
[2026-08-24 15:04:09,486] Epoch: 160, Dataset: val, Dice: 0.8411, IoU: 0.7655
[2026-08-24 15:04:22,880] Epoch: 161, Dataset: test, Dice: 0.4040, IoU: 0.2982
[2026-08-24 15:04:23,467] Epoch: 161, Dataset: val, Dice: 0.8551, IoU: 0.7765
[2026-08-24 15:04:23,467] ### Best Model Saved (Dice improved from 0.8504 to 0.8551) ###
[2026-08-24 15:04:36,913] Epoch: 162, Dataset: test, Dice: 0.3942, IoU: 0.2869
[2026-08-24 15:04:37,481] Epoch: 162, Dataset: val, Dice: 0.8473, IoU: 0.7672
[2026-08-24 15:04:50,839] Epoch: 163, Dataset: test, Dice: 0.4490, IoU: 0.3406
[2026-08-24 15:04:51,406] Epoch: 163, Dataset: val, Dice: 0.8408, IoU: 0.7615
[2026-08-24 15:05:04,864] Epoch: 164, Dataset: test, Dice: 0.3880, IoU: 0.2858
[2026-08-24 15:05:05,434] Epoch: 164, Dataset: val, Dice: 0.8458, IoU: 0.7659
[2026-08-24 15:05:18,845] Epoch: 165, Dataset: test, Dice: 0.3756, IoU: 0.2726
[2026-08-24 15:05:19,428] Epoch: 165, Dataset: val, Dice: 0.8404, IoU: 0.7544
[2026-08-24 15:05:32,788] Epoch: 166, Dataset: test, Dice: 0.3483, IoU: 0.2472
[2026-08-24 15:05:33,384] Epoch: 166, Dataset: val, Dice: 0.8518, IoU: 0.7716
[2026-08-24 15:05:46,864] Epoch: 167, Dataset: test, Dice: 0.4577, IoU: 0.3541
[2026-08-24 15:05:47,424] Epoch: 167, Dataset: val, Dice: 0.8420, IoU: 0.7608
[2026-08-24 15:06:00,832] Epoch: 168, Dataset: test, Dice: 0.3507, IoU: 0.2484
[2026-08-24 15:06:01,388] Epoch: 168, Dataset: val, Dice: 0.8393, IoU: 0.7615
[2026-08-24 15:06:14,857] Epoch: 169, Dataset: test, Dice: 0.4381, IoU: 0.3316
[2026-08-24 15:06:15,427] Epoch: 169, Dataset: val, Dice: 0.8474, IoU: 0.7694
[2026-08-24 15:06:28,840] Epoch: 170, Dataset: test, Dice: 0.3672, IoU: 0.2628
[2026-08-24 15:06:29,413] Epoch: 170, Dataset: val, Dice: 0.8477, IoU: 0.7704
[2026-08-24 15:06:42,798] Epoch: 171, Dataset: test, Dice: 0.4063, IoU: 0.3060
[2026-08-24 15:06:43,347] Epoch: 171, Dataset: val, Dice: 0.8497, IoU: 0.7679
[2026-08-24 15:06:56,708] Epoch: 172, Dataset: test, Dice: 0.4300, IoU: 0.3304
[2026-08-24 15:06:57,275] Epoch: 172, Dataset: val, Dice: 0.8461, IoU: 0.7627
[2026-08-24 15:07:10,592] Epoch: 173, Dataset: test, Dice: 0.4252, IoU: 0.3188
[2026-08-24 15:07:11,178] Epoch: 173, Dataset: val, Dice: 0.8530, IoU: 0.7745
[2026-08-24 15:07:24,533] Epoch: 174, Dataset: test, Dice: 0.3863, IoU: 0.2818
[2026-08-24 15:07:25,123] Epoch: 174, Dataset: val, Dice: 0.8404, IoU: 0.7602
[2026-08-24 15:07:38,411] Epoch: 175, Dataset: test, Dice: 0.3539, IoU: 0.2539
[2026-08-24 15:07:38,959] Epoch: 175, Dataset: val, Dice: 0.8553, IoU: 0.7779
[2026-08-24 15:07:38,959] ### Best Model Saved (Dice improved from 0.8551 to 0.8553) ###
[2026-08-24 15:07:52,281] Epoch: 176, Dataset: test, Dice: 0.4179, IoU: 0.3171
[2026-08-24 15:07:52,871] Epoch: 176, Dataset: val, Dice: 0.8456, IoU: 0.7642
[2026-08-24 15:08:06,211] Epoch: 177, Dataset: test, Dice: 0.3788, IoU: 0.2732
[2026-08-24 15:08:06,789] Epoch: 177, Dataset: val, Dice: 0.8439, IoU: 0.7665
[2026-08-24 15:08:20,153] Epoch: 178, Dataset: test, Dice: 0.4217, IoU: 0.3210
[2026-08-24 15:08:20,728] Epoch: 178, Dataset: val, Dice: 0.8358, IoU: 0.7511
[2026-08-24 15:08:34,123] Epoch: 179, Dataset: test, Dice: 0.4351, IoU: 0.3348
[2026-08-24 15:08:34,703] Epoch: 179, Dataset: val, Dice: 0.8471, IoU: 0.7650
[2026-08-24 15:08:47,990] Epoch: 180, Dataset: test, Dice: 0.3031, IoU: 0.2112
[2026-08-24 15:08:48,548] Epoch: 180, Dataset: val, Dice: 0.8480, IoU: 0.7660
[2026-08-24 15:09:01,884] Epoch: 181, Dataset: test, Dice: 0.4073, IoU: 0.3153
[2026-08-24 15:09:02,465] Epoch: 181, Dataset: val, Dice: 0.8203, IoU: 0.7312
[2026-08-24 15:09:15,798] Epoch: 182, Dataset: test, Dice: 0.3799, IoU: 0.2762
[2026-08-24 15:09:16,352] Epoch: 182, Dataset: val, Dice: 0.8486, IoU: 0.7686
[2026-08-24 15:09:29,718] Epoch: 183, Dataset: test, Dice: 0.4166, IoU: 0.3151
[2026-08-24 15:09:30,295] Epoch: 183, Dataset: val, Dice: 0.8482, IoU: 0.7667
[2026-08-24 15:09:43,619] Epoch: 184, Dataset: test, Dice: 0.3627, IoU: 0.2581
[2026-08-24 15:09:44,223] Epoch: 184, Dataset: val, Dice: 0.8552, IoU: 0.7750
[2026-08-24 15:09:57,677] Epoch: 185, Dataset: test, Dice: 0.3257, IoU: 0.2285
[2026-08-24 15:09:58,251] Epoch: 185, Dataset: val, Dice: 0.8420, IoU: 0.7600
[2026-08-24 15:10:11,603] Epoch: 186, Dataset: test, Dice: 0.4067, IoU: 0.3006
[2026-08-24 15:10:12,172] Epoch: 186, Dataset: val, Dice: 0.8503, IoU: 0.7710
[2026-08-24 15:10:25,539] Epoch: 187, Dataset: test, Dice: 0.4295, IoU: 0.3306
[2026-08-24 15:10:26,103] Epoch: 187, Dataset: val, Dice: 0.8334, IoU: 0.7462
[2026-08-24 15:10:39,404] Epoch: 188, Dataset: test, Dice: 0.3395, IoU: 0.2385
[2026-08-24 15:10:39,986] Epoch: 188, Dataset: val, Dice: 0.8421, IoU: 0.7627
[2026-08-24 15:10:53,195] Epoch: 189, Dataset: test, Dice: 0.4110, IoU: 0.3142
[2026-08-24 15:10:53,765] Epoch: 189, Dataset: val, Dice: 0.8515, IoU: 0.7679
[2026-08-24 15:11:07,218] Epoch: 190, Dataset: test, Dice: 0.4204, IoU: 0.3221
[2026-08-24 15:11:07,774] Epoch: 190, Dataset: val, Dice: 0.8528, IoU: 0.7725
[2026-08-24 15:11:21,118] Epoch: 191, Dataset: test, Dice: 0.3332, IoU: 0.2320
[2026-08-24 15:11:21,691] Epoch: 191, Dataset: val, Dice: 0.8503, IoU: 0.7695
[2026-08-24 15:11:35,032] Epoch: 192, Dataset: test, Dice: 0.4175, IoU: 0.3187
[2026-08-24 15:11:35,604] Epoch: 192, Dataset: val, Dice: 0.8468, IoU: 0.7653
[2026-08-24 15:11:48,931] Epoch: 193, Dataset: test, Dice: 0.3513, IoU: 0.2523
[2026-08-24 15:11:49,502] Epoch: 193, Dataset: val, Dice: 0.8487, IoU: 0.7682
[2026-08-24 15:12:02,840] Epoch: 194, Dataset: test, Dice: 0.4323, IoU: 0.3307
[2026-08-24 15:12:03,412] Epoch: 194, Dataset: val, Dice: 0.8489, IoU: 0.7686
[2026-08-24 15:12:16,715] Epoch: 195, Dataset: test, Dice: 0.3672, IoU: 0.2710
[2026-08-24 15:12:17,293] Epoch: 195, Dataset: val, Dice: 0.8539, IoU: 0.7746
[2026-08-24 15:12:30,606] Epoch: 196, Dataset: test, Dice: 0.3872, IoU: 0.2942
[2026-08-24 15:12:31,192] Epoch: 196, Dataset: val, Dice: 0.8444, IoU: 0.7606
[2026-08-24 15:12:44,474] Epoch: 197, Dataset: test, Dice: 0.4206, IoU: 0.3222
[2026-08-24 15:12:45,056] Epoch: 197, Dataset: val, Dice: 0.8441, IoU: 0.7613
[2026-08-24 15:12:58,450] Epoch: 198, Dataset: test, Dice: 0.4058, IoU: 0.2992
[2026-08-24 15:12:59,037] Epoch: 198, Dataset: val, Dice: 0.8506, IoU: 0.7709
[2026-08-24 15:13:12,346] Epoch: 199, Dataset: test, Dice: 0.3398, IoU: 0.2400
[2026-08-24 15:13:12,924] Epoch: 199, Dataset: val, Dice: 0.8421, IoU: 0.7644
[2026-08-24 15:13:26,278] Epoch: 200, Dataset: test, Dice: 0.3829, IoU: 0.2908
[2026-08-24 15:13:26,849] Epoch: 200, Dataset: val, Dice: 0.8370, IoU: 0.7500
[2026-08-24 15:13:26,851] 
========================================
FINAL RESULTS: ClinicDB_MK_UNet_T_bs8_lr0.0005_e200_augTrue_run1_t142700
Best Val Dice: 0.8553
Test Dice at Best Val: 0.3539
Total Train Time: 2562.54s
========================================
