[2026-08-23 20:33:33,564] flops: 0.619251354, params: 0.315566, Total params: : 0.3156
[2026-08-23 20:34:02,121] Epoch: 1, Dataset: test, Dice: 0.0809, IoU: 0.0447
[2026-08-23 20:34:02,839] Epoch: 1, Dataset: val, Dice: 0.1950, IoU: 0.1210
[2026-08-23 20:34:02,839] ### Best Model Saved (Dice improved from 0.0000 to 0.1950) ###
[2026-08-23 20:34:31,430] Epoch: 2, Dataset: test, Dice: 0.2265, IoU: 0.1443
[2026-08-23 20:34:32,167] Epoch: 2, Dataset: val, Dice: 0.4932, IoU: 0.3737
[2026-08-23 20:34:32,167] ### Best Model Saved (Dice improved from 0.1950 to 0.4932) ###
[2026-08-23 20:35:00,784] Epoch: 3, Dataset: test, Dice: 0.0570, IoU: 0.0316
[2026-08-23 20:35:01,489] Epoch: 3, Dataset: val, Dice: 0.0753, IoU: 0.0419
[2026-08-23 20:35:30,030] Epoch: 4, Dataset: test, Dice: 0.2187, IoU: 0.1443
[2026-08-23 20:35:30,775] Epoch: 4, Dataset: val, Dice: 0.5630, IoU: 0.4402
[2026-08-23 20:35:30,775] ### Best Model Saved (Dice improved from 0.4932 to 0.5630) ###
[2026-08-23 20:35:59,308] Epoch: 5, Dataset: test, Dice: 0.2365, IoU: 0.1513
[2026-08-23 20:36:00,039] Epoch: 5, Dataset: val, Dice: 0.5775, IoU: 0.4485
[2026-08-23 20:36:00,040] ### Best Model Saved (Dice improved from 0.5630 to 0.5775) ###
[2026-08-23 20:36:28,608] Epoch: 6, Dataset: test, Dice: 0.3562, IoU: 0.2632
[2026-08-23 20:36:29,332] Epoch: 6, Dataset: val, Dice: 0.6527, IoU: 0.5271
[2026-08-23 20:36:29,332] ### Best Model Saved (Dice improved from 0.5775 to 0.6527) ###
[2026-08-23 20:36:58,042] Epoch: 7, Dataset: test, Dice: 0.2341, IoU: 0.1482
[2026-08-23 20:36:58,816] Epoch: 7, Dataset: val, Dice: 0.6365, IoU: 0.5127
[2026-08-23 20:37:27,427] Epoch: 8, Dataset: test, Dice: 0.3025, IoU: 0.2148
[2026-08-23 20:37:28,189] Epoch: 8, Dataset: val, Dice: 0.6632, IoU: 0.5365
[2026-08-23 20:37:28,189] ### Best Model Saved (Dice improved from 0.6527 to 0.6632) ###
[2026-08-23 20:37:56,813] Epoch: 9, Dataset: test, Dice: 0.2859, IoU: 0.1993
[2026-08-23 20:37:57,582] Epoch: 9, Dataset: val, Dice: 0.7057, IoU: 0.5950
[2026-08-23 20:37:57,582] ### Best Model Saved (Dice improved from 0.6632 to 0.7057) ###
[2026-08-23 20:38:26,230] Epoch: 10, Dataset: test, Dice: 0.3433, IoU: 0.2412
[2026-08-23 20:38:26,970] Epoch: 10, Dataset: val, Dice: 0.7072, IoU: 0.5878
[2026-08-23 20:38:26,970] ### Best Model Saved (Dice improved from 0.7057 to 0.7072) ###
[2026-08-23 20:38:55,599] Epoch: 11, Dataset: test, Dice: 0.2880, IoU: 0.1985
[2026-08-23 20:38:56,317] Epoch: 11, Dataset: val, Dice: 0.7023, IoU: 0.5907
[2026-08-23 20:39:24,921] Epoch: 12, Dataset: test, Dice: 0.3262, IoU: 0.2319
[2026-08-23 20:39:25,638] Epoch: 12, Dataset: val, Dice: 0.7226, IoU: 0.6096
[2026-08-23 20:39:25,638] ### Best Model Saved (Dice improved from 0.7072 to 0.7226) ###
[2026-08-23 20:39:54,270] Epoch: 13, Dataset: test, Dice: 0.2521, IoU: 0.1761
[2026-08-23 20:39:55,013] Epoch: 13, Dataset: val, Dice: 0.7047, IoU: 0.5925
[2026-08-23 20:40:23,544] Epoch: 14, Dataset: test, Dice: 0.3904, IoU: 0.3029
[2026-08-23 20:40:24,294] Epoch: 14, Dataset: val, Dice: 0.7736, IoU: 0.6716
[2026-08-23 20:40:24,295] ### Best Model Saved (Dice improved from 0.7226 to 0.7736) ###
[2026-08-23 20:40:52,995] Epoch: 15, Dataset: test, Dice: 0.2528, IoU: 0.1646
[2026-08-23 20:40:53,772] Epoch: 15, Dataset: val, Dice: 0.6929, IoU: 0.5760
[2026-08-23 20:41:22,358] Epoch: 16, Dataset: test, Dice: 0.3896, IoU: 0.2932
[2026-08-23 20:41:23,105] Epoch: 16, Dataset: val, Dice: 0.7709, IoU: 0.6663
[2026-08-23 20:41:51,575] Epoch: 17, Dataset: test, Dice: 0.3774, IoU: 0.2874
[2026-08-23 20:41:52,346] Epoch: 17, Dataset: val, Dice: 0.6890, IoU: 0.5585
[2026-08-23 20:42:20,943] Epoch: 18, Dataset: test, Dice: 0.2965, IoU: 0.2054
[2026-08-23 20:42:21,677] Epoch: 18, Dataset: val, Dice: 0.7606, IoU: 0.6546
[2026-08-23 20:42:50,343] Epoch: 19, Dataset: test, Dice: 0.3734, IoU: 0.2743
[2026-08-23 20:42:51,105] Epoch: 19, Dataset: val, Dice: 0.7581, IoU: 0.6638
[2026-08-23 20:43:19,670] Epoch: 20, Dataset: test, Dice: 0.3983, IoU: 0.3105
[2026-08-23 20:43:20,401] Epoch: 20, Dataset: val, Dice: 0.6715, IoU: 0.5499
[2026-08-23 20:43:48,988] Epoch: 21, Dataset: test, Dice: 0.3467, IoU: 0.2565
[2026-08-23 20:43:49,732] Epoch: 21, Dataset: val, Dice: 0.8054, IoU: 0.7113
[2026-08-23 20:43:49,733] ### Best Model Saved (Dice improved from 0.7736 to 0.8054) ###
[2026-08-23 20:44:18,358] Epoch: 22, Dataset: test, Dice: 0.4041, IoU: 0.2951
[2026-08-23 20:44:19,118] Epoch: 22, Dataset: val, Dice: 0.7817, IoU: 0.6848
[2026-08-23 20:44:47,724] Epoch: 23, Dataset: test, Dice: 0.4489, IoU: 0.3383
[2026-08-23 20:44:48,444] Epoch: 23, Dataset: val, Dice: 0.7223, IoU: 0.6189
[2026-08-23 20:45:17,060] Epoch: 24, Dataset: test, Dice: 0.4167, IoU: 0.3106
[2026-08-23 20:45:17,825] Epoch: 24, Dataset: val, Dice: 0.7944, IoU: 0.6912
[2026-08-23 20:45:46,447] Epoch: 25, Dataset: test, Dice: 0.4297, IoU: 0.3208
[2026-08-23 20:45:47,210] Epoch: 25, Dataset: val, Dice: 0.8102, IoU: 0.7169
[2026-08-23 20:45:47,210] ### Best Model Saved (Dice improved from 0.8054 to 0.8102) ###
[2026-08-23 20:46:15,840] Epoch: 26, Dataset: test, Dice: 0.4238, IoU: 0.3181
[2026-08-23 20:46:16,558] Epoch: 26, Dataset: val, Dice: 0.7898, IoU: 0.6822
[2026-08-23 20:46:45,190] Epoch: 27, Dataset: test, Dice: 0.2750, IoU: 0.1925
[2026-08-23 20:46:45,943] Epoch: 27, Dataset: val, Dice: 0.7245, IoU: 0.6090
[2026-08-23 20:47:14,474] Epoch: 28, Dataset: test, Dice: 0.3861, IoU: 0.2951
[2026-08-23 20:47:15,201] Epoch: 28, Dataset: val, Dice: 0.7770, IoU: 0.6704
[2026-08-23 20:47:43,791] Epoch: 29, Dataset: test, Dice: 0.3828, IoU: 0.2804
[2026-08-23 20:47:44,538] Epoch: 29, Dataset: val, Dice: 0.8293, IoU: 0.7395
[2026-08-23 20:47:44,538] ### Best Model Saved (Dice improved from 0.8102 to 0.8293) ###
[2026-08-23 20:48:13,222] Epoch: 30, Dataset: test, Dice: 0.3118, IoU: 0.2142
[2026-08-23 20:48:13,961] Epoch: 30, Dataset: val, Dice: 0.7825, IoU: 0.6747
[2026-08-23 20:48:42,623] Epoch: 31, Dataset: test, Dice: 0.4595, IoU: 0.3607
[2026-08-23 20:48:43,357] Epoch: 31, Dataset: val, Dice: 0.7837, IoU: 0.6851
[2026-08-23 20:49:12,010] Epoch: 32, Dataset: test, Dice: 0.4346, IoU: 0.3328
[2026-08-23 20:49:12,780] Epoch: 32, Dataset: val, Dice: 0.7579, IoU: 0.6504
[2026-08-23 20:49:41,432] Epoch: 33, Dataset: test, Dice: 0.4664, IoU: 0.3603
[2026-08-23 20:49:42,190] Epoch: 33, Dataset: val, Dice: 0.8292, IoU: 0.7365
[2026-08-23 20:50:10,773] Epoch: 34, Dataset: test, Dice: 0.4652, IoU: 0.3623
[2026-08-23 20:50:11,520] Epoch: 34, Dataset: val, Dice: 0.8131, IoU: 0.7183
[2026-08-23 20:50:40,155] Epoch: 35, Dataset: test, Dice: 0.4494, IoU: 0.3433
[2026-08-23 20:50:40,919] Epoch: 35, Dataset: val, Dice: 0.7995, IoU: 0.6999
[2026-08-23 20:51:09,553] Epoch: 36, Dataset: test, Dice: 0.3515, IoU: 0.2524
[2026-08-23 20:51:10,282] Epoch: 36, Dataset: val, Dice: 0.8114, IoU: 0.7160
[2026-08-23 20:51:38,905] Epoch: 37, Dataset: test, Dice: 0.3584, IoU: 0.2676
[2026-08-23 20:51:39,634] Epoch: 37, Dataset: val, Dice: 0.8281, IoU: 0.7376
[2026-08-23 20:52:08,276] Epoch: 38, Dataset: test, Dice: 0.3934, IoU: 0.2866
[2026-08-23 20:52:09,031] Epoch: 38, Dataset: val, Dice: 0.8084, IoU: 0.7065
[2026-08-23 20:52:37,641] Epoch: 39, Dataset: test, Dice: 0.3989, IoU: 0.3010
[2026-08-23 20:52:38,415] Epoch: 39, Dataset: val, Dice: 0.8147, IoU: 0.7232
[2026-08-23 20:53:07,031] Epoch: 40, Dataset: test, Dice: 0.4673, IoU: 0.3630
[2026-08-23 20:53:07,788] Epoch: 40, Dataset: val, Dice: 0.8017, IoU: 0.7096
[2026-08-23 20:53:36,401] Epoch: 41, Dataset: test, Dice: 0.4639, IoU: 0.3670
[2026-08-23 20:53:37,165] Epoch: 41, Dataset: val, Dice: 0.8007, IoU: 0.7014
[2026-08-23 20:54:05,832] Epoch: 42, Dataset: test, Dice: 0.4377, IoU: 0.3287
[2026-08-23 20:54:06,601] Epoch: 42, Dataset: val, Dice: 0.8487, IoU: 0.7631
[2026-08-23 20:54:06,601] ### Best Model Saved (Dice improved from 0.8293 to 0.8487) ###
[2026-08-23 20:54:35,284] Epoch: 43, Dataset: test, Dice: 0.3722, IoU: 0.2649
[2026-08-23 20:54:36,058] Epoch: 43, Dataset: val, Dice: 0.7741, IoU: 0.6675
[2026-08-23 20:55:04,684] Epoch: 44, Dataset: test, Dice: 0.5124, IoU: 0.4051
[2026-08-23 20:55:05,424] Epoch: 44, Dataset: val, Dice: 0.8310, IoU: 0.7440
[2026-08-23 20:55:33,981] Epoch: 45, Dataset: test, Dice: 0.4694, IoU: 0.3707
[2026-08-23 20:55:34,722] Epoch: 45, Dataset: val, Dice: 0.8431, IoU: 0.7587
[2026-08-23 20:56:03,325] Epoch: 46, Dataset: test, Dice: 0.4764, IoU: 0.3727
[2026-08-23 20:56:04,092] Epoch: 46, Dataset: val, Dice: 0.8309, IoU: 0.7435
[2026-08-23 20:56:32,738] Epoch: 47, Dataset: test, Dice: 0.4188, IoU: 0.3270
[2026-08-23 20:56:33,505] Epoch: 47, Dataset: val, Dice: 0.8143, IoU: 0.7221
[2026-08-23 20:57:02,212] Epoch: 48, Dataset: test, Dice: 0.4106, IoU: 0.3267
[2026-08-23 20:57:02,931] Epoch: 48, Dataset: val, Dice: 0.8340, IoU: 0.7515
[2026-08-23 20:57:31,581] Epoch: 49, Dataset: test, Dice: 0.4904, IoU: 0.3905
[2026-08-23 20:57:32,342] Epoch: 49, Dataset: val, Dice: 0.8202, IoU: 0.7336
[2026-08-23 20:58:01,017] Epoch: 50, Dataset: test, Dice: 0.4237, IoU: 0.3244
[2026-08-23 20:58:01,761] Epoch: 50, Dataset: val, Dice: 0.8221, IoU: 0.7284
[2026-08-23 20:58:30,432] Epoch: 51, Dataset: test, Dice: 0.4159, IoU: 0.3117
[2026-08-23 20:58:31,163] Epoch: 51, Dataset: val, Dice: 0.8332, IoU: 0.7468
[2026-08-23 20:58:59,847] Epoch: 52, Dataset: test, Dice: 0.4892, IoU: 0.3846
[2026-08-23 20:59:00,588] Epoch: 52, Dataset: val, Dice: 0.8396, IoU: 0.7536
[2026-08-23 20:59:29,165] Epoch: 53, Dataset: test, Dice: 0.5036, IoU: 0.4011
[2026-08-23 20:59:29,886] Epoch: 53, Dataset: val, Dice: 0.8481, IoU: 0.7675
[2026-08-23 20:59:58,481] Epoch: 54, Dataset: test, Dice: 0.4528, IoU: 0.3498
[2026-08-23 20:59:59,210] Epoch: 54, Dataset: val, Dice: 0.8439, IoU: 0.7543
[2026-08-23 21:00:27,797] Epoch: 55, Dataset: test, Dice: 0.4811, IoU: 0.3802
[2026-08-23 21:00:28,534] Epoch: 55, Dataset: val, Dice: 0.8166, IoU: 0.7298
[2026-08-23 21:00:57,176] Epoch: 56, Dataset: test, Dice: 0.4641, IoU: 0.3615
[2026-08-23 21:00:57,914] Epoch: 56, Dataset: val, Dice: 0.8493, IoU: 0.7617
[2026-08-23 21:00:57,914] ### Best Model Saved (Dice improved from 0.8487 to 0.8493) ###
[2026-08-23 21:01:26,595] Epoch: 57, Dataset: test, Dice: 0.3992, IoU: 0.3018
[2026-08-23 21:01:27,323] Epoch: 57, Dataset: val, Dice: 0.8689, IoU: 0.7934
[2026-08-23 21:01:27,323] ### Best Model Saved (Dice improved from 0.8493 to 0.8689) ###
[2026-08-23 21:01:56,008] Epoch: 58, Dataset: test, Dice: 0.4236, IoU: 0.3286
[2026-08-23 21:01:56,734] Epoch: 58, Dataset: val, Dice: 0.8566, IoU: 0.7799
[2026-08-23 21:02:25,294] Epoch: 59, Dataset: test, Dice: 0.4452, IoU: 0.3509
[2026-08-23 21:02:26,067] Epoch: 59, Dataset: val, Dice: 0.8512, IoU: 0.7668
[2026-08-23 21:02:54,703] Epoch: 60, Dataset: test, Dice: 0.4817, IoU: 0.3949
[2026-08-23 21:02:55,456] Epoch: 60, Dataset: val, Dice: 0.8682, IoU: 0.7936
[2026-08-23 21:03:24,023] Epoch: 61, Dataset: test, Dice: 0.4190, IoU: 0.3176
[2026-08-23 21:03:24,715] Epoch: 61, Dataset: val, Dice: 0.8372, IoU: 0.7495
[2026-08-23 21:03:53,315] Epoch: 62, Dataset: test, Dice: 0.3877, IoU: 0.2879
[2026-08-23 21:03:54,088] Epoch: 62, Dataset: val, Dice: 0.8651, IoU: 0.7877
[2026-08-23 21:04:22,771] Epoch: 63, Dataset: test, Dice: 0.4808, IoU: 0.3734
[2026-08-23 21:04:23,543] Epoch: 63, Dataset: val, Dice: 0.8408, IoU: 0.7529
[2026-08-23 21:04:52,157] Epoch: 64, Dataset: test, Dice: 0.3773, IoU: 0.2819
[2026-08-23 21:04:52,927] Epoch: 64, Dataset: val, Dice: 0.8281, IoU: 0.7431
[2026-08-23 21:05:21,544] Epoch: 65, Dataset: test, Dice: 0.3472, IoU: 0.2504
[2026-08-23 21:05:22,306] Epoch: 65, Dataset: val, Dice: 0.8484, IoU: 0.7637
[2026-08-23 21:05:50,836] Epoch: 66, Dataset: test, Dice: 0.4476, IoU: 0.3494
[2026-08-23 21:05:51,577] Epoch: 66, Dataset: val, Dice: 0.8605, IoU: 0.7877
[2026-08-23 21:06:20,109] Epoch: 67, Dataset: test, Dice: 0.4021, IoU: 0.3137
[2026-08-23 21:06:20,865] Epoch: 67, Dataset: val, Dice: 0.8417, IoU: 0.7604
[2026-08-23 21:06:49,471] Epoch: 68, Dataset: test, Dice: 0.3747, IoU: 0.2766
[2026-08-23 21:06:50,220] Epoch: 68, Dataset: val, Dice: 0.8478, IoU: 0.7677
[2026-08-23 21:07:18,893] Epoch: 69, Dataset: test, Dice: 0.4214, IoU: 0.3173
[2026-08-23 21:07:19,668] Epoch: 69, Dataset: val, Dice: 0.8604, IoU: 0.7813
[2026-08-23 21:07:48,300] Epoch: 70, Dataset: test, Dice: 0.4861, IoU: 0.3859
[2026-08-23 21:07:49,058] Epoch: 70, Dataset: val, Dice: 0.8544, IoU: 0.7773
[2026-08-23 21:08:17,729] Epoch: 71, Dataset: test, Dice: 0.4790, IoU: 0.3854
[2026-08-23 21:08:18,410] Epoch: 71, Dataset: val, Dice: 0.8700, IoU: 0.7945
[2026-08-23 21:08:18,410] ### Best Model Saved (Dice improved from 0.8689 to 0.8700) ###
[2026-08-23 21:08:47,065] Epoch: 72, Dataset: test, Dice: 0.5365, IoU: 0.4210
[2026-08-23 21:08:47,779] Epoch: 72, Dataset: val, Dice: 0.8636, IoU: 0.7906
[2026-08-23 21:09:16,417] Epoch: 73, Dataset: test, Dice: 0.4423, IoU: 0.3504
[2026-08-23 21:09:17,179] Epoch: 73, Dataset: val, Dice: 0.8504, IoU: 0.7665
[2026-08-23 21:09:45,822] Epoch: 74, Dataset: test, Dice: 0.4925, IoU: 0.3912
[2026-08-23 21:09:46,554] Epoch: 74, Dataset: val, Dice: 0.8788, IoU: 0.8074
[2026-08-23 21:09:46,554] ### Best Model Saved (Dice improved from 0.8700 to 0.8788) ###
[2026-08-23 21:10:15,203] Epoch: 75, Dataset: test, Dice: 0.4083, IoU: 0.3147
[2026-08-23 21:10:15,943] Epoch: 75, Dataset: val, Dice: 0.8629, IoU: 0.7843
[2026-08-23 21:10:44,528] Epoch: 76, Dataset: test, Dice: 0.4832, IoU: 0.3782
[2026-08-23 21:10:45,301] Epoch: 76, Dataset: val, Dice: 0.8588, IoU: 0.7761
[2026-08-23 21:11:13,963] Epoch: 77, Dataset: test, Dice: 0.4532, IoU: 0.3533
[2026-08-23 21:11:14,692] Epoch: 77, Dataset: val, Dice: 0.8689, IoU: 0.7982
[2026-08-23 21:11:43,313] Epoch: 78, Dataset: test, Dice: 0.4807, IoU: 0.3824
[2026-08-23 21:11:44,076] Epoch: 78, Dataset: val, Dice: 0.8583, IoU: 0.7808
[2026-08-23 21:12:12,732] Epoch: 79, Dataset: test, Dice: 0.4913, IoU: 0.3840
[2026-08-23 21:12:13,448] Epoch: 79, Dataset: val, Dice: 0.8867, IoU: 0.8182
[2026-08-23 21:12:13,449] ### Best Model Saved (Dice improved from 0.8788 to 0.8867) ###
[2026-08-23 21:12:42,162] Epoch: 80, Dataset: test, Dice: 0.4335, IoU: 0.3369
[2026-08-23 21:12:42,873] Epoch: 80, Dataset: val, Dice: 0.8585, IoU: 0.7808
[2026-08-23 21:13:11,494] Epoch: 81, Dataset: test, Dice: 0.4963, IoU: 0.4061
[2026-08-23 21:13:12,293] Epoch: 81, Dataset: val, Dice: 0.8512, IoU: 0.7689
[2026-08-23 21:13:40,950] Epoch: 82, Dataset: test, Dice: 0.4487, IoU: 0.3505
[2026-08-23 21:13:41,703] Epoch: 82, Dataset: val, Dice: 0.8675, IoU: 0.7893
[2026-08-23 21:14:10,412] Epoch: 83, Dataset: test, Dice: 0.4942, IoU: 0.3917
[2026-08-23 21:14:11,187] Epoch: 83, Dataset: val, Dice: 0.8775, IoU: 0.8036
[2026-08-23 21:14:39,775] Epoch: 84, Dataset: test, Dice: 0.4855, IoU: 0.3833
[2026-08-23 21:14:40,519] Epoch: 84, Dataset: val, Dice: 0.8716, IoU: 0.7968
[2026-08-23 21:15:09,190] Epoch: 85, Dataset: test, Dice: 0.4645, IoU: 0.3599
[2026-08-23 21:15:09,927] Epoch: 85, Dataset: val, Dice: 0.8783, IoU: 0.8057
[2026-08-23 21:15:38,586] Epoch: 86, Dataset: test, Dice: 0.4840, IoU: 0.3855
[2026-08-23 21:15:39,322] Epoch: 86, Dataset: val, Dice: 0.8782, IoU: 0.8077
[2026-08-23 21:16:07,976] Epoch: 87, Dataset: test, Dice: 0.4766, IoU: 0.3773
[2026-08-23 21:16:08,708] Epoch: 87, Dataset: val, Dice: 0.8797, IoU: 0.8078
[2026-08-23 21:16:37,326] Epoch: 88, Dataset: test, Dice: 0.5180, IoU: 0.4130
[2026-08-23 21:16:38,089] Epoch: 88, Dataset: val, Dice: 0.8747, IoU: 0.8019
[2026-08-23 21:17:06,748] Epoch: 89, Dataset: test, Dice: 0.4933, IoU: 0.3972
[2026-08-23 21:17:07,520] Epoch: 89, Dataset: val, Dice: 0.8760, IoU: 0.8052
[2026-08-23 21:17:36,142] Epoch: 90, Dataset: test, Dice: 0.5258, IoU: 0.4176
[2026-08-23 21:17:36,875] Epoch: 90, Dataset: val, Dice: 0.8638, IoU: 0.7881
[2026-08-23 21:18:05,434] Epoch: 91, Dataset: test, Dice: 0.5158, IoU: 0.4197
[2026-08-23 21:18:06,184] Epoch: 91, Dataset: val, Dice: 0.8643, IoU: 0.7892
[2026-08-23 21:18:34,798] Epoch: 92, Dataset: test, Dice: 0.4907, IoU: 0.3932
[2026-08-23 21:18:35,530] Epoch: 92, Dataset: val, Dice: 0.8732, IoU: 0.8021
[2026-08-23 21:19:04,132] Epoch: 93, Dataset: test, Dice: 0.4866, IoU: 0.3892
[2026-08-23 21:19:04,886] Epoch: 93, Dataset: val, Dice: 0.8734, IoU: 0.7954
[2026-08-23 21:19:33,521] Epoch: 94, Dataset: test, Dice: 0.4604, IoU: 0.3594
[2026-08-23 21:19:34,271] Epoch: 94, Dataset: val, Dice: 0.8763, IoU: 0.8048
[2026-08-23 21:20:02,891] Epoch: 95, Dataset: test, Dice: 0.4576, IoU: 0.3539
[2026-08-23 21:20:03,620] Epoch: 95, Dataset: val, Dice: 0.8752, IoU: 0.8046
[2026-08-23 21:20:32,273] Epoch: 96, Dataset: test, Dice: 0.4481, IoU: 0.3425
[2026-08-23 21:20:33,004] Epoch: 96, Dataset: val, Dice: 0.8632, IoU: 0.7917
[2026-08-23 21:21:01,554] Epoch: 97, Dataset: test, Dice: 0.5106, IoU: 0.4105
[2026-08-23 21:21:02,289] Epoch: 97, Dataset: val, Dice: 0.8721, IoU: 0.8023
[2026-08-23 21:21:30,888] Epoch: 98, Dataset: test, Dice: 0.5198, IoU: 0.4135
[2026-08-23 21:21:31,645] Epoch: 98, Dataset: val, Dice: 0.8649, IoU: 0.7886
[2026-08-23 21:22:00,291] Epoch: 99, Dataset: test, Dice: 0.5153, IoU: 0.4129
[2026-08-23 21:22:01,053] Epoch: 99, Dataset: val, Dice: 0.8569, IoU: 0.7822
[2026-08-23 21:22:29,681] Epoch: 100, Dataset: test, Dice: 0.4465, IoU: 0.3470
[2026-08-23 21:22:30,423] Epoch: 100, Dataset: val, Dice: 0.8674, IoU: 0.7932
[2026-08-23 21:22:59,071] Epoch: 101, Dataset: test, Dice: 0.4660, IoU: 0.3692
[2026-08-23 21:22:59,814] Epoch: 101, Dataset: val, Dice: 0.8595, IoU: 0.7843
[2026-08-23 21:23:28,444] Epoch: 102, Dataset: test, Dice: 0.4950, IoU: 0.3938
[2026-08-23 21:23:29,246] Epoch: 102, Dataset: val, Dice: 0.8753, IoU: 0.8044
[2026-08-23 21:23:57,876] Epoch: 103, Dataset: test, Dice: 0.5057, IoU: 0.4104
[2026-08-23 21:23:58,615] Epoch: 103, Dataset: val, Dice: 0.8780, IoU: 0.8071
[2026-08-23 21:24:27,262] Epoch: 104, Dataset: test, Dice: 0.5004, IoU: 0.3969
[2026-08-23 21:24:28,007] Epoch: 104, Dataset: val, Dice: 0.8731, IoU: 0.8022
[2026-08-23 21:24:56,639] Epoch: 105, Dataset: test, Dice: 0.5029, IoU: 0.4045
[2026-08-23 21:24:57,350] Epoch: 105, Dataset: val, Dice: 0.8787, IoU: 0.8094
[2026-08-23 21:25:25,999] Epoch: 106, Dataset: test, Dice: 0.4945, IoU: 0.3980
[2026-08-23 21:25:26,754] Epoch: 106, Dataset: val, Dice: 0.8671, IoU: 0.7938
[2026-08-23 21:25:55,352] Epoch: 107, Dataset: test, Dice: 0.5098, IoU: 0.4032
[2026-08-23 21:25:56,120] Epoch: 107, Dataset: val, Dice: 0.8800, IoU: 0.8117
[2026-08-23 21:26:24,731] Epoch: 108, Dataset: test, Dice: 0.4417, IoU: 0.3466
[2026-08-23 21:26:25,441] Epoch: 108, Dataset: val, Dice: 0.8828, IoU: 0.8156
[2026-08-23 21:26:54,063] Epoch: 109, Dataset: test, Dice: 0.4706, IoU: 0.3719
[2026-08-23 21:26:54,770] Epoch: 109, Dataset: val, Dice: 0.8756, IoU: 0.8066
[2026-08-23 21:27:23,450] Epoch: 110, Dataset: test, Dice: 0.4788, IoU: 0.3741
[2026-08-23 21:27:24,231] Epoch: 110, Dataset: val, Dice: 0.8720, IoU: 0.8001
[2026-08-23 21:27:52,837] Epoch: 111, Dataset: test, Dice: 0.4579, IoU: 0.3549
[2026-08-23 21:27:53,528] Epoch: 111, Dataset: val, Dice: 0.8658, IoU: 0.7944
[2026-08-23 21:28:22,123] Epoch: 112, Dataset: test, Dice: 0.4724, IoU: 0.3775
[2026-08-23 21:28:22,894] Epoch: 112, Dataset: val, Dice: 0.8719, IoU: 0.8006
[2026-08-23 21:28:51,594] Epoch: 113, Dataset: test, Dice: 0.4610, IoU: 0.3702
[2026-08-23 21:28:52,361] Epoch: 113, Dataset: val, Dice: 0.8791, IoU: 0.8102
[2026-08-23 21:29:20,990] Epoch: 114, Dataset: test, Dice: 0.3931, IoU: 0.2957
[2026-08-23 21:29:21,759] Epoch: 114, Dataset: val, Dice: 0.8757, IoU: 0.8065
[2026-08-23 21:29:50,458] Epoch: 115, Dataset: test, Dice: 0.4484, IoU: 0.3572
[2026-08-23 21:29:51,218] Epoch: 115, Dataset: val, Dice: 0.8758, IoU: 0.8066
[2026-08-23 21:30:19,828] Epoch: 116, Dataset: test, Dice: 0.4932, IoU: 0.3935
[2026-08-23 21:30:20,588] Epoch: 116, Dataset: val, Dice: 0.8831, IoU: 0.8157
[2026-08-23 21:30:49,200] Epoch: 117, Dataset: test, Dice: 0.4485, IoU: 0.3494
[2026-08-23 21:30:49,930] Epoch: 117, Dataset: val, Dice: 0.8781, IoU: 0.8109
[2026-08-23 21:31:18,593] Epoch: 118, Dataset: test, Dice: 0.5097, IoU: 0.4102
[2026-08-23 21:31:19,319] Epoch: 118, Dataset: val, Dice: 0.8831, IoU: 0.8152
[2026-08-23 21:31:47,967] Epoch: 119, Dataset: test, Dice: 0.4573, IoU: 0.3587
[2026-08-23 21:31:48,719] Epoch: 119, Dataset: val, Dice: 0.8907, IoU: 0.8270
[2026-08-23 21:31:48,720] ### Best Model Saved (Dice improved from 0.8867 to 0.8907) ###
[2026-08-23 21:32:17,358] Epoch: 120, Dataset: test, Dice: 0.4725, IoU: 0.3761
[2026-08-23 21:32:18,072] Epoch: 120, Dataset: val, Dice: 0.8849, IoU: 0.8184
[2026-08-23 21:32:46,660] Epoch: 121, Dataset: test, Dice: 0.4616, IoU: 0.3857
[2026-08-23 21:32:47,391] Epoch: 121, Dataset: val, Dice: 0.8786, IoU: 0.8087
[2026-08-23 21:33:15,980] Epoch: 122, Dataset: test, Dice: 0.4584, IoU: 0.3715
[2026-08-23 21:33:16,742] Epoch: 122, Dataset: val, Dice: 0.8854, IoU: 0.8181
[2026-08-23 21:33:45,424] Epoch: 123, Dataset: test, Dice: 0.4312, IoU: 0.3452
[2026-08-23 21:33:46,186] Epoch: 123, Dataset: val, Dice: 0.8845, IoU: 0.8134
[2026-08-23 21:34:14,791] Epoch: 124, Dataset: test, Dice: 0.4559, IoU: 0.3675
[2026-08-23 21:34:15,554] Epoch: 124, Dataset: val, Dice: 0.8703, IoU: 0.8024
[2026-08-23 21:34:44,145] Epoch: 125, Dataset: test, Dice: 0.5097, IoU: 0.4087
[2026-08-23 21:34:44,872] Epoch: 125, Dataset: val, Dice: 0.8796, IoU: 0.8107
[2026-08-23 21:35:13,501] Epoch: 126, Dataset: test, Dice: 0.4622, IoU: 0.3790
[2026-08-23 21:35:14,266] Epoch: 126, Dataset: val, Dice: 0.8731, IoU: 0.8018
[2026-08-23 21:35:42,958] Epoch: 127, Dataset: test, Dice: 0.4663, IoU: 0.3779
[2026-08-23 21:35:43,700] Epoch: 127, Dataset: val, Dice: 0.8876, IoU: 0.8201
[2026-08-23 21:36:12,411] Epoch: 128, Dataset: test, Dice: 0.4352, IoU: 0.3501
[2026-08-23 21:36:13,188] Epoch: 128, Dataset: val, Dice: 0.8808, IoU: 0.8131
[2026-08-23 21:36:41,834] Epoch: 129, Dataset: test, Dice: 0.4439, IoU: 0.3548
[2026-08-23 21:36:42,610] Epoch: 129, Dataset: val, Dice: 0.8665, IoU: 0.7943
[2026-08-23 21:37:11,225] Epoch: 130, Dataset: test, Dice: 0.4929, IoU: 0.3965
[2026-08-23 21:37:12,002] Epoch: 130, Dataset: val, Dice: 0.8838, IoU: 0.8172
[2026-08-23 21:37:40,670] Epoch: 131, Dataset: test, Dice: 0.4675, IoU: 0.3741
[2026-08-23 21:37:41,398] Epoch: 131, Dataset: val, Dice: 0.8783, IoU: 0.8101
[2026-08-23 21:38:10,062] Epoch: 132, Dataset: test, Dice: 0.4656, IoU: 0.3667
[2026-08-23 21:38:10,765] Epoch: 132, Dataset: val, Dice: 0.8806, IoU: 0.8122
[2026-08-23 21:38:39,423] Epoch: 133, Dataset: test, Dice: 0.4662, IoU: 0.3718
[2026-08-23 21:38:40,168] Epoch: 133, Dataset: val, Dice: 0.8807, IoU: 0.8136
[2026-08-23 21:39:08,822] Epoch: 134, Dataset: test, Dice: 0.5247, IoU: 0.4295
[2026-08-23 21:39:09,570] Epoch: 134, Dataset: val, Dice: 0.8774, IoU: 0.8080
[2026-08-23 21:39:38,182] Epoch: 135, Dataset: test, Dice: 0.4809, IoU: 0.3905
[2026-08-23 21:39:38,893] Epoch: 135, Dataset: val, Dice: 0.8735, IoU: 0.8032
[2026-08-23 21:40:07,527] Epoch: 136, Dataset: test, Dice: 0.4783, IoU: 0.3818
[2026-08-23 21:40:08,272] Epoch: 136, Dataset: val, Dice: 0.8794, IoU: 0.8132
[2026-08-23 21:40:36,931] Epoch: 137, Dataset: test, Dice: 0.4716, IoU: 0.3801
[2026-08-23 21:40:37,678] Epoch: 137, Dataset: val, Dice: 0.8820, IoU: 0.8164
[2026-08-23 21:41:06,283] Epoch: 138, Dataset: test, Dice: 0.4821, IoU: 0.3864
[2026-08-23 21:41:07,006] Epoch: 138, Dataset: val, Dice: 0.8693, IoU: 0.7991
[2026-08-23 21:41:35,552] Epoch: 139, Dataset: test, Dice: 0.4890, IoU: 0.3862
[2026-08-23 21:41:36,308] Epoch: 139, Dataset: val, Dice: 0.8812, IoU: 0.8136
[2026-08-23 21:42:04,919] Epoch: 140, Dataset: test, Dice: 0.5125, IoU: 0.4157
[2026-08-23 21:42:05,678] Epoch: 140, Dataset: val, Dice: 0.8719, IoU: 0.7994
[2026-08-23 21:42:34,346] Epoch: 141, Dataset: test, Dice: 0.5026, IoU: 0.4044
[2026-08-23 21:42:35,079] Epoch: 141, Dataset: val, Dice: 0.8880, IoU: 0.8220
[2026-08-23 21:43:03,655] Epoch: 142, Dataset: test, Dice: 0.5198, IoU: 0.4191
[2026-08-23 21:43:04,385] Epoch: 142, Dataset: val, Dice: 0.8822, IoU: 0.8149
[2026-08-23 21:43:32,904] Epoch: 143, Dataset: test, Dice: 0.4954, IoU: 0.3964
[2026-08-23 21:43:33,584] Epoch: 143, Dataset: val, Dice: 0.8627, IoU: 0.7881
[2026-08-23 21:44:02,168] Epoch: 144, Dataset: test, Dice: 0.4842, IoU: 0.3893
[2026-08-23 21:44:02,912] Epoch: 144, Dataset: val, Dice: 0.8784, IoU: 0.8106
[2026-08-23 21:44:31,564] Epoch: 145, Dataset: test, Dice: 0.5075, IoU: 0.4080
[2026-08-23 21:44:32,307] Epoch: 145, Dataset: val, Dice: 0.8783, IoU: 0.8091
[2026-08-23 21:45:00,822] Epoch: 146, Dataset: test, Dice: 0.4803, IoU: 0.3839
[2026-08-23 21:45:01,568] Epoch: 146, Dataset: val, Dice: 0.8812, IoU: 0.8147
[2026-08-23 21:45:30,172] Epoch: 147, Dataset: test, Dice: 0.4920, IoU: 0.3916
[2026-08-23 21:45:30,920] Epoch: 147, Dataset: val, Dice: 0.8791, IoU: 0.8109
[2026-08-23 21:45:59,539] Epoch: 148, Dataset: test, Dice: 0.4789, IoU: 0.3836
[2026-08-23 21:46:00,317] Epoch: 148, Dataset: val, Dice: 0.8894, IoU: 0.8252
[2026-08-23 21:46:28,993] Epoch: 149, Dataset: test, Dice: 0.5328, IoU: 0.4300
[2026-08-23 21:46:29,717] Epoch: 149, Dataset: val, Dice: 0.8836, IoU: 0.8154
[2026-08-23 21:46:58,333] Epoch: 150, Dataset: test, Dice: 0.5010, IoU: 0.4026
[2026-08-23 21:46:59,076] Epoch: 150, Dataset: val, Dice: 0.8861, IoU: 0.8202
[2026-08-23 21:47:27,681] Epoch: 151, Dataset: test, Dice: 0.4964, IoU: 0.4024
[2026-08-23 21:47:28,446] Epoch: 151, Dataset: val, Dice: 0.8880, IoU: 0.8221
[2026-08-23 21:47:57,151] Epoch: 152, Dataset: test, Dice: 0.4982, IoU: 0.4036
[2026-08-23 21:47:57,900] Epoch: 152, Dataset: val, Dice: 0.8850, IoU: 0.8198
[2026-08-23 21:48:26,542] Epoch: 153, Dataset: test, Dice: 0.4751, IoU: 0.3785
[2026-08-23 21:48:27,310] Epoch: 153, Dataset: val, Dice: 0.8827, IoU: 0.8153
[2026-08-23 21:48:55,962] Epoch: 154, Dataset: test, Dice: 0.4955, IoU: 0.3975
[2026-08-23 21:48:56,689] Epoch: 154, Dataset: val, Dice: 0.8881, IoU: 0.8227
[2026-08-23 21:49:25,327] Epoch: 155, Dataset: test, Dice: 0.4884, IoU: 0.3908
[2026-08-23 21:49:26,060] Epoch: 155, Dataset: val, Dice: 0.8884, IoU: 0.8236
[2026-08-23 21:49:54,719] Epoch: 156, Dataset: test, Dice: 0.5174, IoU: 0.4185
[2026-08-23 21:49:55,444] Epoch: 156, Dataset: val, Dice: 0.8911, IoU: 0.8274
[2026-08-23 21:49:55,444] ### Best Model Saved (Dice improved from 0.8907 to 0.8911) ###
[2026-08-23 21:50:24,170] Epoch: 157, Dataset: test, Dice: 0.5067, IoU: 0.4062
[2026-08-23 21:50:24,924] Epoch: 157, Dataset: val, Dice: 0.8859, IoU: 0.8196
[2026-08-23 21:50:53,543] Epoch: 158, Dataset: test, Dice: 0.4828, IoU: 0.3783
[2026-08-23 21:50:54,296] Epoch: 158, Dataset: val, Dice: 0.8917, IoU: 0.8291
[2026-08-23 21:50:54,297] ### Best Model Saved (Dice improved from 0.8911 to 0.8917) ###
[2026-08-23 21:51:22,976] Epoch: 159, Dataset: test, Dice: 0.4993, IoU: 0.4038
[2026-08-23 21:51:23,689] Epoch: 159, Dataset: val, Dice: 0.8877, IoU: 0.8220
[2026-08-23 21:51:52,358] Epoch: 160, Dataset: test, Dice: 0.4937, IoU: 0.3957
[2026-08-23 21:51:53,116] Epoch: 160, Dataset: val, Dice: 0.8856, IoU: 0.8208
[2026-08-23 21:52:21,773] Epoch: 161, Dataset: test, Dice: 0.5150, IoU: 0.4117
[2026-08-23 21:52:22,553] Epoch: 161, Dataset: val, Dice: 0.8888, IoU: 0.8247
[2026-08-23 21:52:51,129] Epoch: 162, Dataset: test, Dice: 0.4739, IoU: 0.3792
[2026-08-23 21:52:51,898] Epoch: 162, Dataset: val, Dice: 0.8874, IoU: 0.8224
[2026-08-23 21:53:20,522] Epoch: 163, Dataset: test, Dice: 0.4860, IoU: 0.3863
[2026-08-23 21:53:21,245] Epoch: 163, Dataset: val, Dice: 0.8871, IoU: 0.8226
[2026-08-23 21:53:49,822] Epoch: 164, Dataset: test, Dice: 0.4721, IoU: 0.3784
[2026-08-23 21:53:50,504] Epoch: 164, Dataset: val, Dice: 0.8882, IoU: 0.8240
[2026-08-23 21:54:19,134] Epoch: 165, Dataset: test, Dice: 0.4672, IoU: 0.3745
[2026-08-23 21:54:19,878] Epoch: 165, Dataset: val, Dice: 0.8893, IoU: 0.8236
[2026-08-23 21:54:48,494] Epoch: 166, Dataset: test, Dice: 0.5033, IoU: 0.4082
[2026-08-23 21:54:49,243] Epoch: 166, Dataset: val, Dice: 0.8732, IoU: 0.8038
[2026-08-23 21:55:17,881] Epoch: 167, Dataset: test, Dice: 0.4914, IoU: 0.4009
[2026-08-23 21:55:18,626] Epoch: 167, Dataset: val, Dice: 0.8873, IoU: 0.8212
[2026-08-23 21:55:47,264] Epoch: 168, Dataset: test, Dice: 0.5027, IoU: 0.4026
[2026-08-23 21:55:48,022] Epoch: 168, Dataset: val, Dice: 0.8884, IoU: 0.8248
[2026-08-23 21:56:16,566] Epoch: 169, Dataset: test, Dice: 0.4707, IoU: 0.3736
[2026-08-23 21:56:17,320] Epoch: 169, Dataset: val, Dice: 0.8790, IoU: 0.8116
[2026-08-23 21:56:45,897] Epoch: 170, Dataset: test, Dice: 0.4896, IoU: 0.3918
[2026-08-23 21:56:46,629] Epoch: 170, Dataset: val, Dice: 0.8855, IoU: 0.8208
[2026-08-23 21:57:15,261] Epoch: 171, Dataset: test, Dice: 0.4881, IoU: 0.3925
[2026-08-23 21:57:16,011] Epoch: 171, Dataset: val, Dice: 0.8830, IoU: 0.8175
[2026-08-23 21:57:44,604] Epoch: 172, Dataset: test, Dice: 0.4870, IoU: 0.3890
[2026-08-23 21:57:45,356] Epoch: 172, Dataset: val, Dice: 0.8879, IoU: 0.8239
[2026-08-23 21:58:13,965] Epoch: 173, Dataset: test, Dice: 0.4933, IoU: 0.3992
[2026-08-23 21:58:14,737] Epoch: 173, Dataset: val, Dice: 0.8880, IoU: 0.8243
[2026-08-23 21:58:43,378] Epoch: 174, Dataset: test, Dice: 0.4664, IoU: 0.3720
[2026-08-23 21:58:44,101] Epoch: 174, Dataset: val, Dice: 0.8832, IoU: 0.8182
[2026-08-23 21:59:12,739] Epoch: 175, Dataset: test, Dice: 0.4814, IoU: 0.3860
[2026-08-23 21:59:13,461] Epoch: 175, Dataset: val, Dice: 0.8857, IoU: 0.8206
[2026-08-23 21:59:42,108] Epoch: 176, Dataset: test, Dice: 0.4702, IoU: 0.3748
[2026-08-23 21:59:42,838] Epoch: 176, Dataset: val, Dice: 0.8856, IoU: 0.8203
[2026-08-23 22:00:11,500] Epoch: 177, Dataset: test, Dice: 0.4948, IoU: 0.3992
[2026-08-23 22:00:12,254] Epoch: 177, Dataset: val, Dice: 0.8819, IoU: 0.8143
[2026-08-23 22:00:40,930] Epoch: 178, Dataset: test, Dice: 0.4952, IoU: 0.3950
[2026-08-23 22:00:41,697] Epoch: 178, Dataset: val, Dice: 0.8834, IoU: 0.8165
[2026-08-23 22:01:10,393] Epoch: 179, Dataset: test, Dice: 0.4951, IoU: 0.3994
[2026-08-23 22:01:11,141] Epoch: 179, Dataset: val, Dice: 0.8812, IoU: 0.8140
[2026-08-23 22:01:39,722] Epoch: 180, Dataset: test, Dice: 0.5011, IoU: 0.4038
[2026-08-23 22:01:40,447] Epoch: 180, Dataset: val, Dice: 0.8845, IoU: 0.8193
[2026-08-23 22:02:09,074] Epoch: 181, Dataset: test, Dice: 0.4935, IoU: 0.3994
[2026-08-23 22:02:09,808] Epoch: 181, Dataset: val, Dice: 0.8843, IoU: 0.8194
[2026-08-23 22:02:38,471] Epoch: 182, Dataset: test, Dice: 0.5001, IoU: 0.4096
[2026-08-23 22:02:39,230] Epoch: 182, Dataset: val, Dice: 0.8800, IoU: 0.8112
[2026-08-23 22:03:07,897] Epoch: 183, Dataset: test, Dice: 0.4924, IoU: 0.3945
[2026-08-23 22:03:08,651] Epoch: 183, Dataset: val, Dice: 0.8788, IoU: 0.8112
[2026-08-23 22:03:37,212] Epoch: 184, Dataset: test, Dice: 0.4828, IoU: 0.3905
[2026-08-23 22:03:37,917] Epoch: 184, Dataset: val, Dice: 0.8849, IoU: 0.8188
[2026-08-23 22:04:06,504] Epoch: 185, Dataset: test, Dice: 0.5314, IoU: 0.4303
[2026-08-23 22:04:07,228] Epoch: 185, Dataset: val, Dice: 0.8775, IoU: 0.8082
[2026-08-23 22:04:35,879] Epoch: 186, Dataset: test, Dice: 0.4942, IoU: 0.3967
[2026-08-23 22:04:36,632] Epoch: 186, Dataset: val, Dice: 0.8846, IoU: 0.8200
[2026-08-23 22:05:05,301] Epoch: 187, Dataset: test, Dice: 0.4940, IoU: 0.4030
[2026-08-23 22:05:05,992] Epoch: 187, Dataset: val, Dice: 0.8795, IoU: 0.8118
[2026-08-23 22:05:34,604] Epoch: 188, Dataset: test, Dice: 0.5008, IoU: 0.4045
[2026-08-23 22:05:35,321] Epoch: 188, Dataset: val, Dice: 0.8796, IoU: 0.8120
[2026-08-23 22:06:03,950] Epoch: 189, Dataset: test, Dice: 0.4917, IoU: 0.3921
[2026-08-23 22:06:04,698] Epoch: 189, Dataset: val, Dice: 0.8837, IoU: 0.8174
[2026-08-23 22:06:33,318] Epoch: 190, Dataset: test, Dice: 0.4719, IoU: 0.3768
[2026-08-23 22:06:34,071] Epoch: 190, Dataset: val, Dice: 0.8824, IoU: 0.8147
[2026-08-23 22:07:02,694] Epoch: 191, Dataset: test, Dice: 0.5178, IoU: 0.4183
[2026-08-23 22:07:03,416] Epoch: 191, Dataset: val, Dice: 0.8848, IoU: 0.8183
[2026-08-23 22:07:32,009] Epoch: 192, Dataset: test, Dice: 0.4937, IoU: 0.3990
[2026-08-23 22:07:32,783] Epoch: 192, Dataset: val, Dice: 0.8857, IoU: 0.8193
[2026-08-23 22:08:01,466] Epoch: 193, Dataset: test, Dice: 0.4861, IoU: 0.3900
[2026-08-23 22:08:02,241] Epoch: 193, Dataset: val, Dice: 0.8866, IoU: 0.8214
[2026-08-23 22:08:30,812] Epoch: 194, Dataset: test, Dice: 0.4886, IoU: 0.3909
[2026-08-23 22:08:31,559] Epoch: 194, Dataset: val, Dice: 0.8895, IoU: 0.8263
[2026-08-23 22:09:00,233] Epoch: 195, Dataset: test, Dice: 0.4750, IoU: 0.3818
[2026-08-23 22:09:00,993] Epoch: 195, Dataset: val, Dice: 0.8870, IoU: 0.8224
[2026-08-23 22:09:29,609] Epoch: 196, Dataset: test, Dice: 0.4954, IoU: 0.3997
[2026-08-23 22:09:30,348] Epoch: 196, Dataset: val, Dice: 0.8892, IoU: 0.8250
[2026-08-23 22:09:59,004] Epoch: 197, Dataset: test, Dice: 0.5082, IoU: 0.4127
[2026-08-23 22:09:59,722] Epoch: 197, Dataset: val, Dice: 0.8870, IoU: 0.8224
[2026-08-23 22:10:28,329] Epoch: 198, Dataset: test, Dice: 0.4862, IoU: 0.3947
[2026-08-23 22:10:29,084] Epoch: 198, Dataset: val, Dice: 0.8833, IoU: 0.8157
[2026-08-23 22:10:57,721] Epoch: 199, Dataset: test, Dice: 0.4917, IoU: 0.3943
[2026-08-23 22:10:58,503] Epoch: 199, Dataset: val, Dice: 0.8782, IoU: 0.8098
[2026-08-23 22:11:27,092] Epoch: 200, Dataset: test, Dice: 0.5069, IoU: 0.4063
[2026-08-23 22:11:27,827] Epoch: 200, Dataset: val, Dice: 0.8884, IoU: 0.8240
[2026-08-23 22:11:27,828] 
========================================
FINAL RESULTS: ClinicDB_MK_UNet_bs8_lr0.0005_e200_augTrue_run2_t203333
Best Val Dice: 0.8917
Test Dice at Best Val: 0.4828
Total Train Time: 5596.28s
========================================
