[2026-08-25 08:21:40,358] flops: 0.619251354, params: 0.315566, Total params: : 0.3156
[2026-08-25 08:22:08,383] Epoch: 1, Dataset: test, Dice: 0.1408, IoU: 0.0796
[2026-08-25 08:22:09,207] Epoch: 1, Dataset: val, Dice: 0.3005, IoU: 0.1973
[2026-08-25 08:22:09,207] ### Best Model Saved (Dice improved from 0.0000 to 0.3005) ###
[2026-08-25 08:22:37,167] Epoch: 2, Dataset: test, Dice: 0.1258, IoU: 0.0720
[2026-08-25 08:22:38,025] Epoch: 2, Dataset: val, Dice: 0.3968, IoU: 0.2760
[2026-08-25 08:22:38,026] ### Best Model Saved (Dice improved from 0.3005 to 0.3968) ###
[2026-08-25 08:23:06,026] Epoch: 3, Dataset: test, Dice: 0.1649, IoU: 0.1016
[2026-08-25 08:23:06,864] Epoch: 3, Dataset: val, Dice: 0.4886, IoU: 0.3561
[2026-08-25 08:23:06,864] ### Best Model Saved (Dice improved from 0.3968 to 0.4886) ###
[2026-08-25 08:23:34,901] Epoch: 4, Dataset: test, Dice: 0.2031, IoU: 0.1304
[2026-08-25 08:23:35,686] Epoch: 4, Dataset: val, Dice: 0.5493, IoU: 0.4361
[2026-08-25 08:23:35,686] ### Best Model Saved (Dice improved from 0.4886 to 0.5493) ###
[2026-08-25 08:24:03,678] Epoch: 5, Dataset: test, Dice: 0.2996, IoU: 0.2025
[2026-08-25 08:24:04,489] Epoch: 5, Dataset: val, Dice: 0.5696, IoU: 0.4459
[2026-08-25 08:24:04,489] ### Best Model Saved (Dice improved from 0.5493 to 0.5696) ###
[2026-08-25 08:24:32,516] Epoch: 6, Dataset: test, Dice: 0.2356, IoU: 0.1518
[2026-08-25 08:24:33,300] Epoch: 6, Dataset: val, Dice: 0.5400, IoU: 0.4033
[2026-08-25 08:25:01,302] Epoch: 7, Dataset: test, Dice: 0.2745, IoU: 0.1854
[2026-08-25 08:25:02,137] Epoch: 7, Dataset: val, Dice: 0.6495, IoU: 0.5251
[2026-08-25 08:25:02,138] ### Best Model Saved (Dice improved from 0.5696 to 0.6495) ###
[2026-08-25 08:25:30,140] Epoch: 8, Dataset: test, Dice: 0.2224, IoU: 0.1497
[2026-08-25 08:25:30,991] Epoch: 8, Dataset: val, Dice: 0.4845, IoU: 0.3588
[2026-08-25 08:25:58,907] Epoch: 9, Dataset: test, Dice: 0.3071, IoU: 0.2155
[2026-08-25 08:25:59,724] Epoch: 9, Dataset: val, Dice: 0.6496, IoU: 0.5324
[2026-08-25 08:25:59,725] ### Best Model Saved (Dice improved from 0.6495 to 0.6496) ###
[2026-08-25 08:26:27,761] Epoch: 10, Dataset: test, Dice: 0.3623, IoU: 0.2604
[2026-08-25 08:26:28,613] Epoch: 10, Dataset: val, Dice: 0.6961, IoU: 0.5902
[2026-08-25 08:26:28,613] ### Best Model Saved (Dice improved from 0.6496 to 0.6961) ###
[2026-08-25 08:26:56,561] Epoch: 11, Dataset: test, Dice: 0.3259, IoU: 0.2442
[2026-08-25 08:26:57,408] Epoch: 11, Dataset: val, Dice: 0.6916, IoU: 0.5809
[2026-08-25 08:27:25,350] Epoch: 12, Dataset: test, Dice: 0.3381, IoU: 0.2422
[2026-08-25 08:27:26,163] Epoch: 12, Dataset: val, Dice: 0.7311, IoU: 0.6211
[2026-08-25 08:27:26,164] ### Best Model Saved (Dice improved from 0.6961 to 0.7311) ###
[2026-08-25 08:27:54,176] Epoch: 13, Dataset: test, Dice: 0.2974, IoU: 0.2124
[2026-08-25 08:27:54,985] Epoch: 13, Dataset: val, Dice: 0.6975, IoU: 0.5832
[2026-08-25 08:28:22,882] Epoch: 14, Dataset: test, Dice: 0.4323, IoU: 0.3276
[2026-08-25 08:28:23,748] Epoch: 14, Dataset: val, Dice: 0.6757, IoU: 0.5655
[2026-08-25 08:28:51,664] Epoch: 15, Dataset: test, Dice: 0.4011, IoU: 0.3023
[2026-08-25 08:28:52,462] Epoch: 15, Dataset: val, Dice: 0.5980, IoU: 0.4814
[2026-08-25 08:29:20,390] Epoch: 16, Dataset: test, Dice: 0.2583, IoU: 0.1943
[2026-08-25 08:29:21,214] Epoch: 16, Dataset: val, Dice: 0.6621, IoU: 0.5430
[2026-08-25 08:29:49,110] Epoch: 17, Dataset: test, Dice: 0.2536, IoU: 0.1713
[2026-08-25 08:29:49,921] Epoch: 17, Dataset: val, Dice: 0.6993, IoU: 0.5807
[2026-08-25 08:30:17,872] Epoch: 18, Dataset: test, Dice: 0.4304, IoU: 0.3354
[2026-08-25 08:30:18,688] Epoch: 18, Dataset: val, Dice: 0.7468, IoU: 0.6457
[2026-08-25 08:30:18,688] ### Best Model Saved (Dice improved from 0.7311 to 0.7468) ###
[2026-08-25 08:30:46,736] Epoch: 19, Dataset: test, Dice: 0.3190, IoU: 0.2227
[2026-08-25 08:30:47,588] Epoch: 19, Dataset: val, Dice: 0.7573, IoU: 0.6533
[2026-08-25 08:30:47,589] ### Best Model Saved (Dice improved from 0.7468 to 0.7573) ###
[2026-08-25 08:31:15,556] Epoch: 20, Dataset: test, Dice: 0.4538, IoU: 0.3429
[2026-08-25 08:31:16,359] Epoch: 20, Dataset: val, Dice: 0.7320, IoU: 0.6135
[2026-08-25 08:31:44,249] Epoch: 21, Dataset: test, Dice: 0.4085, IoU: 0.3040
[2026-08-25 08:31:45,084] Epoch: 21, Dataset: val, Dice: 0.7759, IoU: 0.6728
[2026-08-25 08:31:45,085] ### Best Model Saved (Dice improved from 0.7573 to 0.7759) ###
[2026-08-25 08:32:13,120] Epoch: 22, Dataset: test, Dice: 0.3490, IoU: 0.2545
[2026-08-25 08:32:13,928] Epoch: 22, Dataset: val, Dice: 0.7631, IoU: 0.6653
[2026-08-25 08:32:41,881] Epoch: 23, Dataset: test, Dice: 0.2828, IoU: 0.1895
[2026-08-25 08:32:42,728] Epoch: 23, Dataset: val, Dice: 0.6982, IoU: 0.5874
[2026-08-25 08:33:10,698] Epoch: 24, Dataset: test, Dice: 0.4485, IoU: 0.3468
[2026-08-25 08:33:11,522] Epoch: 24, Dataset: val, Dice: 0.7971, IoU: 0.7012
[2026-08-25 08:33:11,522] ### Best Model Saved (Dice improved from 0.7759 to 0.7971) ###
[2026-08-25 08:33:39,553] Epoch: 25, Dataset: test, Dice: 0.4120, IoU: 0.3207
[2026-08-25 08:33:40,363] Epoch: 25, Dataset: val, Dice: 0.7722, IoU: 0.6764
[2026-08-25 08:34:08,303] Epoch: 26, Dataset: test, Dice: 0.4151, IoU: 0.3269
[2026-08-25 08:34:09,133] Epoch: 26, Dataset: val, Dice: 0.8101, IoU: 0.7254
[2026-08-25 08:34:09,134] ### Best Model Saved (Dice improved from 0.7971 to 0.8101) ###
[2026-08-25 08:34:37,144] Epoch: 27, Dataset: test, Dice: 0.3819, IoU: 0.2859
[2026-08-25 08:34:37,971] Epoch: 27, Dataset: val, Dice: 0.7982, IoU: 0.7079
[2026-08-25 08:35:05,945] Epoch: 28, Dataset: test, Dice: 0.3061, IoU: 0.2216
[2026-08-25 08:35:06,728] Epoch: 28, Dataset: val, Dice: 0.7383, IoU: 0.6360
[2026-08-25 08:35:34,642] Epoch: 29, Dataset: test, Dice: 0.3743, IoU: 0.2795
[2026-08-25 08:35:35,483] Epoch: 29, Dataset: val, Dice: 0.8055, IoU: 0.7191
[2026-08-25 08:36:03,398] Epoch: 30, Dataset: test, Dice: 0.3710, IoU: 0.2860
[2026-08-25 08:36:04,273] Epoch: 30, Dataset: val, Dice: 0.7042, IoU: 0.6008
[2026-08-25 08:36:32,294] Epoch: 31, Dataset: test, Dice: 0.4938, IoU: 0.3960
[2026-08-25 08:36:33,141] Epoch: 31, Dataset: val, Dice: 0.7904, IoU: 0.7037
[2026-08-25 08:37:01,145] Epoch: 32, Dataset: test, Dice: 0.3409, IoU: 0.2418
[2026-08-25 08:37:01,970] Epoch: 32, Dataset: val, Dice: 0.7447, IoU: 0.6413
[2026-08-25 08:37:29,865] Epoch: 33, Dataset: test, Dice: 0.3713, IoU: 0.2715
[2026-08-25 08:37:30,694] Epoch: 33, Dataset: val, Dice: 0.7801, IoU: 0.6778
[2026-08-25 08:37:58,655] Epoch: 34, Dataset: test, Dice: 0.4173, IoU: 0.3135
[2026-08-25 08:37:59,443] Epoch: 34, Dataset: val, Dice: 0.7911, IoU: 0.7022
[2026-08-25 08:38:27,321] Epoch: 35, Dataset: test, Dice: 0.4005, IoU: 0.3179
[2026-08-25 08:38:28,130] Epoch: 35, Dataset: val, Dice: 0.8017, IoU: 0.7169
[2026-08-25 08:38:56,023] Epoch: 36, Dataset: test, Dice: 0.4789, IoU: 0.3806
[2026-08-25 08:38:56,856] Epoch: 36, Dataset: val, Dice: 0.8209, IoU: 0.7309
[2026-08-25 08:38:56,857] ### Best Model Saved (Dice improved from 0.8101 to 0.8209) ###
[2026-08-25 08:39:24,848] Epoch: 37, Dataset: test, Dice: 0.4937, IoU: 0.3850
[2026-08-25 08:39:25,687] Epoch: 37, Dataset: val, Dice: 0.7957, IoU: 0.6933
[2026-08-25 08:39:53,600] Epoch: 38, Dataset: test, Dice: 0.4000, IoU: 0.3088
[2026-08-25 08:39:54,396] Epoch: 38, Dataset: val, Dice: 0.7833, IoU: 0.6843
[2026-08-25 08:40:22,277] Epoch: 39, Dataset: test, Dice: 0.5177, IoU: 0.4201
[2026-08-25 08:40:23,097] Epoch: 39, Dataset: val, Dice: 0.8305, IoU: 0.7451
[2026-08-25 08:40:23,097] ### Best Model Saved (Dice improved from 0.8209 to 0.8305) ###
[2026-08-25 08:40:51,171] Epoch: 40, Dataset: test, Dice: 0.4162, IoU: 0.3350
[2026-08-25 08:40:52,003] Epoch: 40, Dataset: val, Dice: 0.8588, IoU: 0.7758
[2026-08-25 08:40:52,003] ### Best Model Saved (Dice improved from 0.8305 to 0.8588) ###
[2026-08-25 08:41:19,985] Epoch: 41, Dataset: test, Dice: 0.4710, IoU: 0.3753
[2026-08-25 08:41:20,773] Epoch: 41, Dataset: val, Dice: 0.8220, IoU: 0.7315
[2026-08-25 08:41:48,731] Epoch: 42, Dataset: test, Dice: 0.3689, IoU: 0.3012
[2026-08-25 08:41:49,534] Epoch: 42, Dataset: val, Dice: 0.7709, IoU: 0.6742
[2026-08-25 08:42:17,501] Epoch: 43, Dataset: test, Dice: 0.5645, IoU: 0.4578
[2026-08-25 08:42:18,301] Epoch: 43, Dataset: val, Dice: 0.8026, IoU: 0.7049
[2026-08-25 08:42:46,310] Epoch: 44, Dataset: test, Dice: 0.4865, IoU: 0.3825
[2026-08-25 08:42:47,116] Epoch: 44, Dataset: val, Dice: 0.8087, IoU: 0.7077
[2026-08-25 08:43:15,080] Epoch: 45, Dataset: test, Dice: 0.4076, IoU: 0.3122
[2026-08-25 08:43:15,896] Epoch: 45, Dataset: val, Dice: 0.8222, IoU: 0.7301
[2026-08-25 08:43:43,887] Epoch: 46, Dataset: test, Dice: 0.4798, IoU: 0.3813
[2026-08-25 08:43:44,723] Epoch: 46, Dataset: val, Dice: 0.8247, IoU: 0.7398
[2026-08-25 08:44:12,634] Epoch: 47, Dataset: test, Dice: 0.4640, IoU: 0.3626
[2026-08-25 08:44:13,455] Epoch: 47, Dataset: val, Dice: 0.8403, IoU: 0.7615
[2026-08-25 08:44:41,456] Epoch: 48, Dataset: test, Dice: 0.4662, IoU: 0.3624
[2026-08-25 08:44:42,257] Epoch: 48, Dataset: val, Dice: 0.8251, IoU: 0.7324
[2026-08-25 08:45:10,267] Epoch: 49, Dataset: test, Dice: 0.4927, IoU: 0.3979
[2026-08-25 08:45:11,168] Epoch: 49, Dataset: val, Dice: 0.8204, IoU: 0.7293
[2026-08-25 08:45:39,150] Epoch: 50, Dataset: test, Dice: 0.5491, IoU: 0.4490
[2026-08-25 08:45:39,973] Epoch: 50, Dataset: val, Dice: 0.8236, IoU: 0.7338
[2026-08-25 08:46:07,978] Epoch: 51, Dataset: test, Dice: 0.5746, IoU: 0.4697
[2026-08-25 08:46:08,768] Epoch: 51, Dataset: val, Dice: 0.8636, IoU: 0.7843
[2026-08-25 08:46:08,768] ### Best Model Saved (Dice improved from 0.8588 to 0.8636) ###
[2026-08-25 08:46:36,841] Epoch: 52, Dataset: test, Dice: 0.4089, IoU: 0.3091
[2026-08-25 08:46:37,688] Epoch: 52, Dataset: val, Dice: 0.8152, IoU: 0.7302
[2026-08-25 08:47:05,651] Epoch: 53, Dataset: test, Dice: 0.5150, IoU: 0.4084
[2026-08-25 08:47:06,451] Epoch: 53, Dataset: val, Dice: 0.8345, IoU: 0.7523
[2026-08-25 08:47:34,437] Epoch: 54, Dataset: test, Dice: 0.4680, IoU: 0.3619
[2026-08-25 08:47:35,237] Epoch: 54, Dataset: val, Dice: 0.8570, IoU: 0.7778
[2026-08-25 08:48:03,275] Epoch: 55, Dataset: test, Dice: 0.3549, IoU: 0.2563
[2026-08-25 08:48:04,145] Epoch: 55, Dataset: val, Dice: 0.8285, IoU: 0.7376
[2026-08-25 08:48:32,112] Epoch: 56, Dataset: test, Dice: 0.4436, IoU: 0.3423
[2026-08-25 08:48:32,945] Epoch: 56, Dataset: val, Dice: 0.8475, IoU: 0.7623
[2026-08-25 08:49:01,025] Epoch: 57, Dataset: test, Dice: 0.5717, IoU: 0.4631
[2026-08-25 08:49:01,848] Epoch: 57, Dataset: val, Dice: 0.8480, IoU: 0.7631
[2026-08-25 08:49:29,856] Epoch: 58, Dataset: test, Dice: 0.5129, IoU: 0.4081
[2026-08-25 08:49:30,714] Epoch: 58, Dataset: val, Dice: 0.8400, IoU: 0.7550
[2026-08-25 08:49:58,656] Epoch: 59, Dataset: test, Dice: 0.3922, IoU: 0.3188
[2026-08-25 08:49:59,484] Epoch: 59, Dataset: val, Dice: 0.8081, IoU: 0.7180
[2026-08-25 08:50:27,430] Epoch: 60, Dataset: test, Dice: 0.5116, IoU: 0.4134
[2026-08-25 08:50:28,272] Epoch: 60, Dataset: val, Dice: 0.8376, IoU: 0.7519
[2026-08-25 08:50:56,270] Epoch: 61, Dataset: test, Dice: 0.4158, IoU: 0.3187
[2026-08-25 08:50:57,092] Epoch: 61, Dataset: val, Dice: 0.8145, IoU: 0.7323
[2026-08-25 08:51:25,048] Epoch: 62, Dataset: test, Dice: 0.5315, IoU: 0.4294
[2026-08-25 08:51:25,861] Epoch: 62, Dataset: val, Dice: 0.8165, IoU: 0.7304
[2026-08-25 08:51:53,850] Epoch: 63, Dataset: test, Dice: 0.4526, IoU: 0.3378
[2026-08-25 08:51:54,679] Epoch: 63, Dataset: val, Dice: 0.8473, IoU: 0.7595
[2026-08-25 08:52:22,638] Epoch: 64, Dataset: test, Dice: 0.5151, IoU: 0.4208
[2026-08-25 08:52:23,457] Epoch: 64, Dataset: val, Dice: 0.8563, IoU: 0.7767
[2026-08-25 08:52:51,348] Epoch: 65, Dataset: test, Dice: 0.3801, IoU: 0.2721
[2026-08-25 08:52:52,184] Epoch: 65, Dataset: val, Dice: 0.8577, IoU: 0.7762
[2026-08-25 08:53:20,121] Epoch: 66, Dataset: test, Dice: 0.4592, IoU: 0.3583
[2026-08-25 08:53:20,969] Epoch: 66, Dataset: val, Dice: 0.8743, IoU: 0.8018
[2026-08-25 08:53:20,969] ### Best Model Saved (Dice improved from 0.8636 to 0.8743) ###
[2026-08-25 08:53:49,012] Epoch: 67, Dataset: test, Dice: 0.4494, IoU: 0.3465
[2026-08-25 08:53:49,794] Epoch: 67, Dataset: val, Dice: 0.8745, IoU: 0.7970
[2026-08-25 08:53:49,795] ### Best Model Saved (Dice improved from 0.8743 to 0.8745) ###
[2026-08-25 08:54:17,716] Epoch: 68, Dataset: test, Dice: 0.4666, IoU: 0.3635
[2026-08-25 08:54:18,522] Epoch: 68, Dataset: val, Dice: 0.8438, IoU: 0.7534
[2026-08-25 08:54:46,445] Epoch: 69, Dataset: test, Dice: 0.4768, IoU: 0.3725
[2026-08-25 08:54:47,274] Epoch: 69, Dataset: val, Dice: 0.8621, IoU: 0.7849
[2026-08-25 08:55:15,257] Epoch: 70, Dataset: test, Dice: 0.5011, IoU: 0.4070
[2026-08-25 08:55:16,102] Epoch: 70, Dataset: val, Dice: 0.8765, IoU: 0.8021
[2026-08-25 08:55:16,102] ### Best Model Saved (Dice improved from 0.8745 to 0.8765) ###
[2026-08-25 08:55:44,117] Epoch: 71, Dataset: test, Dice: 0.4543, IoU: 0.3551
[2026-08-25 08:55:44,934] Epoch: 71, Dataset: val, Dice: 0.8687, IoU: 0.7960
[2026-08-25 08:56:12,886] Epoch: 72, Dataset: test, Dice: 0.5439, IoU: 0.4432
[2026-08-25 08:56:13,709] Epoch: 72, Dataset: val, Dice: 0.8620, IoU: 0.7867
[2026-08-25 08:56:41,650] Epoch: 73, Dataset: test, Dice: 0.4970, IoU: 0.4055
[2026-08-25 08:56:42,468] Epoch: 73, Dataset: val, Dice: 0.8632, IoU: 0.7884
[2026-08-25 08:57:10,462] Epoch: 74, Dataset: test, Dice: 0.5551, IoU: 0.4596
[2026-08-25 08:57:11,294] Epoch: 74, Dataset: val, Dice: 0.8618, IoU: 0.7865
[2026-08-25 08:57:39,250] Epoch: 75, Dataset: test, Dice: 0.4411, IoU: 0.3476
[2026-08-25 08:57:40,094] Epoch: 75, Dataset: val, Dice: 0.8515, IoU: 0.7699
[2026-08-25 08:58:08,114] Epoch: 76, Dataset: test, Dice: 0.4654, IoU: 0.3625
[2026-08-25 08:58:08,927] Epoch: 76, Dataset: val, Dice: 0.8347, IoU: 0.7455
[2026-08-25 08:58:36,885] Epoch: 77, Dataset: test, Dice: 0.4970, IoU: 0.3889
[2026-08-25 08:58:37,656] Epoch: 77, Dataset: val, Dice: 0.8700, IoU: 0.7974
[2026-08-25 08:59:05,573] Epoch: 78, Dataset: test, Dice: 0.4900, IoU: 0.3876
[2026-08-25 08:59:06,369] Epoch: 78, Dataset: val, Dice: 0.8773, IoU: 0.8045
[2026-08-25 08:59:06,370] ### Best Model Saved (Dice improved from 0.8765 to 0.8773) ###
[2026-08-25 08:59:34,372] Epoch: 79, Dataset: test, Dice: 0.4513, IoU: 0.3473
[2026-08-25 08:59:35,181] Epoch: 79, Dataset: val, Dice: 0.8713, IoU: 0.7984
[2026-08-25 09:00:03,165] Epoch: 80, Dataset: test, Dice: 0.4552, IoU: 0.3535
[2026-08-25 09:00:03,931] Epoch: 80, Dataset: val, Dice: 0.8529, IoU: 0.7766
[2026-08-25 09:00:31,873] Epoch: 81, Dataset: test, Dice: 0.5540, IoU: 0.4615
[2026-08-25 09:00:32,688] Epoch: 81, Dataset: val, Dice: 0.8745, IoU: 0.7991
[2026-08-25 09:01:00,670] Epoch: 82, Dataset: test, Dice: 0.5787, IoU: 0.4894
[2026-08-25 09:01:01,475] Epoch: 82, Dataset: val, Dice: 0.8682, IoU: 0.7922
[2026-08-25 09:01:29,451] Epoch: 83, Dataset: test, Dice: 0.4182, IoU: 0.3174
[2026-08-25 09:01:30,282] Epoch: 83, Dataset: val, Dice: 0.8760, IoU: 0.7976
[2026-08-25 09:01:58,275] Epoch: 84, Dataset: test, Dice: 0.4519, IoU: 0.3559
[2026-08-25 09:01:59,056] Epoch: 84, Dataset: val, Dice: 0.8652, IoU: 0.7941
[2026-08-25 09:02:27,043] Epoch: 85, Dataset: test, Dice: 0.5109, IoU: 0.4143
[2026-08-25 09:02:27,885] Epoch: 85, Dataset: val, Dice: 0.8590, IoU: 0.7825
[2026-08-25 09:02:55,899] Epoch: 86, Dataset: test, Dice: 0.5131, IoU: 0.4131
[2026-08-25 09:02:56,713] Epoch: 86, Dataset: val, Dice: 0.8782, IoU: 0.8063
[2026-08-25 09:02:56,713] ### Best Model Saved (Dice improved from 0.8773 to 0.8782) ###
[2026-08-25 09:03:24,712] Epoch: 87, Dataset: test, Dice: 0.4414, IoU: 0.3395
[2026-08-25 09:03:25,556] Epoch: 87, Dataset: val, Dice: 0.8847, IoU: 0.8137
[2026-08-25 09:03:25,556] ### Best Model Saved (Dice improved from 0.8782 to 0.8847) ###
[2026-08-25 09:03:53,614] Epoch: 88, Dataset: test, Dice: 0.5528, IoU: 0.4538
[2026-08-25 09:03:54,424] Epoch: 88, Dataset: val, Dice: 0.8863, IoU: 0.8107
[2026-08-25 09:03:54,424] ### Best Model Saved (Dice improved from 0.8847 to 0.8863) ###
[2026-08-25 09:04:22,412] Epoch: 89, Dataset: test, Dice: 0.4645, IoU: 0.3560
[2026-08-25 09:04:23,243] Epoch: 89, Dataset: val, Dice: 0.8876, IoU: 0.8184
[2026-08-25 09:04:23,244] ### Best Model Saved (Dice improved from 0.8863 to 0.8876) ###
[2026-08-25 09:04:51,329] Epoch: 90, Dataset: test, Dice: 0.5288, IoU: 0.4220
[2026-08-25 09:04:52,118] Epoch: 90, Dataset: val, Dice: 0.8819, IoU: 0.8072
[2026-08-25 09:05:20,171] Epoch: 91, Dataset: test, Dice: 0.5386, IoU: 0.4331
[2026-08-25 09:05:21,034] Epoch: 91, Dataset: val, Dice: 0.8925, IoU: 0.8247
[2026-08-25 09:05:21,034] ### Best Model Saved (Dice improved from 0.8876 to 0.8925) ###
[2026-08-25 09:05:49,036] Epoch: 92, Dataset: test, Dice: 0.5776, IoU: 0.4754
[2026-08-25 09:05:49,792] Epoch: 92, Dataset: val, Dice: 0.8917, IoU: 0.8221
[2026-08-25 09:06:17,764] Epoch: 93, Dataset: test, Dice: 0.4781, IoU: 0.3749
[2026-08-25 09:06:18,580] Epoch: 93, Dataset: val, Dice: 0.8885, IoU: 0.8212
[2026-08-25 09:06:46,540] Epoch: 94, Dataset: test, Dice: 0.4687, IoU: 0.3702
[2026-08-25 09:06:47,339] Epoch: 94, Dataset: val, Dice: 0.8777, IoU: 0.8047
[2026-08-25 09:07:15,233] Epoch: 95, Dataset: test, Dice: 0.5786, IoU: 0.4958
[2026-08-25 09:07:16,023] Epoch: 95, Dataset: val, Dice: 0.8785, IoU: 0.8093
[2026-08-25 09:07:43,998] Epoch: 96, Dataset: test, Dice: 0.5315, IoU: 0.4219
[2026-08-25 09:07:44,814] Epoch: 96, Dataset: val, Dice: 0.8915, IoU: 0.8220
[2026-08-25 09:08:12,832] Epoch: 97, Dataset: test, Dice: 0.5594, IoU: 0.4678
[2026-08-25 09:08:13,642] Epoch: 97, Dataset: val, Dice: 0.8783, IoU: 0.8085
[2026-08-25 09:08:41,600] Epoch: 98, Dataset: test, Dice: 0.4007, IoU: 0.2965
[2026-08-25 09:08:42,459] Epoch: 98, Dataset: val, Dice: 0.8833, IoU: 0.8152
[2026-08-25 09:09:10,397] Epoch: 99, Dataset: test, Dice: 0.3944, IoU: 0.2922
[2026-08-25 09:09:11,224] Epoch: 99, Dataset: val, Dice: 0.8748, IoU: 0.8063
[2026-08-25 09:09:39,181] Epoch: 100, Dataset: test, Dice: 0.4522, IoU: 0.3416
[2026-08-25 09:09:40,027] Epoch: 100, Dataset: val, Dice: 0.8905, IoU: 0.8254
[2026-08-25 09:10:07,989] Epoch: 101, Dataset: test, Dice: 0.4299, IoU: 0.3586
[2026-08-25 09:10:08,776] Epoch: 101, Dataset: val, Dice: 0.8689, IoU: 0.7973
[2026-08-25 09:10:36,733] Epoch: 102, Dataset: test, Dice: 0.4719, IoU: 0.3789
[2026-08-25 09:10:37,580] Epoch: 102, Dataset: val, Dice: 0.8736, IoU: 0.8008
[2026-08-25 09:11:05,543] Epoch: 103, Dataset: test, Dice: 0.4594, IoU: 0.3528
[2026-08-25 09:11:06,378] Epoch: 103, Dataset: val, Dice: 0.8795, IoU: 0.8105
[2026-08-25 09:11:34,351] Epoch: 104, Dataset: test, Dice: 0.5510, IoU: 0.4519
[2026-08-25 09:11:35,186] Epoch: 104, Dataset: val, Dice: 0.8969, IoU: 0.8309
[2026-08-25 09:11:35,187] ### Best Model Saved (Dice improved from 0.8925 to 0.8969) ###
[2026-08-25 09:12:03,143] Epoch: 105, Dataset: test, Dice: 0.4285, IoU: 0.3250
[2026-08-25 09:12:03,953] Epoch: 105, Dataset: val, Dice: 0.8781, IoU: 0.8099
[2026-08-25 09:12:31,925] Epoch: 106, Dataset: test, Dice: 0.5273, IoU: 0.4255
[2026-08-25 09:12:32,727] Epoch: 106, Dataset: val, Dice: 0.9064, IoU: 0.8423
[2026-08-25 09:12:32,727] ### Best Model Saved (Dice improved from 0.8969 to 0.9064) ###
[2026-08-25 09:13:00,773] Epoch: 107, Dataset: test, Dice: 0.5326, IoU: 0.4406
[2026-08-25 09:13:01,574] Epoch: 107, Dataset: val, Dice: 0.8824, IoU: 0.8118
[2026-08-25 09:13:29,504] Epoch: 108, Dataset: test, Dice: 0.5469, IoU: 0.4424
[2026-08-25 09:13:30,346] Epoch: 108, Dataset: val, Dice: 0.8862, IoU: 0.8195
[2026-08-25 09:13:58,365] Epoch: 109, Dataset: test, Dice: 0.5178, IoU: 0.4091
[2026-08-25 09:13:59,204] Epoch: 109, Dataset: val, Dice: 0.8858, IoU: 0.8169
[2026-08-25 09:14:27,188] Epoch: 110, Dataset: test, Dice: 0.5352, IoU: 0.4340
[2026-08-25 09:14:27,997] Epoch: 110, Dataset: val, Dice: 0.8894, IoU: 0.8177
[2026-08-25 09:14:55,886] Epoch: 111, Dataset: test, Dice: 0.5280, IoU: 0.4233
[2026-08-25 09:14:56,685] Epoch: 111, Dataset: val, Dice: 0.8853, IoU: 0.8201
[2026-08-25 09:15:24,631] Epoch: 112, Dataset: test, Dice: 0.4603, IoU: 0.3541
[2026-08-25 09:15:25,426] Epoch: 112, Dataset: val, Dice: 0.8818, IoU: 0.8119
[2026-08-25 09:15:53,414] Epoch: 113, Dataset: test, Dice: 0.5459, IoU: 0.4487
[2026-08-25 09:15:54,242] Epoch: 113, Dataset: val, Dice: 0.8874, IoU: 0.8205
[2026-08-25 09:16:22,130] Epoch: 114, Dataset: test, Dice: 0.5062, IoU: 0.4009
[2026-08-25 09:16:22,923] Epoch: 114, Dataset: val, Dice: 0.8790, IoU: 0.8127
[2026-08-25 09:16:50,872] Epoch: 115, Dataset: test, Dice: 0.5293, IoU: 0.4318
[2026-08-25 09:16:51,666] Epoch: 115, Dataset: val, Dice: 0.8866, IoU: 0.8184
[2026-08-25 09:17:19,655] Epoch: 116, Dataset: test, Dice: 0.5924, IoU: 0.4886
[2026-08-25 09:17:20,498] Epoch: 116, Dataset: val, Dice: 0.8991, IoU: 0.8351
[2026-08-25 09:17:48,509] Epoch: 117, Dataset: test, Dice: 0.6090, IoU: 0.5046
[2026-08-25 09:17:49,334] Epoch: 117, Dataset: val, Dice: 0.8935, IoU: 0.8276
[2026-08-25 09:18:17,312] Epoch: 118, Dataset: test, Dice: 0.5439, IoU: 0.4313
[2026-08-25 09:18:18,101] Epoch: 118, Dataset: val, Dice: 0.8898, IoU: 0.8202
[2026-08-25 09:18:46,106] Epoch: 119, Dataset: test, Dice: 0.4972, IoU: 0.3905
[2026-08-25 09:18:46,964] Epoch: 119, Dataset: val, Dice: 0.8868, IoU: 0.8199
[2026-08-25 09:19:14,936] Epoch: 120, Dataset: test, Dice: 0.5020, IoU: 0.3909
[2026-08-25 09:19:15,760] Epoch: 120, Dataset: val, Dice: 0.8729, IoU: 0.8032
[2026-08-25 09:19:43,709] Epoch: 121, Dataset: test, Dice: 0.5446, IoU: 0.4333
[2026-08-25 09:19:44,517] Epoch: 121, Dataset: val, Dice: 0.8770, IoU: 0.8037
[2026-08-25 09:20:12,503] Epoch: 122, Dataset: test, Dice: 0.5011, IoU: 0.3925
[2026-08-25 09:20:13,308] Epoch: 122, Dataset: val, Dice: 0.8885, IoU: 0.8196
[2026-08-25 09:20:41,296] Epoch: 123, Dataset: test, Dice: 0.5392, IoU: 0.4382
[2026-08-25 09:20:42,185] Epoch: 123, Dataset: val, Dice: 0.8885, IoU: 0.8201
[2026-08-25 09:21:10,230] Epoch: 124, Dataset: test, Dice: 0.5898, IoU: 0.4788
[2026-08-25 09:21:11,065] Epoch: 124, Dataset: val, Dice: 0.8874, IoU: 0.8179
[2026-08-25 09:21:39,046] Epoch: 125, Dataset: test, Dice: 0.5256, IoU: 0.4132
[2026-08-25 09:21:39,839] Epoch: 125, Dataset: val, Dice: 0.8876, IoU: 0.8193
[2026-08-25 09:22:07,830] Epoch: 126, Dataset: test, Dice: 0.4831, IoU: 0.3761
[2026-08-25 09:22:08,653] Epoch: 126, Dataset: val, Dice: 0.8761, IoU: 0.8114
[2026-08-25 09:22:36,666] Epoch: 127, Dataset: test, Dice: 0.5257, IoU: 0.4141
[2026-08-25 09:22:37,484] Epoch: 127, Dataset: val, Dice: 0.8843, IoU: 0.8195
[2026-08-25 09:23:05,425] Epoch: 128, Dataset: test, Dice: 0.5222, IoU: 0.4152
[2026-08-25 09:23:06,230] Epoch: 128, Dataset: val, Dice: 0.8839, IoU: 0.8199
[2026-08-25 09:23:34,177] Epoch: 129, Dataset: test, Dice: 0.5484, IoU: 0.4451
[2026-08-25 09:23:34,988] Epoch: 129, Dataset: val, Dice: 0.8915, IoU: 0.8249
[2026-08-25 09:24:02,954] Epoch: 130, Dataset: test, Dice: 0.5357, IoU: 0.4324
[2026-08-25 09:24:03,749] Epoch: 130, Dataset: val, Dice: 0.8869, IoU: 0.8191
[2026-08-25 09:24:31,735] Epoch: 131, Dataset: test, Dice: 0.4960, IoU: 0.3878
[2026-08-25 09:24:32,560] Epoch: 131, Dataset: val, Dice: 0.8850, IoU: 0.8213
[2026-08-25 09:25:00,530] Epoch: 132, Dataset: test, Dice: 0.5391, IoU: 0.4328
[2026-08-25 09:25:01,379] Epoch: 132, Dataset: val, Dice: 0.8852, IoU: 0.8170
[2026-08-25 09:25:29,350] Epoch: 133, Dataset: test, Dice: 0.4661, IoU: 0.3644
[2026-08-25 09:25:30,184] Epoch: 133, Dataset: val, Dice: 0.8907, IoU: 0.8252
[2026-08-25 09:25:58,270] Epoch: 134, Dataset: test, Dice: 0.3975, IoU: 0.2955
[2026-08-25 09:25:59,134] Epoch: 134, Dataset: val, Dice: 0.8820, IoU: 0.8126
[2026-08-25 09:26:27,049] Epoch: 135, Dataset: test, Dice: 0.4869, IoU: 0.3743
[2026-08-25 09:26:27,829] Epoch: 135, Dataset: val, Dice: 0.8825, IoU: 0.8152
[2026-08-25 09:26:55,816] Epoch: 136, Dataset: test, Dice: 0.5042, IoU: 0.3928
[2026-08-25 09:26:56,589] Epoch: 136, Dataset: val, Dice: 0.8848, IoU: 0.8185
[2026-08-25 09:27:24,605] Epoch: 137, Dataset: test, Dice: 0.4672, IoU: 0.3557
[2026-08-25 09:27:25,452] Epoch: 137, Dataset: val, Dice: 0.8906, IoU: 0.8245
[2026-08-25 09:27:53,424] Epoch: 138, Dataset: test, Dice: 0.4981, IoU: 0.3907
[2026-08-25 09:27:54,235] Epoch: 138, Dataset: val, Dice: 0.8896, IoU: 0.8207
[2026-08-25 09:28:22,157] Epoch: 139, Dataset: test, Dice: 0.4961, IoU: 0.3891
[2026-08-25 09:28:22,955] Epoch: 139, Dataset: val, Dice: 0.8858, IoU: 0.8186
[2026-08-25 09:28:51,002] Epoch: 140, Dataset: test, Dice: 0.5513, IoU: 0.4501
[2026-08-25 09:28:51,803] Epoch: 140, Dataset: val, Dice: 0.8801, IoU: 0.8108
[2026-08-25 09:29:19,758] Epoch: 141, Dataset: test, Dice: 0.4940, IoU: 0.3863
[2026-08-25 09:29:20,580] Epoch: 141, Dataset: val, Dice: 0.8817, IoU: 0.8148
[2026-08-25 09:29:48,533] Epoch: 142, Dataset: test, Dice: 0.4893, IoU: 0.4006
[2026-08-25 09:29:49,351] Epoch: 142, Dataset: val, Dice: 0.8807, IoU: 0.8132
[2026-08-25 09:30:17,386] Epoch: 143, Dataset: test, Dice: 0.5481, IoU: 0.4498
[2026-08-25 09:30:18,181] Epoch: 143, Dataset: val, Dice: 0.8940, IoU: 0.8268
[2026-08-25 09:30:46,171] Epoch: 144, Dataset: test, Dice: 0.4808, IoU: 0.3742
[2026-08-25 09:30:46,981] Epoch: 144, Dataset: val, Dice: 0.8915, IoU: 0.8248
[2026-08-25 09:31:14,926] Epoch: 145, Dataset: test, Dice: 0.5037, IoU: 0.3907
[2026-08-25 09:31:15,744] Epoch: 145, Dataset: val, Dice: 0.8872, IoU: 0.8197
[2026-08-25 09:31:43,688] Epoch: 146, Dataset: test, Dice: 0.5552, IoU: 0.4535
[2026-08-25 09:31:44,493] Epoch: 146, Dataset: val, Dice: 0.8903, IoU: 0.8205
[2026-08-25 09:32:12,427] Epoch: 147, Dataset: test, Dice: 0.5499, IoU: 0.4520
[2026-08-25 09:32:13,255] Epoch: 147, Dataset: val, Dice: 0.8807, IoU: 0.8100
[2026-08-25 09:32:41,260] Epoch: 148, Dataset: test, Dice: 0.5546, IoU: 0.4566
[2026-08-25 09:32:42,110] Epoch: 148, Dataset: val, Dice: 0.8903, IoU: 0.8243
[2026-08-25 09:33:10,033] Epoch: 149, Dataset: test, Dice: 0.5272, IoU: 0.4174
[2026-08-25 09:33:10,850] Epoch: 149, Dataset: val, Dice: 0.8892, IoU: 0.8205
[2026-08-25 09:33:38,848] Epoch: 150, Dataset: test, Dice: 0.5437, IoU: 0.4524
[2026-08-25 09:33:39,694] Epoch: 150, Dataset: val, Dice: 0.8892, IoU: 0.8185
[2026-08-25 09:34:07,641] Epoch: 151, Dataset: test, Dice: 0.5020, IoU: 0.3963
[2026-08-25 09:34:08,489] Epoch: 151, Dataset: val, Dice: 0.8831, IoU: 0.8168
[2026-08-25 09:34:36,500] Epoch: 152, Dataset: test, Dice: 0.4879, IoU: 0.3964
[2026-08-25 09:34:37,315] Epoch: 152, Dataset: val, Dice: 0.8778, IoU: 0.8087
[2026-08-25 09:35:05,275] Epoch: 153, Dataset: test, Dice: 0.5377, IoU: 0.4436
[2026-08-25 09:35:06,073] Epoch: 153, Dataset: val, Dice: 0.8879, IoU: 0.8214
[2026-08-25 09:35:34,065] Epoch: 154, Dataset: test, Dice: 0.5697, IoU: 0.4656
[2026-08-25 09:35:34,866] Epoch: 154, Dataset: val, Dice: 0.8841, IoU: 0.8143
[2026-08-25 09:36:02,892] Epoch: 155, Dataset: test, Dice: 0.5320, IoU: 0.4374
[2026-08-25 09:36:03,694] Epoch: 155, Dataset: val, Dice: 0.8922, IoU: 0.8246
[2026-08-25 09:36:31,691] Epoch: 156, Dataset: test, Dice: 0.5533, IoU: 0.4557
[2026-08-25 09:36:32,503] Epoch: 156, Dataset: val, Dice: 0.8829, IoU: 0.8127
[2026-08-25 09:37:00,460] Epoch: 157, Dataset: test, Dice: 0.4587, IoU: 0.3616
[2026-08-25 09:37:01,306] Epoch: 157, Dataset: val, Dice: 0.8899, IoU: 0.8239
[2026-08-25 09:37:29,304] Epoch: 158, Dataset: test, Dice: 0.5756, IoU: 0.4736
[2026-08-25 09:37:30,119] Epoch: 158, Dataset: val, Dice: 0.8907, IoU: 0.8245
[2026-08-25 09:37:58,182] Epoch: 159, Dataset: test, Dice: 0.4920, IoU: 0.3857
[2026-08-25 09:37:58,981] Epoch: 159, Dataset: val, Dice: 0.8923, IoU: 0.8251
[2026-08-25 09:38:26,901] Epoch: 160, Dataset: test, Dice: 0.5532, IoU: 0.4496
[2026-08-25 09:38:27,725] Epoch: 160, Dataset: val, Dice: 0.8972, IoU: 0.8311
[2026-08-25 09:38:55,671] Epoch: 161, Dataset: test, Dice: 0.5341, IoU: 0.4340
[2026-08-25 09:38:56,477] Epoch: 161, Dataset: val, Dice: 0.8990, IoU: 0.8321
[2026-08-25 09:39:24,449] Epoch: 162, Dataset: test, Dice: 0.4937, IoU: 0.3890
[2026-08-25 09:39:25,256] Epoch: 162, Dataset: val, Dice: 0.8864, IoU: 0.8181
[2026-08-25 09:39:53,229] Epoch: 163, Dataset: test, Dice: 0.4992, IoU: 0.3858
[2026-08-25 09:39:54,035] Epoch: 163, Dataset: val, Dice: 0.8861, IoU: 0.8199
[2026-08-25 09:40:22,004] Epoch: 164, Dataset: test, Dice: 0.5180, IoU: 0.4125
[2026-08-25 09:40:22,792] Epoch: 164, Dataset: val, Dice: 0.8801, IoU: 0.8085
[2026-08-25 09:40:50,756] Epoch: 165, Dataset: test, Dice: 0.5353, IoU: 0.4269
[2026-08-25 09:40:51,561] Epoch: 165, Dataset: val, Dice: 0.8874, IoU: 0.8177
[2026-08-25 09:41:19,503] Epoch: 166, Dataset: test, Dice: 0.5347, IoU: 0.4394
[2026-08-25 09:41:20,329] Epoch: 166, Dataset: val, Dice: 0.8851, IoU: 0.8134
[2026-08-25 09:41:48,349] Epoch: 167, Dataset: test, Dice: 0.5688, IoU: 0.4693
[2026-08-25 09:41:49,140] Epoch: 167, Dataset: val, Dice: 0.8888, IoU: 0.8192
[2026-08-25 09:42:17,097] Epoch: 168, Dataset: test, Dice: 0.5394, IoU: 0.4275
[2026-08-25 09:42:17,920] Epoch: 168, Dataset: val, Dice: 0.8951, IoU: 0.8273
[2026-08-25 09:42:45,845] Epoch: 169, Dataset: test, Dice: 0.5435, IoU: 0.4357
[2026-08-25 09:42:46,677] Epoch: 169, Dataset: val, Dice: 0.8945, IoU: 0.8264
[2026-08-25 09:43:14,673] Epoch: 170, Dataset: test, Dice: 0.5291, IoU: 0.4367
[2026-08-25 09:43:15,455] Epoch: 170, Dataset: val, Dice: 0.8809, IoU: 0.8115
[2026-08-25 09:43:43,395] Epoch: 171, Dataset: test, Dice: 0.5169, IoU: 0.4105
[2026-08-25 09:43:44,204] Epoch: 171, Dataset: val, Dice: 0.8913, IoU: 0.8241
[2026-08-25 09:44:12,152] Epoch: 172, Dataset: test, Dice: 0.5445, IoU: 0.4447
[2026-08-25 09:44:12,968] Epoch: 172, Dataset: val, Dice: 0.8861, IoU: 0.8180
[2026-08-25 09:44:41,006] Epoch: 173, Dataset: test, Dice: 0.5216, IoU: 0.4124
[2026-08-25 09:44:41,829] Epoch: 173, Dataset: val, Dice: 0.8947, IoU: 0.8295
[2026-08-25 09:45:09,805] Epoch: 174, Dataset: test, Dice: 0.5487, IoU: 0.4448
[2026-08-25 09:45:10,657] Epoch: 174, Dataset: val, Dice: 0.8884, IoU: 0.8223
[2026-08-25 09:45:38,591] Epoch: 175, Dataset: test, Dice: 0.5444, IoU: 0.4407
[2026-08-25 09:45:39,416] Epoch: 175, Dataset: val, Dice: 0.8913, IoU: 0.8246
[2026-08-25 09:46:07,399] Epoch: 176, Dataset: test, Dice: 0.5493, IoU: 0.4415
[2026-08-25 09:46:08,225] Epoch: 176, Dataset: val, Dice: 0.8915, IoU: 0.8248
[2026-08-25 09:46:36,245] Epoch: 177, Dataset: test, Dice: 0.5377, IoU: 0.4305
[2026-08-25 09:46:37,056] Epoch: 177, Dataset: val, Dice: 0.8876, IoU: 0.8200
[2026-08-25 09:47:05,021] Epoch: 178, Dataset: test, Dice: 0.5580, IoU: 0.4646
[2026-08-25 09:47:05,825] Epoch: 178, Dataset: val, Dice: 0.8736, IoU: 0.8004
[2026-08-25 09:47:33,794] Epoch: 179, Dataset: test, Dice: 0.5158, IoU: 0.4251
[2026-08-25 09:47:34,573] Epoch: 179, Dataset: val, Dice: 0.8841, IoU: 0.8167
[2026-08-25 09:48:02,568] Epoch: 180, Dataset: test, Dice: 0.5198, IoU: 0.4185
[2026-08-25 09:48:03,399] Epoch: 180, Dataset: val, Dice: 0.8937, IoU: 0.8251
[2026-08-25 09:48:31,357] Epoch: 181, Dataset: test, Dice: 0.5026, IoU: 0.3926
[2026-08-25 09:48:32,186] Epoch: 181, Dataset: val, Dice: 0.8927, IoU: 0.8239
[2026-08-25 09:49:00,153] Epoch: 182, Dataset: test, Dice: 0.5148, IoU: 0.4087
[2026-08-25 09:49:01,014] Epoch: 182, Dataset: val, Dice: 0.8951, IoU: 0.8280
[2026-08-25 09:49:29,023] Epoch: 183, Dataset: test, Dice: 0.5577, IoU: 0.4544
[2026-08-25 09:49:29,856] Epoch: 183, Dataset: val, Dice: 0.8939, IoU: 0.8264
[2026-08-25 09:49:57,871] Epoch: 184, Dataset: test, Dice: 0.5248, IoU: 0.4154
[2026-08-25 09:49:58,709] Epoch: 184, Dataset: val, Dice: 0.8976, IoU: 0.8310
[2026-08-25 09:50:26,689] Epoch: 185, Dataset: test, Dice: 0.5314, IoU: 0.4262
[2026-08-25 09:50:27,538] Epoch: 185, Dataset: val, Dice: 0.8988, IoU: 0.8341
[2026-08-25 09:50:55,491] Epoch: 186, Dataset: test, Dice: 0.5495, IoU: 0.4539
[2026-08-25 09:50:56,282] Epoch: 186, Dataset: val, Dice: 0.8982, IoU: 0.8299
[2026-08-25 09:51:24,236] Epoch: 187, Dataset: test, Dice: 0.5367, IoU: 0.4327
[2026-08-25 09:51:25,053] Epoch: 187, Dataset: val, Dice: 0.8952, IoU: 0.8255
[2026-08-25 09:51:53,042] Epoch: 188, Dataset: test, Dice: 0.5530, IoU: 0.4488
[2026-08-25 09:51:53,876] Epoch: 188, Dataset: val, Dice: 0.8941, IoU: 0.8276
[2026-08-25 09:52:21,846] Epoch: 189, Dataset: test, Dice: 0.5607, IoU: 0.4606
[2026-08-25 09:52:22,665] Epoch: 189, Dataset: val, Dice: 0.8927, IoU: 0.8253
[2026-08-25 09:52:50,631] Epoch: 190, Dataset: test, Dice: 0.5373, IoU: 0.4334
[2026-08-25 09:52:51,460] Epoch: 190, Dataset: val, Dice: 0.8921, IoU: 0.8266
[2026-08-25 09:53:19,360] Epoch: 191, Dataset: test, Dice: 0.4836, IoU: 0.3907
[2026-08-25 09:53:20,154] Epoch: 191, Dataset: val, Dice: 0.8858, IoU: 0.8148
[2026-08-25 09:53:48,228] Epoch: 192, Dataset: test, Dice: 0.4690, IoU: 0.3657
[2026-08-25 09:53:49,024] Epoch: 192, Dataset: val, Dice: 0.8949, IoU: 0.8296
[2026-08-25 09:54:17,009] Epoch: 193, Dataset: test, Dice: 0.5352, IoU: 0.4347
[2026-08-25 09:54:17,798] Epoch: 193, Dataset: val, Dice: 0.8981, IoU: 0.8301
[2026-08-25 09:54:45,748] Epoch: 194, Dataset: test, Dice: 0.5609, IoU: 0.4642
[2026-08-25 09:54:46,574] Epoch: 194, Dataset: val, Dice: 0.8798, IoU: 0.8070
[2026-08-25 09:55:14,543] Epoch: 195, Dataset: test, Dice: 0.5288, IoU: 0.4307
[2026-08-25 09:55:15,349] Epoch: 195, Dataset: val, Dice: 0.8910, IoU: 0.8235
[2026-08-25 09:55:43,354] Epoch: 196, Dataset: test, Dice: 0.5704, IoU: 0.4698
[2026-08-25 09:55:44,154] Epoch: 196, Dataset: val, Dice: 0.8889, IoU: 0.8198
[2026-08-25 09:56:12,066] Epoch: 197, Dataset: test, Dice: 0.5447, IoU: 0.4477
[2026-08-25 09:56:12,897] Epoch: 197, Dataset: val, Dice: 0.8797, IoU: 0.8077
[2026-08-25 09:56:40,867] Epoch: 198, Dataset: test, Dice: 0.5143, IoU: 0.4073
[2026-08-25 09:56:41,679] Epoch: 198, Dataset: val, Dice: 0.8961, IoU: 0.8314
[2026-08-25 09:57:09,660] Epoch: 199, Dataset: test, Dice: 0.5117, IoU: 0.4158
[2026-08-25 09:57:10,507] Epoch: 199, Dataset: val, Dice: 0.8923, IoU: 0.8244
[2026-08-25 09:57:38,508] Epoch: 200, Dataset: test, Dice: 0.5055, IoU: 0.4078
[2026-08-25 09:57:39,326] Epoch: 200, Dataset: val, Dice: 0.8910, IoU: 0.8213
[2026-08-25 09:57:39,328] 
========================================
FINAL RESULTS: ClinicDB_MK_UNet_bs8_lr0.0005_e200_augTrue_run3_t082140
Best Val Dice: 0.9064
Test Dice at Best Val: 0.5273
Total Train Time: 5450.22s
========================================
