[2026-08-25 06:45:45,948] flops: 0.619251354, params: 0.315566, Total params: : 0.3156
[2026-08-25 06:46:13,915] Epoch: 1, Dataset: test, Dice: 0.1775, IoU: 0.1089
[2026-08-25 06:46:14,720] Epoch: 1, Dataset: val, Dice: 0.3460, IoU: 0.2379
[2026-08-25 06:46:14,721] ### Best Model Saved (Dice improved from 0.0000 to 0.3460) ###
[2026-08-25 06:46:42,654] Epoch: 2, Dataset: test, Dice: 0.1587, IoU: 0.1022
[2026-08-25 06:46:43,487] Epoch: 2, Dataset: val, Dice: 0.3482, IoU: 0.2442
[2026-08-25 06:46:43,488] ### Best Model Saved (Dice improved from 0.3460 to 0.3482) ###
[2026-08-25 06:47:11,468] Epoch: 3, Dataset: test, Dice: 0.1841, IoU: 0.1127
[2026-08-25 06:47:12,266] Epoch: 3, Dataset: val, Dice: 0.5320, IoU: 0.4166
[2026-08-25 06:47:12,266] ### Best Model Saved (Dice improved from 0.3482 to 0.5320) ###
[2026-08-25 06:47:40,231] Epoch: 4, Dataset: test, Dice: 0.1768, IoU: 0.1113
[2026-08-25 06:47:41,111] Epoch: 4, Dataset: val, Dice: 0.5274, IoU: 0.4040
[2026-08-25 06:48:08,995] Epoch: 5, Dataset: test, Dice: 0.2903, IoU: 0.1878
[2026-08-25 06:48:09,807] Epoch: 5, Dataset: val, Dice: 0.5237, IoU: 0.3901
[2026-08-25 06:48:37,724] Epoch: 6, Dataset: test, Dice: 0.2432, IoU: 0.1661
[2026-08-25 06:48:38,579] Epoch: 6, Dataset: val, Dice: 0.5307, IoU: 0.4040
[2026-08-25 06:49:06,459] Epoch: 7, Dataset: test, Dice: 0.2765, IoU: 0.1847
[2026-08-25 06:49:07,253] Epoch: 7, Dataset: val, Dice: 0.6468, IoU: 0.5203
[2026-08-25 06:49:07,254] ### Best Model Saved (Dice improved from 0.5320 to 0.6468) ###
[2026-08-25 06:49:35,260] Epoch: 8, Dataset: test, Dice: 0.2358, IoU: 0.1678
[2026-08-25 06:49:36,080] Epoch: 8, Dataset: val, Dice: 0.5598, IoU: 0.4408
[2026-08-25 06:50:03,969] Epoch: 9, Dataset: test, Dice: 0.3248, IoU: 0.2362
[2026-08-25 06:50:04,765] Epoch: 9, Dataset: val, Dice: 0.7145, IoU: 0.6020
[2026-08-25 06:50:04,765] ### Best Model Saved (Dice improved from 0.6468 to 0.7145) ###
[2026-08-25 06:50:32,687] Epoch: 10, Dataset: test, Dice: 0.3410, IoU: 0.2480
[2026-08-25 06:50:33,526] Epoch: 10, Dataset: val, Dice: 0.6201, IoU: 0.5007
[2026-08-25 06:51:01,480] Epoch: 11, Dataset: test, Dice: 0.3983, IoU: 0.3047
[2026-08-25 06:51:02,293] Epoch: 11, Dataset: val, Dice: 0.7048, IoU: 0.5861
[2026-08-25 06:51:30,233] Epoch: 12, Dataset: test, Dice: 0.4179, IoU: 0.3099
[2026-08-25 06:51:31,075] Epoch: 12, Dataset: val, Dice: 0.7238, IoU: 0.6145
[2026-08-25 06:51:31,076] ### Best Model Saved (Dice improved from 0.7145 to 0.7238) ###
[2026-08-25 06:51:58,970] Epoch: 13, Dataset: test, Dice: 0.3525, IoU: 0.2577
[2026-08-25 06:51:59,746] Epoch: 13, Dataset: val, Dice: 0.6886, IoU: 0.5684
[2026-08-25 06:52:27,639] Epoch: 14, Dataset: test, Dice: 0.3750, IoU: 0.2883
[2026-08-25 06:52:28,434] Epoch: 14, Dataset: val, Dice: 0.6887, IoU: 0.5750
[2026-08-25 06:52:56,300] Epoch: 15, Dataset: test, Dice: 0.2219, IoU: 0.1573
[2026-08-25 06:52:57,074] Epoch: 15, Dataset: val, Dice: 0.2929, IoU: 0.2003
[2026-08-25 06:53:24,998] Epoch: 16, Dataset: test, Dice: 0.2911, IoU: 0.2083
[2026-08-25 06:53:25,767] Epoch: 16, Dataset: val, Dice: 0.6996, IoU: 0.5899
[2026-08-25 06:53:53,672] Epoch: 17, Dataset: test, Dice: 0.3605, IoU: 0.2655
[2026-08-25 06:53:54,460] Epoch: 17, Dataset: val, Dice: 0.7375, IoU: 0.6251
[2026-08-25 06:53:54,460] ### Best Model Saved (Dice improved from 0.7238 to 0.7375) ###
[2026-08-25 06:54:22,389] Epoch: 18, Dataset: test, Dice: 0.4214, IoU: 0.3229
[2026-08-25 06:54:23,195] Epoch: 18, Dataset: val, Dice: 0.7584, IoU: 0.6531
[2026-08-25 06:54:23,196] ### Best Model Saved (Dice improved from 0.7375 to 0.7584) ###
[2026-08-25 06:54:51,169] Epoch: 19, Dataset: test, Dice: 0.3099, IoU: 0.2237
[2026-08-25 06:54:52,010] Epoch: 19, Dataset: val, Dice: 0.7399, IoU: 0.6323
[2026-08-25 06:55:19,948] Epoch: 20, Dataset: test, Dice: 0.3586, IoU: 0.2679
[2026-08-25 06:55:20,753] Epoch: 20, Dataset: val, Dice: 0.7819, IoU: 0.6809
[2026-08-25 06:55:20,753] ### Best Model Saved (Dice improved from 0.7584 to 0.7819) ###
[2026-08-25 06:55:48,655] Epoch: 21, Dataset: test, Dice: 0.3314, IoU: 0.2425
[2026-08-25 06:55:49,458] Epoch: 21, Dataset: val, Dice: 0.6559, IoU: 0.5361
[2026-08-25 06:56:17,368] Epoch: 22, Dataset: test, Dice: 0.2582, IoU: 0.1727
[2026-08-25 06:56:18,166] Epoch: 22, Dataset: val, Dice: 0.5658, IoU: 0.4331
[2026-08-25 06:56:46,111] Epoch: 23, Dataset: test, Dice: 0.3990, IoU: 0.3025
[2026-08-25 06:56:46,923] Epoch: 23, Dataset: val, Dice: 0.7851, IoU: 0.6860
[2026-08-25 06:56:46,923] ### Best Model Saved (Dice improved from 0.7819 to 0.7851) ###
[2026-08-25 06:57:14,878] Epoch: 24, Dataset: test, Dice: 0.3357, IoU: 0.2455
[2026-08-25 06:57:15,624] Epoch: 24, Dataset: val, Dice: 0.7273, IoU: 0.6113
[2026-08-25 06:57:43,518] Epoch: 25, Dataset: test, Dice: 0.3246, IoU: 0.2352
[2026-08-25 06:57:44,330] Epoch: 25, Dataset: val, Dice: 0.7391, IoU: 0.6241
[2026-08-25 06:58:12,222] Epoch: 26, Dataset: test, Dice: 0.4817, IoU: 0.3827
[2026-08-25 06:58:12,998] Epoch: 26, Dataset: val, Dice: 0.8290, IoU: 0.7368
[2026-08-25 06:58:12,999] ### Best Model Saved (Dice improved from 0.7851 to 0.8290) ###
[2026-08-25 06:58:40,994] Epoch: 27, Dataset: test, Dice: 0.5180, IoU: 0.4129
[2026-08-25 06:58:41,772] Epoch: 27, Dataset: val, Dice: 0.8005, IoU: 0.7086
[2026-08-25 06:59:09,682] Epoch: 28, Dataset: test, Dice: 0.4767, IoU: 0.3809
[2026-08-25 06:59:10,516] Epoch: 28, Dataset: val, Dice: 0.8189, IoU: 0.7342
[2026-08-25 06:59:38,461] Epoch: 29, Dataset: test, Dice: 0.5066, IoU: 0.4081
[2026-08-25 06:59:39,281] Epoch: 29, Dataset: val, Dice: 0.8128, IoU: 0.7172
[2026-08-25 07:00:07,179] Epoch: 30, Dataset: test, Dice: 0.4844, IoU: 0.3773
[2026-08-25 07:00:07,996] Epoch: 30, Dataset: val, Dice: 0.7739, IoU: 0.6705
[2026-08-25 07:00:35,877] Epoch: 31, Dataset: test, Dice: 0.4529, IoU: 0.3571
[2026-08-25 07:00:36,699] Epoch: 31, Dataset: val, Dice: 0.7811, IoU: 0.6830
[2026-08-25 07:01:04,567] Epoch: 32, Dataset: test, Dice: 0.3750, IoU: 0.2757
[2026-08-25 07:01:05,395] Epoch: 32, Dataset: val, Dice: 0.7413, IoU: 0.6345
[2026-08-25 07:01:33,356] Epoch: 33, Dataset: test, Dice: 0.5112, IoU: 0.4136
[2026-08-25 07:01:34,120] Epoch: 33, Dataset: val, Dice: 0.7950, IoU: 0.6916
[2026-08-25 07:02:02,087] Epoch: 34, Dataset: test, Dice: 0.5017, IoU: 0.4003
[2026-08-25 07:02:02,895] Epoch: 34, Dataset: val, Dice: 0.8146, IoU: 0.7238
[2026-08-25 07:02:30,862] Epoch: 35, Dataset: test, Dice: 0.3977, IoU: 0.3074
[2026-08-25 07:02:31,690] Epoch: 35, Dataset: val, Dice: 0.8132, IoU: 0.7227
[2026-08-25 07:02:59,613] Epoch: 36, Dataset: test, Dice: 0.5167, IoU: 0.4214
[2026-08-25 07:03:00,423] Epoch: 36, Dataset: val, Dice: 0.8153, IoU: 0.7224
[2026-08-25 07:03:28,378] Epoch: 37, Dataset: test, Dice: 0.4768, IoU: 0.3785
[2026-08-25 07:03:29,213] Epoch: 37, Dataset: val, Dice: 0.8496, IoU: 0.7695
[2026-08-25 07:03:29,213] ### Best Model Saved (Dice improved from 0.8290 to 0.8496) ###
[2026-08-25 07:03:57,200] Epoch: 38, Dataset: test, Dice: 0.4525, IoU: 0.3499
[2026-08-25 07:03:58,014] Epoch: 38, Dataset: val, Dice: 0.8249, IoU: 0.7340
[2026-08-25 07:04:25,948] Epoch: 39, Dataset: test, Dice: 0.5271, IoU: 0.4221
[2026-08-25 07:04:26,758] Epoch: 39, Dataset: val, Dice: 0.8233, IoU: 0.7364
[2026-08-25 07:04:54,674] Epoch: 40, Dataset: test, Dice: 0.4900, IoU: 0.3814
[2026-08-25 07:04:55,511] Epoch: 40, Dataset: val, Dice: 0.8436, IoU: 0.7595
[2026-08-25 07:05:23,459] Epoch: 41, Dataset: test, Dice: 0.4357, IoU: 0.3406
[2026-08-25 07:05:24,243] Epoch: 41, Dataset: val, Dice: 0.8431, IoU: 0.7594
[2026-08-25 07:05:52,080] Epoch: 42, Dataset: test, Dice: 0.5042, IoU: 0.4093
[2026-08-25 07:05:52,902] Epoch: 42, Dataset: val, Dice: 0.8615, IoU: 0.7778
[2026-08-25 07:05:52,902] ### Best Model Saved (Dice improved from 0.8496 to 0.8615) ###
[2026-08-25 07:06:20,921] Epoch: 43, Dataset: test, Dice: 0.5375, IoU: 0.4429
[2026-08-25 07:06:21,696] Epoch: 43, Dataset: val, Dice: 0.8178, IoU: 0.7204
[2026-08-25 07:06:49,590] Epoch: 44, Dataset: test, Dice: 0.4870, IoU: 0.3802
[2026-08-25 07:06:50,412] Epoch: 44, Dataset: val, Dice: 0.8256, IoU: 0.7343
[2026-08-25 07:07:18,396] Epoch: 45, Dataset: test, Dice: 0.5370, IoU: 0.4396
[2026-08-25 07:07:19,209] Epoch: 45, Dataset: val, Dice: 0.8410, IoU: 0.7517
[2026-08-25 07:07:47,199] Epoch: 46, Dataset: test, Dice: 0.4838, IoU: 0.3916
[2026-08-25 07:07:48,006] Epoch: 46, Dataset: val, Dice: 0.8428, IoU: 0.7625
[2026-08-25 07:08:15,913] Epoch: 47, Dataset: test, Dice: 0.4185, IoU: 0.3218
[2026-08-25 07:08:16,734] Epoch: 47, Dataset: val, Dice: 0.6676, IoU: 0.5595
[2026-08-25 07:08:44,681] Epoch: 48, Dataset: test, Dice: 0.4654, IoU: 0.3759
[2026-08-25 07:08:45,515] Epoch: 48, Dataset: val, Dice: 0.8417, IoU: 0.7547
[2026-08-25 07:09:13,478] Epoch: 49, Dataset: test, Dice: 0.5548, IoU: 0.4558
[2026-08-25 07:09:14,263] Epoch: 49, Dataset: val, Dice: 0.8584, IoU: 0.7797
[2026-08-25 07:09:42,193] Epoch: 50, Dataset: test, Dice: 0.6007, IoU: 0.5009
[2026-08-25 07:09:43,030] Epoch: 50, Dataset: val, Dice: 0.8648, IoU: 0.7891
[2026-08-25 07:09:43,030] ### Best Model Saved (Dice improved from 0.8615 to 0.8648) ###
[2026-08-25 07:10:11,113] Epoch: 51, Dataset: test, Dice: 0.5424, IoU: 0.4348
[2026-08-25 07:10:11,916] Epoch: 51, Dataset: val, Dice: 0.8728, IoU: 0.8007
[2026-08-25 07:10:11,917] ### Best Model Saved (Dice improved from 0.8648 to 0.8728) ###
[2026-08-25 07:10:39,835] Epoch: 52, Dataset: test, Dice: 0.4637, IoU: 0.3734
[2026-08-25 07:10:40,667] Epoch: 52, Dataset: val, Dice: 0.8598, IoU: 0.7768
[2026-08-25 07:11:08,627] Epoch: 53, Dataset: test, Dice: 0.5616, IoU: 0.4576
[2026-08-25 07:11:09,438] Epoch: 53, Dataset: val, Dice: 0.8656, IoU: 0.7874
[2026-08-25 07:11:37,365] Epoch: 54, Dataset: test, Dice: 0.5419, IoU: 0.4535
[2026-08-25 07:11:38,202] Epoch: 54, Dataset: val, Dice: 0.8327, IoU: 0.7493
[2026-08-25 07:12:06,059] Epoch: 55, Dataset: test, Dice: 0.5531, IoU: 0.4515
[2026-08-25 07:12:06,850] Epoch: 55, Dataset: val, Dice: 0.8635, IoU: 0.7841
[2026-08-25 07:12:34,745] Epoch: 56, Dataset: test, Dice: 0.5788, IoU: 0.4734
[2026-08-25 07:12:35,536] Epoch: 56, Dataset: val, Dice: 0.8716, IoU: 0.7963
[2026-08-25 07:13:03,492] Epoch: 57, Dataset: test, Dice: 0.4836, IoU: 0.3804
[2026-08-25 07:13:04,323] Epoch: 57, Dataset: val, Dice: 0.8729, IoU: 0.7979
[2026-08-25 07:13:04,324] ### Best Model Saved (Dice improved from 0.8728 to 0.8729) ###
[2026-08-25 07:13:32,309] Epoch: 58, Dataset: test, Dice: 0.5744, IoU: 0.4740
[2026-08-25 07:13:33,169] Epoch: 58, Dataset: val, Dice: 0.8708, IoU: 0.7972
[2026-08-25 07:14:01,135] Epoch: 59, Dataset: test, Dice: 0.4908, IoU: 0.3905
[2026-08-25 07:14:01,927] Epoch: 59, Dataset: val, Dice: 0.8657, IoU: 0.7880
[2026-08-25 07:14:29,883] Epoch: 60, Dataset: test, Dice: 0.4760, IoU: 0.3959
[2026-08-25 07:14:30,743] Epoch: 60, Dataset: val, Dice: 0.8513, IoU: 0.7710
[2026-08-25 07:14:58,644] Epoch: 61, Dataset: test, Dice: 0.4975, IoU: 0.4125
[2026-08-25 07:14:59,475] Epoch: 61, Dataset: val, Dice: 0.8752, IoU: 0.8034
[2026-08-25 07:14:59,475] ### Best Model Saved (Dice improved from 0.8729 to 0.8752) ###
[2026-08-25 07:15:27,433] Epoch: 62, Dataset: test, Dice: 0.5371, IoU: 0.4422
[2026-08-25 07:15:28,222] Epoch: 62, Dataset: val, Dice: 0.8718, IoU: 0.7937
[2026-08-25 07:15:56,174] Epoch: 63, Dataset: test, Dice: 0.5577, IoU: 0.4460
[2026-08-25 07:15:56,984] Epoch: 63, Dataset: val, Dice: 0.8817, IoU: 0.8091
[2026-08-25 07:15:56,985] ### Best Model Saved (Dice improved from 0.8752 to 0.8817) ###
[2026-08-25 07:16:24,951] Epoch: 64, Dataset: test, Dice: 0.6124, IoU: 0.5047
[2026-08-25 07:16:25,766] Epoch: 64, Dataset: val, Dice: 0.8853, IoU: 0.8119
[2026-08-25 07:16:25,767] ### Best Model Saved (Dice improved from 0.8817 to 0.8853) ###
[2026-08-25 07:16:53,743] Epoch: 65, Dataset: test, Dice: 0.4217, IoU: 0.3256
[2026-08-25 07:16:54,530] Epoch: 65, Dataset: val, Dice: 0.8080, IoU: 0.7104
[2026-08-25 07:17:22,489] Epoch: 66, Dataset: test, Dice: 0.5107, IoU: 0.4056
[2026-08-25 07:17:23,311] Epoch: 66, Dataset: val, Dice: 0.8739, IoU: 0.8011
[2026-08-25 07:17:51,313] Epoch: 67, Dataset: test, Dice: 0.5112, IoU: 0.4174
[2026-08-25 07:17:52,103] Epoch: 67, Dataset: val, Dice: 0.8784, IoU: 0.8069
[2026-08-25 07:18:20,041] Epoch: 68, Dataset: test, Dice: 0.5742, IoU: 0.4765
[2026-08-25 07:18:20,872] Epoch: 68, Dataset: val, Dice: 0.8702, IoU: 0.7965
[2026-08-25 07:18:48,869] Epoch: 69, Dataset: test, Dice: 0.5103, IoU: 0.4019
[2026-08-25 07:18:49,713] Epoch: 69, Dataset: val, Dice: 0.8566, IoU: 0.7754
[2026-08-25 07:19:17,671] Epoch: 70, Dataset: test, Dice: 0.5601, IoU: 0.4604
[2026-08-25 07:19:18,514] Epoch: 70, Dataset: val, Dice: 0.8578, IoU: 0.7831
[2026-08-25 07:19:46,479] Epoch: 71, Dataset: test, Dice: 0.5881, IoU: 0.4917
[2026-08-25 07:19:47,331] Epoch: 71, Dataset: val, Dice: 0.8701, IoU: 0.7963
[2026-08-25 07:20:15,327] Epoch: 72, Dataset: test, Dice: 0.5215, IoU: 0.4034
[2026-08-25 07:20:16,164] Epoch: 72, Dataset: val, Dice: 0.8607, IoU: 0.7823
[2026-08-25 07:20:44,112] Epoch: 73, Dataset: test, Dice: 0.5901, IoU: 0.4892
[2026-08-25 07:20:44,906] Epoch: 73, Dataset: val, Dice: 0.8635, IoU: 0.7918
[2026-08-25 07:21:12,850] Epoch: 74, Dataset: test, Dice: 0.5330, IoU: 0.4340
[2026-08-25 07:21:13,664] Epoch: 74, Dataset: val, Dice: 0.8282, IoU: 0.7413
[2026-08-25 07:21:41,582] Epoch: 75, Dataset: test, Dice: 0.5143, IoU: 0.4192
[2026-08-25 07:21:42,400] Epoch: 75, Dataset: val, Dice: 0.8296, IoU: 0.7351
[2026-08-25 07:22:10,367] Epoch: 76, Dataset: test, Dice: 0.5405, IoU: 0.4303
[2026-08-25 07:22:11,244] Epoch: 76, Dataset: val, Dice: 0.8826, IoU: 0.8108
[2026-08-25 07:22:39,221] Epoch: 77, Dataset: test, Dice: 0.4761, IoU: 0.3559
[2026-08-25 07:22:40,055] Epoch: 77, Dataset: val, Dice: 0.8669, IoU: 0.7872
[2026-08-25 07:23:08,093] Epoch: 78, Dataset: test, Dice: 0.5664, IoU: 0.4561
[2026-08-25 07:23:08,909] Epoch: 78, Dataset: val, Dice: 0.8697, IoU: 0.7958
[2026-08-25 07:23:36,857] Epoch: 79, Dataset: test, Dice: 0.5210, IoU: 0.4177
[2026-08-25 07:23:37,714] Epoch: 79, Dataset: val, Dice: 0.8868, IoU: 0.8168
[2026-08-25 07:23:37,714] ### Best Model Saved (Dice improved from 0.8853 to 0.8868) ###
[2026-08-25 07:24:05,728] Epoch: 80, Dataset: test, Dice: 0.4920, IoU: 0.3877
[2026-08-25 07:24:06,575] Epoch: 80, Dataset: val, Dice: 0.8737, IoU: 0.8000
[2026-08-25 07:24:34,518] Epoch: 81, Dataset: test, Dice: 0.5632, IoU: 0.4508
[2026-08-25 07:24:35,318] Epoch: 81, Dataset: val, Dice: 0.8815, IoU: 0.8106
[2026-08-25 07:25:03,296] Epoch: 82, Dataset: test, Dice: 0.5740, IoU: 0.4702
[2026-08-25 07:25:04,115] Epoch: 82, Dataset: val, Dice: 0.8825, IoU: 0.8121
[2026-08-25 07:25:32,099] Epoch: 83, Dataset: test, Dice: 0.5698, IoU: 0.4643
[2026-08-25 07:25:32,902] Epoch: 83, Dataset: val, Dice: 0.8867, IoU: 0.8145
[2026-08-25 07:26:00,845] Epoch: 84, Dataset: test, Dice: 0.6039, IoU: 0.4965
[2026-08-25 07:26:01,624] Epoch: 84, Dataset: val, Dice: 0.8788, IoU: 0.8005
[2026-08-25 07:26:29,563] Epoch: 85, Dataset: test, Dice: 0.5278, IoU: 0.4177
[2026-08-25 07:26:30,386] Epoch: 85, Dataset: val, Dice: 0.8832, IoU: 0.8121
[2026-08-25 07:26:58,327] Epoch: 86, Dataset: test, Dice: 0.5541, IoU: 0.4393
[2026-08-25 07:26:59,149] Epoch: 86, Dataset: val, Dice: 0.8801, IoU: 0.8098
[2026-08-25 07:27:27,089] Epoch: 87, Dataset: test, Dice: 0.5381, IoU: 0.4366
[2026-08-25 07:27:27,883] Epoch: 87, Dataset: val, Dice: 0.8723, IoU: 0.7973
[2026-08-25 07:27:55,884] Epoch: 88, Dataset: test, Dice: 0.5141, IoU: 0.4101
[2026-08-25 07:27:56,716] Epoch: 88, Dataset: val, Dice: 0.8929, IoU: 0.8253
[2026-08-25 07:27:56,716] ### Best Model Saved (Dice improved from 0.8868 to 0.8929) ###
[2026-08-25 07:28:24,682] Epoch: 89, Dataset: test, Dice: 0.5572, IoU: 0.4531
[2026-08-25 07:28:25,474] Epoch: 89, Dataset: val, Dice: 0.8766, IoU: 0.8036
[2026-08-25 07:28:53,394] Epoch: 90, Dataset: test, Dice: 0.5129, IoU: 0.4158
[2026-08-25 07:28:54,181] Epoch: 90, Dataset: val, Dice: 0.8855, IoU: 0.8160
[2026-08-25 07:29:22,172] Epoch: 91, Dataset: test, Dice: 0.5625, IoU: 0.4681
[2026-08-25 07:29:22,958] Epoch: 91, Dataset: val, Dice: 0.8798, IoU: 0.8037
[2026-08-25 07:29:50,894] Epoch: 92, Dataset: test, Dice: 0.5267, IoU: 0.4198
[2026-08-25 07:29:51,713] Epoch: 92, Dataset: val, Dice: 0.8693, IoU: 0.7920
[2026-08-25 07:30:19,645] Epoch: 93, Dataset: test, Dice: 0.5434, IoU: 0.4428
[2026-08-25 07:30:20,444] Epoch: 93, Dataset: val, Dice: 0.8826, IoU: 0.8143
[2026-08-25 07:30:48,366] Epoch: 94, Dataset: test, Dice: 0.5520, IoU: 0.4584
[2026-08-25 07:30:49,177] Epoch: 94, Dataset: val, Dice: 0.8898, IoU: 0.8199
[2026-08-25 07:31:17,038] Epoch: 95, Dataset: test, Dice: 0.5490, IoU: 0.4579
[2026-08-25 07:31:17,844] Epoch: 95, Dataset: val, Dice: 0.8723, IoU: 0.7986
[2026-08-25 07:31:45,785] Epoch: 96, Dataset: test, Dice: 0.5301, IoU: 0.4157
[2026-08-25 07:31:46,622] Epoch: 96, Dataset: val, Dice: 0.8800, IoU: 0.8103
[2026-08-25 07:32:14,605] Epoch: 97, Dataset: test, Dice: 0.5747, IoU: 0.4722
[2026-08-25 07:32:15,462] Epoch: 97, Dataset: val, Dice: 0.8840, IoU: 0.8167
[2026-08-25 07:32:43,380] Epoch: 98, Dataset: test, Dice: 0.5902, IoU: 0.4914
[2026-08-25 07:32:44,224] Epoch: 98, Dataset: val, Dice: 0.8898, IoU: 0.8228
[2026-08-25 07:33:12,192] Epoch: 99, Dataset: test, Dice: 0.5924, IoU: 0.4835
[2026-08-25 07:33:12,978] Epoch: 99, Dataset: val, Dice: 0.8839, IoU: 0.8174
[2026-08-25 07:33:40,990] Epoch: 100, Dataset: test, Dice: 0.5754, IoU: 0.4644
[2026-08-25 07:33:41,787] Epoch: 100, Dataset: val, Dice: 0.8862, IoU: 0.8207
[2026-08-25 07:34:09,723] Epoch: 101, Dataset: test, Dice: 0.5975, IoU: 0.4955
[2026-08-25 07:34:10,571] Epoch: 101, Dataset: val, Dice: 0.8937, IoU: 0.8273
[2026-08-25 07:34:10,571] ### Best Model Saved (Dice improved from 0.8929 to 0.8937) ###
[2026-08-25 07:34:38,604] Epoch: 102, Dataset: test, Dice: 0.5819, IoU: 0.4880
[2026-08-25 07:34:39,426] Epoch: 102, Dataset: val, Dice: 0.8682, IoU: 0.7944
[2026-08-25 07:35:07,391] Epoch: 103, Dataset: test, Dice: 0.5241, IoU: 0.4419
[2026-08-25 07:35:08,234] Epoch: 103, Dataset: val, Dice: 0.8460, IoU: 0.7654
[2026-08-25 07:35:36,146] Epoch: 104, Dataset: test, Dice: 0.5648, IoU: 0.4639
[2026-08-25 07:35:36,974] Epoch: 104, Dataset: val, Dice: 0.8911, IoU: 0.8243
[2026-08-25 07:36:04,946] Epoch: 105, Dataset: test, Dice: 0.6057, IoU: 0.5045
[2026-08-25 07:36:05,750] Epoch: 105, Dataset: val, Dice: 0.8898, IoU: 0.8238
[2026-08-25 07:36:33,718] Epoch: 106, Dataset: test, Dice: 0.5586, IoU: 0.4550
[2026-08-25 07:36:34,512] Epoch: 106, Dataset: val, Dice: 0.8857, IoU: 0.8175
[2026-08-25 07:37:02,463] Epoch: 107, Dataset: test, Dice: 0.5743, IoU: 0.4735
[2026-08-25 07:37:03,285] Epoch: 107, Dataset: val, Dice: 0.8877, IoU: 0.8219
[2026-08-25 07:37:31,314] Epoch: 108, Dataset: test, Dice: 0.5565, IoU: 0.4509
[2026-08-25 07:37:32,147] Epoch: 108, Dataset: val, Dice: 0.8885, IoU: 0.8246
[2026-08-25 07:38:00,138] Epoch: 109, Dataset: test, Dice: 0.5347, IoU: 0.4419
[2026-08-25 07:38:00,978] Epoch: 109, Dataset: val, Dice: 0.8644, IoU: 0.7893
[2026-08-25 07:38:28,923] Epoch: 110, Dataset: test, Dice: 0.5682, IoU: 0.4717
[2026-08-25 07:38:29,725] Epoch: 110, Dataset: val, Dice: 0.8848, IoU: 0.8194
[2026-08-25 07:38:57,666] Epoch: 111, Dataset: test, Dice: 0.5673, IoU: 0.4633
[2026-08-25 07:38:58,490] Epoch: 111, Dataset: val, Dice: 0.8898, IoU: 0.8236
[2026-08-25 07:39:26,456] Epoch: 112, Dataset: test, Dice: 0.5983, IoU: 0.4970
[2026-08-25 07:39:27,294] Epoch: 112, Dataset: val, Dice: 0.8886, IoU: 0.8235
[2026-08-25 07:39:55,214] Epoch: 113, Dataset: test, Dice: 0.5350, IoU: 0.4477
[2026-08-25 07:39:56,009] Epoch: 113, Dataset: val, Dice: 0.8891, IoU: 0.8208
[2026-08-25 07:40:23,931] Epoch: 114, Dataset: test, Dice: 0.5484, IoU: 0.4537
[2026-08-25 07:40:24,778] Epoch: 114, Dataset: val, Dice: 0.8860, IoU: 0.8194
[2026-08-25 07:40:52,753] Epoch: 115, Dataset: test, Dice: 0.5972, IoU: 0.5054
[2026-08-25 07:40:53,558] Epoch: 115, Dataset: val, Dice: 0.8919, IoU: 0.8255
[2026-08-25 07:41:21,496] Epoch: 116, Dataset: test, Dice: 0.5871, IoU: 0.4831
[2026-08-25 07:41:22,301] Epoch: 116, Dataset: val, Dice: 0.8925, IoU: 0.8247
[2026-08-25 07:41:50,257] Epoch: 117, Dataset: test, Dice: 0.5310, IoU: 0.4316
[2026-08-25 07:41:51,112] Epoch: 117, Dataset: val, Dice: 0.8953, IoU: 0.8316
[2026-08-25 07:41:51,112] ### Best Model Saved (Dice improved from 0.8937 to 0.8953) ###
[2026-08-25 07:42:19,087] Epoch: 118, Dataset: test, Dice: 0.5771, IoU: 0.4699
[2026-08-25 07:42:19,923] Epoch: 118, Dataset: val, Dice: 0.8977, IoU: 0.8357
[2026-08-25 07:42:19,924] ### Best Model Saved (Dice improved from 0.8953 to 0.8977) ###
[2026-08-25 07:42:47,927] Epoch: 119, Dataset: test, Dice: 0.5435, IoU: 0.4619
[2026-08-25 07:42:48,768] Epoch: 119, Dataset: val, Dice: 0.8809, IoU: 0.8126
[2026-08-25 07:43:16,694] Epoch: 120, Dataset: test, Dice: 0.5280, IoU: 0.4328
[2026-08-25 07:43:17,513] Epoch: 120, Dataset: val, Dice: 0.8831, IoU: 0.8195
[2026-08-25 07:43:45,478] Epoch: 121, Dataset: test, Dice: 0.5638, IoU: 0.4649
[2026-08-25 07:43:46,335] Epoch: 121, Dataset: val, Dice: 0.8943, IoU: 0.8270
[2026-08-25 07:44:14,270] Epoch: 122, Dataset: test, Dice: 0.5623, IoU: 0.4743
[2026-08-25 07:44:15,104] Epoch: 122, Dataset: val, Dice: 0.8882, IoU: 0.8197
[2026-08-25 07:44:43,024] Epoch: 123, Dataset: test, Dice: 0.5628, IoU: 0.4680
[2026-08-25 07:44:43,890] Epoch: 123, Dataset: val, Dice: 0.9008, IoU: 0.8359
[2026-08-25 07:44:43,890] ### Best Model Saved (Dice improved from 0.8977 to 0.9008) ###
[2026-08-25 07:45:11,897] Epoch: 124, Dataset: test, Dice: 0.5691, IoU: 0.4702
[2026-08-25 07:45:12,690] Epoch: 124, Dataset: val, Dice: 0.8886, IoU: 0.8204
[2026-08-25 07:45:40,658] Epoch: 125, Dataset: test, Dice: 0.5552, IoU: 0.4471
[2026-08-25 07:45:41,485] Epoch: 125, Dataset: val, Dice: 0.8977, IoU: 0.8332
[2026-08-25 07:46:09,449] Epoch: 126, Dataset: test, Dice: 0.5210, IoU: 0.4341
[2026-08-25 07:46:10,256] Epoch: 126, Dataset: val, Dice: 0.8907, IoU: 0.8239
[2026-08-25 07:46:38,276] Epoch: 127, Dataset: test, Dice: 0.5379, IoU: 0.4380
[2026-08-25 07:46:39,103] Epoch: 127, Dataset: val, Dice: 0.8834, IoU: 0.8140
[2026-08-25 07:47:07,028] Epoch: 128, Dataset: test, Dice: 0.5706, IoU: 0.4642
[2026-08-25 07:47:07,852] Epoch: 128, Dataset: val, Dice: 0.8860, IoU: 0.8197
[2026-08-25 07:47:35,796] Epoch: 129, Dataset: test, Dice: 0.5824, IoU: 0.4768
[2026-08-25 07:47:36,568] Epoch: 129, Dataset: val, Dice: 0.8912, IoU: 0.8257
[2026-08-25 07:48:04,544] Epoch: 130, Dataset: test, Dice: 0.5493, IoU: 0.4512
[2026-08-25 07:48:05,358] Epoch: 130, Dataset: val, Dice: 0.8924, IoU: 0.8277
[2026-08-25 07:48:33,318] Epoch: 131, Dataset: test, Dice: 0.5635, IoU: 0.4535
[2026-08-25 07:48:34,141] Epoch: 131, Dataset: val, Dice: 0.8866, IoU: 0.8168
[2026-08-25 07:49:02,082] Epoch: 132, Dataset: test, Dice: 0.6036, IoU: 0.5064
[2026-08-25 07:49:02,892] Epoch: 132, Dataset: val, Dice: 0.9002, IoU: 0.8360
[2026-08-25 07:49:30,907] Epoch: 133, Dataset: test, Dice: 0.5466, IoU: 0.4588
[2026-08-25 07:49:31,754] Epoch: 133, Dataset: val, Dice: 0.8837, IoU: 0.8155
[2026-08-25 07:49:59,736] Epoch: 134, Dataset: test, Dice: 0.5343, IoU: 0.4213
[2026-08-25 07:50:00,568] Epoch: 134, Dataset: val, Dice: 0.9026, IoU: 0.8398
[2026-08-25 07:50:00,569] ### Best Model Saved (Dice improved from 0.9008 to 0.9026) ###
[2026-08-25 07:50:28,612] Epoch: 135, Dataset: test, Dice: 0.5740, IoU: 0.4769
[2026-08-25 07:50:29,431] Epoch: 135, Dataset: val, Dice: 0.8973, IoU: 0.8344
[2026-08-25 07:50:57,423] Epoch: 136, Dataset: test, Dice: 0.5720, IoU: 0.4715
[2026-08-25 07:50:58,251] Epoch: 136, Dataset: val, Dice: 0.8873, IoU: 0.8198
[2026-08-25 07:51:26,237] Epoch: 137, Dataset: test, Dice: 0.5796, IoU: 0.4778
[2026-08-25 07:51:27,077] Epoch: 137, Dataset: val, Dice: 0.8861, IoU: 0.8210
[2026-08-25 07:51:55,010] Epoch: 138, Dataset: test, Dice: 0.5976, IoU: 0.4911
[2026-08-25 07:51:55,819] Epoch: 138, Dataset: val, Dice: 0.8670, IoU: 0.7932
[2026-08-25 07:52:23,750] Epoch: 139, Dataset: test, Dice: 0.6097, IoU: 0.5016
[2026-08-25 07:52:24,532] Epoch: 139, Dataset: val, Dice: 0.8840, IoU: 0.8173
[2026-08-25 07:52:52,425] Epoch: 140, Dataset: test, Dice: 0.5935, IoU: 0.4894
[2026-08-25 07:52:53,243] Epoch: 140, Dataset: val, Dice: 0.8916, IoU: 0.8282
[2026-08-25 07:53:21,260] Epoch: 141, Dataset: test, Dice: 0.5172, IoU: 0.4160
[2026-08-25 07:53:22,064] Epoch: 141, Dataset: val, Dice: 0.8847, IoU: 0.8191
[2026-08-25 07:53:49,997] Epoch: 142, Dataset: test, Dice: 0.5912, IoU: 0.4928
[2026-08-25 07:53:50,827] Epoch: 142, Dataset: val, Dice: 0.8860, IoU: 0.8179
[2026-08-25 07:54:18,722] Epoch: 143, Dataset: test, Dice: 0.5727, IoU: 0.4706
[2026-08-25 07:54:19,544] Epoch: 143, Dataset: val, Dice: 0.8895, IoU: 0.8220
[2026-08-25 07:54:47,506] Epoch: 144, Dataset: test, Dice: 0.5624, IoU: 0.4545
[2026-08-25 07:54:48,297] Epoch: 144, Dataset: val, Dice: 0.8927, IoU: 0.8289
[2026-08-25 07:55:16,277] Epoch: 145, Dataset: test, Dice: 0.5219, IoU: 0.4236
[2026-08-25 07:55:17,100] Epoch: 145, Dataset: val, Dice: 0.8964, IoU: 0.8312
[2026-08-25 07:55:45,051] Epoch: 146, Dataset: test, Dice: 0.5792, IoU: 0.4802
[2026-08-25 07:55:45,810] Epoch: 146, Dataset: val, Dice: 0.8902, IoU: 0.8227
[2026-08-25 07:56:13,750] Epoch: 147, Dataset: test, Dice: 0.5617, IoU: 0.4555
[2026-08-25 07:56:14,598] Epoch: 147, Dataset: val, Dice: 0.8898, IoU: 0.8242
[2026-08-25 07:56:42,553] Epoch: 148, Dataset: test, Dice: 0.5814, IoU: 0.4847
[2026-08-25 07:56:43,379] Epoch: 148, Dataset: val, Dice: 0.8806, IoU: 0.8112
[2026-08-25 07:57:11,363] Epoch: 149, Dataset: test, Dice: 0.5594, IoU: 0.4520
[2026-08-25 07:57:12,168] Epoch: 149, Dataset: val, Dice: 0.8878, IoU: 0.8206
[2026-08-25 07:57:40,114] Epoch: 150, Dataset: test, Dice: 0.5669, IoU: 0.4668
[2026-08-25 07:57:40,966] Epoch: 150, Dataset: val, Dice: 0.8986, IoU: 0.8334
[2026-08-25 07:58:08,898] Epoch: 151, Dataset: test, Dice: 0.5860, IoU: 0.4779
[2026-08-25 07:58:09,698] Epoch: 151, Dataset: val, Dice: 0.8997, IoU: 0.8375
[2026-08-25 07:58:37,960] Epoch: 152, Dataset: test, Dice: 0.5811, IoU: 0.4770
[2026-08-25 07:58:38,738] Epoch: 152, Dataset: val, Dice: 0.8931, IoU: 0.8270
[2026-08-25 07:59:06,727] Epoch: 153, Dataset: test, Dice: 0.5416, IoU: 0.4328
[2026-08-25 07:59:07,509] Epoch: 153, Dataset: val, Dice: 0.8911, IoU: 0.8254
[2026-08-25 07:59:35,451] Epoch: 154, Dataset: test, Dice: 0.5638, IoU: 0.4634
[2026-08-25 07:59:36,244] Epoch: 154, Dataset: val, Dice: 0.8885, IoU: 0.8229
[2026-08-25 08:00:04,238] Epoch: 155, Dataset: test, Dice: 0.5779, IoU: 0.4806
[2026-08-25 08:00:05,072] Epoch: 155, Dataset: val, Dice: 0.8838, IoU: 0.8167
[2026-08-25 08:00:33,023] Epoch: 156, Dataset: test, Dice: 0.5857, IoU: 0.4845
[2026-08-25 08:00:33,872] Epoch: 156, Dataset: val, Dice: 0.8887, IoU: 0.8235
[2026-08-25 08:01:01,799] Epoch: 157, Dataset: test, Dice: 0.5581, IoU: 0.4557
[2026-08-25 08:01:02,627] Epoch: 157, Dataset: val, Dice: 0.8864, IoU: 0.8167
[2026-08-25 08:01:30,563] Epoch: 158, Dataset: test, Dice: 0.5622, IoU: 0.4669
[2026-08-25 08:01:31,429] Epoch: 158, Dataset: val, Dice: 0.8868, IoU: 0.8195
[2026-08-25 08:01:59,363] Epoch: 159, Dataset: test, Dice: 0.5310, IoU: 0.4157
[2026-08-25 08:02:00,189] Epoch: 159, Dataset: val, Dice: 0.8903, IoU: 0.8274
[2026-08-25 08:02:28,178] Epoch: 160, Dataset: test, Dice: 0.5740, IoU: 0.4764
[2026-08-25 08:02:28,977] Epoch: 160, Dataset: val, Dice: 0.8871, IoU: 0.8191
[2026-08-25 08:02:56,937] Epoch: 161, Dataset: test, Dice: 0.5414, IoU: 0.4329
[2026-08-25 08:02:57,721] Epoch: 161, Dataset: val, Dice: 0.8907, IoU: 0.8263
[2026-08-25 08:03:25,716] Epoch: 162, Dataset: test, Dice: 0.5588, IoU: 0.4541
[2026-08-25 08:03:26,546] Epoch: 162, Dataset: val, Dice: 0.8973, IoU: 0.8340
[2026-08-25 08:03:54,529] Epoch: 163, Dataset: test, Dice: 0.5898, IoU: 0.4935
[2026-08-25 08:03:55,354] Epoch: 163, Dataset: val, Dice: 0.8912, IoU: 0.8250
[2026-08-25 08:04:23,365] Epoch: 164, Dataset: test, Dice: 0.5808, IoU: 0.4741
[2026-08-25 08:04:24,199] Epoch: 164, Dataset: val, Dice: 0.8954, IoU: 0.8340
[2026-08-25 08:04:52,184] Epoch: 165, Dataset: test, Dice: 0.5699, IoU: 0.4626
[2026-08-25 08:04:53,005] Epoch: 165, Dataset: val, Dice: 0.8982, IoU: 0.8333
[2026-08-25 08:05:20,992] Epoch: 166, Dataset: test, Dice: 0.5502, IoU: 0.4423
[2026-08-25 08:05:21,819] Epoch: 166, Dataset: val, Dice: 0.9022, IoU: 0.8390
[2026-08-25 08:05:49,664] Epoch: 167, Dataset: test, Dice: 0.5717, IoU: 0.4648
[2026-08-25 08:05:50,521] Epoch: 167, Dataset: val, Dice: 0.8995, IoU: 0.8382
[2026-08-25 08:06:18,499] Epoch: 168, Dataset: test, Dice: 0.5626, IoU: 0.4542
[2026-08-25 08:06:19,325] Epoch: 168, Dataset: val, Dice: 0.8959, IoU: 0.8343
[2026-08-25 08:06:47,269] Epoch: 169, Dataset: test, Dice: 0.5803, IoU: 0.4740
[2026-08-25 08:06:48,094] Epoch: 169, Dataset: val, Dice: 0.9026, IoU: 0.8422
[2026-08-25 08:06:48,094] ### Best Model Saved (Dice improved from 0.9026 to 0.9026) ###
[2026-08-25 08:07:16,104] Epoch: 170, Dataset: test, Dice: 0.5738, IoU: 0.4670
[2026-08-25 08:07:16,890] Epoch: 170, Dataset: val, Dice: 0.9004, IoU: 0.8384
[2026-08-25 08:07:44,816] Epoch: 171, Dataset: test, Dice: 0.5548, IoU: 0.4572
[2026-08-25 08:07:45,625] Epoch: 171, Dataset: val, Dice: 0.9006, IoU: 0.8380
[2026-08-25 08:08:13,555] Epoch: 172, Dataset: test, Dice: 0.5694, IoU: 0.4599
[2026-08-25 08:08:14,402] Epoch: 172, Dataset: val, Dice: 0.9008, IoU: 0.8386
[2026-08-25 08:08:42,353] Epoch: 173, Dataset: test, Dice: 0.5217, IoU: 0.4266
[2026-08-25 08:08:43,168] Epoch: 173, Dataset: val, Dice: 0.8968, IoU: 0.8337
[2026-08-25 08:09:11,171] Epoch: 174, Dataset: test, Dice: 0.5697, IoU: 0.4602
[2026-08-25 08:09:11,987] Epoch: 174, Dataset: val, Dice: 0.9019, IoU: 0.8402
[2026-08-25 08:09:39,920] Epoch: 175, Dataset: test, Dice: 0.5345, IoU: 0.4332
[2026-08-25 08:09:40,759] Epoch: 175, Dataset: val, Dice: 0.8903, IoU: 0.8270
[2026-08-25 08:10:08,699] Epoch: 176, Dataset: test, Dice: 0.5283, IoU: 0.4315
[2026-08-25 08:10:09,520] Epoch: 176, Dataset: val, Dice: 0.8901, IoU: 0.8269
[2026-08-25 08:10:37,456] Epoch: 177, Dataset: test, Dice: 0.5886, IoU: 0.4899
[2026-08-25 08:10:38,308] Epoch: 177, Dataset: val, Dice: 0.8970, IoU: 0.8296
[2026-08-25 08:11:06,255] Epoch: 178, Dataset: test, Dice: 0.5369, IoU: 0.4374
[2026-08-25 08:11:07,065] Epoch: 178, Dataset: val, Dice: 0.8956, IoU: 0.8330
[2026-08-25 08:11:35,010] Epoch: 179, Dataset: test, Dice: 0.5318, IoU: 0.4400
[2026-08-25 08:11:35,799] Epoch: 179, Dataset: val, Dice: 0.8940, IoU: 0.8292
[2026-08-25 08:12:03,778] Epoch: 180, Dataset: test, Dice: 0.5561, IoU: 0.4546
[2026-08-25 08:12:04,607] Epoch: 180, Dataset: val, Dice: 0.8896, IoU: 0.8246
[2026-08-25 08:12:32,526] Epoch: 181, Dataset: test, Dice: 0.5770, IoU: 0.4754
[2026-08-25 08:12:33,312] Epoch: 181, Dataset: val, Dice: 0.8980, IoU: 0.8323
[2026-08-25 08:13:01,323] Epoch: 182, Dataset: test, Dice: 0.5432, IoU: 0.4422
[2026-08-25 08:13:02,162] Epoch: 182, Dataset: val, Dice: 0.8933, IoU: 0.8274
[2026-08-25 08:13:30,191] Epoch: 183, Dataset: test, Dice: 0.5659, IoU: 0.4621
[2026-08-25 08:13:31,053] Epoch: 183, Dataset: val, Dice: 0.8901, IoU: 0.8240
[2026-08-25 08:13:59,005] Epoch: 184, Dataset: test, Dice: 0.5502, IoU: 0.4523
[2026-08-25 08:13:59,848] Epoch: 184, Dataset: val, Dice: 0.8928, IoU: 0.8254
[2026-08-25 08:14:27,757] Epoch: 185, Dataset: test, Dice: 0.5505, IoU: 0.4418
[2026-08-25 08:14:28,558] Epoch: 185, Dataset: val, Dice: 0.8969, IoU: 0.8345
[2026-08-25 08:14:56,537] Epoch: 186, Dataset: test, Dice: 0.5726, IoU: 0.4694
[2026-08-25 08:14:57,373] Epoch: 186, Dataset: val, Dice: 0.8910, IoU: 0.8275
[2026-08-25 08:15:25,343] Epoch: 187, Dataset: test, Dice: 0.5546, IoU: 0.4589
[2026-08-25 08:15:26,212] Epoch: 187, Dataset: val, Dice: 0.8983, IoU: 0.8330
[2026-08-25 08:15:54,110] Epoch: 188, Dataset: test, Dice: 0.5399, IoU: 0.4462
[2026-08-25 08:15:54,894] Epoch: 188, Dataset: val, Dice: 0.8954, IoU: 0.8294
[2026-08-25 08:16:22,901] Epoch: 189, Dataset: test, Dice: 0.5592, IoU: 0.4522
[2026-08-25 08:16:23,719] Epoch: 189, Dataset: val, Dice: 0.8948, IoU: 0.8306
[2026-08-25 08:16:51,643] Epoch: 190, Dataset: test, Dice: 0.5753, IoU: 0.4695
[2026-08-25 08:16:52,512] Epoch: 190, Dataset: val, Dice: 0.8929, IoU: 0.8304
[2026-08-25 08:17:20,473] Epoch: 191, Dataset: test, Dice: 0.5579, IoU: 0.4608
[2026-08-25 08:17:21,331] Epoch: 191, Dataset: val, Dice: 0.8907, IoU: 0.8263
[2026-08-25 08:17:49,256] Epoch: 192, Dataset: test, Dice: 0.5558, IoU: 0.4553
[2026-08-25 08:17:50,052] Epoch: 192, Dataset: val, Dice: 0.8960, IoU: 0.8316
[2026-08-25 08:18:18,036] Epoch: 193, Dataset: test, Dice: 0.5600, IoU: 0.4551
[2026-08-25 08:18:18,868] Epoch: 193, Dataset: val, Dice: 0.8962, IoU: 0.8336
[2026-08-25 08:18:46,788] Epoch: 194, Dataset: test, Dice: 0.5422, IoU: 0.4430
[2026-08-25 08:18:47,591] Epoch: 194, Dataset: val, Dice: 0.8871, IoU: 0.8212
[2026-08-25 08:19:15,604] Epoch: 195, Dataset: test, Dice: 0.5724, IoU: 0.4638
[2026-08-25 08:19:16,407] Epoch: 195, Dataset: val, Dice: 0.9035, IoU: 0.8419
[2026-08-25 08:19:16,408] ### Best Model Saved (Dice improved from 0.9026 to 0.9035) ###
[2026-08-25 08:19:44,378] Epoch: 196, Dataset: test, Dice: 0.5788, IoU: 0.4707
[2026-08-25 08:19:45,189] Epoch: 196, Dataset: val, Dice: 0.8994, IoU: 0.8371
[2026-08-25 08:20:13,083] Epoch: 197, Dataset: test, Dice: 0.5383, IoU: 0.4416
[2026-08-25 08:20:13,862] Epoch: 197, Dataset: val, Dice: 0.8934, IoU: 0.8272
[2026-08-25 08:20:41,796] Epoch: 198, Dataset: test, Dice: 0.5750, IoU: 0.4745
[2026-08-25 08:20:42,593] Epoch: 198, Dataset: val, Dice: 0.8977, IoU: 0.8339
[2026-08-25 08:21:10,581] Epoch: 199, Dataset: test, Dice: 0.5753, IoU: 0.4671
[2026-08-25 08:21:11,454] Epoch: 199, Dataset: val, Dice: 0.8950, IoU: 0.8312
[2026-08-25 08:21:39,403] Epoch: 200, Dataset: test, Dice: 0.5408, IoU: 0.4417
[2026-08-25 08:21:40,229] Epoch: 200, Dataset: val, Dice: 0.8963, IoU: 0.8319
[2026-08-25 08:21:40,231] 
========================================
FINAL RESULTS: ClinicDB_MK_UNet_bs8_lr0.0005_e200_augTrue_run2_t064545
Best Val Dice: 0.9035
Test Dice at Best Val: 0.5724
Total Train Time: 5446.01s
========================================
