[2026-08-23 23:49:25,204] flops: 0.619251354, params: 0.315566, Total params: : 0.3156
[2026-08-23 23:49:53,845] Epoch: 1, Dataset: test, Dice: 0.1631, IoU: 0.0936
[2026-08-23 23:49:54,597] Epoch: 1, Dataset: val, Dice: 0.4657, IoU: 0.3423
[2026-08-23 23:49:54,597] ### Best Model Saved (Dice improved from 0.0000 to 0.4657) ###
[2026-08-23 23:50:23,183] Epoch: 2, Dataset: test, Dice: 0.1754, IoU: 0.1043
[2026-08-23 23:50:23,938] Epoch: 2, Dataset: val, Dice: 0.4633, IoU: 0.3345
[2026-08-23 23:50:52,512] Epoch: 3, Dataset: test, Dice: 0.2166, IoU: 0.1331
[2026-08-23 23:50:53,289] Epoch: 3, Dataset: val, Dice: 0.3898, IoU: 0.2667
[2026-08-23 23:51:21,826] Epoch: 4, Dataset: test, Dice: 0.2248, IoU: 0.1420
[2026-08-23 23:51:22,572] Epoch: 4, Dataset: val, Dice: 0.5398, IoU: 0.3998
[2026-08-23 23:51:22,572] ### Best Model Saved (Dice improved from 0.4657 to 0.5398) ###
[2026-08-23 23:51:51,201] Epoch: 5, Dataset: test, Dice: 0.2374, IoU: 0.1543
[2026-08-23 23:51:51,953] Epoch: 5, Dataset: val, Dice: 0.5508, IoU: 0.4260
[2026-08-23 23:51:51,954] ### Best Model Saved (Dice improved from 0.5398 to 0.5508) ###
[2026-08-23 23:52:20,652] Epoch: 6, Dataset: test, Dice: 0.2178, IoU: 0.1444
[2026-08-23 23:52:21,427] Epoch: 6, Dataset: val, Dice: 0.5721, IoU: 0.4448
[2026-08-23 23:52:21,428] ### Best Model Saved (Dice improved from 0.5508 to 0.5721) ###
[2026-08-23 23:52:50,105] Epoch: 7, Dataset: test, Dice: 0.2994, IoU: 0.2065
[2026-08-23 23:52:50,857] Epoch: 7, Dataset: val, Dice: 0.4910, IoU: 0.3644
[2026-08-23 23:53:19,484] Epoch: 8, Dataset: test, Dice: 0.2803, IoU: 0.1795
[2026-08-23 23:53:20,219] Epoch: 8, Dataset: val, Dice: 0.5752, IoU: 0.4460
[2026-08-23 23:53:20,220] ### Best Model Saved (Dice improved from 0.5721 to 0.5752) ###
[2026-08-23 23:53:48,875] Epoch: 9, Dataset: test, Dice: 0.2969, IoU: 0.1977
[2026-08-23 23:53:49,616] Epoch: 9, Dataset: val, Dice: 0.6460, IoU: 0.5167
[2026-08-23 23:53:49,616] ### Best Model Saved (Dice improved from 0.5752 to 0.6460) ###
[2026-08-23 23:54:18,301] Epoch: 10, Dataset: test, Dice: 0.2688, IoU: 0.1731
[2026-08-23 23:54:19,014] Epoch: 10, Dataset: val, Dice: 0.6851, IoU: 0.5725
[2026-08-23 23:54:19,015] ### Best Model Saved (Dice improved from 0.6460 to 0.6851) ###
[2026-08-23 23:54:47,661] Epoch: 11, Dataset: test, Dice: 0.3880, IoU: 0.2830
[2026-08-23 23:54:48,361] Epoch: 11, Dataset: val, Dice: 0.6651, IoU: 0.5379
[2026-08-23 23:55:16,919] Epoch: 12, Dataset: test, Dice: 0.3229, IoU: 0.2199
[2026-08-23 23:55:17,661] Epoch: 12, Dataset: val, Dice: 0.6933, IoU: 0.5751
[2026-08-23 23:55:17,661] ### Best Model Saved (Dice improved from 0.6851 to 0.6933) ###
[2026-08-23 23:55:46,228] Epoch: 13, Dataset: test, Dice: 0.3937, IoU: 0.2860
[2026-08-23 23:55:46,976] Epoch: 13, Dataset: val, Dice: 0.7203, IoU: 0.5931
[2026-08-23 23:55:46,976] ### Best Model Saved (Dice improved from 0.6933 to 0.7203) ###
[2026-08-23 23:56:15,682] Epoch: 14, Dataset: test, Dice: 0.3196, IoU: 0.2362
[2026-08-23 23:56:16,420] Epoch: 14, Dataset: val, Dice: 0.7186, IoU: 0.6150
[2026-08-23 23:56:45,099] Epoch: 15, Dataset: test, Dice: 0.3971, IoU: 0.2924
[2026-08-23 23:56:45,875] Epoch: 15, Dataset: val, Dice: 0.6851, IoU: 0.5592
[2026-08-23 23:57:14,523] Epoch: 16, Dataset: test, Dice: 0.3607, IoU: 0.2539
[2026-08-23 23:57:15,224] Epoch: 16, Dataset: val, Dice: 0.7238, IoU: 0.6052
[2026-08-23 23:57:15,225] ### Best Model Saved (Dice improved from 0.7203 to 0.7238) ###
[2026-08-23 23:57:43,921] Epoch: 17, Dataset: test, Dice: 0.3833, IoU: 0.2843
[2026-08-23 23:57:44,656] Epoch: 17, Dataset: val, Dice: 0.7049, IoU: 0.5923
[2026-08-23 23:58:13,269] Epoch: 18, Dataset: test, Dice: 0.3984, IoU: 0.3052
[2026-08-23 23:58:14,022] Epoch: 18, Dataset: val, Dice: 0.7394, IoU: 0.6249
[2026-08-23 23:58:14,022] ### Best Model Saved (Dice improved from 0.7238 to 0.7394) ###
[2026-08-23 23:58:42,676] Epoch: 19, Dataset: test, Dice: 0.2994, IoU: 0.2026
[2026-08-23 23:58:43,435] Epoch: 19, Dataset: val, Dice: 0.7358, IoU: 0.6165
[2026-08-23 23:59:12,022] Epoch: 20, Dataset: test, Dice: 0.3612, IoU: 0.2571
[2026-08-23 23:59:12,756] Epoch: 20, Dataset: val, Dice: 0.7191, IoU: 0.5954
[2026-08-23 23:59:41,420] Epoch: 21, Dataset: test, Dice: 0.3693, IoU: 0.2758
[2026-08-23 23:59:42,206] Epoch: 21, Dataset: val, Dice: 0.7815, IoU: 0.6753
[2026-08-23 23:59:42,207] ### Best Model Saved (Dice improved from 0.7394 to 0.7815) ###
[2026-08-24 00:00:10,907] Epoch: 22, Dataset: test, Dice: 0.3867, IoU: 0.2830
[2026-08-24 00:00:11,669] Epoch: 22, Dataset: val, Dice: 0.7568, IoU: 0.6498
[2026-08-24 00:00:40,309] Epoch: 23, Dataset: test, Dice: 0.4420, IoU: 0.3393
[2026-08-24 00:00:41,018] Epoch: 23, Dataset: val, Dice: 0.7734, IoU: 0.6775
[2026-08-24 00:01:09,661] Epoch: 24, Dataset: test, Dice: 0.2883, IoU: 0.1940
[2026-08-24 00:01:10,430] Epoch: 24, Dataset: val, Dice: 0.6967, IoU: 0.5798
[2026-08-24 00:01:39,050] Epoch: 25, Dataset: test, Dice: 0.3932, IoU: 0.3041
[2026-08-24 00:01:39,774] Epoch: 25, Dataset: val, Dice: 0.7885, IoU: 0.6902
[2026-08-24 00:01:39,774] ### Best Model Saved (Dice improved from 0.7815 to 0.7885) ###
[2026-08-24 00:02:08,445] Epoch: 26, Dataset: test, Dice: 0.4210, IoU: 0.3227
[2026-08-24 00:02:09,183] Epoch: 26, Dataset: val, Dice: 0.8164, IoU: 0.7263
[2026-08-24 00:02:09,183] ### Best Model Saved (Dice improved from 0.7885 to 0.8164) ###
[2026-08-24 00:02:37,868] Epoch: 27, Dataset: test, Dice: 0.4499, IoU: 0.3440
[2026-08-24 00:02:38,602] Epoch: 27, Dataset: val, Dice: 0.7879, IoU: 0.6849
[2026-08-24 00:03:07,220] Epoch: 28, Dataset: test, Dice: 0.4932, IoU: 0.3879
[2026-08-24 00:03:07,965] Epoch: 28, Dataset: val, Dice: 0.8222, IoU: 0.7346
[2026-08-24 00:03:07,965] ### Best Model Saved (Dice improved from 0.8164 to 0.8222) ###
[2026-08-24 00:03:36,613] Epoch: 29, Dataset: test, Dice: 0.5055, IoU: 0.4094
[2026-08-24 00:03:37,349] Epoch: 29, Dataset: val, Dice: 0.8388, IoU: 0.7540
[2026-08-24 00:03:37,349] ### Best Model Saved (Dice improved from 0.8222 to 0.8388) ###
[2026-08-24 00:04:06,034] Epoch: 30, Dataset: test, Dice: 0.4507, IoU: 0.3602
[2026-08-24 00:04:06,774] Epoch: 30, Dataset: val, Dice: 0.7858, IoU: 0.6949
[2026-08-24 00:04:35,420] Epoch: 31, Dataset: test, Dice: 0.4651, IoU: 0.3594
[2026-08-24 00:04:36,136] Epoch: 31, Dataset: val, Dice: 0.8200, IoU: 0.7260
[2026-08-24 00:05:04,740] Epoch: 32, Dataset: test, Dice: 0.3698, IoU: 0.2709
[2026-08-24 00:05:05,469] Epoch: 32, Dataset: val, Dice: 0.8227, IoU: 0.7300
[2026-08-24 00:05:34,051] Epoch: 33, Dataset: test, Dice: 0.5080, IoU: 0.4143
[2026-08-24 00:05:34,812] Epoch: 33, Dataset: val, Dice: 0.8287, IoU: 0.7393
[2026-08-24 00:06:03,434] Epoch: 34, Dataset: test, Dice: 0.3558, IoU: 0.2671
[2026-08-24 00:06:04,175] Epoch: 34, Dataset: val, Dice: 0.7758, IoU: 0.6738
[2026-08-24 00:06:32,808] Epoch: 35, Dataset: test, Dice: 0.3877, IoU: 0.2936
[2026-08-24 00:06:33,593] Epoch: 35, Dataset: val, Dice: 0.8378, IoU: 0.7538
[2026-08-24 00:07:02,200] Epoch: 36, Dataset: test, Dice: 0.4508, IoU: 0.3474
[2026-08-24 00:07:02,920] Epoch: 36, Dataset: val, Dice: 0.8000, IoU: 0.6987
[2026-08-24 00:07:31,573] Epoch: 37, Dataset: test, Dice: 0.5273, IoU: 0.4217
[2026-08-24 00:07:32,333] Epoch: 37, Dataset: val, Dice: 0.8145, IoU: 0.7184
[2026-08-24 00:08:00,997] Epoch: 38, Dataset: test, Dice: 0.3895, IoU: 0.2900
[2026-08-24 00:08:01,762] Epoch: 38, Dataset: val, Dice: 0.8321, IoU: 0.7415
[2026-08-24 00:08:30,445] Epoch: 39, Dataset: test, Dice: 0.4677, IoU: 0.3606
[2026-08-24 00:08:31,180] Epoch: 39, Dataset: val, Dice: 0.8082, IoU: 0.7164
[2026-08-24 00:08:59,853] Epoch: 40, Dataset: test, Dice: 0.2717, IoU: 0.1814
[2026-08-24 00:09:00,594] Epoch: 40, Dataset: val, Dice: 0.8187, IoU: 0.7294
[2026-08-24 00:09:29,192] Epoch: 41, Dataset: test, Dice: 0.4392, IoU: 0.3398
[2026-08-24 00:09:29,959] Epoch: 41, Dataset: val, Dice: 0.8565, IoU: 0.7785
[2026-08-24 00:09:29,960] ### Best Model Saved (Dice improved from 0.8388 to 0.8565) ###
[2026-08-24 00:09:58,563] Epoch: 42, Dataset: test, Dice: 0.4829, IoU: 0.3803
[2026-08-24 00:09:59,307] Epoch: 42, Dataset: val, Dice: 0.8274, IoU: 0.7381
[2026-08-24 00:10:27,901] Epoch: 43, Dataset: test, Dice: 0.5614, IoU: 0.4534
[2026-08-24 00:10:28,632] Epoch: 43, Dataset: val, Dice: 0.8298, IoU: 0.7361
[2026-08-24 00:10:57,319] Epoch: 44, Dataset: test, Dice: 0.4550, IoU: 0.3348
[2026-08-24 00:10:58,068] Epoch: 44, Dataset: val, Dice: 0.8381, IoU: 0.7501
[2026-08-24 00:11:26,736] Epoch: 45, Dataset: test, Dice: 0.4129, IoU: 0.3289
[2026-08-24 00:11:27,487] Epoch: 45, Dataset: val, Dice: 0.7954, IoU: 0.6985
[2026-08-24 00:11:56,067] Epoch: 46, Dataset: test, Dice: 0.5226, IoU: 0.4175
[2026-08-24 00:11:56,817] Epoch: 46, Dataset: val, Dice: 0.8229, IoU: 0.7356
[2026-08-24 00:12:25,391] Epoch: 47, Dataset: test, Dice: 0.5261, IoU: 0.4128
[2026-08-24 00:12:26,141] Epoch: 47, Dataset: val, Dice: 0.7803, IoU: 0.6810
[2026-08-24 00:12:54,758] Epoch: 48, Dataset: test, Dice: 0.5067, IoU: 0.4065
[2026-08-24 00:12:55,494] Epoch: 48, Dataset: val, Dice: 0.8533, IoU: 0.7695
[2026-08-24 00:13:24,112] Epoch: 49, Dataset: test, Dice: 0.5005, IoU: 0.4058
[2026-08-24 00:13:24,869] Epoch: 49, Dataset: val, Dice: 0.8347, IoU: 0.7486
[2026-08-24 00:13:53,495] Epoch: 50, Dataset: test, Dice: 0.3946, IoU: 0.3257
[2026-08-24 00:13:54,259] Epoch: 50, Dataset: val, Dice: 0.7794, IoU: 0.6813
[2026-08-24 00:14:22,911] Epoch: 51, Dataset: test, Dice: 0.4471, IoU: 0.3495
[2026-08-24 00:14:23,675] Epoch: 51, Dataset: val, Dice: 0.8360, IoU: 0.7486
[2026-08-24 00:14:52,374] Epoch: 52, Dataset: test, Dice: 0.6005, IoU: 0.4938
[2026-08-24 00:14:53,119] Epoch: 52, Dataset: val, Dice: 0.8544, IoU: 0.7765
[2026-08-24 00:15:21,780] Epoch: 53, Dataset: test, Dice: 0.5672, IoU: 0.4630
[2026-08-24 00:15:22,567] Epoch: 53, Dataset: val, Dice: 0.8591, IoU: 0.7771
[2026-08-24 00:15:22,568] ### Best Model Saved (Dice improved from 0.8565 to 0.8591) ###
[2026-08-24 00:15:51,250] Epoch: 54, Dataset: test, Dice: 0.5595, IoU: 0.4503
[2026-08-24 00:15:52,012] Epoch: 54, Dataset: val, Dice: 0.8532, IoU: 0.7695
[2026-08-24 00:16:20,673] Epoch: 55, Dataset: test, Dice: 0.5682, IoU: 0.4667
[2026-08-24 00:16:21,390] Epoch: 55, Dataset: val, Dice: 0.8673, IoU: 0.7926
[2026-08-24 00:16:21,390] ### Best Model Saved (Dice improved from 0.8591 to 0.8673) ###
[2026-08-24 00:16:50,072] Epoch: 56, Dataset: test, Dice: 0.4639, IoU: 0.3654
[2026-08-24 00:16:50,787] Epoch: 56, Dataset: val, Dice: 0.8282, IoU: 0.7375
[2026-08-24 00:17:19,391] Epoch: 57, Dataset: test, Dice: 0.4705, IoU: 0.3590
[2026-08-24 00:17:20,141] Epoch: 57, Dataset: val, Dice: 0.8731, IoU: 0.8025
[2026-08-24 00:17:20,142] ### Best Model Saved (Dice improved from 0.8673 to 0.8731) ###
[2026-08-24 00:17:48,802] Epoch: 58, Dataset: test, Dice: 0.5057, IoU: 0.3972
[2026-08-24 00:17:49,543] Epoch: 58, Dataset: val, Dice: 0.8729, IoU: 0.7990
[2026-08-24 00:18:18,102] Epoch: 59, Dataset: test, Dice: 0.4811, IoU: 0.3838
[2026-08-24 00:18:18,858] Epoch: 59, Dataset: val, Dice: 0.8658, IoU: 0.7894
[2026-08-24 00:18:47,512] Epoch: 60, Dataset: test, Dice: 0.5866, IoU: 0.4814
[2026-08-24 00:18:48,233] Epoch: 60, Dataset: val, Dice: 0.8504, IoU: 0.7715
[2026-08-24 00:19:16,981] Epoch: 61, Dataset: test, Dice: 0.4824, IoU: 0.3840
[2026-08-24 00:19:17,709] Epoch: 61, Dataset: val, Dice: 0.8646, IoU: 0.7891
[2026-08-24 00:19:46,336] Epoch: 62, Dataset: test, Dice: 0.4954, IoU: 0.3895
[2026-08-24 00:19:47,074] Epoch: 62, Dataset: val, Dice: 0.8686, IoU: 0.7914
[2026-08-24 00:20:15,736] Epoch: 63, Dataset: test, Dice: 0.5737, IoU: 0.4779
[2026-08-24 00:20:16,463] Epoch: 63, Dataset: val, Dice: 0.8570, IoU: 0.7847
[2026-08-24 00:20:45,175] Epoch: 64, Dataset: test, Dice: 0.4558, IoU: 0.3464
[2026-08-24 00:20:45,902] Epoch: 64, Dataset: val, Dice: 0.8511, IoU: 0.7698
[2026-08-24 00:21:14,616] Epoch: 65, Dataset: test, Dice: 0.4967, IoU: 0.3902
[2026-08-24 00:21:15,370] Epoch: 65, Dataset: val, Dice: 0.8573, IoU: 0.7826
[2026-08-24 00:21:43,972] Epoch: 66, Dataset: test, Dice: 0.5635, IoU: 0.4595
[2026-08-24 00:21:44,732] Epoch: 66, Dataset: val, Dice: 0.8499, IoU: 0.7678
[2026-08-24 00:22:13,304] Epoch: 67, Dataset: test, Dice: 0.4350, IoU: 0.3456
[2026-08-24 00:22:14,068] Epoch: 67, Dataset: val, Dice: 0.8003, IoU: 0.7056
[2026-08-24 00:22:42,757] Epoch: 68, Dataset: test, Dice: 0.4766, IoU: 0.3712
[2026-08-24 00:22:43,577] Epoch: 68, Dataset: val, Dice: 0.8821, IoU: 0.8111
[2026-08-24 00:22:43,577] ### Best Model Saved (Dice improved from 0.8731 to 0.8821) ###
[2026-08-24 00:23:12,304] Epoch: 69, Dataset: test, Dice: 0.4747, IoU: 0.3698
[2026-08-24 00:23:13,058] Epoch: 69, Dataset: val, Dice: 0.8733, IoU: 0.7998
[2026-08-24 00:23:41,721] Epoch: 70, Dataset: test, Dice: 0.4507, IoU: 0.3587
[2026-08-24 00:23:42,546] Epoch: 70, Dataset: val, Dice: 0.8679, IoU: 0.7925
[2026-08-24 00:24:11,163] Epoch: 71, Dataset: test, Dice: 0.5121, IoU: 0.4166
[2026-08-24 00:24:11,938] Epoch: 71, Dataset: val, Dice: 0.8717, IoU: 0.7970
[2026-08-24 00:24:40,568] Epoch: 72, Dataset: test, Dice: 0.5947, IoU: 0.4934
[2026-08-24 00:24:41,349] Epoch: 72, Dataset: val, Dice: 0.8765, IoU: 0.8054
[2026-08-24 00:25:10,051] Epoch: 73, Dataset: test, Dice: 0.5022, IoU: 0.4018
[2026-08-24 00:25:10,787] Epoch: 73, Dataset: val, Dice: 0.8683, IoU: 0.7826
[2026-08-24 00:25:39,405] Epoch: 74, Dataset: test, Dice: 0.4969, IoU: 0.3794
[2026-08-24 00:25:40,174] Epoch: 74, Dataset: val, Dice: 0.8699, IoU: 0.7906
[2026-08-24 00:26:08,795] Epoch: 75, Dataset: test, Dice: 0.5068, IoU: 0.4227
[2026-08-24 00:26:09,534] Epoch: 75, Dataset: val, Dice: 0.8722, IoU: 0.7988
[2026-08-24 00:26:38,230] Epoch: 76, Dataset: test, Dice: 0.5420, IoU: 0.4400
[2026-08-24 00:26:38,996] Epoch: 76, Dataset: val, Dice: 0.8655, IoU: 0.7878
[2026-08-24 00:27:07,673] Epoch: 77, Dataset: test, Dice: 0.4512, IoU: 0.3548
[2026-08-24 00:27:08,445] Epoch: 77, Dataset: val, Dice: 0.8576, IoU: 0.7833
[2026-08-24 00:27:37,098] Epoch: 78, Dataset: test, Dice: 0.4513, IoU: 0.3662
[2026-08-24 00:27:37,854] Epoch: 78, Dataset: val, Dice: 0.8679, IoU: 0.7964
[2026-08-24 00:28:06,473] Epoch: 79, Dataset: test, Dice: 0.4030, IoU: 0.3140
[2026-08-24 00:28:07,210] Epoch: 79, Dataset: val, Dice: 0.8528, IoU: 0.7767
[2026-08-24 00:28:35,852] Epoch: 80, Dataset: test, Dice: 0.4864, IoU: 0.3897
[2026-08-24 00:28:36,593] Epoch: 80, Dataset: val, Dice: 0.8860, IoU: 0.8179
[2026-08-24 00:28:36,593] ### Best Model Saved (Dice improved from 0.8821 to 0.8860) ###
[2026-08-24 00:29:05,256] Epoch: 81, Dataset: test, Dice: 0.5400, IoU: 0.4297
[2026-08-24 00:29:06,024] Epoch: 81, Dataset: val, Dice: 0.8596, IoU: 0.7805
[2026-08-24 00:29:34,687] Epoch: 82, Dataset: test, Dice: 0.5543, IoU: 0.4592
[2026-08-24 00:29:35,420] Epoch: 82, Dataset: val, Dice: 0.8865, IoU: 0.8155
[2026-08-24 00:29:35,421] ### Best Model Saved (Dice improved from 0.8860 to 0.8865) ###
[2026-08-24 00:30:04,149] Epoch: 83, Dataset: test, Dice: 0.4582, IoU: 0.3721
[2026-08-24 00:30:04,891] Epoch: 83, Dataset: val, Dice: 0.8797, IoU: 0.8049
[2026-08-24 00:30:33,504] Epoch: 84, Dataset: test, Dice: 0.5589, IoU: 0.4624
[2026-08-24 00:30:34,225] Epoch: 84, Dataset: val, Dice: 0.8733, IoU: 0.8035
[2026-08-24 00:31:02,926] Epoch: 85, Dataset: test, Dice: 0.4446, IoU: 0.3556
[2026-08-24 00:31:03,677] Epoch: 85, Dataset: val, Dice: 0.8830, IoU: 0.8095
[2026-08-24 00:31:32,389] Epoch: 86, Dataset: test, Dice: 0.4214, IoU: 0.3216
[2026-08-24 00:31:33,150] Epoch: 86, Dataset: val, Dice: 0.8639, IoU: 0.7825
[2026-08-24 00:32:01,821] Epoch: 87, Dataset: test, Dice: 0.5447, IoU: 0.4415
[2026-08-24 00:32:02,574] Epoch: 87, Dataset: val, Dice: 0.8821, IoU: 0.8103
[2026-08-24 00:32:31,202] Epoch: 88, Dataset: test, Dice: 0.4776, IoU: 0.3817
[2026-08-24 00:32:31,952] Epoch: 88, Dataset: val, Dice: 0.8780, IoU: 0.8045
[2026-08-24 00:33:00,679] Epoch: 89, Dataset: test, Dice: 0.4868, IoU: 0.3958
[2026-08-24 00:33:01,424] Epoch: 89, Dataset: val, Dice: 0.8752, IoU: 0.8048
[2026-08-24 00:33:30,099] Epoch: 90, Dataset: test, Dice: 0.4238, IoU: 0.3307
[2026-08-24 00:33:30,840] Epoch: 90, Dataset: val, Dice: 0.8689, IoU: 0.7944
[2026-08-24 00:33:59,507] Epoch: 91, Dataset: test, Dice: 0.5428, IoU: 0.4488
[2026-08-24 00:34:00,245] Epoch: 91, Dataset: val, Dice: 0.8589, IoU: 0.7864
[2026-08-24 00:34:28,896] Epoch: 92, Dataset: test, Dice: 0.5030, IoU: 0.4029
[2026-08-24 00:34:29,655] Epoch: 92, Dataset: val, Dice: 0.8839, IoU: 0.8124
[2026-08-24 00:34:58,279] Epoch: 93, Dataset: test, Dice: 0.5561, IoU: 0.4617
[2026-08-24 00:34:59,060] Epoch: 93, Dataset: val, Dice: 0.8854, IoU: 0.8165
[2026-08-24 00:35:27,704] Epoch: 94, Dataset: test, Dice: 0.5562, IoU: 0.4603
[2026-08-24 00:35:28,458] Epoch: 94, Dataset: val, Dice: 0.8830, IoU: 0.8125
[2026-08-24 00:35:57,171] Epoch: 95, Dataset: test, Dice: 0.5651, IoU: 0.4830
[2026-08-24 00:35:57,925] Epoch: 95, Dataset: val, Dice: 0.8685, IoU: 0.7946
[2026-08-24 00:36:26,568] Epoch: 96, Dataset: test, Dice: 0.4903, IoU: 0.3871
[2026-08-24 00:36:27,335] Epoch: 96, Dataset: val, Dice: 0.8799, IoU: 0.8067
[2026-08-24 00:36:55,922] Epoch: 97, Dataset: test, Dice: 0.4561, IoU: 0.3727
[2026-08-24 00:36:56,677] Epoch: 97, Dataset: val, Dice: 0.8711, IoU: 0.7983
[2026-08-24 00:37:25,323] Epoch: 98, Dataset: test, Dice: 0.5827, IoU: 0.4746
[2026-08-24 00:37:26,053] Epoch: 98, Dataset: val, Dice: 0.8779, IoU: 0.8051
[2026-08-24 00:37:54,720] Epoch: 99, Dataset: test, Dice: 0.5401, IoU: 0.4370
[2026-08-24 00:37:55,476] Epoch: 99, Dataset: val, Dice: 0.8868, IoU: 0.8168
[2026-08-24 00:37:55,476] ### Best Model Saved (Dice improved from 0.8865 to 0.8868) ###
[2026-08-24 00:38:24,178] Epoch: 100, Dataset: test, Dice: 0.5853, IoU: 0.4821
[2026-08-24 00:38:24,938] Epoch: 100, Dataset: val, Dice: 0.8900, IoU: 0.8201
[2026-08-24 00:38:24,938] ### Best Model Saved (Dice improved from 0.8868 to 0.8900) ###
[2026-08-24 00:38:53,640] Epoch: 101, Dataset: test, Dice: 0.5326, IoU: 0.4309
[2026-08-24 00:38:54,365] Epoch: 101, Dataset: val, Dice: 0.8925, IoU: 0.8269
[2026-08-24 00:38:54,365] ### Best Model Saved (Dice improved from 0.8900 to 0.8925) ###
[2026-08-24 00:39:23,083] Epoch: 102, Dataset: test, Dice: 0.5988, IoU: 0.4916
[2026-08-24 00:39:23,823] Epoch: 102, Dataset: val, Dice: 0.8847, IoU: 0.8128
[2026-08-24 00:39:52,474] Epoch: 103, Dataset: test, Dice: 0.5885, IoU: 0.4894
[2026-08-24 00:39:53,210] Epoch: 103, Dataset: val, Dice: 0.8712, IoU: 0.7950
[2026-08-24 00:40:21,890] Epoch: 104, Dataset: test, Dice: 0.5634, IoU: 0.4651
[2026-08-24 00:40:22,701] Epoch: 104, Dataset: val, Dice: 0.8843, IoU: 0.8157
[2026-08-24 00:40:51,402] Epoch: 105, Dataset: test, Dice: 0.5149, IoU: 0.4217
[2026-08-24 00:40:52,153] Epoch: 105, Dataset: val, Dice: 0.8645, IoU: 0.7916
[2026-08-24 00:41:20,794] Epoch: 106, Dataset: test, Dice: 0.5671, IoU: 0.4733
[2026-08-24 00:41:21,520] Epoch: 106, Dataset: val, Dice: 0.8829, IoU: 0.8152
[2026-08-24 00:41:50,233] Epoch: 107, Dataset: test, Dice: 0.4872, IoU: 0.3848
[2026-08-24 00:41:51,002] Epoch: 107, Dataset: val, Dice: 0.8985, IoU: 0.8364
[2026-08-24 00:41:51,003] ### Best Model Saved (Dice improved from 0.8925 to 0.8985) ###
[2026-08-24 00:42:19,709] Epoch: 108, Dataset: test, Dice: 0.5215, IoU: 0.4212
[2026-08-24 00:42:20,464] Epoch: 108, Dataset: val, Dice: 0.8778, IoU: 0.8074
[2026-08-24 00:42:49,176] Epoch: 109, Dataset: test, Dice: 0.4554, IoU: 0.3672
[2026-08-24 00:42:49,945] Epoch: 109, Dataset: val, Dice: 0.8883, IoU: 0.8232
[2026-08-24 00:43:18,540] Epoch: 110, Dataset: test, Dice: 0.4317, IoU: 0.3332
[2026-08-24 00:43:19,252] Epoch: 110, Dataset: val, Dice: 0.8862, IoU: 0.8210
[2026-08-24 00:43:47,939] Epoch: 111, Dataset: test, Dice: 0.5774, IoU: 0.4896
[2026-08-24 00:43:48,664] Epoch: 111, Dataset: val, Dice: 0.8848, IoU: 0.8172
[2026-08-24 00:44:17,288] Epoch: 112, Dataset: test, Dice: 0.5719, IoU: 0.4872
[2026-08-24 00:44:18,031] Epoch: 112, Dataset: val, Dice: 0.8780, IoU: 0.8096
[2026-08-24 00:44:46,709] Epoch: 113, Dataset: test, Dice: 0.4989, IoU: 0.4068
[2026-08-24 00:44:47,476] Epoch: 113, Dataset: val, Dice: 0.8970, IoU: 0.8324
[2026-08-24 00:45:16,119] Epoch: 114, Dataset: test, Dice: 0.5336, IoU: 0.4395
[2026-08-24 00:45:16,879] Epoch: 114, Dataset: val, Dice: 0.8880, IoU: 0.8209
[2026-08-24 00:45:45,581] Epoch: 115, Dataset: test, Dice: 0.5805, IoU: 0.4902
[2026-08-24 00:45:46,304] Epoch: 115, Dataset: val, Dice: 0.8810, IoU: 0.8140
[2026-08-24 00:46:14,986] Epoch: 116, Dataset: test, Dice: 0.5704, IoU: 0.4716
[2026-08-24 00:46:15,754] Epoch: 116, Dataset: val, Dice: 0.8776, IoU: 0.8102
[2026-08-24 00:46:44,387] Epoch: 117, Dataset: test, Dice: 0.5141, IoU: 0.4237
[2026-08-24 00:46:45,165] Epoch: 117, Dataset: val, Dice: 0.8824, IoU: 0.8166
[2026-08-24 00:47:13,741] Epoch: 118, Dataset: test, Dice: 0.5589, IoU: 0.4779
[2026-08-24 00:47:14,476] Epoch: 118, Dataset: val, Dice: 0.8866, IoU: 0.8202
[2026-08-24 00:47:43,143] Epoch: 119, Dataset: test, Dice: 0.5560, IoU: 0.4571
[2026-08-24 00:47:43,888] Epoch: 119, Dataset: val, Dice: 0.8936, IoU: 0.8270
[2026-08-24 00:48:12,606] Epoch: 120, Dataset: test, Dice: 0.5456, IoU: 0.4431
[2026-08-24 00:48:13,361] Epoch: 120, Dataset: val, Dice: 0.8782, IoU: 0.8099
[2026-08-24 00:48:42,013] Epoch: 121, Dataset: test, Dice: 0.5868, IoU: 0.4899
[2026-08-24 00:48:42,794] Epoch: 121, Dataset: val, Dice: 0.8782, IoU: 0.8103
[2026-08-24 00:49:11,441] Epoch: 122, Dataset: test, Dice: 0.5619, IoU: 0.4649
[2026-08-24 00:49:12,209] Epoch: 122, Dataset: val, Dice: 0.8861, IoU: 0.8170
[2026-08-24 00:49:40,836] Epoch: 123, Dataset: test, Dice: 0.5833, IoU: 0.4883
[2026-08-24 00:49:41,589] Epoch: 123, Dataset: val, Dice: 0.8802, IoU: 0.8136
[2026-08-24 00:50:10,388] Epoch: 124, Dataset: test, Dice: 0.6074, IoU: 0.5177
[2026-08-24 00:50:11,155] Epoch: 124, Dataset: val, Dice: 0.8767, IoU: 0.8103
[2026-08-24 00:50:39,804] Epoch: 125, Dataset: test, Dice: 0.5666, IoU: 0.4748
[2026-08-24 00:50:40,558] Epoch: 125, Dataset: val, Dice: 0.8824, IoU: 0.8154
[2026-08-24 00:51:09,181] Epoch: 126, Dataset: test, Dice: 0.5063, IoU: 0.4035
[2026-08-24 00:51:09,898] Epoch: 126, Dataset: val, Dice: 0.8923, IoU: 0.8270
[2026-08-24 00:51:38,536] Epoch: 127, Dataset: test, Dice: 0.5870, IoU: 0.4865
[2026-08-24 00:51:39,279] Epoch: 127, Dataset: val, Dice: 0.8873, IoU: 0.8214
[2026-08-24 00:52:07,984] Epoch: 128, Dataset: test, Dice: 0.5144, IoU: 0.4153
[2026-08-24 00:52:08,720] Epoch: 128, Dataset: val, Dice: 0.8789, IoU: 0.8088
[2026-08-24 00:52:37,331] Epoch: 129, Dataset: test, Dice: 0.5933, IoU: 0.4975
[2026-08-24 00:52:38,041] Epoch: 129, Dataset: val, Dice: 0.8812, IoU: 0.8107
[2026-08-24 00:53:06,644] Epoch: 130, Dataset: test, Dice: 0.5377, IoU: 0.4377
[2026-08-24 00:53:07,414] Epoch: 130, Dataset: val, Dice: 0.8880, IoU: 0.8227
[2026-08-24 00:53:36,039] Epoch: 131, Dataset: test, Dice: 0.5443, IoU: 0.4412
[2026-08-24 00:53:36,769] Epoch: 131, Dataset: val, Dice: 0.8855, IoU: 0.8190
[2026-08-24 00:54:05,466] Epoch: 132, Dataset: test, Dice: 0.5885, IoU: 0.4931
[2026-08-24 00:54:06,209] Epoch: 132, Dataset: val, Dice: 0.8920, IoU: 0.8253
[2026-08-24 00:54:34,898] Epoch: 133, Dataset: test, Dice: 0.5117, IoU: 0.4115
[2026-08-24 00:54:35,640] Epoch: 133, Dataset: val, Dice: 0.8840, IoU: 0.8185
[2026-08-24 00:55:04,196] Epoch: 134, Dataset: test, Dice: 0.5421, IoU: 0.4491
[2026-08-24 00:55:04,953] Epoch: 134, Dataset: val, Dice: 0.8860, IoU: 0.8200
[2026-08-24 00:55:33,488] Epoch: 135, Dataset: test, Dice: 0.5670, IoU: 0.4660
[2026-08-24 00:55:34,255] Epoch: 135, Dataset: val, Dice: 0.8914, IoU: 0.8264
[2026-08-24 00:56:02,913] Epoch: 136, Dataset: test, Dice: 0.5567, IoU: 0.4569
[2026-08-24 00:56:03,637] Epoch: 136, Dataset: val, Dice: 0.8884, IoU: 0.8217
[2026-08-24 00:56:32,358] Epoch: 137, Dataset: test, Dice: 0.5534, IoU: 0.4495
[2026-08-24 00:56:33,135] Epoch: 137, Dataset: val, Dice: 0.8984, IoU: 0.8352
[2026-08-24 00:57:01,785] Epoch: 138, Dataset: test, Dice: 0.5713, IoU: 0.4763
[2026-08-24 00:57:02,568] Epoch: 138, Dataset: val, Dice: 0.8937, IoU: 0.8324
[2026-08-24 00:57:31,188] Epoch: 139, Dataset: test, Dice: 0.6031, IoU: 0.4965
[2026-08-24 00:57:31,917] Epoch: 139, Dataset: val, Dice: 0.8975, IoU: 0.8348
[2026-08-24 00:58:00,682] Epoch: 140, Dataset: test, Dice: 0.5713, IoU: 0.4715
[2026-08-24 00:58:01,458] Epoch: 140, Dataset: val, Dice: 0.8979, IoU: 0.8339
[2026-08-24 00:58:30,154] Epoch: 141, Dataset: test, Dice: 0.5874, IoU: 0.4840
[2026-08-24 00:58:30,916] Epoch: 141, Dataset: val, Dice: 0.8891, IoU: 0.8262
[2026-08-24 00:58:59,554] Epoch: 142, Dataset: test, Dice: 0.6073, IoU: 0.5160
[2026-08-24 00:59:00,312] Epoch: 142, Dataset: val, Dice: 0.8894, IoU: 0.8233
[2026-08-24 00:59:28,979] Epoch: 143, Dataset: test, Dice: 0.5997, IoU: 0.5108
[2026-08-24 00:59:29,724] Epoch: 143, Dataset: val, Dice: 0.8923, IoU: 0.8276
[2026-08-24 00:59:58,359] Epoch: 144, Dataset: test, Dice: 0.5252, IoU: 0.4271
[2026-08-24 00:59:59,062] Epoch: 144, Dataset: val, Dice: 0.8914, IoU: 0.8306
[2026-08-24 01:00:27,757] Epoch: 145, Dataset: test, Dice: 0.5737, IoU: 0.4749
[2026-08-24 01:00:28,488] Epoch: 145, Dataset: val, Dice: 0.8880, IoU: 0.8242
[2026-08-24 01:00:57,136] Epoch: 146, Dataset: test, Dice: 0.5520, IoU: 0.4495
[2026-08-24 01:00:57,909] Epoch: 146, Dataset: val, Dice: 0.8896, IoU: 0.8274
[2026-08-24 01:01:26,549] Epoch: 147, Dataset: test, Dice: 0.6014, IoU: 0.5004
[2026-08-24 01:01:27,283] Epoch: 147, Dataset: val, Dice: 0.8875, IoU: 0.8230
[2026-08-24 01:01:55,997] Epoch: 148, Dataset: test, Dice: 0.5883, IoU: 0.4965
[2026-08-24 01:01:56,740] Epoch: 148, Dataset: val, Dice: 0.8805, IoU: 0.8141
[2026-08-24 01:02:25,438] Epoch: 149, Dataset: test, Dice: 0.5738, IoU: 0.4726
[2026-08-24 01:02:26,163] Epoch: 149, Dataset: val, Dice: 0.8871, IoU: 0.8227
[2026-08-24 01:02:54,860] Epoch: 150, Dataset: test, Dice: 0.5795, IoU: 0.4838
[2026-08-24 01:02:55,605] Epoch: 150, Dataset: val, Dice: 0.8882, IoU: 0.8215
[2026-08-24 01:03:24,300] Epoch: 151, Dataset: test, Dice: 0.6069, IoU: 0.5079
[2026-08-24 01:03:25,059] Epoch: 151, Dataset: val, Dice: 0.8844, IoU: 0.8210
[2026-08-24 01:03:53,726] Epoch: 152, Dataset: test, Dice: 0.5677, IoU: 0.4653
[2026-08-24 01:03:54,486] Epoch: 152, Dataset: val, Dice: 0.8891, IoU: 0.8228
[2026-08-24 01:04:23,120] Epoch: 153, Dataset: test, Dice: 0.5943, IoU: 0.4966
[2026-08-24 01:04:23,854] Epoch: 153, Dataset: val, Dice: 0.8873, IoU: 0.8233
[2026-08-24 01:04:52,538] Epoch: 154, Dataset: test, Dice: 0.6009, IoU: 0.5082
[2026-08-24 01:04:53,281] Epoch: 154, Dataset: val, Dice: 0.8900, IoU: 0.8244
[2026-08-24 01:05:22,008] Epoch: 155, Dataset: test, Dice: 0.5664, IoU: 0.4689
[2026-08-24 01:05:22,833] Epoch: 155, Dataset: val, Dice: 0.8894, IoU: 0.8252
[2026-08-24 01:05:51,531] Epoch: 156, Dataset: test, Dice: 0.5821, IoU: 0.4816
[2026-08-24 01:05:52,289] Epoch: 156, Dataset: val, Dice: 0.8909, IoU: 0.8266
[2026-08-24 01:06:20,950] Epoch: 157, Dataset: test, Dice: 0.5303, IoU: 0.4291
[2026-08-24 01:06:21,706] Epoch: 157, Dataset: val, Dice: 0.8888, IoU: 0.8242
[2026-08-24 01:06:50,425] Epoch: 158, Dataset: test, Dice: 0.5925, IoU: 0.4945
[2026-08-24 01:06:51,190] Epoch: 158, Dataset: val, Dice: 0.8885, IoU: 0.8255
[2026-08-24 01:07:19,872] Epoch: 159, Dataset: test, Dice: 0.5486, IoU: 0.4538
[2026-08-24 01:07:20,642] Epoch: 159, Dataset: val, Dice: 0.8850, IoU: 0.8207
[2026-08-24 01:07:49,359] Epoch: 160, Dataset: test, Dice: 0.5774, IoU: 0.4817
[2026-08-24 01:07:50,102] Epoch: 160, Dataset: val, Dice: 0.8914, IoU: 0.8257
[2026-08-24 01:08:18,813] Epoch: 161, Dataset: test, Dice: 0.5162, IoU: 0.4159
[2026-08-24 01:08:19,553] Epoch: 161, Dataset: val, Dice: 0.8899, IoU: 0.8248
[2026-08-24 01:08:48,209] Epoch: 162, Dataset: test, Dice: 0.5151, IoU: 0.4127
[2026-08-24 01:08:48,960] Epoch: 162, Dataset: val, Dice: 0.8881, IoU: 0.8255
[2026-08-24 01:09:17,656] Epoch: 163, Dataset: test, Dice: 0.5589, IoU: 0.4598
[2026-08-24 01:09:18,408] Epoch: 163, Dataset: val, Dice: 0.8945, IoU: 0.8306
[2026-08-24 01:09:47,111] Epoch: 164, Dataset: test, Dice: 0.5653, IoU: 0.4717
[2026-08-24 01:09:47,878] Epoch: 164, Dataset: val, Dice: 0.8857, IoU: 0.8207
[2026-08-24 01:10:16,519] Epoch: 165, Dataset: test, Dice: 0.5570, IoU: 0.4614
[2026-08-24 01:10:17,285] Epoch: 165, Dataset: val, Dice: 0.8834, IoU: 0.8190
[2026-08-24 01:10:45,971] Epoch: 166, Dataset: test, Dice: 0.5671, IoU: 0.4671
[2026-08-24 01:10:46,692] Epoch: 166, Dataset: val, Dice: 0.8870, IoU: 0.8231
[2026-08-24 01:11:15,340] Epoch: 167, Dataset: test, Dice: 0.5299, IoU: 0.4270
[2026-08-24 01:11:16,124] Epoch: 167, Dataset: val, Dice: 0.8901, IoU: 0.8284
[2026-08-24 01:11:44,861] Epoch: 168, Dataset: test, Dice: 0.5829, IoU: 0.4771
[2026-08-24 01:11:45,590] Epoch: 168, Dataset: val, Dice: 0.8856, IoU: 0.8211
[2026-08-24 01:12:14,219] Epoch: 169, Dataset: test, Dice: 0.5705, IoU: 0.4743
[2026-08-24 01:12:14,968] Epoch: 169, Dataset: val, Dice: 0.8836, IoU: 0.8190
[2026-08-24 01:12:43,607] Epoch: 170, Dataset: test, Dice: 0.5752, IoU: 0.4693
[2026-08-24 01:12:44,350] Epoch: 170, Dataset: val, Dice: 0.8889, IoU: 0.8256
[2026-08-24 01:13:13,049] Epoch: 171, Dataset: test, Dice: 0.6097, IoU: 0.5124
[2026-08-24 01:13:13,804] Epoch: 171, Dataset: val, Dice: 0.8925, IoU: 0.8277
[2026-08-24 01:13:42,581] Epoch: 172, Dataset: test, Dice: 0.5900, IoU: 0.4848
[2026-08-24 01:13:43,352] Epoch: 172, Dataset: val, Dice: 0.8937, IoU: 0.8314
[2026-08-24 01:14:12,026] Epoch: 173, Dataset: test, Dice: 0.6008, IoU: 0.4945
[2026-08-24 01:14:12,782] Epoch: 173, Dataset: val, Dice: 0.8907, IoU: 0.8260
[2026-08-24 01:14:41,406] Epoch: 174, Dataset: test, Dice: 0.5899, IoU: 0.4812
[2026-08-24 01:14:42,185] Epoch: 174, Dataset: val, Dice: 0.8958, IoU: 0.8331
[2026-08-24 01:15:10,905] Epoch: 175, Dataset: test, Dice: 0.5316, IoU: 0.4308
[2026-08-24 01:15:11,656] Epoch: 175, Dataset: val, Dice: 0.8904, IoU: 0.8257
[2026-08-24 01:15:40,387] Epoch: 176, Dataset: test, Dice: 0.5804, IoU: 0.4830
[2026-08-24 01:15:41,131] Epoch: 176, Dataset: val, Dice: 0.8925, IoU: 0.8291
[2026-08-24 01:16:09,749] Epoch: 177, Dataset: test, Dice: 0.5575, IoU: 0.4530
[2026-08-24 01:16:10,475] Epoch: 177, Dataset: val, Dice: 0.8897, IoU: 0.8259
[2026-08-24 01:16:39,099] Epoch: 178, Dataset: test, Dice: 0.5726, IoU: 0.4736
[2026-08-24 01:16:39,865] Epoch: 178, Dataset: val, Dice: 0.8954, IoU: 0.8323
[2026-08-24 01:17:08,538] Epoch: 179, Dataset: test, Dice: 0.5690, IoU: 0.4719
[2026-08-24 01:17:09,283] Epoch: 179, Dataset: val, Dice: 0.8891, IoU: 0.8242
[2026-08-24 01:17:38,030] Epoch: 180, Dataset: test, Dice: 0.6004, IoU: 0.4960
[2026-08-24 01:17:38,786] Epoch: 180, Dataset: val, Dice: 0.8934, IoU: 0.8315
[2026-08-24 01:18:07,430] Epoch: 181, Dataset: test, Dice: 0.6091, IoU: 0.5058
[2026-08-24 01:18:08,172] Epoch: 181, Dataset: val, Dice: 0.8925, IoU: 0.8291
[2026-08-24 01:18:36,779] Epoch: 182, Dataset: test, Dice: 0.5920, IoU: 0.4955
[2026-08-24 01:18:37,531] Epoch: 182, Dataset: val, Dice: 0.8896, IoU: 0.8244
[2026-08-24 01:19:06,252] Epoch: 183, Dataset: test, Dice: 0.5898, IoU: 0.4912
[2026-08-24 01:19:06,989] Epoch: 183, Dataset: val, Dice: 0.8870, IoU: 0.8209
[2026-08-24 01:19:35,650] Epoch: 184, Dataset: test, Dice: 0.5537, IoU: 0.4529
[2026-08-24 01:19:36,392] Epoch: 184, Dataset: val, Dice: 0.8916, IoU: 0.8290
[2026-08-24 01:20:05,071] Epoch: 185, Dataset: test, Dice: 0.5407, IoU: 0.4391
[2026-08-24 01:20:05,848] Epoch: 185, Dataset: val, Dice: 0.8934, IoU: 0.8291
[2026-08-24 01:20:34,540] Epoch: 186, Dataset: test, Dice: 0.6263, IoU: 0.5354
[2026-08-24 01:20:35,292] Epoch: 186, Dataset: val, Dice: 0.8896, IoU: 0.8240
[2026-08-24 01:21:03,987] Epoch: 187, Dataset: test, Dice: 0.5985, IoU: 0.5086
[2026-08-24 01:21:04,757] Epoch: 187, Dataset: val, Dice: 0.8921, IoU: 0.8267
[2026-08-24 01:21:33,415] Epoch: 188, Dataset: test, Dice: 0.5834, IoU: 0.4828
[2026-08-24 01:21:34,131] Epoch: 188, Dataset: val, Dice: 0.8954, IoU: 0.8343
[2026-08-24 01:22:02,814] Epoch: 189, Dataset: test, Dice: 0.5657, IoU: 0.4612
[2026-08-24 01:22:03,591] Epoch: 189, Dataset: val, Dice: 0.8945, IoU: 0.8320
[2026-08-24 01:22:32,268] Epoch: 190, Dataset: test, Dice: 0.5664, IoU: 0.4602
[2026-08-24 01:22:33,023] Epoch: 190, Dataset: val, Dice: 0.8902, IoU: 0.8259
[2026-08-24 01:23:01,706] Epoch: 191, Dataset: test, Dice: 0.5616, IoU: 0.4523
[2026-08-24 01:23:02,487] Epoch: 191, Dataset: val, Dice: 0.8854, IoU: 0.8164
[2026-08-24 01:23:31,100] Epoch: 192, Dataset: test, Dice: 0.5736, IoU: 0.4739
[2026-08-24 01:23:31,830] Epoch: 192, Dataset: val, Dice: 0.8884, IoU: 0.8241
[2026-08-24 01:24:00,415] Epoch: 193, Dataset: test, Dice: 0.5241, IoU: 0.4232
[2026-08-24 01:24:01,156] Epoch: 193, Dataset: val, Dice: 0.8823, IoU: 0.8194
[2026-08-24 01:24:29,880] Epoch: 194, Dataset: test, Dice: 0.5817, IoU: 0.4838
[2026-08-24 01:24:30,638] Epoch: 194, Dataset: val, Dice: 0.8818, IoU: 0.8172
[2026-08-24 01:24:59,622] Epoch: 195, Dataset: test, Dice: 0.5283, IoU: 0.4271
[2026-08-24 01:25:00,362] Epoch: 195, Dataset: val, Dice: 0.8936, IoU: 0.8302
[2026-08-24 01:25:28,991] Epoch: 196, Dataset: test, Dice: 0.5403, IoU: 0.4361
[2026-08-24 01:25:29,762] Epoch: 196, Dataset: val, Dice: 0.8901, IoU: 0.8278
[2026-08-24 01:25:58,411] Epoch: 197, Dataset: test, Dice: 0.5529, IoU: 0.4547
[2026-08-24 01:25:59,190] Epoch: 197, Dataset: val, Dice: 0.8962, IoU: 0.8329
[2026-08-24 01:26:27,897] Epoch: 198, Dataset: test, Dice: 0.5843, IoU: 0.4897
[2026-08-24 01:26:28,656] Epoch: 198, Dataset: val, Dice: 0.8915, IoU: 0.8275
[2026-08-24 01:26:57,327] Epoch: 199, Dataset: test, Dice: 0.5701, IoU: 0.4636
[2026-08-24 01:26:58,085] Epoch: 199, Dataset: val, Dice: 0.8931, IoU: 0.8308
[2026-08-24 01:27:26,789] Epoch: 200, Dataset: test, Dice: 0.5620, IoU: 0.4712
[2026-08-24 01:27:27,548] Epoch: 200, Dataset: val, Dice: 0.8790, IoU: 0.8125
[2026-08-24 01:27:27,549] 
========================================
FINAL RESULTS: ClinicDB_MK_UNet_bs8_lr0.0005_e200_augTrue_run4_t234925
Best Val Dice: 0.8985
Test Dice at Best Val: 0.4872
Total Train Time: 5601.67s
========================================
