[2026-08-23 18:55:35,463] flops: 0.619251354, params: 0.315566, Total params: : 0.3156
[2026-08-23 18:56:03,471] Epoch: 1, Dataset: test, Dice: 0.1687, IoU: 0.1013
[2026-08-23 18:56:04,241] Epoch: 1, Dataset: val, Dice: 0.4774, IoU: 0.3501
[2026-08-23 18:56:04,242] ### Best Model Saved (Dice improved from 0.0000 to 0.4774) ###
[2026-08-23 18:56:31,944] Epoch: 2, Dataset: test, Dice: 0.1111, IoU: 0.0684
[2026-08-23 18:56:32,753] Epoch: 2, Dataset: val, Dice: 0.4540, IoU: 0.3305
[2026-08-23 18:57:01,462] Epoch: 3, Dataset: test, Dice: 0.1942, IoU: 0.1184
[2026-08-23 18:57:02,241] Epoch: 3, Dataset: val, Dice: 0.5603, IoU: 0.4387
[2026-08-23 18:57:02,242] ### Best Model Saved (Dice improved from 0.4774 to 0.5603) ###
[2026-08-23 18:57:31,289] Epoch: 4, Dataset: test, Dice: 0.2525, IoU: 0.1634
[2026-08-23 18:57:32,047] Epoch: 4, Dataset: val, Dice: 0.6004, IoU: 0.4701
[2026-08-23 18:57:32,048] ### Best Model Saved (Dice improved from 0.5603 to 0.6004) ###
[2026-08-23 18:58:00,501] Epoch: 5, Dataset: test, Dice: 0.2216, IoU: 0.1480
[2026-08-23 18:58:01,241] Epoch: 5, Dataset: val, Dice: 0.5150, IoU: 0.3806
[2026-08-23 18:58:29,799] Epoch: 6, Dataset: test, Dice: 0.2532, IoU: 0.1696
[2026-08-23 18:58:30,562] Epoch: 6, Dataset: val, Dice: 0.5796, IoU: 0.4410
[2026-08-23 18:58:59,365] Epoch: 7, Dataset: test, Dice: 0.2929, IoU: 0.2032
[2026-08-23 18:59:00,075] Epoch: 7, Dataset: val, Dice: 0.6829, IoU: 0.5575
[2026-08-23 18:59:00,075] ### Best Model Saved (Dice improved from 0.6004 to 0.6829) ###
[2026-08-23 18:59:28,482] Epoch: 8, Dataset: test, Dice: 0.2890, IoU: 0.2024
[2026-08-23 18:59:29,200] Epoch: 8, Dataset: val, Dice: 0.6654, IoU: 0.5433
[2026-08-23 18:59:57,657] Epoch: 9, Dataset: test, Dice: 0.3521, IoU: 0.2593
[2026-08-23 18:59:58,377] Epoch: 9, Dataset: val, Dice: 0.6712, IoU: 0.5587
[2026-08-23 19:00:27,099] Epoch: 10, Dataset: test, Dice: 0.3198, IoU: 0.2310
[2026-08-23 19:00:27,861] Epoch: 10, Dataset: val, Dice: 0.7212, IoU: 0.6009
[2026-08-23 19:00:27,862] ### Best Model Saved (Dice improved from 0.6829 to 0.7212) ###
[2026-08-23 19:00:56,404] Epoch: 11, Dataset: test, Dice: 0.3781, IoU: 0.2803
[2026-08-23 19:00:57,143] Epoch: 11, Dataset: val, Dice: 0.7453, IoU: 0.6266
[2026-08-23 19:00:57,143] ### Best Model Saved (Dice improved from 0.7212 to 0.7453) ###
[2026-08-23 19:01:25,605] Epoch: 12, Dataset: test, Dice: 0.2599, IoU: 0.1721
[2026-08-23 19:01:26,342] Epoch: 12, Dataset: val, Dice: 0.5636, IoU: 0.4358
[2026-08-23 19:01:54,919] Epoch: 13, Dataset: test, Dice: 0.2538, IoU: 0.1676
[2026-08-23 19:01:55,638] Epoch: 13, Dataset: val, Dice: 0.5740, IoU: 0.4466
[2026-08-23 19:02:24,289] Epoch: 14, Dataset: test, Dice: 0.3080, IoU: 0.2151
[2026-08-23 19:02:25,044] Epoch: 14, Dataset: val, Dice: 0.6194, IoU: 0.4924
[2026-08-23 19:02:53,569] Epoch: 15, Dataset: test, Dice: 0.3562, IoU: 0.2684
[2026-08-23 19:02:54,240] Epoch: 15, Dataset: val, Dice: 0.6611, IoU: 0.5402
[2026-08-23 19:03:22,823] Epoch: 16, Dataset: test, Dice: 0.4081, IoU: 0.3139
[2026-08-23 19:03:23,568] Epoch: 16, Dataset: val, Dice: 0.7088, IoU: 0.5930
[2026-08-23 19:03:52,205] Epoch: 17, Dataset: test, Dice: 0.3111, IoU: 0.2183
[2026-08-23 19:03:52,959] Epoch: 17, Dataset: val, Dice: 0.6763, IoU: 0.5538
[2026-08-23 19:04:21,514] Epoch: 18, Dataset: test, Dice: 0.4592, IoU: 0.3697
[2026-08-23 19:04:22,235] Epoch: 18, Dataset: val, Dice: 0.7718, IoU: 0.6659
[2026-08-23 19:04:22,236] ### Best Model Saved (Dice improved from 0.7453 to 0.7718) ###
[2026-08-23 19:04:50,891] Epoch: 19, Dataset: test, Dice: 0.4191, IoU: 0.3165
[2026-08-23 19:04:51,585] Epoch: 19, Dataset: val, Dice: 0.7667, IoU: 0.6554
[2026-08-23 19:05:20,220] Epoch: 20, Dataset: test, Dice: 0.2320, IoU: 0.1592
[2026-08-23 19:05:20,969] Epoch: 20, Dataset: val, Dice: 0.5442, IoU: 0.4253
[2026-08-23 19:05:49,590] Epoch: 21, Dataset: test, Dice: 0.4566, IoU: 0.3561
[2026-08-23 19:05:50,332] Epoch: 21, Dataset: val, Dice: 0.7710, IoU: 0.6709
[2026-08-23 19:06:18,911] Epoch: 22, Dataset: test, Dice: 0.4185, IoU: 0.3139
[2026-08-23 19:06:19,648] Epoch: 22, Dataset: val, Dice: 0.7708, IoU: 0.6703
[2026-08-23 19:06:48,278] Epoch: 23, Dataset: test, Dice: 0.4981, IoU: 0.3999
[2026-08-23 19:06:49,009] Epoch: 23, Dataset: val, Dice: 0.8038, IoU: 0.7081
[2026-08-23 19:06:49,010] ### Best Model Saved (Dice improved from 0.7718 to 0.8038) ###
[2026-08-23 19:07:17,664] Epoch: 24, Dataset: test, Dice: 0.4955, IoU: 0.3890
[2026-08-23 19:07:18,359] Epoch: 24, Dataset: val, Dice: 0.8213, IoU: 0.7330
[2026-08-23 19:07:18,360] ### Best Model Saved (Dice improved from 0.8038 to 0.8213) ###
[2026-08-23 19:07:46,967] Epoch: 25, Dataset: test, Dice: 0.4364, IoU: 0.3336
[2026-08-23 19:07:47,711] Epoch: 25, Dataset: val, Dice: 0.7726, IoU: 0.6715
[2026-08-23 19:08:16,250] Epoch: 26, Dataset: test, Dice: 0.4686, IoU: 0.3628
[2026-08-23 19:08:16,970] Epoch: 26, Dataset: val, Dice: 0.8117, IoU: 0.7211
[2026-08-23 19:08:45,579] Epoch: 27, Dataset: test, Dice: 0.4672, IoU: 0.3694
[2026-08-23 19:08:46,283] Epoch: 27, Dataset: val, Dice: 0.8247, IoU: 0.7359
[2026-08-23 19:08:46,284] ### Best Model Saved (Dice improved from 0.8213 to 0.8247) ###
[2026-08-23 19:09:14,997] Epoch: 28, Dataset: test, Dice: 0.3048, IoU: 0.2111
[2026-08-23 19:09:15,737] Epoch: 28, Dataset: val, Dice: 0.7492, IoU: 0.6472
[2026-08-23 19:09:44,400] Epoch: 29, Dataset: test, Dice: 0.4253, IoU: 0.3246
[2026-08-23 19:09:45,124] Epoch: 29, Dataset: val, Dice: 0.8166, IoU: 0.7181
[2026-08-23 19:10:13,801] Epoch: 30, Dataset: test, Dice: 0.4936, IoU: 0.3912
[2026-08-23 19:10:14,555] Epoch: 30, Dataset: val, Dice: 0.8330, IoU: 0.7497
[2026-08-23 19:10:14,555] ### Best Model Saved (Dice improved from 0.8247 to 0.8330) ###
[2026-08-23 19:10:43,216] Epoch: 31, Dataset: test, Dice: 0.4342, IoU: 0.3307
[2026-08-23 19:10:43,948] Epoch: 31, Dataset: val, Dice: 0.7884, IoU: 0.6891
[2026-08-23 19:11:12,578] Epoch: 32, Dataset: test, Dice: 0.4318, IoU: 0.3359
[2026-08-23 19:11:13,346] Epoch: 32, Dataset: val, Dice: 0.8237, IoU: 0.7321
[2026-08-23 19:11:41,882] Epoch: 33, Dataset: test, Dice: 0.5272, IoU: 0.4253
[2026-08-23 19:11:42,649] Epoch: 33, Dataset: val, Dice: 0.8421, IoU: 0.7571
[2026-08-23 19:11:42,650] ### Best Model Saved (Dice improved from 0.8330 to 0.8421) ###
[2026-08-23 19:12:11,368] Epoch: 34, Dataset: test, Dice: 0.4462, IoU: 0.3521
[2026-08-23 19:12:12,074] Epoch: 34, Dataset: val, Dice: 0.7640, IoU: 0.6631
[2026-08-23 19:12:40,683] Epoch: 35, Dataset: test, Dice: 0.5281, IoU: 0.4222
[2026-08-23 19:12:41,417] Epoch: 35, Dataset: val, Dice: 0.8578, IoU: 0.7750
[2026-08-23 19:12:41,417] ### Best Model Saved (Dice improved from 0.8421 to 0.8578) ###
[2026-08-23 19:13:10,065] Epoch: 36, Dataset: test, Dice: 0.4942, IoU: 0.3919
[2026-08-23 19:13:10,796] Epoch: 36, Dataset: val, Dice: 0.8032, IoU: 0.7136
[2026-08-23 19:13:39,446] Epoch: 37, Dataset: test, Dice: 0.5196, IoU: 0.4109
[2026-08-23 19:13:40,165] Epoch: 37, Dataset: val, Dice: 0.8417, IoU: 0.7608
[2026-08-23 19:14:08,756] Epoch: 38, Dataset: test, Dice: 0.5540, IoU: 0.4386
[2026-08-23 19:14:09,505] Epoch: 38, Dataset: val, Dice: 0.8256, IoU: 0.7392
[2026-08-23 19:14:38,115] Epoch: 39, Dataset: test, Dice: 0.5544, IoU: 0.4490
[2026-08-23 19:14:38,841] Epoch: 39, Dataset: val, Dice: 0.8380, IoU: 0.7532
[2026-08-23 19:15:07,538] Epoch: 40, Dataset: test, Dice: 0.4315, IoU: 0.3356
[2026-08-23 19:15:08,257] Epoch: 40, Dataset: val, Dice: 0.8327, IoU: 0.7464
[2026-08-23 19:15:36,926] Epoch: 41, Dataset: test, Dice: 0.4584, IoU: 0.3659
[2026-08-23 19:15:37,649] Epoch: 41, Dataset: val, Dice: 0.8184, IoU: 0.7310
[2026-08-23 19:16:06,295] Epoch: 42, Dataset: test, Dice: 0.4831, IoU: 0.3827
[2026-08-23 19:16:07,061] Epoch: 42, Dataset: val, Dice: 0.8164, IoU: 0.7295
[2026-08-23 19:16:35,683] Epoch: 43, Dataset: test, Dice: 0.4945, IoU: 0.3906
[2026-08-23 19:16:36,434] Epoch: 43, Dataset: val, Dice: 0.8469, IoU: 0.7668
[2026-08-23 19:17:05,104] Epoch: 44, Dataset: test, Dice: 0.5451, IoU: 0.4425
[2026-08-23 19:17:05,821] Epoch: 44, Dataset: val, Dice: 0.8347, IoU: 0.7479
[2026-08-23 19:17:34,522] Epoch: 45, Dataset: test, Dice: 0.5665, IoU: 0.4560
[2026-08-23 19:17:35,267] Epoch: 45, Dataset: val, Dice: 0.8690, IoU: 0.7872
[2026-08-23 19:17:35,267] ### Best Model Saved (Dice improved from 0.8578 to 0.8690) ###
[2026-08-23 19:18:03,956] Epoch: 46, Dataset: test, Dice: 0.5715, IoU: 0.4595
[2026-08-23 19:18:04,682] Epoch: 46, Dataset: val, Dice: 0.8533, IoU: 0.7717
[2026-08-23 19:18:33,335] Epoch: 47, Dataset: test, Dice: 0.4362, IoU: 0.3410
[2026-08-23 19:18:34,053] Epoch: 47, Dataset: val, Dice: 0.8641, IoU: 0.7870
[2026-08-23 19:19:02,746] Epoch: 48, Dataset: test, Dice: 0.4203, IoU: 0.3272
[2026-08-23 19:19:03,511] Epoch: 48, Dataset: val, Dice: 0.8340, IoU: 0.7448
[2026-08-23 19:19:32,091] Epoch: 49, Dataset: test, Dice: 0.5212, IoU: 0.4203
[2026-08-23 19:19:32,851] Epoch: 49, Dataset: val, Dice: 0.8326, IoU: 0.7419
[2026-08-23 19:20:01,528] Epoch: 50, Dataset: test, Dice: 0.4523, IoU: 0.3511
[2026-08-23 19:20:02,274] Epoch: 50, Dataset: val, Dice: 0.8282, IoU: 0.7382
[2026-08-23 19:20:30,953] Epoch: 51, Dataset: test, Dice: 0.4492, IoU: 0.3641
[2026-08-23 19:20:31,715] Epoch: 51, Dataset: val, Dice: 0.7238, IoU: 0.6123
[2026-08-23 19:21:00,364] Epoch: 52, Dataset: test, Dice: 0.5597, IoU: 0.4497
[2026-08-23 19:21:01,120] Epoch: 52, Dataset: val, Dice: 0.8535, IoU: 0.7717
[2026-08-23 19:21:29,749] Epoch: 53, Dataset: test, Dice: 0.4942, IoU: 0.3941
[2026-08-23 19:21:30,502] Epoch: 53, Dataset: val, Dice: 0.8227, IoU: 0.7339
[2026-08-23 19:21:59,114] Epoch: 54, Dataset: test, Dice: 0.5824, IoU: 0.4831
[2026-08-23 19:21:59,822] Epoch: 54, Dataset: val, Dice: 0.8641, IoU: 0.7864
[2026-08-23 19:22:28,459] Epoch: 55, Dataset: test, Dice: 0.5704, IoU: 0.4613
[2026-08-23 19:22:29,201] Epoch: 55, Dataset: val, Dice: 0.8692, IoU: 0.7927
[2026-08-23 19:22:29,202] ### Best Model Saved (Dice improved from 0.8690 to 0.8692) ###
[2026-08-23 19:22:57,921] Epoch: 56, Dataset: test, Dice: 0.5494, IoU: 0.4613
[2026-08-23 19:22:58,643] Epoch: 56, Dataset: val, Dice: 0.8808, IoU: 0.8065
[2026-08-23 19:22:58,644] ### Best Model Saved (Dice improved from 0.8692 to 0.8808) ###
[2026-08-23 19:23:27,315] Epoch: 57, Dataset: test, Dice: 0.5557, IoU: 0.4543
[2026-08-23 19:23:28,041] Epoch: 57, Dataset: val, Dice: 0.8700, IoU: 0.7911
[2026-08-23 19:23:56,636] Epoch: 58, Dataset: test, Dice: 0.6017, IoU: 0.4951
[2026-08-23 19:23:57,368] Epoch: 58, Dataset: val, Dice: 0.8801, IoU: 0.8093
[2026-08-23 19:24:25,966] Epoch: 59, Dataset: test, Dice: 0.5836, IoU: 0.4827
[2026-08-23 19:24:26,706] Epoch: 59, Dataset: val, Dice: 0.8748, IoU: 0.7978
[2026-08-23 19:24:55,288] Epoch: 60, Dataset: test, Dice: 0.5598, IoU: 0.4605
[2026-08-23 19:24:56,047] Epoch: 60, Dataset: val, Dice: 0.8521, IoU: 0.7707
[2026-08-23 19:25:24,703] Epoch: 61, Dataset: test, Dice: 0.5511, IoU: 0.4535
[2026-08-23 19:25:25,434] Epoch: 61, Dataset: val, Dice: 0.8689, IoU: 0.7899
[2026-08-23 19:25:54,083] Epoch: 62, Dataset: test, Dice: 0.5519, IoU: 0.4505
[2026-08-23 19:25:54,805] Epoch: 62, Dataset: val, Dice: 0.8570, IoU: 0.7747
[2026-08-23 19:26:23,482] Epoch: 63, Dataset: test, Dice: 0.6052, IoU: 0.4987
[2026-08-23 19:26:24,186] Epoch: 63, Dataset: val, Dice: 0.8680, IoU: 0.7922
[2026-08-23 19:26:52,824] Epoch: 64, Dataset: test, Dice: 0.4824, IoU: 0.3663
[2026-08-23 19:26:53,580] Epoch: 64, Dataset: val, Dice: 0.7725, IoU: 0.6713
[2026-08-23 19:27:22,266] Epoch: 65, Dataset: test, Dice: 0.5690, IoU: 0.4750
[2026-08-23 19:27:23,036] Epoch: 65, Dataset: val, Dice: 0.8794, IoU: 0.8051
[2026-08-23 19:27:51,672] Epoch: 66, Dataset: test, Dice: 0.5835, IoU: 0.4883
[2026-08-23 19:27:52,443] Epoch: 66, Dataset: val, Dice: 0.8643, IoU: 0.7852
[2026-08-23 19:28:21,082] Epoch: 67, Dataset: test, Dice: 0.5897, IoU: 0.4927
[2026-08-23 19:28:21,833] Epoch: 67, Dataset: val, Dice: 0.8893, IoU: 0.8188
[2026-08-23 19:28:21,834] ### Best Model Saved (Dice improved from 0.8808 to 0.8893) ###
[2026-08-23 19:28:50,492] Epoch: 68, Dataset: test, Dice: 0.5986, IoU: 0.4883
[2026-08-23 19:28:51,246] Epoch: 68, Dataset: val, Dice: 0.8754, IoU: 0.8035
[2026-08-23 19:29:19,867] Epoch: 69, Dataset: test, Dice: 0.5736, IoU: 0.4598
[2026-08-23 19:29:20,598] Epoch: 69, Dataset: val, Dice: 0.8663, IoU: 0.7862
[2026-08-23 19:29:49,264] Epoch: 70, Dataset: test, Dice: 0.5411, IoU: 0.4408
[2026-08-23 19:29:50,004] Epoch: 70, Dataset: val, Dice: 0.8487, IoU: 0.7715
[2026-08-23 19:30:18,654] Epoch: 71, Dataset: test, Dice: 0.5391, IoU: 0.4308
[2026-08-23 19:30:19,423] Epoch: 71, Dataset: val, Dice: 0.8729, IoU: 0.7966
[2026-08-23 19:30:48,264] Epoch: 72, Dataset: test, Dice: 0.6185, IoU: 0.5249
[2026-08-23 19:30:49,351] Epoch: 72, Dataset: val, Dice: 0.8835, IoU: 0.8143
[2026-08-23 19:31:18,299] Epoch: 73, Dataset: test, Dice: 0.6058, IoU: 0.5028
[2026-08-23 19:31:19,051] Epoch: 73, Dataset: val, Dice: 0.8895, IoU: 0.8185
[2026-08-23 19:31:19,051] ### Best Model Saved (Dice improved from 0.8893 to 0.8895) ###
[2026-08-23 19:31:47,769] Epoch: 74, Dataset: test, Dice: 0.5390, IoU: 0.4376
[2026-08-23 19:31:48,498] Epoch: 74, Dataset: val, Dice: 0.8388, IoU: 0.7530
[2026-08-23 19:32:17,135] Epoch: 75, Dataset: test, Dice: 0.5180, IoU: 0.4294
[2026-08-23 19:32:17,880] Epoch: 75, Dataset: val, Dice: 0.8690, IoU: 0.7970
[2026-08-23 19:32:46,519] Epoch: 76, Dataset: test, Dice: 0.5950, IoU: 0.4974
[2026-08-23 19:32:47,259] Epoch: 76, Dataset: val, Dice: 0.8770, IoU: 0.8054
[2026-08-23 19:33:15,883] Epoch: 77, Dataset: test, Dice: 0.5960, IoU: 0.5021
[2026-08-23 19:33:16,629] Epoch: 77, Dataset: val, Dice: 0.8724, IoU: 0.8005
[2026-08-23 19:33:45,239] Epoch: 78, Dataset: test, Dice: 0.5892, IoU: 0.4887
[2026-08-23 19:33:45,989] Epoch: 78, Dataset: val, Dice: 0.8945, IoU: 0.8282
[2026-08-23 19:33:45,990] ### Best Model Saved (Dice improved from 0.8895 to 0.8945) ###
[2026-08-23 19:34:14,592] Epoch: 79, Dataset: test, Dice: 0.6343, IoU: 0.5334
[2026-08-23 19:34:15,320] Epoch: 79, Dataset: val, Dice: 0.8772, IoU: 0.8066
[2026-08-23 19:34:43,935] Epoch: 80, Dataset: test, Dice: 0.5724, IoU: 0.4700
[2026-08-23 19:34:44,693] Epoch: 80, Dataset: val, Dice: 0.8491, IoU: 0.7726
[2026-08-23 19:35:13,317] Epoch: 81, Dataset: test, Dice: 0.5993, IoU: 0.5034
[2026-08-23 19:35:14,068] Epoch: 81, Dataset: val, Dice: 0.8736, IoU: 0.7989
[2026-08-23 19:35:42,816] Epoch: 82, Dataset: test, Dice: 0.5614, IoU: 0.4531
[2026-08-23 19:35:43,555] Epoch: 82, Dataset: val, Dice: 0.8840, IoU: 0.8115
[2026-08-23 19:36:12,234] Epoch: 83, Dataset: test, Dice: 0.6144, IoU: 0.5064
[2026-08-23 19:36:13,002] Epoch: 83, Dataset: val, Dice: 0.8789, IoU: 0.8117
[2026-08-23 19:36:41,676] Epoch: 84, Dataset: test, Dice: 0.5946, IoU: 0.4800
[2026-08-23 19:36:42,469] Epoch: 84, Dataset: val, Dice: 0.8823, IoU: 0.8121
[2026-08-23 19:37:11,161] Epoch: 85, Dataset: test, Dice: 0.5900, IoU: 0.4804
[2026-08-23 19:37:11,897] Epoch: 85, Dataset: val, Dice: 0.8788, IoU: 0.8083
[2026-08-23 19:37:40,638] Epoch: 86, Dataset: test, Dice: 0.6204, IoU: 0.5178
[2026-08-23 19:37:41,381] Epoch: 86, Dataset: val, Dice: 0.8852, IoU: 0.8204
[2026-08-23 19:38:10,082] Epoch: 87, Dataset: test, Dice: 0.6210, IoU: 0.5161
[2026-08-23 19:38:10,812] Epoch: 87, Dataset: val, Dice: 0.8869, IoU: 0.8180
[2026-08-23 19:38:39,478] Epoch: 88, Dataset: test, Dice: 0.6125, IoU: 0.5037
[2026-08-23 19:38:40,203] Epoch: 88, Dataset: val, Dice: 0.8835, IoU: 0.8135
[2026-08-23 19:39:08,878] Epoch: 89, Dataset: test, Dice: 0.6131, IoU: 0.5109
[2026-08-23 19:39:09,650] Epoch: 89, Dataset: val, Dice: 0.8917, IoU: 0.8238
[2026-08-23 19:39:38,330] Epoch: 90, Dataset: test, Dice: 0.6261, IoU: 0.5267
[2026-08-23 19:39:39,076] Epoch: 90, Dataset: val, Dice: 0.8796, IoU: 0.8066
[2026-08-23 19:40:07,792] Epoch: 91, Dataset: test, Dice: 0.6075, IoU: 0.5134
[2026-08-23 19:40:08,518] Epoch: 91, Dataset: val, Dice: 0.8729, IoU: 0.8022
[2026-08-23 19:40:37,166] Epoch: 92, Dataset: test, Dice: 0.6468, IoU: 0.5416
[2026-08-23 19:40:37,932] Epoch: 92, Dataset: val, Dice: 0.8887, IoU: 0.8201
[2026-08-23 19:41:06,601] Epoch: 93, Dataset: test, Dice: 0.5943, IoU: 0.4945
[2026-08-23 19:41:07,365] Epoch: 93, Dataset: val, Dice: 0.8727, IoU: 0.8019
[2026-08-23 19:41:36,036] Epoch: 94, Dataset: test, Dice: 0.5715, IoU: 0.4746
[2026-08-23 19:41:36,763] Epoch: 94, Dataset: val, Dice: 0.8835, IoU: 0.8145
[2026-08-23 19:42:05,438] Epoch: 95, Dataset: test, Dice: 0.6267, IoU: 0.5244
[2026-08-23 19:42:06,161] Epoch: 95, Dataset: val, Dice: 0.8946, IoU: 0.8304
[2026-08-23 19:42:06,161] ### Best Model Saved (Dice improved from 0.8945 to 0.8946) ###
[2026-08-23 19:42:34,871] Epoch: 96, Dataset: test, Dice: 0.6468, IoU: 0.5439
[2026-08-23 19:42:35,603] Epoch: 96, Dataset: val, Dice: 0.8886, IoU: 0.8218
[2026-08-23 19:43:04,274] Epoch: 97, Dataset: test, Dice: 0.6170, IoU: 0.5097
[2026-08-23 19:43:05,068] Epoch: 97, Dataset: val, Dice: 0.8976, IoU: 0.8281
[2026-08-23 19:43:05,068] ### Best Model Saved (Dice improved from 0.8946 to 0.8976) ###
[2026-08-23 19:43:33,774] Epoch: 98, Dataset: test, Dice: 0.6164, IoU: 0.5197
[2026-08-23 19:43:34,500] Epoch: 98, Dataset: val, Dice: 0.8723, IoU: 0.8033
[2026-08-23 19:44:03,216] Epoch: 99, Dataset: test, Dice: 0.6372, IoU: 0.5339
[2026-08-23 19:44:03,970] Epoch: 99, Dataset: val, Dice: 0.8894, IoU: 0.8208
[2026-08-23 19:44:32,693] Epoch: 100, Dataset: test, Dice: 0.6231, IoU: 0.5224
[2026-08-23 19:44:33,446] Epoch: 100, Dataset: val, Dice: 0.8957, IoU: 0.8297
[2026-08-23 19:45:02,122] Epoch: 101, Dataset: test, Dice: 0.6535, IoU: 0.5530
[2026-08-23 19:45:02,856] Epoch: 101, Dataset: val, Dice: 0.8993, IoU: 0.8344
[2026-08-23 19:45:02,856] ### Best Model Saved (Dice improved from 0.8976 to 0.8993) ###
[2026-08-23 19:45:31,600] Epoch: 102, Dataset: test, Dice: 0.6143, IoU: 0.5091
[2026-08-23 19:45:32,388] Epoch: 102, Dataset: val, Dice: 0.8915, IoU: 0.8239
[2026-08-23 19:46:01,005] Epoch: 103, Dataset: test, Dice: 0.5380, IoU: 0.4484
[2026-08-23 19:46:01,716] Epoch: 103, Dataset: val, Dice: 0.8777, IoU: 0.8080
[2026-08-23 19:46:30,353] Epoch: 104, Dataset: test, Dice: 0.6205, IoU: 0.5194
[2026-08-23 19:46:31,092] Epoch: 104, Dataset: val, Dice: 0.8989, IoU: 0.8355
[2026-08-23 19:46:59,788] Epoch: 105, Dataset: test, Dice: 0.6031, IoU: 0.5024
[2026-08-23 19:47:00,550] Epoch: 105, Dataset: val, Dice: 0.8826, IoU: 0.8177
[2026-08-23 19:47:29,282] Epoch: 106, Dataset: test, Dice: 0.6349, IoU: 0.5307
[2026-08-23 19:47:29,992] Epoch: 106, Dataset: val, Dice: 0.8905, IoU: 0.8267
[2026-08-23 19:47:58,632] Epoch: 107, Dataset: test, Dice: 0.6367, IoU: 0.5319
[2026-08-23 19:47:59,387] Epoch: 107, Dataset: val, Dice: 0.8757, IoU: 0.8094
[2026-08-23 19:48:28,106] Epoch: 108, Dataset: test, Dice: 0.6473, IoU: 0.5477
[2026-08-23 19:48:28,869] Epoch: 108, Dataset: val, Dice: 0.8634, IoU: 0.7893
[2026-08-23 19:48:57,517] Epoch: 109, Dataset: test, Dice: 0.6049, IoU: 0.4983
[2026-08-23 19:48:58,296] Epoch: 109, Dataset: val, Dice: 0.8835, IoU: 0.8142
[2026-08-23 19:49:26,973] Epoch: 110, Dataset: test, Dice: 0.6010, IoU: 0.4902
[2026-08-23 19:49:27,726] Epoch: 110, Dataset: val, Dice: 0.8883, IoU: 0.8208
[2026-08-23 19:49:56,335] Epoch: 111, Dataset: test, Dice: 0.6059, IoU: 0.4990
[2026-08-23 19:49:57,069] Epoch: 111, Dataset: val, Dice: 0.9012, IoU: 0.8367
[2026-08-23 19:49:57,069] ### Best Model Saved (Dice improved from 0.8993 to 0.9012) ###
[2026-08-23 19:50:25,711] Epoch: 112, Dataset: test, Dice: 0.5822, IoU: 0.4796
[2026-08-23 19:50:26,464] Epoch: 112, Dataset: val, Dice: 0.8850, IoU: 0.8118
[2026-08-23 19:50:55,101] Epoch: 113, Dataset: test, Dice: 0.6530, IoU: 0.5572
[2026-08-23 19:50:55,869] Epoch: 113, Dataset: val, Dice: 0.8980, IoU: 0.8341
[2026-08-23 19:51:24,548] Epoch: 114, Dataset: test, Dice: 0.6095, IoU: 0.5107
[2026-08-23 19:51:25,272] Epoch: 114, Dataset: val, Dice: 0.8970, IoU: 0.8335
[2026-08-23 19:51:53,948] Epoch: 115, Dataset: test, Dice: 0.5952, IoU: 0.4954
[2026-08-23 19:51:54,736] Epoch: 115, Dataset: val, Dice: 0.8865, IoU: 0.8167
[2026-08-23 19:52:23,346] Epoch: 116, Dataset: test, Dice: 0.6737, IoU: 0.5700
[2026-08-23 19:52:24,125] Epoch: 116, Dataset: val, Dice: 0.8874, IoU: 0.8192
[2026-08-23 19:52:52,809] Epoch: 117, Dataset: test, Dice: 0.6119, IoU: 0.5110
[2026-08-23 19:52:53,570] Epoch: 117, Dataset: val, Dice: 0.9024, IoU: 0.8389
[2026-08-23 19:52:53,570] ### Best Model Saved (Dice improved from 0.9012 to 0.9024) ###
[2026-08-23 19:53:22,360] Epoch: 118, Dataset: test, Dice: 0.6319, IoU: 0.5292
[2026-08-23 19:53:23,131] Epoch: 118, Dataset: val, Dice: 0.8864, IoU: 0.8137
[2026-08-23 19:53:51,722] Epoch: 119, Dataset: test, Dice: 0.6375, IoU: 0.5320
[2026-08-23 19:53:52,486] Epoch: 119, Dataset: val, Dice: 0.8922, IoU: 0.8274
[2026-08-23 19:54:21,070] Epoch: 120, Dataset: test, Dice: 0.6296, IoU: 0.5280
[2026-08-23 19:54:21,838] Epoch: 120, Dataset: val, Dice: 0.8801, IoU: 0.8101
[2026-08-23 19:54:50,482] Epoch: 121, Dataset: test, Dice: 0.6187, IoU: 0.5162
[2026-08-23 19:54:51,192] Epoch: 121, Dataset: val, Dice: 0.9000, IoU: 0.8326
[2026-08-23 19:55:19,844] Epoch: 122, Dataset: test, Dice: 0.6158, IoU: 0.5212
[2026-08-23 19:55:20,586] Epoch: 122, Dataset: val, Dice: 0.8912, IoU: 0.8242
[2026-08-23 19:55:49,157] Epoch: 123, Dataset: test, Dice: 0.6329, IoU: 0.5328
[2026-08-23 19:55:49,871] Epoch: 123, Dataset: val, Dice: 0.8934, IoU: 0.8283
[2026-08-23 19:56:18,531] Epoch: 124, Dataset: test, Dice: 0.6086, IoU: 0.5095
[2026-08-23 19:56:19,282] Epoch: 124, Dataset: val, Dice: 0.8892, IoU: 0.8232
[2026-08-23 19:56:47,939] Epoch: 125, Dataset: test, Dice: 0.6365, IoU: 0.5349
[2026-08-23 19:56:48,698] Epoch: 125, Dataset: val, Dice: 0.8935, IoU: 0.8275
[2026-08-23 19:57:17,312] Epoch: 126, Dataset: test, Dice: 0.6426, IoU: 0.5407
[2026-08-23 19:57:18,019] Epoch: 126, Dataset: val, Dice: 0.8907, IoU: 0.8252
[2026-08-23 19:57:46,652] Epoch: 127, Dataset: test, Dice: 0.6133, IoU: 0.5140
[2026-08-23 19:57:47,404] Epoch: 127, Dataset: val, Dice: 0.8983, IoU: 0.8340
[2026-08-23 19:58:16,092] Epoch: 128, Dataset: test, Dice: 0.6080, IoU: 0.5163
[2026-08-23 19:58:16,815] Epoch: 128, Dataset: val, Dice: 0.8947, IoU: 0.8300
[2026-08-23 19:58:45,515] Epoch: 129, Dataset: test, Dice: 0.5967, IoU: 0.5005
[2026-08-23 19:58:46,255] Epoch: 129, Dataset: val, Dice: 0.8954, IoU: 0.8288
[2026-08-23 19:59:14,924] Epoch: 130, Dataset: test, Dice: 0.6416, IoU: 0.5397
[2026-08-23 19:59:15,643] Epoch: 130, Dataset: val, Dice: 0.9069, IoU: 0.8459
[2026-08-23 19:59:15,643] ### Best Model Saved (Dice improved from 0.9024 to 0.9069) ###
[2026-08-23 19:59:44,261] Epoch: 131, Dataset: test, Dice: 0.6452, IoU: 0.5419
[2026-08-23 19:59:45,012] Epoch: 131, Dataset: val, Dice: 0.9012, IoU: 0.8377
[2026-08-23 20:00:13,674] Epoch: 132, Dataset: test, Dice: 0.6145, IoU: 0.5201
[2026-08-23 20:00:14,390] Epoch: 132, Dataset: val, Dice: 0.9007, IoU: 0.8355
[2026-08-23 20:00:43,093] Epoch: 133, Dataset: test, Dice: 0.6196, IoU: 0.5199
[2026-08-23 20:00:43,880] Epoch: 133, Dataset: val, Dice: 0.8993, IoU: 0.8343
[2026-08-23 20:01:12,583] Epoch: 134, Dataset: test, Dice: 0.6179, IoU: 0.5251
[2026-08-23 20:01:13,367] Epoch: 134, Dataset: val, Dice: 0.8956, IoU: 0.8279
[2026-08-23 20:01:42,063] Epoch: 135, Dataset: test, Dice: 0.6389, IoU: 0.5379
[2026-08-23 20:01:42,824] Epoch: 135, Dataset: val, Dice: 0.9021, IoU: 0.8403
[2026-08-23 20:02:11,448] Epoch: 136, Dataset: test, Dice: 0.6155, IoU: 0.5210
[2026-08-23 20:02:12,224] Epoch: 136, Dataset: val, Dice: 0.8812, IoU: 0.8132
[2026-08-23 20:02:40,825] Epoch: 137, Dataset: test, Dice: 0.6205, IoU: 0.5251
[2026-08-23 20:02:41,546] Epoch: 137, Dataset: val, Dice: 0.8981, IoU: 0.8331
[2026-08-23 20:03:10,245] Epoch: 138, Dataset: test, Dice: 0.6396, IoU: 0.5361
[2026-08-23 20:03:10,959] Epoch: 138, Dataset: val, Dice: 0.9005, IoU: 0.8371
[2026-08-23 20:03:39,602] Epoch: 139, Dataset: test, Dice: 0.6512, IoU: 0.5472
[2026-08-23 20:03:40,352] Epoch: 139, Dataset: val, Dice: 0.9015, IoU: 0.8382
[2026-08-23 20:04:09,018] Epoch: 140, Dataset: test, Dice: 0.6299, IoU: 0.5217
[2026-08-23 20:04:09,765] Epoch: 140, Dataset: val, Dice: 0.9030, IoU: 0.8400
[2026-08-23 20:04:38,455] Epoch: 141, Dataset: test, Dice: 0.6277, IoU: 0.5314
[2026-08-23 20:04:39,184] Epoch: 141, Dataset: val, Dice: 0.9030, IoU: 0.8399
[2026-08-23 20:05:07,839] Epoch: 142, Dataset: test, Dice: 0.6552, IoU: 0.5536
[2026-08-23 20:05:08,594] Epoch: 142, Dataset: val, Dice: 0.8945, IoU: 0.8308
[2026-08-23 20:05:37,175] Epoch: 143, Dataset: test, Dice: 0.6453, IoU: 0.5405
[2026-08-23 20:05:37,946] Epoch: 143, Dataset: val, Dice: 0.8990, IoU: 0.8363
[2026-08-23 20:06:06,564] Epoch: 144, Dataset: test, Dice: 0.6440, IoU: 0.5353
[2026-08-23 20:06:07,262] Epoch: 144, Dataset: val, Dice: 0.9040, IoU: 0.8437
[2026-08-23 20:06:35,949] Epoch: 145, Dataset: test, Dice: 0.6024, IoU: 0.5006
[2026-08-23 20:06:36,684] Epoch: 145, Dataset: val, Dice: 0.9080, IoU: 0.8482
[2026-08-23 20:06:36,684] ### Best Model Saved (Dice improved from 0.9069 to 0.9080) ###
[2026-08-23 20:07:05,405] Epoch: 146, Dataset: test, Dice: 0.6341, IoU: 0.5316
[2026-08-23 20:07:06,144] Epoch: 146, Dataset: val, Dice: 0.9048, IoU: 0.8419
[2026-08-23 20:07:34,785] Epoch: 147, Dataset: test, Dice: 0.6212, IoU: 0.5231
[2026-08-23 20:07:35,554] Epoch: 147, Dataset: val, Dice: 0.9049, IoU: 0.8459
[2026-08-23 20:08:04,220] Epoch: 148, Dataset: test, Dice: 0.6565, IoU: 0.5603
[2026-08-23 20:08:04,957] Epoch: 148, Dataset: val, Dice: 0.9015, IoU: 0.8389
[2026-08-23 20:08:33,643] Epoch: 149, Dataset: test, Dice: 0.6145, IoU: 0.5172
[2026-08-23 20:08:34,372] Epoch: 149, Dataset: val, Dice: 0.8997, IoU: 0.8353
[2026-08-23 20:09:03,070] Epoch: 150, Dataset: test, Dice: 0.6283, IoU: 0.5332
[2026-08-23 20:09:03,837] Epoch: 150, Dataset: val, Dice: 0.9012, IoU: 0.8372
[2026-08-23 20:09:32,566] Epoch: 151, Dataset: test, Dice: 0.6202, IoU: 0.5233
[2026-08-23 20:09:33,290] Epoch: 151, Dataset: val, Dice: 0.8968, IoU: 0.8336
[2026-08-23 20:10:01,958] Epoch: 152, Dataset: test, Dice: 0.6192, IoU: 0.5234
[2026-08-23 20:10:02,711] Epoch: 152, Dataset: val, Dice: 0.8971, IoU: 0.8324
[2026-08-23 20:10:31,385] Epoch: 153, Dataset: test, Dice: 0.6076, IoU: 0.5073
[2026-08-23 20:10:32,130] Epoch: 153, Dataset: val, Dice: 0.9008, IoU: 0.8378
[2026-08-23 20:11:00,723] Epoch: 154, Dataset: test, Dice: 0.6169, IoU: 0.5253
[2026-08-23 20:11:01,480] Epoch: 154, Dataset: val, Dice: 0.8663, IoU: 0.7906
[2026-08-23 20:11:30,078] Epoch: 155, Dataset: test, Dice: 0.6202, IoU: 0.5084
[2026-08-23 20:11:30,798] Epoch: 155, Dataset: val, Dice: 0.8968, IoU: 0.8322
[2026-08-23 20:11:59,392] Epoch: 156, Dataset: test, Dice: 0.6130, IoU: 0.5106
[2026-08-23 20:12:00,129] Epoch: 156, Dataset: val, Dice: 0.8981, IoU: 0.8337
[2026-08-23 20:12:28,757] Epoch: 157, Dataset: test, Dice: 0.6251, IoU: 0.5243
[2026-08-23 20:12:29,508] Epoch: 157, Dataset: val, Dice: 0.8940, IoU: 0.8306
[2026-08-23 20:12:58,205] Epoch: 158, Dataset: test, Dice: 0.6431, IoU: 0.5387
[2026-08-23 20:12:58,949] Epoch: 158, Dataset: val, Dice: 0.8918, IoU: 0.8263
[2026-08-23 20:13:27,576] Epoch: 159, Dataset: test, Dice: 0.6210, IoU: 0.5249
[2026-08-23 20:13:28,294] Epoch: 159, Dataset: val, Dice: 0.8939, IoU: 0.8316
[2026-08-23 20:13:56,884] Epoch: 160, Dataset: test, Dice: 0.6292, IoU: 0.5300
[2026-08-23 20:13:57,643] Epoch: 160, Dataset: val, Dice: 0.9004, IoU: 0.8370
[2026-08-23 20:14:26,288] Epoch: 161, Dataset: test, Dice: 0.6336, IoU: 0.5319
[2026-08-23 20:14:27,046] Epoch: 161, Dataset: val, Dice: 0.8994, IoU: 0.8370
[2026-08-23 20:14:55,742] Epoch: 162, Dataset: test, Dice: 0.6410, IoU: 0.5426
[2026-08-23 20:14:56,465] Epoch: 162, Dataset: val, Dice: 0.8942, IoU: 0.8308
[2026-08-23 20:15:25,127] Epoch: 163, Dataset: test, Dice: 0.6420, IoU: 0.5442
[2026-08-23 20:15:25,865] Epoch: 163, Dataset: val, Dice: 0.9044, IoU: 0.8435
[2026-08-23 20:15:54,498] Epoch: 164, Dataset: test, Dice: 0.5958, IoU: 0.5013
[2026-08-23 20:15:55,200] Epoch: 164, Dataset: val, Dice: 0.8991, IoU: 0.8347
[2026-08-23 20:16:23,844] Epoch: 165, Dataset: test, Dice: 0.6260, IoU: 0.5283
[2026-08-23 20:16:24,584] Epoch: 165, Dataset: val, Dice: 0.8921, IoU: 0.8306
[2026-08-23 20:16:53,245] Epoch: 166, Dataset: test, Dice: 0.6066, IoU: 0.5068
[2026-08-23 20:16:53,985] Epoch: 166, Dataset: val, Dice: 0.9029, IoU: 0.8413
[2026-08-23 20:17:22,713] Epoch: 167, Dataset: test, Dice: 0.6457, IoU: 0.5470
[2026-08-23 20:17:23,479] Epoch: 167, Dataset: val, Dice: 0.8949, IoU: 0.8315
[2026-08-23 20:17:52,191] Epoch: 168, Dataset: test, Dice: 0.6121, IoU: 0.5150
[2026-08-23 20:17:52,920] Epoch: 168, Dataset: val, Dice: 0.8952, IoU: 0.8316
[2026-08-23 20:18:21,587] Epoch: 169, Dataset: test, Dice: 0.6481, IoU: 0.5466
[2026-08-23 20:18:22,346] Epoch: 169, Dataset: val, Dice: 0.8896, IoU: 0.8256
[2026-08-23 20:18:51,022] Epoch: 170, Dataset: test, Dice: 0.5979, IoU: 0.5006
[2026-08-23 20:18:51,785] Epoch: 170, Dataset: val, Dice: 0.8987, IoU: 0.8357
[2026-08-23 20:19:20,475] Epoch: 171, Dataset: test, Dice: 0.6259, IoU: 0.5268
[2026-08-23 20:19:21,229] Epoch: 171, Dataset: val, Dice: 0.8989, IoU: 0.8365
[2026-08-23 20:19:49,886] Epoch: 172, Dataset: test, Dice: 0.6076, IoU: 0.5101
[2026-08-23 20:19:50,607] Epoch: 172, Dataset: val, Dice: 0.8975, IoU: 0.8322
[2026-08-23 20:20:19,241] Epoch: 173, Dataset: test, Dice: 0.6530, IoU: 0.5551
[2026-08-23 20:20:20,002] Epoch: 173, Dataset: val, Dice: 0.8919, IoU: 0.8273
[2026-08-23 20:20:48,660] Epoch: 174, Dataset: test, Dice: 0.6275, IoU: 0.5278
[2026-08-23 20:20:49,415] Epoch: 174, Dataset: val, Dice: 0.9059, IoU: 0.8451
[2026-08-23 20:21:18,078] Epoch: 175, Dataset: test, Dice: 0.6362, IoU: 0.5374
[2026-08-23 20:21:18,819] Epoch: 175, Dataset: val, Dice: 0.9024, IoU: 0.8416
[2026-08-23 20:21:47,500] Epoch: 176, Dataset: test, Dice: 0.6014, IoU: 0.5066
[2026-08-23 20:21:48,255] Epoch: 176, Dataset: val, Dice: 0.8956, IoU: 0.8310
[2026-08-23 20:22:16,794] Epoch: 177, Dataset: test, Dice: 0.6434, IoU: 0.5384
[2026-08-23 20:22:17,544] Epoch: 177, Dataset: val, Dice: 0.9014, IoU: 0.8404
[2026-08-23 20:22:46,078] Epoch: 178, Dataset: test, Dice: 0.6518, IoU: 0.5499
[2026-08-23 20:22:46,815] Epoch: 178, Dataset: val, Dice: 0.8965, IoU: 0.8349
[2026-08-23 20:23:15,392] Epoch: 179, Dataset: test, Dice: 0.6599, IoU: 0.5605
[2026-08-23 20:23:16,162] Epoch: 179, Dataset: val, Dice: 0.8887, IoU: 0.8236
[2026-08-23 20:23:44,828] Epoch: 180, Dataset: test, Dice: 0.6330, IoU: 0.5313
[2026-08-23 20:23:45,591] Epoch: 180, Dataset: val, Dice: 0.8986, IoU: 0.8380
[2026-08-23 20:24:14,249] Epoch: 181, Dataset: test, Dice: 0.6024, IoU: 0.5075
[2026-08-23 20:24:15,006] Epoch: 181, Dataset: val, Dice: 0.8991, IoU: 0.8368
[2026-08-23 20:24:43,682] Epoch: 182, Dataset: test, Dice: 0.6315, IoU: 0.5336
[2026-08-23 20:24:44,394] Epoch: 182, Dataset: val, Dice: 0.8983, IoU: 0.8357
[2026-08-23 20:25:12,970] Epoch: 183, Dataset: test, Dice: 0.6257, IoU: 0.5268
[2026-08-23 20:25:13,696] Epoch: 183, Dataset: val, Dice: 0.8937, IoU: 0.8316
[2026-08-23 20:25:42,313] Epoch: 184, Dataset: test, Dice: 0.6578, IoU: 0.5562
[2026-08-23 20:25:43,051] Epoch: 184, Dataset: val, Dice: 0.8961, IoU: 0.8350
[2026-08-23 20:26:11,622] Epoch: 185, Dataset: test, Dice: 0.6148, IoU: 0.5140
[2026-08-23 20:26:12,386] Epoch: 185, Dataset: val, Dice: 0.8983, IoU: 0.8341
[2026-08-23 20:26:41,050] Epoch: 186, Dataset: test, Dice: 0.6577, IoU: 0.5584
[2026-08-23 20:26:41,812] Epoch: 186, Dataset: val, Dice: 0.8918, IoU: 0.8292
[2026-08-23 20:27:10,502] Epoch: 187, Dataset: test, Dice: 0.6407, IoU: 0.5377
[2026-08-23 20:27:11,259] Epoch: 187, Dataset: val, Dice: 0.8943, IoU: 0.8324
[2026-08-23 20:27:39,919] Epoch: 188, Dataset: test, Dice: 0.6274, IoU: 0.5282
[2026-08-23 20:27:40,656] Epoch: 188, Dataset: val, Dice: 0.8965, IoU: 0.8339
[2026-08-23 20:28:09,296] Epoch: 189, Dataset: test, Dice: 0.6562, IoU: 0.5582
[2026-08-23 20:28:10,044] Epoch: 189, Dataset: val, Dice: 0.8882, IoU: 0.8230
[2026-08-23 20:28:38,724] Epoch: 190, Dataset: test, Dice: 0.6418, IoU: 0.5414
[2026-08-23 20:28:39,488] Epoch: 190, Dataset: val, Dice: 0.8993, IoU: 0.8374
[2026-08-23 20:29:08,150] Epoch: 191, Dataset: test, Dice: 0.6243, IoU: 0.5257
[2026-08-23 20:29:08,889] Epoch: 191, Dataset: val, Dice: 0.9016, IoU: 0.8395
[2026-08-23 20:29:37,499] Epoch: 192, Dataset: test, Dice: 0.6291, IoU: 0.5299
[2026-08-23 20:29:38,264] Epoch: 192, Dataset: val, Dice: 0.9020, IoU: 0.8412
[2026-08-23 20:30:06,869] Epoch: 193, Dataset: test, Dice: 0.6454, IoU: 0.5407
[2026-08-23 20:30:07,619] Epoch: 193, Dataset: val, Dice: 0.8952, IoU: 0.8331
[2026-08-23 20:30:36,270] Epoch: 194, Dataset: test, Dice: 0.6324, IoU: 0.5320
[2026-08-23 20:30:36,995] Epoch: 194, Dataset: val, Dice: 0.8963, IoU: 0.8356
[2026-08-23 20:31:05,651] Epoch: 195, Dataset: test, Dice: 0.6437, IoU: 0.5448
[2026-08-23 20:31:06,404] Epoch: 195, Dataset: val, Dice: 0.8939, IoU: 0.8316
[2026-08-23 20:31:35,053] Epoch: 196, Dataset: test, Dice: 0.6557, IoU: 0.5571
[2026-08-23 20:31:35,798] Epoch: 196, Dataset: val, Dice: 0.8967, IoU: 0.8341
[2026-08-23 20:32:04,462] Epoch: 197, Dataset: test, Dice: 0.6198, IoU: 0.5220
[2026-08-23 20:32:05,188] Epoch: 197, Dataset: val, Dice: 0.8992, IoU: 0.8361
[2026-08-23 20:32:33,880] Epoch: 198, Dataset: test, Dice: 0.6285, IoU: 0.5265
[2026-08-23 20:32:34,643] Epoch: 198, Dataset: val, Dice: 0.8994, IoU: 0.8361
[2026-08-23 20:33:03,348] Epoch: 199, Dataset: test, Dice: 0.6547, IoU: 0.5522
[2026-08-23 20:33:04,111] Epoch: 199, Dataset: val, Dice: 0.8907, IoU: 0.8279
[2026-08-23 20:33:32,758] Epoch: 200, Dataset: test, Dice: 0.6538, IoU: 0.5554
[2026-08-23 20:33:33,465] Epoch: 200, Dataset: val, Dice: 0.8952, IoU: 0.8315
[2026-08-23 20:33:33,467] 
========================================
FINAL RESULTS: ClinicDB_MK_UNet_bs8_lr0.0005_e200_augTrue_run1_t185534
Best Val Dice: 0.9080
Test Dice at Best Val: 0.6024
Total Train Time: 5599.77s
========================================
