[2026-08-24 16:46:35,685] flops: 0.126256062, params: 0.027384, Total params: : 0.0274
[2026-08-24 16:46:49,092] Epoch: 1, Dataset: test, Dice: 0.1653, IoU: 0.0995
[2026-08-24 16:46:49,666] Epoch: 1, Dataset: val, Dice: 0.3267, IoU: 0.2227
[2026-08-24 16:46:49,667] ### Best Model Saved (Dice improved from 0.0000 to 0.3267) ###
[2026-08-24 16:47:03,083] Epoch: 2, Dataset: test, Dice: 0.1694, IoU: 0.1038
[2026-08-24 16:47:03,670] Epoch: 2, Dataset: val, Dice: 0.3141, IoU: 0.2041
[2026-08-24 16:47:17,055] Epoch: 3, Dataset: test, Dice: 0.1822, IoU: 0.1214
[2026-08-24 16:47:17,624] Epoch: 3, Dataset: val, Dice: 0.4069, IoU: 0.2872
[2026-08-24 16:47:17,625] ### Best Model Saved (Dice improved from 0.3267 to 0.4069) ###
[2026-08-24 16:47:31,121] Epoch: 4, Dataset: test, Dice: 0.1260, IoU: 0.0764
[2026-08-24 16:47:31,687] Epoch: 4, Dataset: val, Dice: 0.4564, IoU: 0.3352
[2026-08-24 16:47:31,687] ### Best Model Saved (Dice improved from 0.4069 to 0.4564) ###
[2026-08-24 16:47:45,135] Epoch: 5, Dataset: test, Dice: 0.0945, IoU: 0.0562
[2026-08-24 16:47:45,711] Epoch: 5, Dataset: val, Dice: 0.4847, IoU: 0.3643
[2026-08-24 16:47:45,711] ### Best Model Saved (Dice improved from 0.4564 to 0.4847) ###
[2026-08-24 16:47:59,116] Epoch: 6, Dataset: test, Dice: 0.1692, IoU: 0.1001
[2026-08-24 16:47:59,694] Epoch: 6, Dataset: val, Dice: 0.4719, IoU: 0.3508
[2026-08-24 16:48:13,096] Epoch: 7, Dataset: test, Dice: 0.2457, IoU: 0.1549
[2026-08-24 16:48:13,658] Epoch: 7, Dataset: val, Dice: 0.5105, IoU: 0.3828
[2026-08-24 16:48:13,659] ### Best Model Saved (Dice improved from 0.4847 to 0.5105) ###
[2026-08-24 16:48:27,103] Epoch: 8, Dataset: test, Dice: 0.1695, IoU: 0.1093
[2026-08-24 16:48:27,666] Epoch: 8, Dataset: val, Dice: 0.4957, IoU: 0.3721
[2026-08-24 16:48:41,056] Epoch: 9, Dataset: test, Dice: 0.2133, IoU: 0.1331
[2026-08-24 16:48:41,614] Epoch: 9, Dataset: val, Dice: 0.5660, IoU: 0.4328
[2026-08-24 16:48:41,614] ### Best Model Saved (Dice improved from 0.5105 to 0.5660) ###
[2026-08-24 16:48:54,977] Epoch: 10, Dataset: test, Dice: 0.1908, IoU: 0.1131
[2026-08-24 16:48:55,549] Epoch: 10, Dataset: val, Dice: 0.4919, IoU: 0.3709
[2026-08-24 16:49:08,944] Epoch: 11, Dataset: test, Dice: 0.2925, IoU: 0.2018
[2026-08-24 16:49:09,503] Epoch: 11, Dataset: val, Dice: 0.5461, IoU: 0.4084
[2026-08-24 16:49:22,951] Epoch: 12, Dataset: test, Dice: 0.2437, IoU: 0.1600
[2026-08-24 16:49:23,500] Epoch: 12, Dataset: val, Dice: 0.6461, IoU: 0.5220
[2026-08-24 16:49:23,501] ### Best Model Saved (Dice improved from 0.5660 to 0.6461) ###
[2026-08-24 16:49:37,051] Epoch: 13, Dataset: test, Dice: 0.2282, IoU: 0.1581
[2026-08-24 16:49:37,623] Epoch: 13, Dataset: val, Dice: 0.5521, IoU: 0.4330
[2026-08-24 16:49:51,079] Epoch: 14, Dataset: test, Dice: 0.2921, IoU: 0.2033
[2026-08-24 16:49:51,658] Epoch: 14, Dataset: val, Dice: 0.6241, IoU: 0.4948
[2026-08-24 16:50:05,031] Epoch: 15, Dataset: test, Dice: 0.2949, IoU: 0.2020
[2026-08-24 16:50:05,604] Epoch: 15, Dataset: val, Dice: 0.6772, IoU: 0.5547
[2026-08-24 16:50:05,604] ### Best Model Saved (Dice improved from 0.6461 to 0.6772) ###
[2026-08-24 16:50:18,994] Epoch: 16, Dataset: test, Dice: 0.2955, IoU: 0.2021
[2026-08-24 16:50:19,563] Epoch: 16, Dataset: val, Dice: 0.7229, IoU: 0.6019
[2026-08-24 16:50:19,564] ### Best Model Saved (Dice improved from 0.6772 to 0.7229) ###
[2026-08-24 16:50:32,955] Epoch: 17, Dataset: test, Dice: 0.2950, IoU: 0.2018
[2026-08-24 16:50:33,524] Epoch: 17, Dataset: val, Dice: 0.6580, IoU: 0.5327
[2026-08-24 16:50:47,022] Epoch: 18, Dataset: test, Dice: 0.2840, IoU: 0.2024
[2026-08-24 16:50:47,597] Epoch: 18, Dataset: val, Dice: 0.6792, IoU: 0.5596
[2026-08-24 16:51:01,031] Epoch: 19, Dataset: test, Dice: 0.2480, IoU: 0.1603
[2026-08-24 16:51:01,596] Epoch: 19, Dataset: val, Dice: 0.7055, IoU: 0.5806
[2026-08-24 16:51:15,013] Epoch: 20, Dataset: test, Dice: 0.3005, IoU: 0.2020
[2026-08-24 16:51:15,593] Epoch: 20, Dataset: val, Dice: 0.7256, IoU: 0.6037
[2026-08-24 16:51:15,593] ### Best Model Saved (Dice improved from 0.7229 to 0.7256) ###
[2026-08-24 16:51:28,992] Epoch: 21, Dataset: test, Dice: 0.3262, IoU: 0.2259
[2026-08-24 16:51:29,574] Epoch: 21, Dataset: val, Dice: 0.7510, IoU: 0.6359
[2026-08-24 16:51:29,574] ### Best Model Saved (Dice improved from 0.7256 to 0.7510) ###
[2026-08-24 16:51:42,997] Epoch: 22, Dataset: test, Dice: 0.2125, IoU: 0.1332
[2026-08-24 16:51:43,571] Epoch: 22, Dataset: val, Dice: 0.5918, IoU: 0.4632
[2026-08-24 16:51:56,902] Epoch: 23, Dataset: test, Dice: 0.3456, IoU: 0.2537
[2026-08-24 16:51:57,466] Epoch: 23, Dataset: val, Dice: 0.7467, IoU: 0.6300
[2026-08-24 16:52:10,926] Epoch: 24, Dataset: test, Dice: 0.3676, IoU: 0.2684
[2026-08-24 16:52:11,493] Epoch: 24, Dataset: val, Dice: 0.7293, IoU: 0.6081
[2026-08-24 16:52:24,934] Epoch: 25, Dataset: test, Dice: 0.2365, IoU: 0.1531
[2026-08-24 16:52:25,537] Epoch: 25, Dataset: val, Dice: 0.7181, IoU: 0.6060
[2026-08-24 16:52:39,126] Epoch: 26, Dataset: test, Dice: 0.3608, IoU: 0.2641
[2026-08-24 16:52:39,786] Epoch: 26, Dataset: val, Dice: 0.7202, IoU: 0.6040
[2026-08-24 16:52:54,125] Epoch: 27, Dataset: test, Dice: 0.2796, IoU: 0.1960
[2026-08-24 16:52:54,759] Epoch: 27, Dataset: val, Dice: 0.7205, IoU: 0.6045
[2026-08-24 16:53:08,799] Epoch: 28, Dataset: test, Dice: 0.2960, IoU: 0.2066
[2026-08-24 16:53:09,419] Epoch: 28, Dataset: val, Dice: 0.7641, IoU: 0.6526
[2026-08-24 16:53:09,420] ### Best Model Saved (Dice improved from 0.7510 to 0.7641) ###
[2026-08-24 16:53:23,080] Epoch: 29, Dataset: test, Dice: 0.3656, IoU: 0.2628
[2026-08-24 16:53:23,650] Epoch: 29, Dataset: val, Dice: 0.7634, IoU: 0.6530
[2026-08-24 16:53:37,074] Epoch: 30, Dataset: test, Dice: 0.3165, IoU: 0.2290
[2026-08-24 16:53:37,659] Epoch: 30, Dataset: val, Dice: 0.7585, IoU: 0.6408
[2026-08-24 16:53:51,083] Epoch: 31, Dataset: test, Dice: 0.3483, IoU: 0.2526
[2026-08-24 16:53:51,653] Epoch: 31, Dataset: val, Dice: 0.7633, IoU: 0.6543
[2026-08-24 16:54:05,071] Epoch: 32, Dataset: test, Dice: 0.3290, IoU: 0.2274
[2026-08-24 16:54:05,629] Epoch: 32, Dataset: val, Dice: 0.7383, IoU: 0.6249
[2026-08-24 16:54:19,116] Epoch: 33, Dataset: test, Dice: 0.2831, IoU: 0.1996
[2026-08-24 16:54:19,689] Epoch: 33, Dataset: val, Dice: 0.7194, IoU: 0.6072
[2026-08-24 16:54:33,165] Epoch: 34, Dataset: test, Dice: 0.3951, IoU: 0.2897
[2026-08-24 16:54:33,740] Epoch: 34, Dataset: val, Dice: 0.7611, IoU: 0.6488
[2026-08-24 16:54:47,186] Epoch: 35, Dataset: test, Dice: 0.3301, IoU: 0.2389
[2026-08-24 16:54:47,764] Epoch: 35, Dataset: val, Dice: 0.7893, IoU: 0.6844
[2026-08-24 16:54:47,764] ### Best Model Saved (Dice improved from 0.7641 to 0.7893) ###
[2026-08-24 16:55:01,223] Epoch: 36, Dataset: test, Dice: 0.3879, IoU: 0.2873
[2026-08-24 16:55:01,815] Epoch: 36, Dataset: val, Dice: 0.7572, IoU: 0.6587
[2026-08-24 16:55:15,147] Epoch: 37, Dataset: test, Dice: 0.3706, IoU: 0.2709
[2026-08-24 16:55:15,711] Epoch: 37, Dataset: val, Dice: 0.7717, IoU: 0.6751
[2026-08-24 16:55:29,116] Epoch: 38, Dataset: test, Dice: 0.3440, IoU: 0.2531
[2026-08-24 16:55:29,697] Epoch: 38, Dataset: val, Dice: 0.7539, IoU: 0.6511
[2026-08-24 16:55:43,124] Epoch: 39, Dataset: test, Dice: 0.4692, IoU: 0.3704
[2026-08-24 16:55:43,741] Epoch: 39, Dataset: val, Dice: 0.7679, IoU: 0.6553
[2026-08-24 16:55:57,190] Epoch: 40, Dataset: test, Dice: 0.2853, IoU: 0.1909
[2026-08-24 16:55:57,770] Epoch: 40, Dataset: val, Dice: 0.7873, IoU: 0.6801
[2026-08-24 16:56:11,198] Epoch: 41, Dataset: test, Dice: 0.2958, IoU: 0.2004
[2026-08-24 16:56:11,773] Epoch: 41, Dataset: val, Dice: 0.7646, IoU: 0.6522
[2026-08-24 16:56:25,226] Epoch: 42, Dataset: test, Dice: 0.3356, IoU: 0.2287
[2026-08-24 16:56:25,813] Epoch: 42, Dataset: val, Dice: 0.7986, IoU: 0.6976
[2026-08-24 16:56:25,814] ### Best Model Saved (Dice improved from 0.7893 to 0.7986) ###
[2026-08-24 16:56:39,226] Epoch: 43, Dataset: test, Dice: 0.3712, IoU: 0.2706
[2026-08-24 16:56:39,867] Epoch: 43, Dataset: val, Dice: 0.7671, IoU: 0.6600
[2026-08-24 16:56:53,356] Epoch: 44, Dataset: test, Dice: 0.3630, IoU: 0.2569
[2026-08-24 16:56:53,947] Epoch: 44, Dataset: val, Dice: 0.7892, IoU: 0.6923
[2026-08-24 16:57:07,369] Epoch: 45, Dataset: test, Dice: 0.3793, IoU: 0.2698
[2026-08-24 16:57:07,942] Epoch: 45, Dataset: val, Dice: 0.7536, IoU: 0.6384
[2026-08-24 16:57:21,364] Epoch: 46, Dataset: test, Dice: 0.3157, IoU: 0.2204
[2026-08-24 16:57:21,940] Epoch: 46, Dataset: val, Dice: 0.7106, IoU: 0.5927
[2026-08-24 16:57:35,376] Epoch: 47, Dataset: test, Dice: 0.3096, IoU: 0.2173
[2026-08-24 16:57:35,960] Epoch: 47, Dataset: val, Dice: 0.7622, IoU: 0.6612
[2026-08-24 16:57:49,454] Epoch: 48, Dataset: test, Dice: 0.3849, IoU: 0.2863
[2026-08-24 16:57:50,041] Epoch: 48, Dataset: val, Dice: 0.7725, IoU: 0.6700
[2026-08-24 16:58:03,335] Epoch: 49, Dataset: test, Dice: 0.2842, IoU: 0.1931
[2026-08-24 16:58:03,925] Epoch: 49, Dataset: val, Dice: 0.7241, IoU: 0.6110
[2026-08-24 16:58:17,276] Epoch: 50, Dataset: test, Dice: 0.4485, IoU: 0.3588
[2026-08-24 16:58:17,866] Epoch: 50, Dataset: val, Dice: 0.7555, IoU: 0.6564
[2026-08-24 16:58:31,271] Epoch: 51, Dataset: test, Dice: 0.3584, IoU: 0.2706
[2026-08-24 16:58:31,841] Epoch: 51, Dataset: val, Dice: 0.7919, IoU: 0.6846
[2026-08-24 16:58:45,266] Epoch: 52, Dataset: test, Dice: 0.3657, IoU: 0.2613
[2026-08-24 16:58:45,852] Epoch: 52, Dataset: val, Dice: 0.7641, IoU: 0.6577
[2026-08-24 16:58:59,280] Epoch: 53, Dataset: test, Dice: 0.4827, IoU: 0.3885
[2026-08-24 16:58:59,832] Epoch: 53, Dataset: val, Dice: 0.7951, IoU: 0.6904
[2026-08-24 16:59:13,252] Epoch: 54, Dataset: test, Dice: 0.3385, IoU: 0.2453
[2026-08-24 16:59:13,839] Epoch: 54, Dataset: val, Dice: 0.7612, IoU: 0.6515
[2026-08-24 16:59:27,308] Epoch: 55, Dataset: test, Dice: 0.3547, IoU: 0.2482
[2026-08-24 16:59:27,875] Epoch: 55, Dataset: val, Dice: 0.8060, IoU: 0.7096
[2026-08-24 16:59:27,875] ### Best Model Saved (Dice improved from 0.7986 to 0.8060) ###
[2026-08-24 16:59:41,304] Epoch: 56, Dataset: test, Dice: 0.4365, IoU: 0.3362
[2026-08-24 16:59:41,870] Epoch: 56, Dataset: val, Dice: 0.7787, IoU: 0.6709
[2026-08-24 16:59:55,283] Epoch: 57, Dataset: test, Dice: 0.3768, IoU: 0.2682
[2026-08-24 16:59:55,849] Epoch: 57, Dataset: val, Dice: 0.7947, IoU: 0.6960
[2026-08-24 17:00:09,207] Epoch: 58, Dataset: test, Dice: 0.2934, IoU: 0.2047
[2026-08-24 17:00:09,761] Epoch: 58, Dataset: val, Dice: 0.7814, IoU: 0.6733
[2026-08-24 17:00:23,115] Epoch: 59, Dataset: test, Dice: 0.3861, IoU: 0.2752
[2026-08-24 17:00:23,687] Epoch: 59, Dataset: val, Dice: 0.7771, IoU: 0.6727
[2026-08-24 17:00:37,096] Epoch: 60, Dataset: test, Dice: 0.3974, IoU: 0.3025
[2026-08-24 17:00:37,655] Epoch: 60, Dataset: val, Dice: 0.7483, IoU: 0.6363
[2026-08-24 17:00:50,920] Epoch: 61, Dataset: test, Dice: 0.3176, IoU: 0.2235
[2026-08-24 17:00:51,490] Epoch: 61, Dataset: val, Dice: 0.6368, IoU: 0.5149
[2026-08-24 17:01:04,858] Epoch: 62, Dataset: test, Dice: 0.4080, IoU: 0.3076
[2026-08-24 17:01:05,423] Epoch: 62, Dataset: val, Dice: 0.8159, IoU: 0.7212
[2026-08-24 17:01:05,423] ### Best Model Saved (Dice improved from 0.8060 to 0.8159) ###
[2026-08-24 17:01:18,879] Epoch: 63, Dataset: test, Dice: 0.3339, IoU: 0.2330
[2026-08-24 17:01:19,444] Epoch: 63, Dataset: val, Dice: 0.8063, IoU: 0.7105
[2026-08-24 17:01:32,859] Epoch: 64, Dataset: test, Dice: 0.2904, IoU: 0.1966
[2026-08-24 17:01:33,440] Epoch: 64, Dataset: val, Dice: 0.7657, IoU: 0.6563
[2026-08-24 17:01:46,920] Epoch: 65, Dataset: test, Dice: 0.3499, IoU: 0.2541
[2026-08-24 17:01:47,497] Epoch: 65, Dataset: val, Dice: 0.8075, IoU: 0.7068
[2026-08-24 17:02:00,917] Epoch: 66, Dataset: test, Dice: 0.4127, IoU: 0.3094
[2026-08-24 17:02:01,463] Epoch: 66, Dataset: val, Dice: 0.8176, IoU: 0.7195
[2026-08-24 17:02:01,463] ### Best Model Saved (Dice improved from 0.8159 to 0.8176) ###
[2026-08-24 17:02:14,884] Epoch: 67, Dataset: test, Dice: 0.3568, IoU: 0.2659
[2026-08-24 17:02:15,459] Epoch: 67, Dataset: val, Dice: 0.7944, IoU: 0.6933
[2026-08-24 17:02:28,755] Epoch: 68, Dataset: test, Dice: 0.2987, IoU: 0.2038
[2026-08-24 17:02:29,324] Epoch: 68, Dataset: val, Dice: 0.7709, IoU: 0.6639
[2026-08-24 17:02:42,678] Epoch: 69, Dataset: test, Dice: 0.3636, IoU: 0.2679
[2026-08-24 17:02:43,237] Epoch: 69, Dataset: val, Dice: 0.7785, IoU: 0.6673
[2026-08-24 17:02:56,705] Epoch: 70, Dataset: test, Dice: 0.2905, IoU: 0.1944
[2026-08-24 17:02:57,264] Epoch: 70, Dataset: val, Dice: 0.7350, IoU: 0.6249
[2026-08-24 17:03:10,698] Epoch: 71, Dataset: test, Dice: 0.4269, IoU: 0.3248
[2026-08-24 17:03:11,254] Epoch: 71, Dataset: val, Dice: 0.8261, IoU: 0.7310
[2026-08-24 17:03:11,254] ### Best Model Saved (Dice improved from 0.8176 to 0.8261) ###
[2026-08-24 17:03:24,703] Epoch: 72, Dataset: test, Dice: 0.3952, IoU: 0.2937
[2026-08-24 17:03:25,255] Epoch: 72, Dataset: val, Dice: 0.7964, IoU: 0.6938
[2026-08-24 17:03:38,635] Epoch: 73, Dataset: test, Dice: 0.4695, IoU: 0.3561
[2026-08-24 17:03:39,211] Epoch: 73, Dataset: val, Dice: 0.8121, IoU: 0.7141
[2026-08-24 17:03:52,599] Epoch: 74, Dataset: test, Dice: 0.3630, IoU: 0.2641
[2026-08-24 17:03:53,164] Epoch: 74, Dataset: val, Dice: 0.8237, IoU: 0.7334
[2026-08-24 17:04:06,618] Epoch: 75, Dataset: test, Dice: 0.4048, IoU: 0.2991
[2026-08-24 17:04:07,199] Epoch: 75, Dataset: val, Dice: 0.7897, IoU: 0.6865
[2026-08-24 17:04:20,583] Epoch: 76, Dataset: test, Dice: 0.3824, IoU: 0.2898
[2026-08-24 17:04:21,151] Epoch: 76, Dataset: val, Dice: 0.6849, IoU: 0.5634
[2026-08-24 17:04:34,593] Epoch: 77, Dataset: test, Dice: 0.3692, IoU: 0.2635
[2026-08-24 17:04:35,182] Epoch: 77, Dataset: val, Dice: 0.8203, IoU: 0.7228
[2026-08-24 17:04:48,520] Epoch: 78, Dataset: test, Dice: 0.4569, IoU: 0.3512
[2026-08-24 17:04:49,072] Epoch: 78, Dataset: val, Dice: 0.8386, IoU: 0.7467
[2026-08-24 17:04:49,072] ### Best Model Saved (Dice improved from 0.8261 to 0.8386) ###
[2026-08-24 17:05:02,520] Epoch: 79, Dataset: test, Dice: 0.3081, IoU: 0.2094
[2026-08-24 17:05:03,089] Epoch: 79, Dataset: val, Dice: 0.8219, IoU: 0.7252
[2026-08-24 17:05:16,441] Epoch: 80, Dataset: test, Dice: 0.3668, IoU: 0.2627
[2026-08-24 17:05:17,029] Epoch: 80, Dataset: val, Dice: 0.8271, IoU: 0.7352
[2026-08-24 17:05:30,396] Epoch: 81, Dataset: test, Dice: 0.3676, IoU: 0.2605
[2026-08-24 17:05:30,956] Epoch: 81, Dataset: val, Dice: 0.8070, IoU: 0.7088
[2026-08-24 17:05:44,356] Epoch: 82, Dataset: test, Dice: 0.2706, IoU: 0.1897
[2026-08-24 17:05:44,911] Epoch: 82, Dataset: val, Dice: 0.7823, IoU: 0.6734
[2026-08-24 17:05:58,307] Epoch: 83, Dataset: test, Dice: 0.4494, IoU: 0.3320
[2026-08-24 17:05:58,876] Epoch: 83, Dataset: val, Dice: 0.8384, IoU: 0.7462
[2026-08-24 17:06:12,286] Epoch: 84, Dataset: test, Dice: 0.3234, IoU: 0.2260
[2026-08-24 17:06:12,861] Epoch: 84, Dataset: val, Dice: 0.8457, IoU: 0.7571
[2026-08-24 17:06:12,862] ### Best Model Saved (Dice improved from 0.8386 to 0.8457) ###
[2026-08-24 17:06:26,337] Epoch: 85, Dataset: test, Dice: 0.3964, IoU: 0.2913
[2026-08-24 17:06:26,928] Epoch: 85, Dataset: val, Dice: 0.8488, IoU: 0.7582
[2026-08-24 17:06:26,929] ### Best Model Saved (Dice improved from 0.8457 to 0.8488) ###
[2026-08-24 17:06:40,326] Epoch: 86, Dataset: test, Dice: 0.3153, IoU: 0.2169
[2026-08-24 17:06:40,875] Epoch: 86, Dataset: val, Dice: 0.8223, IoU: 0.7250
[2026-08-24 17:06:54,323] Epoch: 87, Dataset: test, Dice: 0.3651, IoU: 0.2642
[2026-08-24 17:06:54,895] Epoch: 87, Dataset: val, Dice: 0.8140, IoU: 0.7178
[2026-08-24 17:07:08,236] Epoch: 88, Dataset: test, Dice: 0.3677, IoU: 0.2744
[2026-08-24 17:07:08,809] Epoch: 88, Dataset: val, Dice: 0.8231, IoU: 0.7316
[2026-08-24 17:07:22,107] Epoch: 89, Dataset: test, Dice: 0.3765, IoU: 0.2692
[2026-08-24 17:07:22,683] Epoch: 89, Dataset: val, Dice: 0.8359, IoU: 0.7471
[2026-08-24 17:07:35,963] Epoch: 90, Dataset: test, Dice: 0.3334, IoU: 0.2463
[2026-08-24 17:07:36,510] Epoch: 90, Dataset: val, Dice: 0.8284, IoU: 0.7394
[2026-08-24 17:07:49,834] Epoch: 91, Dataset: test, Dice: 0.3699, IoU: 0.2702
[2026-08-24 17:07:50,390] Epoch: 91, Dataset: val, Dice: 0.8251, IoU: 0.7309
[2026-08-24 17:08:03,773] Epoch: 92, Dataset: test, Dice: 0.3794, IoU: 0.2852
[2026-08-24 17:08:04,396] Epoch: 92, Dataset: val, Dice: 0.8401, IoU: 0.7496
[2026-08-24 17:08:17,841] Epoch: 93, Dataset: test, Dice: 0.2770, IoU: 0.1931
[2026-08-24 17:08:18,399] Epoch: 93, Dataset: val, Dice: 0.8047, IoU: 0.7090
[2026-08-24 17:08:31,770] Epoch: 94, Dataset: test, Dice: 0.3805, IoU: 0.2874
[2026-08-24 17:08:32,331] Epoch: 94, Dataset: val, Dice: 0.8179, IoU: 0.7250
[2026-08-24 17:08:45,790] Epoch: 95, Dataset: test, Dice: 0.2831, IoU: 0.2004
[2026-08-24 17:08:46,371] Epoch: 95, Dataset: val, Dice: 0.8132, IoU: 0.7126
[2026-08-24 17:08:59,756] Epoch: 96, Dataset: test, Dice: 0.3368, IoU: 0.2355
[2026-08-24 17:09:00,330] Epoch: 96, Dataset: val, Dice: 0.8285, IoU: 0.7406
[2026-08-24 17:09:13,755] Epoch: 97, Dataset: test, Dice: 0.4427, IoU: 0.3360
[2026-08-24 17:09:14,356] Epoch: 97, Dataset: val, Dice: 0.8257, IoU: 0.7340
[2026-08-24 17:09:27,722] Epoch: 98, Dataset: test, Dice: 0.3729, IoU: 0.2740
[2026-08-24 17:09:28,292] Epoch: 98, Dataset: val, Dice: 0.8361, IoU: 0.7466
[2026-08-24 17:09:41,636] Epoch: 99, Dataset: test, Dice: 0.3728, IoU: 0.2733
[2026-08-24 17:09:42,179] Epoch: 99, Dataset: val, Dice: 0.8432, IoU: 0.7587
[2026-08-24 17:09:55,539] Epoch: 100, Dataset: test, Dice: 0.3090, IoU: 0.2119
[2026-08-24 17:09:56,106] Epoch: 100, Dataset: val, Dice: 0.8322, IoU: 0.7386
[2026-08-24 17:10:09,418] Epoch: 101, Dataset: test, Dice: 0.2853, IoU: 0.1968
[2026-08-24 17:10:09,972] Epoch: 101, Dataset: val, Dice: 0.7796, IoU: 0.6714
[2026-08-24 17:10:23,308] Epoch: 102, Dataset: test, Dice: 0.3231, IoU: 0.2431
[2026-08-24 17:10:23,909] Epoch: 102, Dataset: val, Dice: 0.8342, IoU: 0.7441
[2026-08-24 17:10:37,210] Epoch: 103, Dataset: test, Dice: 0.3353, IoU: 0.2517
[2026-08-24 17:10:37,779] Epoch: 103, Dataset: val, Dice: 0.8396, IoU: 0.7536
[2026-08-24 17:10:51,112] Epoch: 104, Dataset: test, Dice: 0.3052, IoU: 0.2138
[2026-08-24 17:10:51,692] Epoch: 104, Dataset: val, Dice: 0.8273, IoU: 0.7360
[2026-08-24 17:11:05,066] Epoch: 105, Dataset: test, Dice: 0.3333, IoU: 0.2406
[2026-08-24 17:11:05,641] Epoch: 105, Dataset: val, Dice: 0.8266, IoU: 0.7300
[2026-08-24 17:11:19,097] Epoch: 106, Dataset: test, Dice: 0.3501, IoU: 0.2499
[2026-08-24 17:11:19,668] Epoch: 106, Dataset: val, Dice: 0.8525, IoU: 0.7725
[2026-08-24 17:11:19,668] ### Best Model Saved (Dice improved from 0.8488 to 0.8525) ###
[2026-08-24 17:11:33,113] Epoch: 107, Dataset: test, Dice: 0.2968, IoU: 0.2114
[2026-08-24 17:11:33,688] Epoch: 107, Dataset: val, Dice: 0.8481, IoU: 0.7637
[2026-08-24 17:11:47,246] Epoch: 108, Dataset: test, Dice: 0.3734, IoU: 0.2826
[2026-08-24 17:11:47,836] Epoch: 108, Dataset: val, Dice: 0.8397, IoU: 0.7498
[2026-08-24 17:12:01,231] Epoch: 109, Dataset: test, Dice: 0.3708, IoU: 0.2862
[2026-08-24 17:12:01,799] Epoch: 109, Dataset: val, Dice: 0.8351, IoU: 0.7451
[2026-08-24 17:12:15,199] Epoch: 110, Dataset: test, Dice: 0.3314, IoU: 0.2370
[2026-08-24 17:12:15,793] Epoch: 110, Dataset: val, Dice: 0.8449, IoU: 0.7562
[2026-08-24 17:12:29,314] Epoch: 111, Dataset: test, Dice: 0.3064, IoU: 0.2110
[2026-08-24 17:12:29,910] Epoch: 111, Dataset: val, Dice: 0.8497, IoU: 0.7673
[2026-08-24 17:12:43,406] Epoch: 112, Dataset: test, Dice: 0.3329, IoU: 0.2258
[2026-08-24 17:12:44,012] Epoch: 112, Dataset: val, Dice: 0.8352, IoU: 0.7465
[2026-08-24 17:12:57,533] Epoch: 113, Dataset: test, Dice: 0.3358, IoU: 0.2435
[2026-08-24 17:12:58,103] Epoch: 113, Dataset: val, Dice: 0.8318, IoU: 0.7417
[2026-08-24 17:13:11,611] Epoch: 114, Dataset: test, Dice: 0.3459, IoU: 0.2388
[2026-08-24 17:13:12,208] Epoch: 114, Dataset: val, Dice: 0.8459, IoU: 0.7601
[2026-08-24 17:13:25,708] Epoch: 115, Dataset: test, Dice: 0.3356, IoU: 0.2358
[2026-08-24 17:13:26,287] Epoch: 115, Dataset: val, Dice: 0.8458, IoU: 0.7607
[2026-08-24 17:13:39,702] Epoch: 116, Dataset: test, Dice: 0.3319, IoU: 0.2359
[2026-08-24 17:13:40,277] Epoch: 116, Dataset: val, Dice: 0.8497, IoU: 0.7659
[2026-08-24 17:13:53,799] Epoch: 117, Dataset: test, Dice: 0.3037, IoU: 0.2143
[2026-08-24 17:13:54,399] Epoch: 117, Dataset: val, Dice: 0.8259, IoU: 0.7417
[2026-08-24 17:14:07,881] Epoch: 118, Dataset: test, Dice: 0.3090, IoU: 0.2088
[2026-08-24 17:14:08,459] Epoch: 118, Dataset: val, Dice: 0.8478, IoU: 0.7639
[2026-08-24 17:14:21,958] Epoch: 119, Dataset: test, Dice: 0.3834, IoU: 0.2796
[2026-08-24 17:14:22,523] Epoch: 119, Dataset: val, Dice: 0.8425, IoU: 0.7566
[2026-08-24 17:14:36,063] Epoch: 120, Dataset: test, Dice: 0.3267, IoU: 0.2204
[2026-08-24 17:14:36,629] Epoch: 120, Dataset: val, Dice: 0.8395, IoU: 0.7522
[2026-08-24 17:14:50,030] Epoch: 121, Dataset: test, Dice: 0.3074, IoU: 0.2224
[2026-08-24 17:14:50,614] Epoch: 121, Dataset: val, Dice: 0.8440, IoU: 0.7539
[2026-08-24 17:15:04,117] Epoch: 122, Dataset: test, Dice: 0.3511, IoU: 0.2574
[2026-08-24 17:15:04,675] Epoch: 122, Dataset: val, Dice: 0.8566, IoU: 0.7748
[2026-08-24 17:15:04,676] ### Best Model Saved (Dice improved from 0.8525 to 0.8566) ###
[2026-08-24 17:15:18,148] Epoch: 123, Dataset: test, Dice: 0.3727, IoU: 0.2824
[2026-08-24 17:15:18,720] Epoch: 123, Dataset: val, Dice: 0.8440, IoU: 0.7553
[2026-08-24 17:15:32,194] Epoch: 124, Dataset: test, Dice: 0.3048, IoU: 0.2093
[2026-08-24 17:15:32,775] Epoch: 124, Dataset: val, Dice: 0.8525, IoU: 0.7730
[2026-08-24 17:15:46,256] Epoch: 125, Dataset: test, Dice: 0.2543, IoU: 0.1732
[2026-08-24 17:15:46,829] Epoch: 125, Dataset: val, Dice: 0.8512, IoU: 0.7689
[2026-08-24 17:16:00,293] Epoch: 126, Dataset: test, Dice: 0.3160, IoU: 0.2247
[2026-08-24 17:16:00,858] Epoch: 126, Dataset: val, Dice: 0.8519, IoU: 0.7673
[2026-08-24 17:16:14,313] Epoch: 127, Dataset: test, Dice: 0.2654, IoU: 0.1830
[2026-08-24 17:16:14,894] Epoch: 127, Dataset: val, Dice: 0.8459, IoU: 0.7607
[2026-08-24 17:16:28,332] Epoch: 128, Dataset: test, Dice: 0.3058, IoU: 0.2121
[2026-08-24 17:16:28,912] Epoch: 128, Dataset: val, Dice: 0.8505, IoU: 0.7686
[2026-08-24 17:16:42,385] Epoch: 129, Dataset: test, Dice: 0.2937, IoU: 0.2025
[2026-08-24 17:16:42,940] Epoch: 129, Dataset: val, Dice: 0.8441, IoU: 0.7630
[2026-08-24 17:16:56,396] Epoch: 130, Dataset: test, Dice: 0.3834, IoU: 0.2856
[2026-08-24 17:16:56,976] Epoch: 130, Dataset: val, Dice: 0.8524, IoU: 0.7678
[2026-08-24 17:17:10,433] Epoch: 131, Dataset: test, Dice: 0.3071, IoU: 0.2155
[2026-08-24 17:17:11,030] Epoch: 131, Dataset: val, Dice: 0.8487, IoU: 0.7659
[2026-08-24 17:17:24,478] Epoch: 132, Dataset: test, Dice: 0.3070, IoU: 0.2151
[2026-08-24 17:17:25,048] Epoch: 132, Dataset: val, Dice: 0.8446, IoU: 0.7582
[2026-08-24 17:17:38,515] Epoch: 133, Dataset: test, Dice: 0.2632, IoU: 0.1760
[2026-08-24 17:17:39,101] Epoch: 133, Dataset: val, Dice: 0.8354, IoU: 0.7476
[2026-08-24 17:17:52,535] Epoch: 134, Dataset: test, Dice: 0.3120, IoU: 0.2175
[2026-08-24 17:17:53,112] Epoch: 134, Dataset: val, Dice: 0.8579, IoU: 0.7796
[2026-08-24 17:17:53,113] ### Best Model Saved (Dice improved from 0.8566 to 0.8579) ###
[2026-08-24 17:18:06,655] Epoch: 135, Dataset: test, Dice: 0.3697, IoU: 0.2798
[2026-08-24 17:18:07,220] Epoch: 135, Dataset: val, Dice: 0.8487, IoU: 0.7673
[2026-08-24 17:18:20,690] Epoch: 136, Dataset: test, Dice: 0.3210, IoU: 0.2295
[2026-08-24 17:18:21,277] Epoch: 136, Dataset: val, Dice: 0.8597, IoU: 0.7812
[2026-08-24 17:18:21,277] ### Best Model Saved (Dice improved from 0.8579 to 0.8597) ###
[2026-08-24 17:18:34,864] Epoch: 137, Dataset: test, Dice: 0.3881, IoU: 0.2868
[2026-08-24 17:18:35,451] Epoch: 137, Dataset: val, Dice: 0.8588, IoU: 0.7814
[2026-08-24 17:18:48,917] Epoch: 138, Dataset: test, Dice: 0.3119, IoU: 0.2202
[2026-08-24 17:18:49,497] Epoch: 138, Dataset: val, Dice: 0.8574, IoU: 0.7786
[2026-08-24 17:19:02,947] Epoch: 139, Dataset: test, Dice: 0.3491, IoU: 0.2528
[2026-08-24 17:19:03,514] Epoch: 139, Dataset: val, Dice: 0.8568, IoU: 0.7749
[2026-08-24 17:19:17,056] Epoch: 140, Dataset: test, Dice: 0.3236, IoU: 0.2236
[2026-08-24 17:19:17,646] Epoch: 140, Dataset: val, Dice: 0.8543, IoU: 0.7735
[2026-08-24 17:19:31,120] Epoch: 141, Dataset: test, Dice: 0.3036, IoU: 0.2149
[2026-08-24 17:19:31,697] Epoch: 141, Dataset: val, Dice: 0.8544, IoU: 0.7732
[2026-08-24 17:19:45,233] Epoch: 142, Dataset: test, Dice: 0.4023, IoU: 0.3144
[2026-08-24 17:19:45,805] Epoch: 142, Dataset: val, Dice: 0.8364, IoU: 0.7512
[2026-08-24 17:19:59,338] Epoch: 143, Dataset: test, Dice: 0.3155, IoU: 0.2254
[2026-08-24 17:19:59,916] Epoch: 143, Dataset: val, Dice: 0.8450, IoU: 0.7583
[2026-08-24 17:20:13,453] Epoch: 144, Dataset: test, Dice: 0.3606, IoU: 0.2755
[2026-08-24 17:20:14,069] Epoch: 144, Dataset: val, Dice: 0.8577, IoU: 0.7766
[2026-08-24 17:20:27,687] Epoch: 145, Dataset: test, Dice: 0.3347, IoU: 0.2481
[2026-08-24 17:20:28,263] Epoch: 145, Dataset: val, Dice: 0.8439, IoU: 0.7610
[2026-08-24 17:20:41,772] Epoch: 146, Dataset: test, Dice: 0.3370, IoU: 0.2492
[2026-08-24 17:20:42,338] Epoch: 146, Dataset: val, Dice: 0.8630, IoU: 0.7858
[2026-08-24 17:20:42,338] ### Best Model Saved (Dice improved from 0.8597 to 0.8630) ###
[2026-08-24 17:20:55,887] Epoch: 147, Dataset: test, Dice: 0.3146, IoU: 0.2261
[2026-08-24 17:20:56,495] Epoch: 147, Dataset: val, Dice: 0.8576, IoU: 0.7786
[2026-08-24 17:21:09,982] Epoch: 148, Dataset: test, Dice: 0.2932, IoU: 0.2058
[2026-08-24 17:21:10,556] Epoch: 148, Dataset: val, Dice: 0.8534, IoU: 0.7758
[2026-08-24 17:21:24,167] Epoch: 149, Dataset: test, Dice: 0.3289, IoU: 0.2377
[2026-08-24 17:21:24,763] Epoch: 149, Dataset: val, Dice: 0.8653, IoU: 0.7878
[2026-08-24 17:21:24,763] ### Best Model Saved (Dice improved from 0.8630 to 0.8653) ###
[2026-08-24 17:21:38,309] Epoch: 150, Dataset: test, Dice: 0.3056, IoU: 0.2153
[2026-08-24 17:21:38,871] Epoch: 150, Dataset: val, Dice: 0.8489, IoU: 0.7665
[2026-08-24 17:21:52,318] Epoch: 151, Dataset: test, Dice: 0.3055, IoU: 0.2085
[2026-08-24 17:21:52,881] Epoch: 151, Dataset: val, Dice: 0.8509, IoU: 0.7668
[2026-08-24 17:22:06,448] Epoch: 152, Dataset: test, Dice: 0.3022, IoU: 0.2166
[2026-08-24 17:22:07,023] Epoch: 152, Dataset: val, Dice: 0.8580, IoU: 0.7799
[2026-08-24 17:22:20,512] Epoch: 153, Dataset: test, Dice: 0.3332, IoU: 0.2362
[2026-08-24 17:22:21,086] Epoch: 153, Dataset: val, Dice: 0.8631, IoU: 0.7826
[2026-08-24 17:22:34,587] Epoch: 154, Dataset: test, Dice: 0.3808, IoU: 0.2938
[2026-08-24 17:22:35,158] Epoch: 154, Dataset: val, Dice: 0.8536, IoU: 0.7687
[2026-08-24 17:22:48,573] Epoch: 155, Dataset: test, Dice: 0.3274, IoU: 0.2343
[2026-08-24 17:22:49,149] Epoch: 155, Dataset: val, Dice: 0.8510, IoU: 0.7682
[2026-08-24 17:23:02,628] Epoch: 156, Dataset: test, Dice: 0.3671, IoU: 0.2589
[2026-08-24 17:23:03,210] Epoch: 156, Dataset: val, Dice: 0.8637, IoU: 0.7804
[2026-08-24 17:23:16,688] Epoch: 157, Dataset: test, Dice: 0.3740, IoU: 0.2805
[2026-08-24 17:23:17,268] Epoch: 157, Dataset: val, Dice: 0.8651, IoU: 0.7857
[2026-08-24 17:23:30,775] Epoch: 158, Dataset: test, Dice: 0.3628, IoU: 0.2733
[2026-08-24 17:23:31,349] Epoch: 158, Dataset: val, Dice: 0.8557, IoU: 0.7738
[2026-08-24 17:23:44,899] Epoch: 159, Dataset: test, Dice: 0.3201, IoU: 0.2207
[2026-08-24 17:23:45,488] Epoch: 159, Dataset: val, Dice: 0.8560, IoU: 0.7763
[2026-08-24 17:23:58,936] Epoch: 160, Dataset: test, Dice: 0.3187, IoU: 0.2241
[2026-08-24 17:23:59,533] Epoch: 160, Dataset: val, Dice: 0.8592, IoU: 0.7807
[2026-08-24 17:24:13,096] Epoch: 161, Dataset: test, Dice: 0.3350, IoU: 0.2399
[2026-08-24 17:24:13,675] Epoch: 161, Dataset: val, Dice: 0.8521, IoU: 0.7704
[2026-08-24 17:24:27,262] Epoch: 162, Dataset: test, Dice: 0.3232, IoU: 0.2254
[2026-08-24 17:24:27,847] Epoch: 162, Dataset: val, Dice: 0.8578, IoU: 0.7774
[2026-08-24 17:24:41,391] Epoch: 163, Dataset: test, Dice: 0.3486, IoU: 0.2500
[2026-08-24 17:24:41,959] Epoch: 163, Dataset: val, Dice: 0.8549, IoU: 0.7760
[2026-08-24 17:24:55,800] Epoch: 164, Dataset: test, Dice: 0.3247, IoU: 0.2208
[2026-08-24 17:24:56,381] Epoch: 164, Dataset: val, Dice: 0.8616, IoU: 0.7805
[2026-08-24 17:25:09,763] Epoch: 165, Dataset: test, Dice: 0.3209, IoU: 0.2315
[2026-08-24 17:25:10,328] Epoch: 165, Dataset: val, Dice: 0.8567, IoU: 0.7770
[2026-08-24 17:25:23,762] Epoch: 166, Dataset: test, Dice: 0.3227, IoU: 0.2234
[2026-08-24 17:25:24,367] Epoch: 166, Dataset: val, Dice: 0.8555, IoU: 0.7750
[2026-08-24 17:25:37,734] Epoch: 167, Dataset: test, Dice: 0.2749, IoU: 0.1870
[2026-08-24 17:25:38,315] Epoch: 167, Dataset: val, Dice: 0.8606, IoU: 0.7824
[2026-08-24 17:25:51,727] Epoch: 168, Dataset: test, Dice: 0.3588, IoU: 0.2686
[2026-08-24 17:25:52,301] Epoch: 168, Dataset: val, Dice: 0.8524, IoU: 0.7686
[2026-08-24 17:26:05,758] Epoch: 169, Dataset: test, Dice: 0.3055, IoU: 0.2111
[2026-08-24 17:26:06,311] Epoch: 169, Dataset: val, Dice: 0.8626, IoU: 0.7812
[2026-08-24 17:26:19,699] Epoch: 170, Dataset: test, Dice: 0.3703, IoU: 0.2672
[2026-08-24 17:26:20,277] Epoch: 170, Dataset: val, Dice: 0.8530, IoU: 0.7712
[2026-08-24 17:26:33,730] Epoch: 171, Dataset: test, Dice: 0.3983, IoU: 0.2987
[2026-08-24 17:26:34,342] Epoch: 171, Dataset: val, Dice: 0.8489, IoU: 0.7664
[2026-08-24 17:26:47,731] Epoch: 172, Dataset: test, Dice: 0.3179, IoU: 0.2279
[2026-08-24 17:26:48,310] Epoch: 172, Dataset: val, Dice: 0.8586, IoU: 0.7792
[2026-08-24 17:27:01,727] Epoch: 173, Dataset: test, Dice: 0.3907, IoU: 0.3027
[2026-08-24 17:27:02,298] Epoch: 173, Dataset: val, Dice: 0.8573, IoU: 0.7742
[2026-08-24 17:27:15,669] Epoch: 174, Dataset: test, Dice: 0.3961, IoU: 0.2906
[2026-08-24 17:27:16,247] Epoch: 174, Dataset: val, Dice: 0.8558, IoU: 0.7719
[2026-08-24 17:27:29,663] Epoch: 175, Dataset: test, Dice: 0.3433, IoU: 0.2426
[2026-08-24 17:27:30,225] Epoch: 175, Dataset: val, Dice: 0.8598, IoU: 0.7790
[2026-08-24 17:27:43,696] Epoch: 176, Dataset: test, Dice: 0.3216, IoU: 0.2195
[2026-08-24 17:27:44,331] Epoch: 176, Dataset: val, Dice: 0.8468, IoU: 0.7639
[2026-08-24 17:27:57,717] Epoch: 177, Dataset: test, Dice: 0.3566, IoU: 0.2682
[2026-08-24 17:27:58,278] Epoch: 177, Dataset: val, Dice: 0.8583, IoU: 0.7779
[2026-08-24 17:28:11,689] Epoch: 178, Dataset: test, Dice: 0.3329, IoU: 0.2364
[2026-08-24 17:28:12,256] Epoch: 178, Dataset: val, Dice: 0.8466, IoU: 0.7656
[2026-08-24 17:28:25,696] Epoch: 179, Dataset: test, Dice: 0.3167, IoU: 0.2207
[2026-08-24 17:28:26,286] Epoch: 179, Dataset: val, Dice: 0.8595, IoU: 0.7813
[2026-08-24 17:28:39,678] Epoch: 180, Dataset: test, Dice: 0.3563, IoU: 0.2661
[2026-08-24 17:28:40,217] Epoch: 180, Dataset: val, Dice: 0.8577, IoU: 0.7778
[2026-08-24 17:28:53,678] Epoch: 181, Dataset: test, Dice: 0.3534, IoU: 0.2620
[2026-08-24 17:28:54,271] Epoch: 181, Dataset: val, Dice: 0.8608, IoU: 0.7827
[2026-08-24 17:29:07,677] Epoch: 182, Dataset: test, Dice: 0.3261, IoU: 0.2287
[2026-08-24 17:29:08,249] Epoch: 182, Dataset: val, Dice: 0.8536, IoU: 0.7748
[2026-08-24 17:29:21,670] Epoch: 183, Dataset: test, Dice: 0.3365, IoU: 0.2501
[2026-08-24 17:29:22,228] Epoch: 183, Dataset: val, Dice: 0.8599, IoU: 0.7817
[2026-08-24 17:29:35,682] Epoch: 184, Dataset: test, Dice: 0.3258, IoU: 0.2333
[2026-08-24 17:29:36,243] Epoch: 184, Dataset: val, Dice: 0.8586, IoU: 0.7802
[2026-08-24 17:29:49,652] Epoch: 185, Dataset: test, Dice: 0.3193, IoU: 0.2152
[2026-08-24 17:29:50,215] Epoch: 185, Dataset: val, Dice: 0.8527, IoU: 0.7701
[2026-08-24 17:30:03,625] Epoch: 186, Dataset: test, Dice: 0.3809, IoU: 0.2838
[2026-08-24 17:30:04,238] Epoch: 186, Dataset: val, Dice: 0.8613, IoU: 0.7810
[2026-08-24 17:30:17,579] Epoch: 187, Dataset: test, Dice: 0.3801, IoU: 0.2768
[2026-08-24 17:30:18,144] Epoch: 187, Dataset: val, Dice: 0.8602, IoU: 0.7781
[2026-08-24 17:30:31,569] Epoch: 188, Dataset: test, Dice: 0.3978, IoU: 0.3005
[2026-08-24 17:30:32,135] Epoch: 188, Dataset: val, Dice: 0.8493, IoU: 0.7649
[2026-08-24 17:30:45,600] Epoch: 189, Dataset: test, Dice: 0.3992, IoU: 0.2959
[2026-08-24 17:30:46,177] Epoch: 189, Dataset: val, Dice: 0.8522, IoU: 0.7665
[2026-08-24 17:30:59,536] Epoch: 190, Dataset: test, Dice: 0.3298, IoU: 0.2368
[2026-08-24 17:31:00,100] Epoch: 190, Dataset: val, Dice: 0.8560, IoU: 0.7770
[2026-08-24 17:31:13,449] Epoch: 191, Dataset: test, Dice: 0.3354, IoU: 0.2435
[2026-08-24 17:31:14,038] Epoch: 191, Dataset: val, Dice: 0.8590, IoU: 0.7800
[2026-08-24 17:31:27,462] Epoch: 192, Dataset: test, Dice: 0.3762, IoU: 0.2809
[2026-08-24 17:31:28,036] Epoch: 192, Dataset: val, Dice: 0.8584, IoU: 0.7785
[2026-08-24 17:31:41,356] Epoch: 193, Dataset: test, Dice: 0.3292, IoU: 0.2327
[2026-08-24 17:31:41,947] Epoch: 193, Dataset: val, Dice: 0.8579, IoU: 0.7780
[2026-08-24 17:31:55,290] Epoch: 194, Dataset: test, Dice: 0.3466, IoU: 0.2558
[2026-08-24 17:31:55,864] Epoch: 194, Dataset: val, Dice: 0.8653, IoU: 0.7883
[2026-08-24 17:32:09,246] Epoch: 195, Dataset: test, Dice: 0.3476, IoU: 0.2458
[2026-08-24 17:32:09,815] Epoch: 195, Dataset: val, Dice: 0.8564, IoU: 0.7753
[2026-08-24 17:32:23,091] Epoch: 196, Dataset: test, Dice: 0.3469, IoU: 0.2503
[2026-08-24 17:32:23,657] Epoch: 196, Dataset: val, Dice: 0.8617, IoU: 0.7840
[2026-08-24 17:32:37,075] Epoch: 197, Dataset: test, Dice: 0.3309, IoU: 0.2322
[2026-08-24 17:32:37,633] Epoch: 197, Dataset: val, Dice: 0.8599, IoU: 0.7807
[2026-08-24 17:32:51,006] Epoch: 198, Dataset: test, Dice: 0.3787, IoU: 0.2818
[2026-08-24 17:32:51,587] Epoch: 198, Dataset: val, Dice: 0.8589, IoU: 0.7777
[2026-08-24 17:33:04,985] Epoch: 199, Dataset: test, Dice: 0.3195, IoU: 0.2298
[2026-08-24 17:33:05,544] Epoch: 199, Dataset: val, Dice: 0.8542, IoU: 0.7735
[2026-08-24 17:33:18,881] Epoch: 200, Dataset: test, Dice: 0.3523, IoU: 0.2557
[2026-08-24 17:33:19,454] Epoch: 200, Dataset: val, Dice: 0.8660, IoU: 0.7889
[2026-08-24 17:33:19,455] ### Best Model Saved (Dice improved from 0.8653 to 0.8660) ###
[2026-08-24 17:33:19,488] 
========================================
FINAL RESULTS: ClinicDB_MK_UNet_T_bs8_lr0.0005_e200_augTrue_run4_t164635
Best Val Dice: 0.8660
Test Dice at Best Val: 0.3523
Total Train Time: 2580.38s
========================================
