[2026-08-24 15:13:26,944] flops: 0.126256062, params: 0.027384, Total params: : 0.0274
[2026-08-24 15:13:40,314] Epoch: 1, Dataset: test, Dice: 0.0550, IoU: 0.0299
[2026-08-24 15:13:40,882] Epoch: 1, Dataset: val, Dice: 0.1266, IoU: 0.0733
[2026-08-24 15:13:40,882] ### Best Model Saved (Dice improved from 0.0000 to 0.1266) ###
[2026-08-24 15:13:54,367] Epoch: 2, Dataset: test, Dice: 0.1279, IoU: 0.0725
[2026-08-24 15:13:54,942] Epoch: 2, Dataset: val, Dice: 0.3936, IoU: 0.2809
[2026-08-24 15:13:54,942] ### Best Model Saved (Dice improved from 0.1266 to 0.3936) ###
[2026-08-24 15:14:08,341] Epoch: 3, Dataset: test, Dice: 0.1522, IoU: 0.0899
[2026-08-24 15:14:08,901] Epoch: 3, Dataset: val, Dice: 0.4141, IoU: 0.3036
[2026-08-24 15:14:08,902] ### Best Model Saved (Dice improved from 0.3936 to 0.4141) ###
[2026-08-24 15:14:22,343] Epoch: 4, Dataset: test, Dice: 0.0549, IoU: 0.0295
[2026-08-24 15:14:22,921] Epoch: 4, Dataset: val, Dice: 0.1378, IoU: 0.0806
[2026-08-24 15:14:36,310] Epoch: 5, Dataset: test, Dice: 0.1562, IoU: 0.0921
[2026-08-24 15:14:36,885] Epoch: 5, Dataset: val, Dice: 0.4689, IoU: 0.3468
[2026-08-24 15:14:36,886] ### Best Model Saved (Dice improved from 0.4141 to 0.4689) ###
[2026-08-24 15:14:50,290] Epoch: 6, Dataset: test, Dice: 0.1871, IoU: 0.1220
[2026-08-24 15:14:50,862] Epoch: 6, Dataset: val, Dice: 0.4843, IoU: 0.3508
[2026-08-24 15:14:50,862] ### Best Model Saved (Dice improved from 0.4689 to 0.4843) ###
[2026-08-24 15:15:04,275] Epoch: 7, Dataset: test, Dice: 0.2442, IoU: 0.1591
[2026-08-24 15:15:04,853] Epoch: 7, Dataset: val, Dice: 0.5867, IoU: 0.4578
[2026-08-24 15:15:04,854] ### Best Model Saved (Dice improved from 0.4843 to 0.5867) ###
[2026-08-24 15:15:18,224] Epoch: 8, Dataset: test, Dice: 0.2345, IoU: 0.1447
[2026-08-24 15:15:18,789] Epoch: 8, Dataset: val, Dice: 0.5856, IoU: 0.4535
[2026-08-24 15:15:32,141] Epoch: 9, Dataset: test, Dice: 0.2203, IoU: 0.1333
[2026-08-24 15:15:32,694] Epoch: 9, Dataset: val, Dice: 0.4352, IoU: 0.3010
[2026-08-24 15:15:46,224] Epoch: 10, Dataset: test, Dice: 0.1753, IoU: 0.1122
[2026-08-24 15:15:46,793] Epoch: 10, Dataset: val, Dice: 0.5561, IoU: 0.4363
[2026-08-24 15:16:00,217] Epoch: 11, Dataset: test, Dice: 0.2456, IoU: 0.1616
[2026-08-24 15:16:00,793] Epoch: 11, Dataset: val, Dice: 0.6072, IoU: 0.4827
[2026-08-24 15:16:00,793] ### Best Model Saved (Dice improved from 0.5867 to 0.6072) ###
[2026-08-24 15:16:14,269] Epoch: 12, Dataset: test, Dice: 0.2748, IoU: 0.1853
[2026-08-24 15:16:14,830] Epoch: 12, Dataset: val, Dice: 0.6472, IoU: 0.5231
[2026-08-24 15:16:14,830] ### Best Model Saved (Dice improved from 0.6072 to 0.6472) ###
[2026-08-24 15:16:28,290] Epoch: 13, Dataset: test, Dice: 0.3241, IoU: 0.2329
[2026-08-24 15:16:28,889] Epoch: 13, Dataset: val, Dice: 0.5268, IoU: 0.4058
[2026-08-24 15:16:42,274] Epoch: 14, Dataset: test, Dice: 0.2462, IoU: 0.1665
[2026-08-24 15:16:42,852] Epoch: 14, Dataset: val, Dice: 0.5980, IoU: 0.4703
[2026-08-24 15:16:56,251] Epoch: 15, Dataset: test, Dice: 0.2962, IoU: 0.2078
[2026-08-24 15:16:56,821] Epoch: 15, Dataset: val, Dice: 0.5813, IoU: 0.4626
[2026-08-24 15:17:10,302] Epoch: 16, Dataset: test, Dice: 0.3205, IoU: 0.2303
[2026-08-24 15:17:10,870] Epoch: 16, Dataset: val, Dice: 0.6679, IoU: 0.5480
[2026-08-24 15:17:10,871] ### Best Model Saved (Dice improved from 0.6472 to 0.6679) ###
[2026-08-24 15:17:24,385] Epoch: 17, Dataset: test, Dice: 0.3327, IoU: 0.2413
[2026-08-24 15:17:24,987] Epoch: 17, Dataset: val, Dice: 0.6897, IoU: 0.5669
[2026-08-24 15:17:24,987] ### Best Model Saved (Dice improved from 0.6679 to 0.6897) ###
[2026-08-24 15:17:38,346] Epoch: 18, Dataset: test, Dice: 0.3589, IoU: 0.2710
[2026-08-24 15:17:38,917] Epoch: 18, Dataset: val, Dice: 0.6609, IoU: 0.5486
[2026-08-24 15:17:52,301] Epoch: 19, Dataset: test, Dice: 0.3035, IoU: 0.2161
[2026-08-24 15:17:52,882] Epoch: 19, Dataset: val, Dice: 0.7318, IoU: 0.6208
[2026-08-24 15:17:52,882] ### Best Model Saved (Dice improved from 0.6897 to 0.7318) ###
[2026-08-24 15:18:06,341] Epoch: 20, Dataset: test, Dice: 0.3720, IoU: 0.2872
[2026-08-24 15:18:06,913] Epoch: 20, Dataset: val, Dice: 0.6911, IoU: 0.5747
[2026-08-24 15:18:20,301] Epoch: 21, Dataset: test, Dice: 0.3414, IoU: 0.2453
[2026-08-24 15:18:20,883] Epoch: 21, Dataset: val, Dice: 0.6972, IoU: 0.5889
[2026-08-24 15:18:34,254] Epoch: 22, Dataset: test, Dice: 0.3144, IoU: 0.2280
[2026-08-24 15:18:34,817] Epoch: 22, Dataset: val, Dice: 0.7056, IoU: 0.5895
[2026-08-24 15:18:48,282] Epoch: 23, Dataset: test, Dice: 0.3097, IoU: 0.2186
[2026-08-24 15:18:48,868] Epoch: 23, Dataset: val, Dice: 0.6838, IoU: 0.5719
[2026-08-24 15:19:02,312] Epoch: 24, Dataset: test, Dice: 0.3760, IoU: 0.2898
[2026-08-24 15:19:02,879] Epoch: 24, Dataset: val, Dice: 0.7020, IoU: 0.5811
[2026-08-24 15:19:16,250] Epoch: 25, Dataset: test, Dice: 0.3906, IoU: 0.2898
[2026-08-24 15:19:16,845] Epoch: 25, Dataset: val, Dice: 0.7257, IoU: 0.6146
[2026-08-24 15:19:30,306] Epoch: 26, Dataset: test, Dice: 0.3766, IoU: 0.2823
[2026-08-24 15:19:30,862] Epoch: 26, Dataset: val, Dice: 0.7482, IoU: 0.6438
[2026-08-24 15:19:30,862] ### Best Model Saved (Dice improved from 0.7318 to 0.7482) ###
[2026-08-24 15:19:44,291] Epoch: 27, Dataset: test, Dice: 0.4128, IoU: 0.3396
[2026-08-24 15:19:44,866] Epoch: 27, Dataset: val, Dice: 0.6399, IoU: 0.5269
[2026-08-24 15:19:58,177] Epoch: 28, Dataset: test, Dice: 0.3838, IoU: 0.2805
[2026-08-24 15:19:58,745] Epoch: 28, Dataset: val, Dice: 0.7707, IoU: 0.6658
[2026-08-24 15:19:58,745] ### Best Model Saved (Dice improved from 0.7482 to 0.7707) ###
[2026-08-24 15:20:12,152] Epoch: 29, Dataset: test, Dice: 0.3708, IoU: 0.2918
[2026-08-24 15:20:12,725] Epoch: 29, Dataset: val, Dice: 0.6827, IoU: 0.5780
[2026-08-24 15:20:26,125] Epoch: 30, Dataset: test, Dice: 0.3096, IoU: 0.2241
[2026-08-24 15:20:26,700] Epoch: 30, Dataset: val, Dice: 0.6831, IoU: 0.5700
[2026-08-24 15:20:40,098] Epoch: 31, Dataset: test, Dice: 0.3351, IoU: 0.2480
[2026-08-24 15:20:40,675] Epoch: 31, Dataset: val, Dice: 0.7349, IoU: 0.6234
[2026-08-24 15:20:54,051] Epoch: 32, Dataset: test, Dice: 0.3749, IoU: 0.2824
[2026-08-24 15:20:54,643] Epoch: 32, Dataset: val, Dice: 0.7774, IoU: 0.6779
[2026-08-24 15:20:54,643] ### Best Model Saved (Dice improved from 0.7707 to 0.7774) ###
[2026-08-24 15:21:08,005] Epoch: 33, Dataset: test, Dice: 0.3498, IoU: 0.2604
[2026-08-24 15:21:08,572] Epoch: 33, Dataset: val, Dice: 0.7396, IoU: 0.6276
[2026-08-24 15:21:21,885] Epoch: 34, Dataset: test, Dice: 0.4274, IoU: 0.3281
[2026-08-24 15:21:22,447] Epoch: 34, Dataset: val, Dice: 0.7958, IoU: 0.6923
[2026-08-24 15:21:22,447] ### Best Model Saved (Dice improved from 0.7774 to 0.7958) ###
[2026-08-24 15:21:35,840] Epoch: 35, Dataset: test, Dice: 0.3559, IoU: 0.2611
[2026-08-24 15:21:36,400] Epoch: 35, Dataset: val, Dice: 0.7539, IoU: 0.6515
[2026-08-24 15:21:49,749] Epoch: 36, Dataset: test, Dice: 0.3425, IoU: 0.2411
[2026-08-24 15:21:50,322] Epoch: 36, Dataset: val, Dice: 0.7704, IoU: 0.6701
[2026-08-24 15:22:03,664] Epoch: 37, Dataset: test, Dice: 0.3943, IoU: 0.2851
[2026-08-24 15:22:04,260] Epoch: 37, Dataset: val, Dice: 0.7940, IoU: 0.6941
[2026-08-24 15:22:17,641] Epoch: 38, Dataset: test, Dice: 0.4694, IoU: 0.3641
[2026-08-24 15:22:18,215] Epoch: 38, Dataset: val, Dice: 0.7916, IoU: 0.6960
[2026-08-24 15:22:31,574] Epoch: 39, Dataset: test, Dice: 0.3919, IoU: 0.2990
[2026-08-24 15:22:32,129] Epoch: 39, Dataset: val, Dice: 0.7085, IoU: 0.6024
[2026-08-24 15:22:45,507] Epoch: 40, Dataset: test, Dice: 0.4006, IoU: 0.3120
[2026-08-24 15:22:46,066] Epoch: 40, Dataset: val, Dice: 0.7754, IoU: 0.6720
[2026-08-24 15:22:59,440] Epoch: 41, Dataset: test, Dice: 0.3873, IoU: 0.2856
[2026-08-24 15:23:00,019] Epoch: 41, Dataset: val, Dice: 0.7473, IoU: 0.6437
[2026-08-24 15:23:13,362] Epoch: 42, Dataset: test, Dice: 0.4294, IoU: 0.3365
[2026-08-24 15:23:13,931] Epoch: 42, Dataset: val, Dice: 0.7746, IoU: 0.6765
[2026-08-24 15:23:27,305] Epoch: 43, Dataset: test, Dice: 0.4129, IoU: 0.3066
[2026-08-24 15:23:27,878] Epoch: 43, Dataset: val, Dice: 0.7885, IoU: 0.6987
[2026-08-24 15:23:41,290] Epoch: 44, Dataset: test, Dice: 0.4276, IoU: 0.3251
[2026-08-24 15:23:41,857] Epoch: 44, Dataset: val, Dice: 0.7930, IoU: 0.6952
[2026-08-24 15:23:55,236] Epoch: 45, Dataset: test, Dice: 0.3842, IoU: 0.2875
[2026-08-24 15:23:55,821] Epoch: 45, Dataset: val, Dice: 0.8022, IoU: 0.7065
[2026-08-24 15:23:55,821] ### Best Model Saved (Dice improved from 0.7958 to 0.8022) ###
[2026-08-24 15:24:09,206] Epoch: 46, Dataset: test, Dice: 0.4512, IoU: 0.3532
[2026-08-24 15:24:09,792] Epoch: 46, Dataset: val, Dice: 0.7910, IoU: 0.6922
[2026-08-24 15:24:23,141] Epoch: 47, Dataset: test, Dice: 0.4652, IoU: 0.3702
[2026-08-24 15:24:23,708] Epoch: 47, Dataset: val, Dice: 0.7861, IoU: 0.6875
[2026-08-24 15:24:37,093] Epoch: 48, Dataset: test, Dice: 0.3548, IoU: 0.2588
[2026-08-24 15:24:37,680] Epoch: 48, Dataset: val, Dice: 0.7331, IoU: 0.6238
[2026-08-24 15:24:51,134] Epoch: 49, Dataset: test, Dice: 0.3387, IoU: 0.2427
[2026-08-24 15:24:51,705] Epoch: 49, Dataset: val, Dice: 0.7065, IoU: 0.5987
[2026-08-24 15:25:05,146] Epoch: 50, Dataset: test, Dice: 0.4973, IoU: 0.3916
[2026-08-24 15:25:05,720] Epoch: 50, Dataset: val, Dice: 0.7823, IoU: 0.6791
[2026-08-24 15:25:19,120] Epoch: 51, Dataset: test, Dice: 0.3524, IoU: 0.2541
[2026-08-24 15:25:19,681] Epoch: 51, Dataset: val, Dice: 0.8006, IoU: 0.7029
[2026-08-24 15:25:33,078] Epoch: 52, Dataset: test, Dice: 0.4195, IoU: 0.3082
[2026-08-24 15:25:33,658] Epoch: 52, Dataset: val, Dice: 0.8151, IoU: 0.7182
[2026-08-24 15:25:33,658] ### Best Model Saved (Dice improved from 0.8022 to 0.8151) ###
[2026-08-24 15:25:47,037] Epoch: 53, Dataset: test, Dice: 0.5241, IoU: 0.4202
[2026-08-24 15:25:47,611] Epoch: 53, Dataset: val, Dice: 0.7890, IoU: 0.6862
[2026-08-24 15:26:00,922] Epoch: 54, Dataset: test, Dice: 0.4760, IoU: 0.3702
[2026-08-24 15:26:01,483] Epoch: 54, Dataset: val, Dice: 0.8045, IoU: 0.7029
[2026-08-24 15:26:14,796] Epoch: 55, Dataset: test, Dice: 0.4161, IoU: 0.3178
[2026-08-24 15:26:15,350] Epoch: 55, Dataset: val, Dice: 0.8261, IoU: 0.7349
[2026-08-24 15:26:15,350] ### Best Model Saved (Dice improved from 0.8151 to 0.8261) ###
[2026-08-24 15:26:28,784] Epoch: 56, Dataset: test, Dice: 0.3792, IoU: 0.2803
[2026-08-24 15:26:29,362] Epoch: 56, Dataset: val, Dice: 0.7811, IoU: 0.6796
[2026-08-24 15:26:42,719] Epoch: 57, Dataset: test, Dice: 0.3973, IoU: 0.3032
[2026-08-24 15:26:43,290] Epoch: 57, Dataset: val, Dice: 0.8030, IoU: 0.7088
[2026-08-24 15:26:56,619] Epoch: 58, Dataset: test, Dice: 0.3514, IoU: 0.2610
[2026-08-24 15:26:57,195] Epoch: 58, Dataset: val, Dice: 0.8136, IoU: 0.7201
[2026-08-24 15:27:10,538] Epoch: 59, Dataset: test, Dice: 0.3922, IoU: 0.3042
[2026-08-24 15:27:11,107] Epoch: 59, Dataset: val, Dice: 0.8265, IoU: 0.7336
[2026-08-24 15:27:11,107] ### Best Model Saved (Dice improved from 0.8261 to 0.8265) ###
[2026-08-24 15:27:24,441] Epoch: 60, Dataset: test, Dice: 0.4230, IoU: 0.3173
[2026-08-24 15:27:24,995] Epoch: 60, Dataset: val, Dice: 0.8298, IoU: 0.7429
[2026-08-24 15:27:24,995] ### Best Model Saved (Dice improved from 0.8265 to 0.8298) ###
[2026-08-24 15:27:38,390] Epoch: 61, Dataset: test, Dice: 0.4449, IoU: 0.3634
[2026-08-24 15:27:38,966] Epoch: 61, Dataset: val, Dice: 0.7799, IoU: 0.6729
[2026-08-24 15:27:52,323] Epoch: 62, Dataset: test, Dice: 0.4856, IoU: 0.3810
[2026-08-24 15:27:52,911] Epoch: 62, Dataset: val, Dice: 0.8085, IoU: 0.7108
[2026-08-24 15:28:06,296] Epoch: 63, Dataset: test, Dice: 0.4082, IoU: 0.3119
[2026-08-24 15:28:06,873] Epoch: 63, Dataset: val, Dice: 0.8230, IoU: 0.7352
[2026-08-24 15:28:20,204] Epoch: 64, Dataset: test, Dice: 0.3893, IoU: 0.2920
[2026-08-24 15:28:20,738] Epoch: 64, Dataset: val, Dice: 0.7884, IoU: 0.6903
[2026-08-24 15:28:34,237] Epoch: 65, Dataset: test, Dice: 0.4180, IoU: 0.3245
[2026-08-24 15:28:34,808] Epoch: 65, Dataset: val, Dice: 0.7676, IoU: 0.6636
[2026-08-24 15:28:48,194] Epoch: 66, Dataset: test, Dice: 0.4373, IoU: 0.3264
[2026-08-24 15:28:48,763] Epoch: 66, Dataset: val, Dice: 0.7994, IoU: 0.7116
[2026-08-24 15:29:02,030] Epoch: 67, Dataset: test, Dice: 0.4589, IoU: 0.3504
[2026-08-24 15:29:02,597] Epoch: 67, Dataset: val, Dice: 0.7919, IoU: 0.6938
[2026-08-24 15:29:15,892] Epoch: 68, Dataset: test, Dice: 0.4510, IoU: 0.3410
[2026-08-24 15:29:16,469] Epoch: 68, Dataset: val, Dice: 0.8313, IoU: 0.7462
[2026-08-24 15:29:16,469] ### Best Model Saved (Dice improved from 0.8298 to 0.8313) ###
[2026-08-24 15:29:29,907] Epoch: 69, Dataset: test, Dice: 0.3828, IoU: 0.2767
[2026-08-24 15:29:30,481] Epoch: 69, Dataset: val, Dice: 0.8287, IoU: 0.7384
[2026-08-24 15:29:44,036] Epoch: 70, Dataset: test, Dice: 0.3026, IoU: 0.2095
[2026-08-24 15:29:44,604] Epoch: 70, Dataset: val, Dice: 0.7866, IoU: 0.6883
[2026-08-24 15:29:58,011] Epoch: 71, Dataset: test, Dice: 0.4180, IoU: 0.3139
[2026-08-24 15:29:58,556] Epoch: 71, Dataset: val, Dice: 0.8275, IoU: 0.7336
[2026-08-24 15:30:11,890] Epoch: 72, Dataset: test, Dice: 0.4530, IoU: 0.3529
[2026-08-24 15:30:12,470] Epoch: 72, Dataset: val, Dice: 0.8117, IoU: 0.7190
[2026-08-24 15:30:25,852] Epoch: 73, Dataset: test, Dice: 0.4842, IoU: 0.3756
[2026-08-24 15:30:26,435] Epoch: 73, Dataset: val, Dice: 0.8309, IoU: 0.7426
[2026-08-24 15:30:39,707] Epoch: 74, Dataset: test, Dice: 0.3762, IoU: 0.2874
[2026-08-24 15:30:40,284] Epoch: 74, Dataset: val, Dice: 0.8491, IoU: 0.7628
[2026-08-24 15:30:40,284] ### Best Model Saved (Dice improved from 0.8313 to 0.8491) ###
[2026-08-24 15:30:53,680] Epoch: 75, Dataset: test, Dice: 0.4813, IoU: 0.3783
[2026-08-24 15:30:54,287] Epoch: 75, Dataset: val, Dice: 0.8409, IoU: 0.7521
[2026-08-24 15:31:07,671] Epoch: 76, Dataset: test, Dice: 0.4527, IoU: 0.3508
[2026-08-24 15:31:08,242] Epoch: 76, Dataset: val, Dice: 0.8230, IoU: 0.7364
[2026-08-24 15:31:21,651] Epoch: 77, Dataset: test, Dice: 0.5086, IoU: 0.4019
[2026-08-24 15:31:22,224] Epoch: 77, Dataset: val, Dice: 0.8239, IoU: 0.7328
[2026-08-24 15:31:35,640] Epoch: 78, Dataset: test, Dice: 0.3829, IoU: 0.2925
[2026-08-24 15:31:36,212] Epoch: 78, Dataset: val, Dice: 0.8303, IoU: 0.7355
[2026-08-24 15:31:49,484] Epoch: 79, Dataset: test, Dice: 0.4331, IoU: 0.3546
[2026-08-24 15:31:50,048] Epoch: 79, Dataset: val, Dice: 0.8239, IoU: 0.7432
[2026-08-24 15:32:03,318] Epoch: 80, Dataset: test, Dice: 0.5113, IoU: 0.4122
[2026-08-24 15:32:03,905] Epoch: 80, Dataset: val, Dice: 0.8263, IoU: 0.7342
[2026-08-24 15:32:17,299] Epoch: 81, Dataset: test, Dice: 0.4069, IoU: 0.3079
[2026-08-24 15:32:17,869] Epoch: 81, Dataset: val, Dice: 0.8065, IoU: 0.7078
[2026-08-24 15:32:31,362] Epoch: 82, Dataset: test, Dice: 0.4480, IoU: 0.3414
[2026-08-24 15:32:31,939] Epoch: 82, Dataset: val, Dice: 0.8405, IoU: 0.7612
[2026-08-24 15:32:45,442] Epoch: 83, Dataset: test, Dice: 0.3944, IoU: 0.2977
[2026-08-24 15:32:46,023] Epoch: 83, Dataset: val, Dice: 0.8215, IoU: 0.7239
[2026-08-24 15:32:59,370] Epoch: 84, Dataset: test, Dice: 0.3936, IoU: 0.3052
[2026-08-24 15:32:59,918] Epoch: 84, Dataset: val, Dice: 0.8141, IoU: 0.7199
[2026-08-24 15:33:13,273] Epoch: 85, Dataset: test, Dice: 0.3969, IoU: 0.3044
[2026-08-24 15:33:13,876] Epoch: 85, Dataset: val, Dice: 0.8432, IoU: 0.7524
[2026-08-24 15:33:27,218] Epoch: 86, Dataset: test, Dice: 0.4509, IoU: 0.3461
[2026-08-24 15:33:27,785] Epoch: 86, Dataset: val, Dice: 0.8257, IoU: 0.7382
[2026-08-24 15:33:41,116] Epoch: 87, Dataset: test, Dice: 0.4397, IoU: 0.3433
[2026-08-24 15:33:41,684] Epoch: 87, Dataset: val, Dice: 0.8241, IoU: 0.7372
[2026-08-24 15:33:55,102] Epoch: 88, Dataset: test, Dice: 0.4150, IoU: 0.3128
[2026-08-24 15:33:55,686] Epoch: 88, Dataset: val, Dice: 0.8455, IoU: 0.7650
[2026-08-24 15:34:09,090] Epoch: 89, Dataset: test, Dice: 0.4594, IoU: 0.3464
[2026-08-24 15:34:09,669] Epoch: 89, Dataset: val, Dice: 0.8372, IoU: 0.7497
[2026-08-24 15:34:23,046] Epoch: 90, Dataset: test, Dice: 0.4180, IoU: 0.3243
[2026-08-24 15:34:23,617] Epoch: 90, Dataset: val, Dice: 0.8306, IoU: 0.7425
[2026-08-24 15:34:37,059] Epoch: 91, Dataset: test, Dice: 0.4901, IoU: 0.3807
[2026-08-24 15:34:37,615] Epoch: 91, Dataset: val, Dice: 0.8416, IoU: 0.7579
[2026-08-24 15:34:50,948] Epoch: 92, Dataset: test, Dice: 0.4954, IoU: 0.3913
[2026-08-24 15:34:51,525] Epoch: 92, Dataset: val, Dice: 0.8136, IoU: 0.7170
[2026-08-24 15:35:04,863] Epoch: 93, Dataset: test, Dice: 0.4625, IoU: 0.3484
[2026-08-24 15:35:05,437] Epoch: 93, Dataset: val, Dice: 0.8491, IoU: 0.7671
[2026-08-24 15:35:05,438] ### Best Model Saved (Dice improved from 0.8491 to 0.8491) ###
[2026-08-24 15:35:18,775] Epoch: 94, Dataset: test, Dice: 0.5093, IoU: 0.4052
[2026-08-24 15:35:19,354] Epoch: 94, Dataset: val, Dice: 0.8551, IoU: 0.7748
[2026-08-24 15:35:19,355] ### Best Model Saved (Dice improved from 0.8491 to 0.8551) ###
[2026-08-24 15:35:32,737] Epoch: 95, Dataset: test, Dice: 0.4059, IoU: 0.3051
[2026-08-24 15:35:33,315] Epoch: 95, Dataset: val, Dice: 0.8458, IoU: 0.7634
[2026-08-24 15:35:46,737] Epoch: 96, Dataset: test, Dice: 0.4902, IoU: 0.3776
[2026-08-24 15:35:47,300] Epoch: 96, Dataset: val, Dice: 0.8475, IoU: 0.7660
[2026-08-24 15:36:00,643] Epoch: 97, Dataset: test, Dice: 0.4760, IoU: 0.3631
[2026-08-24 15:36:01,227] Epoch: 97, Dataset: val, Dice: 0.8429, IoU: 0.7628
[2026-08-24 15:36:14,550] Epoch: 98, Dataset: test, Dice: 0.4138, IoU: 0.3074
[2026-08-24 15:36:15,119] Epoch: 98, Dataset: val, Dice: 0.8505, IoU: 0.7670
[2026-08-24 15:36:28,399] Epoch: 99, Dataset: test, Dice: 0.4183, IoU: 0.3331
[2026-08-24 15:36:28,966] Epoch: 99, Dataset: val, Dice: 0.8232, IoU: 0.7308
[2026-08-24 15:36:42,270] Epoch: 100, Dataset: test, Dice: 0.4861, IoU: 0.3898
[2026-08-24 15:36:42,826] Epoch: 100, Dataset: val, Dice: 0.8572, IoU: 0.7763
[2026-08-24 15:36:42,827] ### Best Model Saved (Dice improved from 0.8551 to 0.8572) ###
[2026-08-24 15:36:56,223] Epoch: 101, Dataset: test, Dice: 0.4644, IoU: 0.3706
[2026-08-24 15:36:56,783] Epoch: 101, Dataset: val, Dice: 0.8358, IoU: 0.7482
[2026-08-24 15:37:10,191] Epoch: 102, Dataset: test, Dice: 0.4145, IoU: 0.3161
[2026-08-24 15:37:10,765] Epoch: 102, Dataset: val, Dice: 0.8429, IoU: 0.7564
[2026-08-24 15:37:24,152] Epoch: 103, Dataset: test, Dice: 0.4150, IoU: 0.3119
[2026-08-24 15:37:24,724] Epoch: 103, Dataset: val, Dice: 0.8699, IoU: 0.7911
[2026-08-24 15:37:24,725] ### Best Model Saved (Dice improved from 0.8572 to 0.8699) ###
[2026-08-24 15:37:38,140] Epoch: 104, Dataset: test, Dice: 0.4607, IoU: 0.3624
[2026-08-24 15:37:38,705] Epoch: 104, Dataset: val, Dice: 0.8626, IoU: 0.7805
[2026-08-24 15:37:52,115] Epoch: 105, Dataset: test, Dice: 0.4593, IoU: 0.3583
[2026-08-24 15:37:52,693] Epoch: 105, Dataset: val, Dice: 0.8521, IoU: 0.7674
[2026-08-24 15:38:05,985] Epoch: 106, Dataset: test, Dice: 0.4701, IoU: 0.3702
[2026-08-24 15:38:06,549] Epoch: 106, Dataset: val, Dice: 0.8331, IoU: 0.7460
[2026-08-24 15:38:19,969] Epoch: 107, Dataset: test, Dice: 0.4089, IoU: 0.3083
[2026-08-24 15:38:20,539] Epoch: 107, Dataset: val, Dice: 0.8638, IoU: 0.7820
[2026-08-24 15:38:33,989] Epoch: 108, Dataset: test, Dice: 0.3923, IoU: 0.2910
[2026-08-24 15:38:34,574] Epoch: 108, Dataset: val, Dice: 0.8541, IoU: 0.7706
[2026-08-24 15:38:47,974] Epoch: 109, Dataset: test, Dice: 0.4462, IoU: 0.3426
[2026-08-24 15:38:48,541] Epoch: 109, Dataset: val, Dice: 0.8607, IoU: 0.7767
[2026-08-24 15:39:01,886] Epoch: 110, Dataset: test, Dice: 0.4083, IoU: 0.3155
[2026-08-24 15:39:02,468] Epoch: 110, Dataset: val, Dice: 0.8454, IoU: 0.7584
[2026-08-24 15:39:15,869] Epoch: 111, Dataset: test, Dice: 0.4798, IoU: 0.3716
[2026-08-24 15:39:16,442] Epoch: 111, Dataset: val, Dice: 0.8603, IoU: 0.7833
[2026-08-24 15:39:29,738] Epoch: 112, Dataset: test, Dice: 0.4629, IoU: 0.3662
[2026-08-24 15:39:30,317] Epoch: 112, Dataset: val, Dice: 0.8456, IoU: 0.7626
[2026-08-24 15:39:43,620] Epoch: 113, Dataset: test, Dice: 0.5051, IoU: 0.3962
[2026-08-24 15:39:44,217] Epoch: 113, Dataset: val, Dice: 0.8666, IoU: 0.7848
[2026-08-24 15:39:57,536] Epoch: 114, Dataset: test, Dice: 0.4432, IoU: 0.3335
[2026-08-24 15:39:58,100] Epoch: 114, Dataset: val, Dice: 0.8115, IoU: 0.7198
[2026-08-24 15:40:11,606] Epoch: 115, Dataset: test, Dice: 0.5037, IoU: 0.3969
[2026-08-24 15:40:12,179] Epoch: 115, Dataset: val, Dice: 0.8493, IoU: 0.7699
[2026-08-24 15:40:25,578] Epoch: 116, Dataset: test, Dice: 0.4450, IoU: 0.3333
[2026-08-24 15:40:26,173] Epoch: 116, Dataset: val, Dice: 0.8499, IoU: 0.7683
[2026-08-24 15:40:39,537] Epoch: 117, Dataset: test, Dice: 0.4586, IoU: 0.3540
[2026-08-24 15:40:40,109] Epoch: 117, Dataset: val, Dice: 0.8671, IoU: 0.7880
[2026-08-24 15:40:53,483] Epoch: 118, Dataset: test, Dice: 0.4927, IoU: 0.3855
[2026-08-24 15:40:54,103] Epoch: 118, Dataset: val, Dice: 0.8458, IoU: 0.7623
[2026-08-24 15:41:07,427] Epoch: 119, Dataset: test, Dice: 0.4515, IoU: 0.3547
[2026-08-24 15:41:07,991] Epoch: 119, Dataset: val, Dice: 0.8350, IoU: 0.7465
[2026-08-24 15:41:21,394] Epoch: 120, Dataset: test, Dice: 0.4831, IoU: 0.3849
[2026-08-24 15:41:21,983] Epoch: 120, Dataset: val, Dice: 0.8627, IoU: 0.7822
[2026-08-24 15:41:35,332] Epoch: 121, Dataset: test, Dice: 0.5124, IoU: 0.4052
[2026-08-24 15:41:35,909] Epoch: 121, Dataset: val, Dice: 0.8549, IoU: 0.7733
[2026-08-24 15:41:49,256] Epoch: 122, Dataset: test, Dice: 0.4568, IoU: 0.3542
[2026-08-24 15:41:49,823] Epoch: 122, Dataset: val, Dice: 0.8639, IoU: 0.7851
[2026-08-24 15:42:03,177] Epoch: 123, Dataset: test, Dice: 0.5066, IoU: 0.4098
[2026-08-24 15:42:03,741] Epoch: 123, Dataset: val, Dice: 0.8457, IoU: 0.7692
[2026-08-24 15:42:17,111] Epoch: 124, Dataset: test, Dice: 0.4592, IoU: 0.3495
[2026-08-24 15:42:17,689] Epoch: 124, Dataset: val, Dice: 0.8531, IoU: 0.7764
[2026-08-24 15:42:31,048] Epoch: 125, Dataset: test, Dice: 0.4643, IoU: 0.3563
[2026-08-24 15:42:31,619] Epoch: 125, Dataset: val, Dice: 0.8481, IoU: 0.7708
[2026-08-24 15:42:44,976] Epoch: 126, Dataset: test, Dice: 0.5001, IoU: 0.3897
[2026-08-24 15:42:45,553] Epoch: 126, Dataset: val, Dice: 0.8565, IoU: 0.7814
[2026-08-24 15:42:58,920] Epoch: 127, Dataset: test, Dice: 0.4358, IoU: 0.3332
[2026-08-24 15:42:59,490] Epoch: 127, Dataset: val, Dice: 0.8482, IoU: 0.7671
[2026-08-24 15:43:12,942] Epoch: 128, Dataset: test, Dice: 0.4270, IoU: 0.3253
[2026-08-24 15:43:13,511] Epoch: 128, Dataset: val, Dice: 0.8570, IoU: 0.7798
[2026-08-24 15:43:26,936] Epoch: 129, Dataset: test, Dice: 0.4800, IoU: 0.3685
[2026-08-24 15:43:27,507] Epoch: 129, Dataset: val, Dice: 0.8623, IoU: 0.7859
[2026-08-24 15:43:40,900] Epoch: 130, Dataset: test, Dice: 0.4136, IoU: 0.3245
[2026-08-24 15:43:41,462] Epoch: 130, Dataset: val, Dice: 0.8561, IoU: 0.7752
[2026-08-24 15:43:54,779] Epoch: 131, Dataset: test, Dice: 0.5236, IoU: 0.4150
[2026-08-24 15:43:55,350] Epoch: 131, Dataset: val, Dice: 0.8590, IoU: 0.7801
[2026-08-24 15:44:08,621] Epoch: 132, Dataset: test, Dice: 0.4178, IoU: 0.3197
[2026-08-24 15:44:09,206] Epoch: 132, Dataset: val, Dice: 0.8355, IoU: 0.7495
[2026-08-24 15:44:22,559] Epoch: 133, Dataset: test, Dice: 0.5002, IoU: 0.3900
[2026-08-24 15:44:23,167] Epoch: 133, Dataset: val, Dice: 0.8522, IoU: 0.7741
[2026-08-24 15:44:36,530] Epoch: 134, Dataset: test, Dice: 0.3835, IoU: 0.3018
[2026-08-24 15:44:37,111] Epoch: 134, Dataset: val, Dice: 0.8565, IoU: 0.7782
[2026-08-24 15:44:50,484] Epoch: 135, Dataset: test, Dice: 0.4454, IoU: 0.3406
[2026-08-24 15:44:51,051] Epoch: 135, Dataset: val, Dice: 0.8551, IoU: 0.7799
[2026-08-24 15:45:04,388] Epoch: 136, Dataset: test, Dice: 0.4830, IoU: 0.3942
[2026-08-24 15:45:04,956] Epoch: 136, Dataset: val, Dice: 0.8683, IoU: 0.7847
[2026-08-24 15:45:18,460] Epoch: 137, Dataset: test, Dice: 0.4623, IoU: 0.3574
[2026-08-24 15:45:19,017] Epoch: 137, Dataset: val, Dice: 0.8238, IoU: 0.7344
[2026-08-24 15:45:32,314] Epoch: 138, Dataset: test, Dice: 0.4971, IoU: 0.3966
[2026-08-24 15:45:32,882] Epoch: 138, Dataset: val, Dice: 0.8708, IoU: 0.7957
[2026-08-24 15:45:32,882] ### Best Model Saved (Dice improved from 0.8699 to 0.8708) ###
[2026-08-24 15:45:46,210] Epoch: 139, Dataset: test, Dice: 0.4595, IoU: 0.3598
[2026-08-24 15:45:46,781] Epoch: 139, Dataset: val, Dice: 0.8630, IoU: 0.7909
[2026-08-24 15:46:00,147] Epoch: 140, Dataset: test, Dice: 0.4539, IoU: 0.3551
[2026-08-24 15:46:00,712] Epoch: 140, Dataset: val, Dice: 0.8632, IoU: 0.7870
[2026-08-24 15:46:14,148] Epoch: 141, Dataset: test, Dice: 0.4239, IoU: 0.3271
[2026-08-24 15:46:14,730] Epoch: 141, Dataset: val, Dice: 0.8620, IoU: 0.7850
[2026-08-24 15:46:28,100] Epoch: 142, Dataset: test, Dice: 0.5334, IoU: 0.4265
[2026-08-24 15:46:28,662] Epoch: 142, Dataset: val, Dice: 0.8538, IoU: 0.7761
[2026-08-24 15:46:42,093] Epoch: 143, Dataset: test, Dice: 0.4719, IoU: 0.3653
[2026-08-24 15:46:42,669] Epoch: 143, Dataset: val, Dice: 0.8632, IoU: 0.7839
[2026-08-24 15:46:56,018] Epoch: 144, Dataset: test, Dice: 0.5598, IoU: 0.4570
[2026-08-24 15:46:56,575] Epoch: 144, Dataset: val, Dice: 0.8690, IoU: 0.7860
[2026-08-24 15:47:09,842] Epoch: 145, Dataset: test, Dice: 0.5399, IoU: 0.4336
[2026-08-24 15:47:10,407] Epoch: 145, Dataset: val, Dice: 0.8604, IoU: 0.7830
[2026-08-24 15:47:23,748] Epoch: 146, Dataset: test, Dice: 0.4596, IoU: 0.3556
[2026-08-24 15:47:24,358] Epoch: 146, Dataset: val, Dice: 0.8607, IoU: 0.7854
[2026-08-24 15:47:37,848] Epoch: 147, Dataset: test, Dice: 0.4612, IoU: 0.3573
[2026-08-24 15:47:38,417] Epoch: 147, Dataset: val, Dice: 0.8425, IoU: 0.7608
[2026-08-24 15:47:51,785] Epoch: 148, Dataset: test, Dice: 0.4839, IoU: 0.3824
[2026-08-24 15:47:52,368] Epoch: 148, Dataset: val, Dice: 0.8492, IoU: 0.7779
[2026-08-24 15:48:05,701] Epoch: 149, Dataset: test, Dice: 0.4904, IoU: 0.3824
[2026-08-24 15:48:06,278] Epoch: 149, Dataset: val, Dice: 0.8539, IoU: 0.7707
[2026-08-24 15:48:19,673] Epoch: 150, Dataset: test, Dice: 0.4518, IoU: 0.3464
[2026-08-24 15:48:20,248] Epoch: 150, Dataset: val, Dice: 0.8786, IoU: 0.8032
[2026-08-24 15:48:20,248] ### Best Model Saved (Dice improved from 0.8708 to 0.8786) ###
[2026-08-24 15:48:33,720] Epoch: 151, Dataset: test, Dice: 0.4851, IoU: 0.3825
[2026-08-24 15:48:34,312] Epoch: 151, Dataset: val, Dice: 0.8667, IoU: 0.7874
[2026-08-24 15:48:47,639] Epoch: 152, Dataset: test, Dice: 0.5240, IoU: 0.4148
[2026-08-24 15:48:48,214] Epoch: 152, Dataset: val, Dice: 0.8579, IoU: 0.7806
[2026-08-24 15:49:01,575] Epoch: 153, Dataset: test, Dice: 0.4926, IoU: 0.3908
[2026-08-24 15:49:02,154] Epoch: 153, Dataset: val, Dice: 0.8559, IoU: 0.7745
[2026-08-24 15:49:15,507] Epoch: 154, Dataset: test, Dice: 0.5218, IoU: 0.4095
[2026-08-24 15:49:16,060] Epoch: 154, Dataset: val, Dice: 0.8650, IoU: 0.7833
[2026-08-24 15:49:29,434] Epoch: 155, Dataset: test, Dice: 0.5198, IoU: 0.4101
[2026-08-24 15:49:30,000] Epoch: 155, Dataset: val, Dice: 0.8610, IoU: 0.7817
[2026-08-24 15:49:43,347] Epoch: 156, Dataset: test, Dice: 0.4886, IoU: 0.3835
[2026-08-24 15:49:43,956] Epoch: 156, Dataset: val, Dice: 0.8696, IoU: 0.7898
[2026-08-24 15:49:57,310] Epoch: 157, Dataset: test, Dice: 0.5640, IoU: 0.4531
[2026-08-24 15:49:57,881] Epoch: 157, Dataset: val, Dice: 0.8623, IoU: 0.7847
[2026-08-24 15:50:11,170] Epoch: 158, Dataset: test, Dice: 0.4542, IoU: 0.3593
[2026-08-24 15:50:11,739] Epoch: 158, Dataset: val, Dice: 0.8618, IoU: 0.7779
[2026-08-24 15:50:25,088] Epoch: 159, Dataset: test, Dice: 0.4551, IoU: 0.3620
[2026-08-24 15:50:25,683] Epoch: 159, Dataset: val, Dice: 0.8611, IoU: 0.7775
[2026-08-24 15:50:39,152] Epoch: 160, Dataset: test, Dice: 0.4388, IoU: 0.3347
[2026-08-24 15:50:39,731] Epoch: 160, Dataset: val, Dice: 0.8607, IoU: 0.7863
[2026-08-24 15:50:53,161] Epoch: 161, Dataset: test, Dice: 0.4843, IoU: 0.3750
[2026-08-24 15:50:53,740] Epoch: 161, Dataset: val, Dice: 0.8693, IoU: 0.7948
[2026-08-24 15:51:07,084] Epoch: 162, Dataset: test, Dice: 0.4652, IoU: 0.3672
[2026-08-24 15:51:07,655] Epoch: 162, Dataset: val, Dice: 0.8574, IoU: 0.7750
[2026-08-24 15:51:21,035] Epoch: 163, Dataset: test, Dice: 0.4547, IoU: 0.3550
[2026-08-24 15:51:21,593] Epoch: 163, Dataset: val, Dice: 0.8624, IoU: 0.7834
[2026-08-24 15:51:34,895] Epoch: 164, Dataset: test, Dice: 0.5067, IoU: 0.3982
[2026-08-24 15:51:35,475] Epoch: 164, Dataset: val, Dice: 0.8725, IoU: 0.7956
[2026-08-24 15:51:48,863] Epoch: 165, Dataset: test, Dice: 0.4765, IoU: 0.3764
[2026-08-24 15:51:49,445] Epoch: 165, Dataset: val, Dice: 0.8637, IoU: 0.7867
[2026-08-24 15:52:02,793] Epoch: 166, Dataset: test, Dice: 0.4587, IoU: 0.3581
[2026-08-24 15:52:03,370] Epoch: 166, Dataset: val, Dice: 0.8685, IoU: 0.7932
[2026-08-24 15:52:16,819] Epoch: 167, Dataset: test, Dice: 0.4686, IoU: 0.3589
[2026-08-24 15:52:17,405] Epoch: 167, Dataset: val, Dice: 0.8689, IoU: 0.7954
[2026-08-24 15:52:30,748] Epoch: 168, Dataset: test, Dice: 0.4658, IoU: 0.3626
[2026-08-24 15:52:31,318] Epoch: 168, Dataset: val, Dice: 0.8667, IoU: 0.7912
[2026-08-24 15:52:44,671] Epoch: 169, Dataset: test, Dice: 0.4835, IoU: 0.3730
[2026-08-24 15:52:45,237] Epoch: 169, Dataset: val, Dice: 0.8746, IoU: 0.7998
[2026-08-24 15:52:58,609] Epoch: 170, Dataset: test, Dice: 0.4319, IoU: 0.3313
[2026-08-24 15:52:59,182] Epoch: 170, Dataset: val, Dice: 0.8716, IoU: 0.7946
[2026-08-24 15:53:12,413] Epoch: 171, Dataset: test, Dice: 0.4687, IoU: 0.3778
[2026-08-24 15:53:12,987] Epoch: 171, Dataset: val, Dice: 0.8396, IoU: 0.7532
[2026-08-24 15:53:26,306] Epoch: 172, Dataset: test, Dice: 0.4834, IoU: 0.3816
[2026-08-24 15:53:26,877] Epoch: 172, Dataset: val, Dice: 0.8732, IoU: 0.7967
[2026-08-24 15:53:40,266] Epoch: 173, Dataset: test, Dice: 0.5356, IoU: 0.4286
[2026-08-24 15:53:40,841] Epoch: 173, Dataset: val, Dice: 0.8540, IoU: 0.7794
[2026-08-24 15:53:54,214] Epoch: 174, Dataset: test, Dice: 0.4403, IoU: 0.3454
[2026-08-24 15:53:54,783] Epoch: 174, Dataset: val, Dice: 0.8633, IoU: 0.7785
[2026-08-24 15:54:08,097] Epoch: 175, Dataset: test, Dice: 0.4802, IoU: 0.3688
[2026-08-24 15:54:08,666] Epoch: 175, Dataset: val, Dice: 0.8679, IoU: 0.7941
[2026-08-24 15:54:21,957] Epoch: 176, Dataset: test, Dice: 0.4755, IoU: 0.3718
[2026-08-24 15:54:22,511] Epoch: 176, Dataset: val, Dice: 0.8723, IoU: 0.7971
[2026-08-24 15:54:35,859] Epoch: 177, Dataset: test, Dice: 0.4537, IoU: 0.3503
[2026-08-24 15:54:36,455] Epoch: 177, Dataset: val, Dice: 0.8673, IoU: 0.7935
[2026-08-24 15:54:49,849] Epoch: 178, Dataset: test, Dice: 0.4810, IoU: 0.3910
[2026-08-24 15:54:50,414] Epoch: 178, Dataset: val, Dice: 0.8267, IoU: 0.7339
[2026-08-24 15:55:03,797] Epoch: 179, Dataset: test, Dice: 0.4434, IoU: 0.3438
[2026-08-24 15:55:04,407] Epoch: 179, Dataset: val, Dice: 0.8735, IoU: 0.7973
[2026-08-24 15:55:17,847] Epoch: 180, Dataset: test, Dice: 0.4520, IoU: 0.3530
[2026-08-24 15:55:18,409] Epoch: 180, Dataset: val, Dice: 0.8786, IoU: 0.8014
[2026-08-24 15:55:31,790] Epoch: 181, Dataset: test, Dice: 0.4756, IoU: 0.3728
[2026-08-24 15:55:32,362] Epoch: 181, Dataset: val, Dice: 0.8540, IoU: 0.7760
[2026-08-24 15:55:45,793] Epoch: 182, Dataset: test, Dice: 0.5248, IoU: 0.4228
[2026-08-24 15:55:46,352] Epoch: 182, Dataset: val, Dice: 0.8551, IoU: 0.7715
[2026-08-24 15:55:59,702] Epoch: 183, Dataset: test, Dice: 0.4707, IoU: 0.3647
[2026-08-24 15:56:00,281] Epoch: 183, Dataset: val, Dice: 0.8651, IoU: 0.7913
[2026-08-24 15:56:13,617] Epoch: 184, Dataset: test, Dice: 0.4656, IoU: 0.3602
[2026-08-24 15:56:14,228] Epoch: 184, Dataset: val, Dice: 0.8702, IoU: 0.7936
[2026-08-24 15:56:27,589] Epoch: 185, Dataset: test, Dice: 0.4800, IoU: 0.3699
[2026-08-24 15:56:28,171] Epoch: 185, Dataset: val, Dice: 0.8633, IoU: 0.7855
[2026-08-24 15:56:41,559] Epoch: 186, Dataset: test, Dice: 0.4877, IoU: 0.3769
[2026-08-24 15:56:42,132] Epoch: 186, Dataset: val, Dice: 0.8569, IoU: 0.7842
[2026-08-24 15:56:55,498] Epoch: 187, Dataset: test, Dice: 0.4754, IoU: 0.3732
[2026-08-24 15:56:56,056] Epoch: 187, Dataset: val, Dice: 0.8645, IoU: 0.7880
[2026-08-24 15:57:09,416] Epoch: 188, Dataset: test, Dice: 0.4639, IoU: 0.3601
[2026-08-24 15:57:09,970] Epoch: 188, Dataset: val, Dice: 0.8625, IoU: 0.7851
[2026-08-24 15:57:23,354] Epoch: 189, Dataset: test, Dice: 0.4834, IoU: 0.3806
[2026-08-24 15:57:23,932] Epoch: 189, Dataset: val, Dice: 0.8588, IoU: 0.7829
[2026-08-24 15:57:37,342] Epoch: 190, Dataset: test, Dice: 0.4932, IoU: 0.3985
[2026-08-24 15:57:37,902] Epoch: 190, Dataset: val, Dice: 0.8619, IoU: 0.7828
[2026-08-24 15:57:51,311] Epoch: 191, Dataset: test, Dice: 0.4339, IoU: 0.3352
[2026-08-24 15:57:51,897] Epoch: 191, Dataset: val, Dice: 0.8666, IoU: 0.7890
[2026-08-24 15:58:05,308] Epoch: 192, Dataset: test, Dice: 0.4492, IoU: 0.3483
[2026-08-24 15:58:05,876] Epoch: 192, Dataset: val, Dice: 0.8708, IoU: 0.7951
[2026-08-24 15:58:19,238] Epoch: 193, Dataset: test, Dice: 0.4559, IoU: 0.3552
[2026-08-24 15:58:19,793] Epoch: 193, Dataset: val, Dice: 0.8643, IoU: 0.7863
[2026-08-24 15:58:33,212] Epoch: 194, Dataset: test, Dice: 0.5350, IoU: 0.4248
[2026-08-24 15:58:33,799] Epoch: 194, Dataset: val, Dice: 0.8595, IoU: 0.7850
[2026-08-24 15:58:47,101] Epoch: 195, Dataset: test, Dice: 0.4710, IoU: 0.3679
[2026-08-24 15:58:47,661] Epoch: 195, Dataset: val, Dice: 0.8708, IoU: 0.7991
[2026-08-24 15:59:01,044] Epoch: 196, Dataset: test, Dice: 0.4290, IoU: 0.3336
[2026-08-24 15:59:01,609] Epoch: 196, Dataset: val, Dice: 0.8728, IoU: 0.7975
[2026-08-24 15:59:14,982] Epoch: 197, Dataset: test, Dice: 0.4707, IoU: 0.3677
[2026-08-24 15:59:15,542] Epoch: 197, Dataset: val, Dice: 0.8733, IoU: 0.7959
[2026-08-24 15:59:28,895] Epoch: 198, Dataset: test, Dice: 0.4338, IoU: 0.3407
[2026-08-24 15:59:29,466] Epoch: 198, Dataset: val, Dice: 0.8657, IoU: 0.7904
[2026-08-24 15:59:42,918] Epoch: 199, Dataset: test, Dice: 0.5443, IoU: 0.4321
[2026-08-24 15:59:43,499] Epoch: 199, Dataset: val, Dice: 0.8621, IoU: 0.7847
[2026-08-24 15:59:56,907] Epoch: 200, Dataset: test, Dice: 0.4630, IoU: 0.3587
[2026-08-24 15:59:57,481] Epoch: 200, Dataset: val, Dice: 0.8696, IoU: 0.7959
[2026-08-24 15:59:57,483] 
========================================
FINAL RESULTS: ClinicDB_MK_UNet_T_bs8_lr0.0005_e200_augTrue_run2_t151326
Best Val Dice: 0.8786
Test Dice at Best Val: 0.4518
Total Train Time: 2569.04s
========================================
