[2026-08-25 09:57:39,448] flops: 0.619251354, params: 0.315566, Total params: : 0.3156
[2026-08-25 09:58:07,462] Epoch: 1, Dataset: test, Dice: 0.1718, IoU: 0.1040
[2026-08-25 09:58:08,280] Epoch: 1, Dataset: val, Dice: 0.3923, IoU: 0.2768
[2026-08-25 09:58:08,281] ### Best Model Saved (Dice improved from 0.0000 to 0.3923) ###
[2026-08-25 09:58:36,250] Epoch: 2, Dataset: test, Dice: 0.1645, IoU: 0.0976
[2026-08-25 09:58:37,044] Epoch: 2, Dataset: val, Dice: 0.4435, IoU: 0.3247
[2026-08-25 09:58:37,044] ### Best Model Saved (Dice improved from 0.3923 to 0.4435) ###
[2026-08-25 09:59:04,996] Epoch: 3, Dataset: test, Dice: 0.1414, IoU: 0.0859
[2026-08-25 09:59:05,796] Epoch: 3, Dataset: val, Dice: 0.5192, IoU: 0.4100
[2026-08-25 09:59:05,796] ### Best Model Saved (Dice improved from 0.4435 to 0.5192) ###
[2026-08-25 09:59:33,815] Epoch: 4, Dataset: test, Dice: 0.1861, IoU: 0.1109
[2026-08-25 09:59:34,652] Epoch: 4, Dataset: val, Dice: 0.4329, IoU: 0.3111
[2026-08-25 10:00:02,659] Epoch: 5, Dataset: test, Dice: 0.1986, IoU: 0.1211
[2026-08-25 10:00:03,463] Epoch: 5, Dataset: val, Dice: 0.5441, IoU: 0.4295
[2026-08-25 10:00:03,463] ### Best Model Saved (Dice improved from 0.5192 to 0.5441) ###
[2026-08-25 10:00:31,502] Epoch: 6, Dataset: test, Dice: 0.2067, IoU: 0.1285
[2026-08-25 10:00:32,306] Epoch: 6, Dataset: val, Dice: 0.4448, IoU: 0.3252
[2026-08-25 10:01:00,263] Epoch: 7, Dataset: test, Dice: 0.2306, IoU: 0.1441
[2026-08-25 10:01:01,119] Epoch: 7, Dataset: val, Dice: 0.5734, IoU: 0.4452
[2026-08-25 10:01:01,119] ### Best Model Saved (Dice improved from 0.5441 to 0.5734) ###
[2026-08-25 10:01:29,158] Epoch: 8, Dataset: test, Dice: 0.2562, IoU: 0.1691
[2026-08-25 10:01:30,000] Epoch: 8, Dataset: val, Dice: 0.6311, IoU: 0.5076
[2026-08-25 10:01:30,000] ### Best Model Saved (Dice improved from 0.5734 to 0.6311) ###
[2026-08-25 10:01:58,084] Epoch: 9, Dataset: test, Dice: 0.2995, IoU: 0.1995
[2026-08-25 10:01:58,881] Epoch: 9, Dataset: val, Dice: 0.6662, IoU: 0.5459
[2026-08-25 10:01:58,881] ### Best Model Saved (Dice improved from 0.6311 to 0.6662) ###
[2026-08-25 10:02:26,856] Epoch: 10, Dataset: test, Dice: 0.2922, IoU: 0.1950
[2026-08-25 10:02:27,675] Epoch: 10, Dataset: val, Dice: 0.6626, IoU: 0.5459
[2026-08-25 10:02:55,553] Epoch: 11, Dataset: test, Dice: 0.2682, IoU: 0.1858
[2026-08-25 10:02:56,394] Epoch: 11, Dataset: val, Dice: 0.6059, IoU: 0.4809
[2026-08-25 10:03:24,345] Epoch: 12, Dataset: test, Dice: 0.4120, IoU: 0.3109
[2026-08-25 10:03:25,158] Epoch: 12, Dataset: val, Dice: 0.6831, IoU: 0.5600
[2026-08-25 10:03:25,159] ### Best Model Saved (Dice improved from 0.6662 to 0.6831) ###
[2026-08-25 10:03:53,193] Epoch: 13, Dataset: test, Dice: 0.2897, IoU: 0.1910
[2026-08-25 10:03:53,992] Epoch: 13, Dataset: val, Dice: 0.6567, IoU: 0.5393
[2026-08-25 10:04:21,962] Epoch: 14, Dataset: test, Dice: 0.2575, IoU: 0.1703
[2026-08-25 10:04:22,771] Epoch: 14, Dataset: val, Dice: 0.6897, IoU: 0.5704
[2026-08-25 10:04:22,771] ### Best Model Saved (Dice improved from 0.6831 to 0.6897) ###
[2026-08-25 10:04:50,812] Epoch: 15, Dataset: test, Dice: 0.2331, IoU: 0.1470
[2026-08-25 10:04:51,607] Epoch: 15, Dataset: val, Dice: 0.6313, IoU: 0.5220
[2026-08-25 10:05:19,561] Epoch: 16, Dataset: test, Dice: 0.3367, IoU: 0.2333
[2026-08-25 10:05:20,359] Epoch: 16, Dataset: val, Dice: 0.7338, IoU: 0.6188
[2026-08-25 10:05:20,359] ### Best Model Saved (Dice improved from 0.6897 to 0.7338) ###
[2026-08-25 10:05:48,423] Epoch: 17, Dataset: test, Dice: 0.3338, IoU: 0.2342
[2026-08-25 10:05:49,230] Epoch: 17, Dataset: val, Dice: 0.7904, IoU: 0.6850
[2026-08-25 10:05:49,230] ### Best Model Saved (Dice improved from 0.7338 to 0.7904) ###
[2026-08-25 10:06:17,221] Epoch: 18, Dataset: test, Dice: 0.2079, IoU: 0.1339
[2026-08-25 10:06:18,043] Epoch: 18, Dataset: val, Dice: 0.4994, IoU: 0.3730
[2026-08-25 10:06:45,994] Epoch: 19, Dataset: test, Dice: 0.3526, IoU: 0.2572
[2026-08-25 10:06:46,820] Epoch: 19, Dataset: val, Dice: 0.7661, IoU: 0.6658
[2026-08-25 10:07:14,801] Epoch: 20, Dataset: test, Dice: 0.3288, IoU: 0.2242
[2026-08-25 10:07:15,619] Epoch: 20, Dataset: val, Dice: 0.7679, IoU: 0.6594
[2026-08-25 10:07:43,587] Epoch: 21, Dataset: test, Dice: 0.2701, IoU: 0.1844
[2026-08-25 10:07:44,388] Epoch: 21, Dataset: val, Dice: 0.7373, IoU: 0.6254
[2026-08-25 10:08:12,336] Epoch: 22, Dataset: test, Dice: 0.3784, IoU: 0.2811
[2026-08-25 10:08:13,156] Epoch: 22, Dataset: val, Dice: 0.8015, IoU: 0.7045
[2026-08-25 10:08:13,157] ### Best Model Saved (Dice improved from 0.7904 to 0.8015) ###
[2026-08-25 10:08:41,217] Epoch: 23, Dataset: test, Dice: 0.2758, IoU: 0.1765
[2026-08-25 10:08:42,048] Epoch: 23, Dataset: val, Dice: 0.6417, IoU: 0.5158
[2026-08-25 10:09:09,998] Epoch: 24, Dataset: test, Dice: 0.2677, IoU: 0.1831
[2026-08-25 10:09:10,807] Epoch: 24, Dataset: val, Dice: 0.7741, IoU: 0.6698
[2026-08-25 10:09:38,746] Epoch: 25, Dataset: test, Dice: 0.3016, IoU: 0.2112
[2026-08-25 10:09:39,571] Epoch: 25, Dataset: val, Dice: 0.8111, IoU: 0.7190
[2026-08-25 10:09:39,572] ### Best Model Saved (Dice improved from 0.8015 to 0.8111) ###
[2026-08-25 10:10:07,587] Epoch: 26, Dataset: test, Dice: 0.4645, IoU: 0.3589
[2026-08-25 10:10:08,420] Epoch: 26, Dataset: val, Dice: 0.8081, IoU: 0.7104
[2026-08-25 10:10:36,424] Epoch: 27, Dataset: test, Dice: 0.3783, IoU: 0.2785
[2026-08-25 10:10:37,240] Epoch: 27, Dataset: val, Dice: 0.7739, IoU: 0.6666
[2026-08-25 10:11:05,199] Epoch: 28, Dataset: test, Dice: 0.3094, IoU: 0.2142
[2026-08-25 10:11:06,032] Epoch: 28, Dataset: val, Dice: 0.6817, IoU: 0.5567
[2026-08-25 10:11:34,025] Epoch: 29, Dataset: test, Dice: 0.3527, IoU: 0.2631
[2026-08-25 10:11:34,831] Epoch: 29, Dataset: val, Dice: 0.7589, IoU: 0.6550
[2026-08-25 10:12:02,872] Epoch: 30, Dataset: test, Dice: 0.4050, IoU: 0.3079
[2026-08-25 10:12:03,679] Epoch: 30, Dataset: val, Dice: 0.7520, IoU: 0.6429
[2026-08-25 10:12:31,651] Epoch: 31, Dataset: test, Dice: 0.3622, IoU: 0.2712
[2026-08-25 10:12:32,464] Epoch: 31, Dataset: val, Dice: 0.7908, IoU: 0.6905
[2026-08-25 10:13:00,450] Epoch: 32, Dataset: test, Dice: 0.3326, IoU: 0.2453
[2026-08-25 10:13:01,271] Epoch: 32, Dataset: val, Dice: 0.8145, IoU: 0.7215
[2026-08-25 10:13:01,272] ### Best Model Saved (Dice improved from 0.8111 to 0.8145) ###
[2026-08-25 10:13:29,311] Epoch: 33, Dataset: test, Dice: 0.4860, IoU: 0.3792
[2026-08-25 10:13:30,128] Epoch: 33, Dataset: val, Dice: 0.8026, IoU: 0.7045
[2026-08-25 10:13:58,163] Epoch: 34, Dataset: test, Dice: 0.4044, IoU: 0.3049
[2026-08-25 10:13:58,987] Epoch: 34, Dataset: val, Dice: 0.8040, IoU: 0.7150
[2026-08-25 10:14:26,931] Epoch: 35, Dataset: test, Dice: 0.3239, IoU: 0.2250
[2026-08-25 10:14:27,734] Epoch: 35, Dataset: val, Dice: 0.7894, IoU: 0.6878
[2026-08-25 10:14:55,674] Epoch: 36, Dataset: test, Dice: 0.4337, IoU: 0.3335
[2026-08-25 10:14:56,490] Epoch: 36, Dataset: val, Dice: 0.8103, IoU: 0.7142
[2026-08-25 10:15:24,503] Epoch: 37, Dataset: test, Dice: 0.3818, IoU: 0.2915
[2026-08-25 10:15:25,311] Epoch: 37, Dataset: val, Dice: 0.8247, IoU: 0.7370
[2026-08-25 10:15:25,311] ### Best Model Saved (Dice improved from 0.8145 to 0.8247) ###
[2026-08-25 10:15:53,281] Epoch: 38, Dataset: test, Dice: 0.3677, IoU: 0.2701
[2026-08-25 10:15:54,109] Epoch: 38, Dataset: val, Dice: 0.7755, IoU: 0.6776
[2026-08-25 10:16:22,067] Epoch: 39, Dataset: test, Dice: 0.2893, IoU: 0.1985
[2026-08-25 10:16:22,886] Epoch: 39, Dataset: val, Dice: 0.7695, IoU: 0.6668
[2026-08-25 10:16:50,892] Epoch: 40, Dataset: test, Dice: 0.4254, IoU: 0.3294
[2026-08-25 10:16:51,758] Epoch: 40, Dataset: val, Dice: 0.8066, IoU: 0.7130
[2026-08-25 10:17:19,745] Epoch: 41, Dataset: test, Dice: 0.4446, IoU: 0.3531
[2026-08-25 10:17:20,561] Epoch: 41, Dataset: val, Dice: 0.7962, IoU: 0.6947
[2026-08-25 10:17:48,530] Epoch: 42, Dataset: test, Dice: 0.4866, IoU: 0.3874
[2026-08-25 10:17:49,365] Epoch: 42, Dataset: val, Dice: 0.7820, IoU: 0.6960
[2026-08-25 10:18:17,317] Epoch: 43, Dataset: test, Dice: 0.4651, IoU: 0.3656
[2026-08-25 10:18:18,100] Epoch: 43, Dataset: val, Dice: 0.8273, IoU: 0.7386
[2026-08-25 10:18:18,101] ### Best Model Saved (Dice improved from 0.8247 to 0.8273) ###
[2026-08-25 10:18:46,124] Epoch: 44, Dataset: test, Dice: 0.4744, IoU: 0.3713
[2026-08-25 10:18:46,948] Epoch: 44, Dataset: val, Dice: 0.8543, IoU: 0.7750
[2026-08-25 10:18:46,948] ### Best Model Saved (Dice improved from 0.8273 to 0.8543) ###
[2026-08-25 10:19:15,015] Epoch: 45, Dataset: test, Dice: 0.4235, IoU: 0.3294
[2026-08-25 10:19:15,845] Epoch: 45, Dataset: val, Dice: 0.8474, IoU: 0.7643
[2026-08-25 10:19:43,801] Epoch: 46, Dataset: test, Dice: 0.4244, IoU: 0.3285
[2026-08-25 10:19:44,643] Epoch: 46, Dataset: val, Dice: 0.8344, IoU: 0.7456
[2026-08-25 10:20:12,603] Epoch: 47, Dataset: test, Dice: 0.4305, IoU: 0.3356
[2026-08-25 10:20:13,394] Epoch: 47, Dataset: val, Dice: 0.8532, IoU: 0.7731
[2026-08-25 10:20:41,383] Epoch: 48, Dataset: test, Dice: 0.4130, IoU: 0.3189
[2026-08-25 10:20:42,222] Epoch: 48, Dataset: val, Dice: 0.8325, IoU: 0.7521
[2026-08-25 10:21:10,224] Epoch: 49, Dataset: test, Dice: 0.4165, IoU: 0.3095
[2026-08-25 10:21:11,086] Epoch: 49, Dataset: val, Dice: 0.7994, IoU: 0.7054
[2026-08-25 10:21:39,029] Epoch: 50, Dataset: test, Dice: 0.5047, IoU: 0.4027
[2026-08-25 10:21:39,872] Epoch: 50, Dataset: val, Dice: 0.8483, IoU: 0.7607
[2026-08-25 10:22:07,881] Epoch: 51, Dataset: test, Dice: 0.5248, IoU: 0.4223
[2026-08-25 10:22:08,739] Epoch: 51, Dataset: val, Dice: 0.8506, IoU: 0.7669
[2026-08-25 10:22:36,730] Epoch: 52, Dataset: test, Dice: 0.4653, IoU: 0.3586
[2026-08-25 10:22:37,563] Epoch: 52, Dataset: val, Dice: 0.8487, IoU: 0.7712
[2026-08-25 10:23:05,594] Epoch: 53, Dataset: test, Dice: 0.5147, IoU: 0.4131
[2026-08-25 10:23:06,396] Epoch: 53, Dataset: val, Dice: 0.8660, IoU: 0.7936
[2026-08-25 10:23:06,396] ### Best Model Saved (Dice improved from 0.8543 to 0.8660) ###
[2026-08-25 10:23:34,405] Epoch: 54, Dataset: test, Dice: 0.3807, IoU: 0.2801
[2026-08-25 10:23:35,232] Epoch: 54, Dataset: val, Dice: 0.7274, IoU: 0.6232
[2026-08-25 10:24:03,193] Epoch: 55, Dataset: test, Dice: 0.3441, IoU: 0.2473
[2026-08-25 10:24:04,076] Epoch: 55, Dataset: val, Dice: 0.8387, IoU: 0.7530
[2026-08-25 10:24:32,079] Epoch: 56, Dataset: test, Dice: 0.5227, IoU: 0.4272
[2026-08-25 10:24:32,904] Epoch: 56, Dataset: val, Dice: 0.8737, IoU: 0.7967
[2026-08-25 10:24:32,904] ### Best Model Saved (Dice improved from 0.8660 to 0.8737) ###
[2026-08-25 10:25:01,022] Epoch: 57, Dataset: test, Dice: 0.4102, IoU: 0.3111
[2026-08-25 10:25:01,883] Epoch: 57, Dataset: val, Dice: 0.8116, IoU: 0.7213
[2026-08-25 10:25:29,885] Epoch: 58, Dataset: test, Dice: 0.4963, IoU: 0.4079
[2026-08-25 10:25:30,723] Epoch: 58, Dataset: val, Dice: 0.8284, IoU: 0.7419
[2026-08-25 10:25:58,690] Epoch: 59, Dataset: test, Dice: 0.4513, IoU: 0.3573
[2026-08-25 10:25:59,535] Epoch: 59, Dataset: val, Dice: 0.7785, IoU: 0.6964
[2026-08-25 10:26:27,464] Epoch: 60, Dataset: test, Dice: 0.5796, IoU: 0.4770
[2026-08-25 10:26:28,314] Epoch: 60, Dataset: val, Dice: 0.8530, IoU: 0.7704
[2026-08-25 10:26:56,292] Epoch: 61, Dataset: test, Dice: 0.4769, IoU: 0.3781
[2026-08-25 10:26:57,138] Epoch: 61, Dataset: val, Dice: 0.8267, IoU: 0.7405
[2026-08-25 10:27:25,095] Epoch: 62, Dataset: test, Dice: 0.4631, IoU: 0.3588
[2026-08-25 10:27:25,908] Epoch: 62, Dataset: val, Dice: 0.8403, IoU: 0.7571
[2026-08-25 10:27:53,899] Epoch: 63, Dataset: test, Dice: 0.3769, IoU: 0.2746
[2026-08-25 10:27:54,685] Epoch: 63, Dataset: val, Dice: 0.8674, IoU: 0.7888
[2026-08-25 10:28:22,645] Epoch: 64, Dataset: test, Dice: 0.5240, IoU: 0.4199
[2026-08-25 10:28:23,478] Epoch: 64, Dataset: val, Dice: 0.8604, IoU: 0.7827
[2026-08-25 10:28:51,483] Epoch: 65, Dataset: test, Dice: 0.4371, IoU: 0.3493
[2026-08-25 10:28:52,325] Epoch: 65, Dataset: val, Dice: 0.8797, IoU: 0.8085
[2026-08-25 10:28:52,325] ### Best Model Saved (Dice improved from 0.8737 to 0.8797) ###
[2026-08-25 10:29:20,319] Epoch: 66, Dataset: test, Dice: 0.4771, IoU: 0.3912
[2026-08-25 10:29:21,162] Epoch: 66, Dataset: val, Dice: 0.8319, IoU: 0.7515
[2026-08-25 10:29:49,105] Epoch: 67, Dataset: test, Dice: 0.5158, IoU: 0.4255
[2026-08-25 10:29:49,933] Epoch: 67, Dataset: val, Dice: 0.8565, IoU: 0.7775
[2026-08-25 10:30:17,908] Epoch: 68, Dataset: test, Dice: 0.4955, IoU: 0.4055
[2026-08-25 10:30:18,699] Epoch: 68, Dataset: val, Dice: 0.8745, IoU: 0.8000
[2026-08-25 10:30:46,699] Epoch: 69, Dataset: test, Dice: 0.4490, IoU: 0.3513
[2026-08-25 10:30:47,500] Epoch: 69, Dataset: val, Dice: 0.8512, IoU: 0.7700
[2026-08-25 10:31:15,429] Epoch: 70, Dataset: test, Dice: 0.4707, IoU: 0.3641
[2026-08-25 10:31:16,280] Epoch: 70, Dataset: val, Dice: 0.8652, IoU: 0.7893
[2026-08-25 10:31:44,206] Epoch: 71, Dataset: test, Dice: 0.4299, IoU: 0.3243
[2026-08-25 10:31:45,054] Epoch: 71, Dataset: val, Dice: 0.8796, IoU: 0.8081
[2026-08-25 10:32:13,084] Epoch: 72, Dataset: test, Dice: 0.5269, IoU: 0.4137
[2026-08-25 10:32:13,901] Epoch: 72, Dataset: val, Dice: 0.8909, IoU: 0.8186
[2026-08-25 10:32:13,901] ### Best Model Saved (Dice improved from 0.8797 to 0.8909) ###
[2026-08-25 10:32:41,828] Epoch: 73, Dataset: test, Dice: 0.4532, IoU: 0.3445
[2026-08-25 10:32:42,601] Epoch: 73, Dataset: val, Dice: 0.8527, IoU: 0.7731
[2026-08-25 10:33:10,599] Epoch: 74, Dataset: test, Dice: 0.4387, IoU: 0.3356
[2026-08-25 10:33:11,401] Epoch: 74, Dataset: val, Dice: 0.8736, IoU: 0.7999
[2026-08-25 10:33:39,410] Epoch: 75, Dataset: test, Dice: 0.4405, IoU: 0.3277
[2026-08-25 10:33:40,242] Epoch: 75, Dataset: val, Dice: 0.8591, IoU: 0.7927
[2026-08-25 10:34:08,281] Epoch: 76, Dataset: test, Dice: 0.5085, IoU: 0.4125
[2026-08-25 10:34:09,144] Epoch: 76, Dataset: val, Dice: 0.8741, IoU: 0.8010
[2026-08-25 10:34:37,135] Epoch: 77, Dataset: test, Dice: 0.5351, IoU: 0.4338
[2026-08-25 10:34:37,981] Epoch: 77, Dataset: val, Dice: 0.8797, IoU: 0.8063
[2026-08-25 10:35:05,949] Epoch: 78, Dataset: test, Dice: 0.4422, IoU: 0.3362
[2026-08-25 10:35:06,774] Epoch: 78, Dataset: val, Dice: 0.8666, IoU: 0.7898
[2026-08-25 10:35:34,709] Epoch: 79, Dataset: test, Dice: 0.5382, IoU: 0.4385
[2026-08-25 10:35:35,573] Epoch: 79, Dataset: val, Dice: 0.8780, IoU: 0.8074
[2026-08-25 10:36:03,866] Epoch: 80, Dataset: test, Dice: 0.4047, IoU: 0.3122
[2026-08-25 10:36:05,201] Epoch: 80, Dataset: val, Dice: 0.8858, IoU: 0.8164
[2026-08-25 10:36:33,417] Epoch: 81, Dataset: test, Dice: 0.5439, IoU: 0.4495
[2026-08-25 10:36:34,230] Epoch: 81, Dataset: val, Dice: 0.8798, IoU: 0.8135
[2026-08-25 10:37:02,225] Epoch: 82, Dataset: test, Dice: 0.5342, IoU: 0.4311
[2026-08-25 10:37:03,060] Epoch: 82, Dataset: val, Dice: 0.8848, IoU: 0.8171
[2026-08-25 10:37:31,129] Epoch: 83, Dataset: test, Dice: 0.5673, IoU: 0.4641
[2026-08-25 10:37:31,951] Epoch: 83, Dataset: val, Dice: 0.8721, IoU: 0.7989
[2026-08-25 10:37:59,956] Epoch: 84, Dataset: test, Dice: 0.4972, IoU: 0.3987
[2026-08-25 10:38:00,797] Epoch: 84, Dataset: val, Dice: 0.8905, IoU: 0.8248
[2026-08-25 10:38:28,760] Epoch: 85, Dataset: test, Dice: 0.4950, IoU: 0.3975
[2026-08-25 10:38:29,580] Epoch: 85, Dataset: val, Dice: 0.8786, IoU: 0.8072
[2026-08-25 10:38:57,561] Epoch: 86, Dataset: test, Dice: 0.4792, IoU: 0.3801
[2026-08-25 10:38:58,333] Epoch: 86, Dataset: val, Dice: 0.8811, IoU: 0.8116
[2026-08-25 10:39:26,366] Epoch: 87, Dataset: test, Dice: 0.4564, IoU: 0.3763
[2026-08-25 10:39:27,218] Epoch: 87, Dataset: val, Dice: 0.8652, IoU: 0.7886
[2026-08-25 10:39:55,188] Epoch: 88, Dataset: test, Dice: 0.4384, IoU: 0.3570
[2026-08-25 10:39:56,051] Epoch: 88, Dataset: val, Dice: 0.8876, IoU: 0.8220
[2026-08-25 10:40:24,026] Epoch: 89, Dataset: test, Dice: 0.4498, IoU: 0.3486
[2026-08-25 10:40:24,849] Epoch: 89, Dataset: val, Dice: 0.8735, IoU: 0.7991
[2026-08-25 10:40:52,917] Epoch: 90, Dataset: test, Dice: 0.4746, IoU: 0.3802
[2026-08-25 10:40:53,740] Epoch: 90, Dataset: val, Dice: 0.8831, IoU: 0.8190
[2026-08-25 10:41:21,699] Epoch: 91, Dataset: test, Dice: 0.4752, IoU: 0.3814
[2026-08-25 10:41:22,534] Epoch: 91, Dataset: val, Dice: 0.8865, IoU: 0.8211
[2026-08-25 10:41:50,504] Epoch: 92, Dataset: test, Dice: 0.4218, IoU: 0.3231
[2026-08-25 10:41:51,317] Epoch: 92, Dataset: val, Dice: 0.8400, IoU: 0.7579
[2026-08-25 10:42:19,325] Epoch: 93, Dataset: test, Dice: 0.3810, IoU: 0.2783
[2026-08-25 10:42:20,157] Epoch: 93, Dataset: val, Dice: 0.8906, IoU: 0.8249
[2026-08-25 10:42:48,147] Epoch: 94, Dataset: test, Dice: 0.5437, IoU: 0.4490
[2026-08-25 10:42:49,003] Epoch: 94, Dataset: val, Dice: 0.8964, IoU: 0.8321
[2026-08-25 10:42:49,004] ### Best Model Saved (Dice improved from 0.8909 to 0.8964) ###
[2026-08-25 10:43:17,080] Epoch: 95, Dataset: test, Dice: 0.4509, IoU: 0.3727
[2026-08-25 10:43:17,874] Epoch: 95, Dataset: val, Dice: 0.8818, IoU: 0.8067
[2026-08-25 10:43:45,862] Epoch: 96, Dataset: test, Dice: 0.4638, IoU: 0.3761
[2026-08-25 10:43:46,687] Epoch: 96, Dataset: val, Dice: 0.8917, IoU: 0.8268
[2026-08-25 10:44:14,683] Epoch: 97, Dataset: test, Dice: 0.4962, IoU: 0.3998
[2026-08-25 10:44:15,508] Epoch: 97, Dataset: val, Dice: 0.8957, IoU: 0.8313
[2026-08-25 10:44:43,473] Epoch: 98, Dataset: test, Dice: 0.5160, IoU: 0.4208
[2026-08-25 10:44:44,312] Epoch: 98, Dataset: val, Dice: 0.8997, IoU: 0.8367
[2026-08-25 10:44:44,313] ### Best Model Saved (Dice improved from 0.8964 to 0.8997) ###
[2026-08-25 10:45:12,328] Epoch: 99, Dataset: test, Dice: 0.5297, IoU: 0.4375
[2026-08-25 10:45:13,137] Epoch: 99, Dataset: val, Dice: 0.8863, IoU: 0.8186
[2026-08-25 10:45:41,229] Epoch: 100, Dataset: test, Dice: 0.5015, IoU: 0.4038
[2026-08-25 10:45:42,050] Epoch: 100, Dataset: val, Dice: 0.8875, IoU: 0.8196
[2026-08-25 10:46:10,037] Epoch: 101, Dataset: test, Dice: 0.5032, IoU: 0.4046
[2026-08-25 10:46:10,877] Epoch: 101, Dataset: val, Dice: 0.8794, IoU: 0.8147
[2026-08-25 10:46:38,892] Epoch: 102, Dataset: test, Dice: 0.4694, IoU: 0.3775
[2026-08-25 10:46:39,716] Epoch: 102, Dataset: val, Dice: 0.8926, IoU: 0.8280
[2026-08-25 10:47:07,676] Epoch: 103, Dataset: test, Dice: 0.4250, IoU: 0.3361
[2026-08-25 10:47:08,482] Epoch: 103, Dataset: val, Dice: 0.8766, IoU: 0.8077
[2026-08-25 10:47:36,478] Epoch: 104, Dataset: test, Dice: 0.4879, IoU: 0.3994
[2026-08-25 10:47:37,308] Epoch: 104, Dataset: val, Dice: 0.8917, IoU: 0.8279
[2026-08-25 10:48:05,282] Epoch: 105, Dataset: test, Dice: 0.4774, IoU: 0.3840
[2026-08-25 10:48:06,118] Epoch: 105, Dataset: val, Dice: 0.8924, IoU: 0.8311
[2026-08-25 10:48:34,187] Epoch: 106, Dataset: test, Dice: 0.4914, IoU: 0.3941
[2026-08-25 10:48:34,996] Epoch: 106, Dataset: val, Dice: 0.8872, IoU: 0.8202
[2026-08-25 10:49:03,000] Epoch: 107, Dataset: test, Dice: 0.5134, IoU: 0.4279
[2026-08-25 10:49:03,778] Epoch: 107, Dataset: val, Dice: 0.8718, IoU: 0.8022
[2026-08-25 10:49:31,782] Epoch: 108, Dataset: test, Dice: 0.4631, IoU: 0.3869
[2026-08-25 10:49:32,584] Epoch: 108, Dataset: val, Dice: 0.8789, IoU: 0.8129
[2026-08-25 10:50:00,652] Epoch: 109, Dataset: test, Dice: 0.4443, IoU: 0.3460
[2026-08-25 10:50:01,447] Epoch: 109, Dataset: val, Dice: 0.8765, IoU: 0.8055
[2026-08-25 10:50:29,405] Epoch: 110, Dataset: test, Dice: 0.4969, IoU: 0.4027
[2026-08-25 10:50:30,237] Epoch: 110, Dataset: val, Dice: 0.8909, IoU: 0.8284
[2026-08-25 10:50:58,287] Epoch: 111, Dataset: test, Dice: 0.4702, IoU: 0.3771
[2026-08-25 10:50:59,136] Epoch: 111, Dataset: val, Dice: 0.8804, IoU: 0.8148
[2026-08-25 10:51:27,176] Epoch: 112, Dataset: test, Dice: 0.5405, IoU: 0.4471
[2026-08-25 10:51:27,998] Epoch: 112, Dataset: val, Dice: 0.8841, IoU: 0.8146
[2026-08-25 10:51:56,048] Epoch: 113, Dataset: test, Dice: 0.5091, IoU: 0.4166
[2026-08-25 10:51:56,898] Epoch: 113, Dataset: val, Dice: 0.8850, IoU: 0.8159
[2026-08-25 10:52:24,969] Epoch: 114, Dataset: test, Dice: 0.5137, IoU: 0.4137
[2026-08-25 10:52:25,803] Epoch: 114, Dataset: val, Dice: 0.8905, IoU: 0.8214
[2026-08-25 10:52:53,839] Epoch: 115, Dataset: test, Dice: 0.5012, IoU: 0.4014
[2026-08-25 10:52:54,682] Epoch: 115, Dataset: val, Dice: 0.8910, IoU: 0.8285
[2026-08-25 10:53:22,709] Epoch: 116, Dataset: test, Dice: 0.5132, IoU: 0.4244
[2026-08-25 10:53:23,502] Epoch: 116, Dataset: val, Dice: 0.8904, IoU: 0.8269
[2026-08-25 10:53:51,541] Epoch: 117, Dataset: test, Dice: 0.5301, IoU: 0.4325
[2026-08-25 10:53:52,391] Epoch: 117, Dataset: val, Dice: 0.8835, IoU: 0.8158
[2026-08-25 10:54:20,377] Epoch: 118, Dataset: test, Dice: 0.4939, IoU: 0.4012
[2026-08-25 10:54:21,236] Epoch: 118, Dataset: val, Dice: 0.8907, IoU: 0.8262
[2026-08-25 10:54:49,244] Epoch: 119, Dataset: test, Dice: 0.5155, IoU: 0.4260
[2026-08-25 10:54:50,115] Epoch: 119, Dataset: val, Dice: 0.8811, IoU: 0.8167
[2026-08-25 10:55:18,225] Epoch: 120, Dataset: test, Dice: 0.4880, IoU: 0.3955
[2026-08-25 10:55:19,041] Epoch: 120, Dataset: val, Dice: 0.8924, IoU: 0.8293
[2026-08-25 10:55:47,086] Epoch: 121, Dataset: test, Dice: 0.5177, IoU: 0.4289
[2026-08-25 10:55:47,942] Epoch: 121, Dataset: val, Dice: 0.8960, IoU: 0.8344
[2026-08-25 10:56:15,961] Epoch: 122, Dataset: test, Dice: 0.4957, IoU: 0.3927
[2026-08-25 10:56:16,805] Epoch: 122, Dataset: val, Dice: 0.8851, IoU: 0.8179
[2026-08-25 10:56:44,925] Epoch: 123, Dataset: test, Dice: 0.4716, IoU: 0.3920
[2026-08-25 10:56:45,794] Epoch: 123, Dataset: val, Dice: 0.8964, IoU: 0.8349
[2026-08-25 10:57:13,761] Epoch: 124, Dataset: test, Dice: 0.4961, IoU: 0.4105
[2026-08-25 10:57:14,613] Epoch: 124, Dataset: val, Dice: 0.8952, IoU: 0.8317
[2026-08-25 10:57:42,621] Epoch: 125, Dataset: test, Dice: 0.5207, IoU: 0.4266
[2026-08-25 10:57:43,451] Epoch: 125, Dataset: val, Dice: 0.8896, IoU: 0.8267
[2026-08-25 10:58:11,497] Epoch: 126, Dataset: test, Dice: 0.4708, IoU: 0.3805
[2026-08-25 10:58:12,329] Epoch: 126, Dataset: val, Dice: 0.8991, IoU: 0.8365
[2026-08-25 10:58:40,374] Epoch: 127, Dataset: test, Dice: 0.5168, IoU: 0.4304
[2026-08-25 10:58:41,256] Epoch: 127, Dataset: val, Dice: 0.8841, IoU: 0.8187
[2026-08-25 10:59:09,306] Epoch: 128, Dataset: test, Dice: 0.5193, IoU: 0.4248
[2026-08-25 10:59:10,159] Epoch: 128, Dataset: val, Dice: 0.8940, IoU: 0.8256
[2026-08-25 10:59:38,211] Epoch: 129, Dataset: test, Dice: 0.4469, IoU: 0.3573
[2026-08-25 10:59:39,093] Epoch: 129, Dataset: val, Dice: 0.8879, IoU: 0.8225
[2026-08-25 11:00:07,110] Epoch: 130, Dataset: test, Dice: 0.4976, IoU: 0.4039
[2026-08-25 11:00:07,944] Epoch: 130, Dataset: val, Dice: 0.8942, IoU: 0.8313
[2026-08-25 11:00:35,944] Epoch: 131, Dataset: test, Dice: 0.5021, IoU: 0.4158
[2026-08-25 11:00:36,782] Epoch: 131, Dataset: val, Dice: 0.8932, IoU: 0.8280
[2026-08-25 11:01:04,803] Epoch: 132, Dataset: test, Dice: 0.4676, IoU: 0.3812
[2026-08-25 11:01:05,629] Epoch: 132, Dataset: val, Dice: 0.8809, IoU: 0.8158
[2026-08-25 11:01:33,605] Epoch: 133, Dataset: test, Dice: 0.5171, IoU: 0.4253
[2026-08-25 11:01:34,365] Epoch: 133, Dataset: val, Dice: 0.8887, IoU: 0.8236
[2026-08-25 11:02:02,391] Epoch: 134, Dataset: test, Dice: 0.5010, IoU: 0.4094
[2026-08-25 11:02:03,210] Epoch: 134, Dataset: val, Dice: 0.8834, IoU: 0.8196
[2026-08-25 11:02:31,274] Epoch: 135, Dataset: test, Dice: 0.5177, IoU: 0.4360
[2026-08-25 11:02:32,147] Epoch: 135, Dataset: val, Dice: 0.8836, IoU: 0.8205
[2026-08-25 11:03:00,142] Epoch: 136, Dataset: test, Dice: 0.5464, IoU: 0.4606
[2026-08-25 11:03:00,971] Epoch: 136, Dataset: val, Dice: 0.8931, IoU: 0.8317
[2026-08-25 11:03:28,994] Epoch: 137, Dataset: test, Dice: 0.5183, IoU: 0.4244
[2026-08-25 11:03:29,843] Epoch: 137, Dataset: val, Dice: 0.8877, IoU: 0.8257
[2026-08-25 11:03:57,852] Epoch: 138, Dataset: test, Dice: 0.4317, IoU: 0.3384
[2026-08-25 11:03:58,694] Epoch: 138, Dataset: val, Dice: 0.8876, IoU: 0.8187
[2026-08-25 11:04:26,723] Epoch: 139, Dataset: test, Dice: 0.5502, IoU: 0.4575
[2026-08-25 11:04:27,585] Epoch: 139, Dataset: val, Dice: 0.8856, IoU: 0.8236
[2026-08-25 11:04:55,647] Epoch: 140, Dataset: test, Dice: 0.4881, IoU: 0.3929
[2026-08-25 11:04:56,460] Epoch: 140, Dataset: val, Dice: 0.8969, IoU: 0.8350
[2026-08-25 11:05:24,466] Epoch: 141, Dataset: test, Dice: 0.5007, IoU: 0.4165
[2026-08-25 11:05:25,278] Epoch: 141, Dataset: val, Dice: 0.8911, IoU: 0.8315
[2026-08-25 11:05:53,270] Epoch: 142, Dataset: test, Dice: 0.5236, IoU: 0.4328
[2026-08-25 11:05:54,128] Epoch: 142, Dataset: val, Dice: 0.8911, IoU: 0.8263
[2026-08-25 11:06:22,149] Epoch: 143, Dataset: test, Dice: 0.4929, IoU: 0.4053
[2026-08-25 11:06:22,993] Epoch: 143, Dataset: val, Dice: 0.8909, IoU: 0.8275
[2026-08-25 11:06:51,040] Epoch: 144, Dataset: test, Dice: 0.4904, IoU: 0.3956
[2026-08-25 11:06:51,872] Epoch: 144, Dataset: val, Dice: 0.8893, IoU: 0.8291
[2026-08-25 11:07:19,867] Epoch: 145, Dataset: test, Dice: 0.4738, IoU: 0.3870
[2026-08-25 11:07:20,678] Epoch: 145, Dataset: val, Dice: 0.8886, IoU: 0.8276
[2026-08-25 11:07:48,672] Epoch: 146, Dataset: test, Dice: 0.4926, IoU: 0.4018
[2026-08-25 11:07:49,489] Epoch: 146, Dataset: val, Dice: 0.8879, IoU: 0.8221
[2026-08-25 11:08:17,510] Epoch: 147, Dataset: test, Dice: 0.4671, IoU: 0.3741
[2026-08-25 11:08:18,382] Epoch: 147, Dataset: val, Dice: 0.8817, IoU: 0.8185
[2026-08-25 11:08:46,413] Epoch: 148, Dataset: test, Dice: 0.5035, IoU: 0.4087
[2026-08-25 11:08:47,245] Epoch: 148, Dataset: val, Dice: 0.8936, IoU: 0.8356
[2026-08-25 11:09:15,274] Epoch: 149, Dataset: test, Dice: 0.5040, IoU: 0.4105
[2026-08-25 11:09:16,093] Epoch: 149, Dataset: val, Dice: 0.8882, IoU: 0.8280
[2026-08-25 11:09:44,114] Epoch: 150, Dataset: test, Dice: 0.5082, IoU: 0.4182
[2026-08-25 11:09:44,965] Epoch: 150, Dataset: val, Dice: 0.8931, IoU: 0.8347
[2026-08-25 11:10:12,979] Epoch: 151, Dataset: test, Dice: 0.5108, IoU: 0.4212
[2026-08-25 11:10:13,805] Epoch: 151, Dataset: val, Dice: 0.8894, IoU: 0.8270
[2026-08-25 11:10:41,790] Epoch: 152, Dataset: test, Dice: 0.5431, IoU: 0.4504
[2026-08-25 11:10:42,628] Epoch: 152, Dataset: val, Dice: 0.8893, IoU: 0.8296
[2026-08-25 11:11:10,684] Epoch: 153, Dataset: test, Dice: 0.5085, IoU: 0.4244
[2026-08-25 11:11:11,484] Epoch: 153, Dataset: val, Dice: 0.8881, IoU: 0.8218
[2026-08-25 11:11:39,517] Epoch: 154, Dataset: test, Dice: 0.4665, IoU: 0.3780
[2026-08-25 11:11:40,320] Epoch: 154, Dataset: val, Dice: 0.8875, IoU: 0.8220
[2026-08-25 11:12:08,338] Epoch: 155, Dataset: test, Dice: 0.5101, IoU: 0.4249
[2026-08-25 11:12:09,207] Epoch: 155, Dataset: val, Dice: 0.8882, IoU: 0.8241
[2026-08-25 11:12:37,178] Epoch: 156, Dataset: test, Dice: 0.5218, IoU: 0.4267
[2026-08-25 11:12:38,047] Epoch: 156, Dataset: val, Dice: 0.8753, IoU: 0.7965
[2026-08-25 11:13:06,025] Epoch: 157, Dataset: test, Dice: 0.5164, IoU: 0.4257
[2026-08-25 11:13:06,843] Epoch: 157, Dataset: val, Dice: 0.8917, IoU: 0.8274
[2026-08-25 11:13:34,803] Epoch: 158, Dataset: test, Dice: 0.5377, IoU: 0.4483
[2026-08-25 11:13:35,616] Epoch: 158, Dataset: val, Dice: 0.8921, IoU: 0.8311
[2026-08-25 11:14:03,631] Epoch: 159, Dataset: test, Dice: 0.5011, IoU: 0.4125
[2026-08-25 11:14:04,437] Epoch: 159, Dataset: val, Dice: 0.8841, IoU: 0.8188
[2026-08-25 11:14:32,501] Epoch: 160, Dataset: test, Dice: 0.5128, IoU: 0.4231
[2026-08-25 11:14:33,328] Epoch: 160, Dataset: val, Dice: 0.8939, IoU: 0.8337
[2026-08-25 11:15:01,413] Epoch: 161, Dataset: test, Dice: 0.4999, IoU: 0.4028
[2026-08-25 11:15:02,254] Epoch: 161, Dataset: val, Dice: 0.8869, IoU: 0.8236
[2026-08-25 11:15:30,235] Epoch: 162, Dataset: test, Dice: 0.4773, IoU: 0.3972
[2026-08-25 11:15:31,130] Epoch: 162, Dataset: val, Dice: 0.8881, IoU: 0.8264
[2026-08-25 11:15:59,182] Epoch: 163, Dataset: test, Dice: 0.5370, IoU: 0.4477
[2026-08-25 11:15:59,977] Epoch: 163, Dataset: val, Dice: 0.8925, IoU: 0.8299
[2026-08-25 11:16:28,015] Epoch: 164, Dataset: test, Dice: 0.4964, IoU: 0.3975
[2026-08-25 11:16:28,847] Epoch: 164, Dataset: val, Dice: 0.8918, IoU: 0.8318
[2026-08-25 11:16:56,818] Epoch: 165, Dataset: test, Dice: 0.4916, IoU: 0.4007
[2026-08-25 11:16:57,662] Epoch: 165, Dataset: val, Dice: 0.8893, IoU: 0.8293
[2026-08-25 11:17:25,702] Epoch: 166, Dataset: test, Dice: 0.4865, IoU: 0.3873
[2026-08-25 11:17:26,524] Epoch: 166, Dataset: val, Dice: 0.8957, IoU: 0.8333
[2026-08-25 11:17:54,522] Epoch: 167, Dataset: test, Dice: 0.5020, IoU: 0.4146
[2026-08-25 11:17:55,346] Epoch: 167, Dataset: val, Dice: 0.8974, IoU: 0.8334
[2026-08-25 11:18:23,329] Epoch: 168, Dataset: test, Dice: 0.5007, IoU: 0.4151
[2026-08-25 11:18:24,211] Epoch: 168, Dataset: val, Dice: 0.8925, IoU: 0.8332
[2026-08-25 11:18:52,299] Epoch: 169, Dataset: test, Dice: 0.4928, IoU: 0.4038
[2026-08-25 11:18:53,142] Epoch: 169, Dataset: val, Dice: 0.8923, IoU: 0.8329
[2026-08-25 11:19:21,205] Epoch: 170, Dataset: test, Dice: 0.4937, IoU: 0.3984
[2026-08-25 11:19:22,055] Epoch: 170, Dataset: val, Dice: 0.8915, IoU: 0.8312
[2026-08-25 11:19:50,033] Epoch: 171, Dataset: test, Dice: 0.4992, IoU: 0.4125
[2026-08-25 11:19:50,823] Epoch: 171, Dataset: val, Dice: 0.8907, IoU: 0.8311
[2026-08-25 11:20:18,853] Epoch: 172, Dataset: test, Dice: 0.4708, IoU: 0.3734
[2026-08-25 11:20:19,709] Epoch: 172, Dataset: val, Dice: 0.8953, IoU: 0.8346
[2026-08-25 11:20:47,727] Epoch: 173, Dataset: test, Dice: 0.5245, IoU: 0.4362
[2026-08-25 11:20:48,564] Epoch: 173, Dataset: val, Dice: 0.8924, IoU: 0.8325
[2026-08-25 11:21:16,560] Epoch: 174, Dataset: test, Dice: 0.4655, IoU: 0.3778
[2026-08-25 11:21:17,402] Epoch: 174, Dataset: val, Dice: 0.8770, IoU: 0.8086
[2026-08-25 11:21:45,441] Epoch: 175, Dataset: test, Dice: 0.5220, IoU: 0.4379
[2026-08-25 11:21:46,304] Epoch: 175, Dataset: val, Dice: 0.8948, IoU: 0.8276
[2026-08-25 11:22:14,295] Epoch: 176, Dataset: test, Dice: 0.5037, IoU: 0.4143
[2026-08-25 11:22:15,137] Epoch: 176, Dataset: val, Dice: 0.8933, IoU: 0.8340
[2026-08-25 11:22:43,159] Epoch: 177, Dataset: test, Dice: 0.5078, IoU: 0.4188
[2026-08-25 11:22:43,990] Epoch: 177, Dataset: val, Dice: 0.8922, IoU: 0.8321
[2026-08-25 11:23:12,005] Epoch: 178, Dataset: test, Dice: 0.4886, IoU: 0.4061
[2026-08-25 11:23:12,854] Epoch: 178, Dataset: val, Dice: 0.8884, IoU: 0.8282
[2026-08-25 11:23:40,871] Epoch: 179, Dataset: test, Dice: 0.5036, IoU: 0.4171
[2026-08-25 11:23:41,672] Epoch: 179, Dataset: val, Dice: 0.8929, IoU: 0.8340
[2026-08-25 11:24:09,649] Epoch: 180, Dataset: test, Dice: 0.5076, IoU: 0.4241
[2026-08-25 11:24:10,505] Epoch: 180, Dataset: val, Dice: 0.8913, IoU: 0.8280
[2026-08-25 11:24:38,545] Epoch: 181, Dataset: test, Dice: 0.4942, IoU: 0.4076
[2026-08-25 11:24:39,388] Epoch: 181, Dataset: val, Dice: 0.8950, IoU: 0.8342
[2026-08-25 11:25:07,464] Epoch: 182, Dataset: test, Dice: 0.4798, IoU: 0.3929
[2026-08-25 11:25:08,295] Epoch: 182, Dataset: val, Dice: 0.8873, IoU: 0.8249
[2026-08-25 11:25:36,303] Epoch: 183, Dataset: test, Dice: 0.5119, IoU: 0.4243
[2026-08-25 11:25:37,131] Epoch: 183, Dataset: val, Dice: 0.8933, IoU: 0.8350
[2026-08-25 11:26:05,144] Epoch: 184, Dataset: test, Dice: 0.4905, IoU: 0.3986
[2026-08-25 11:26:05,976] Epoch: 184, Dataset: val, Dice: 0.8951, IoU: 0.8340
[2026-08-25 11:26:34,003] Epoch: 185, Dataset: test, Dice: 0.5444, IoU: 0.4542
[2026-08-25 11:26:34,807] Epoch: 185, Dataset: val, Dice: 0.8933, IoU: 0.8348
[2026-08-25 11:27:02,828] Epoch: 186, Dataset: test, Dice: 0.5086, IoU: 0.4229
[2026-08-25 11:27:03,612] Epoch: 186, Dataset: val, Dice: 0.8936, IoU: 0.8348
[2026-08-25 11:27:31,584] Epoch: 187, Dataset: test, Dice: 0.4840, IoU: 0.3961
[2026-08-25 11:27:32,405] Epoch: 187, Dataset: val, Dice: 0.8941, IoU: 0.8364
[2026-08-25 11:28:00,397] Epoch: 188, Dataset: test, Dice: 0.5132, IoU: 0.4247
[2026-08-25 11:28:01,291] Epoch: 188, Dataset: val, Dice: 0.8902, IoU: 0.8248
[2026-08-25 11:28:29,378] Epoch: 189, Dataset: test, Dice: 0.5331, IoU: 0.4471
[2026-08-25 11:28:30,186] Epoch: 189, Dataset: val, Dice: 0.8913, IoU: 0.8317
[2026-08-25 11:28:58,303] Epoch: 190, Dataset: test, Dice: 0.5249, IoU: 0.4391
[2026-08-25 11:28:59,129] Epoch: 190, Dataset: val, Dice: 0.8919, IoU: 0.8326
[2026-08-25 11:29:27,109] Epoch: 191, Dataset: test, Dice: 0.4910, IoU: 0.4068
[2026-08-25 11:29:27,906] Epoch: 191, Dataset: val, Dice: 0.8951, IoU: 0.8357
[2026-08-25 11:29:55,936] Epoch: 192, Dataset: test, Dice: 0.5129, IoU: 0.4239
[2026-08-25 11:29:56,747] Epoch: 192, Dataset: val, Dice: 0.8954, IoU: 0.8351
[2026-08-25 11:30:24,763] Epoch: 193, Dataset: test, Dice: 0.5355, IoU: 0.4473
[2026-08-25 11:30:25,568] Epoch: 193, Dataset: val, Dice: 0.8820, IoU: 0.8194
[2026-08-25 11:30:53,515] Epoch: 194, Dataset: test, Dice: 0.4981, IoU: 0.4092
[2026-08-25 11:30:54,351] Epoch: 194, Dataset: val, Dice: 0.8950, IoU: 0.8357
[2026-08-25 11:31:22,372] Epoch: 195, Dataset: test, Dice: 0.5273, IoU: 0.4373
[2026-08-25 11:31:23,226] Epoch: 195, Dataset: val, Dice: 0.8967, IoU: 0.8364
[2026-08-25 11:31:51,362] Epoch: 196, Dataset: test, Dice: 0.4834, IoU: 0.3912
[2026-08-25 11:31:52,183] Epoch: 196, Dataset: val, Dice: 0.8908, IoU: 0.8301
[2026-08-25 11:32:20,138] Epoch: 197, Dataset: test, Dice: 0.5117, IoU: 0.4217
[2026-08-25 11:32:21,005] Epoch: 197, Dataset: val, Dice: 0.8906, IoU: 0.8286
[2026-08-25 11:32:49,010] Epoch: 198, Dataset: test, Dice: 0.5012, IoU: 0.4106
[2026-08-25 11:32:49,851] Epoch: 198, Dataset: val, Dice: 0.8915, IoU: 0.8328
[2026-08-25 11:33:17,892] Epoch: 199, Dataset: test, Dice: 0.5466, IoU: 0.4627
[2026-08-25 11:33:18,751] Epoch: 199, Dataset: val, Dice: 0.8913, IoU: 0.8315
[2026-08-25 11:33:46,766] Epoch: 200, Dataset: test, Dice: 0.5351, IoU: 0.4460
[2026-08-25 11:33:47,583] Epoch: 200, Dataset: val, Dice: 0.8897, IoU: 0.8257
[2026-08-25 11:33:47,585] 
========================================
FINAL RESULTS: ClinicDB_MK_UNet_bs8_lr0.0005_e200_augTrue_run4_t095739
Best Val Dice: 0.8997
Test Dice at Best Val: 0.5160
Total Train Time: 5455.24s
========================================
