[2026-08-25 05:10:03,501] flops: 0.619251354, params: 0.315566, Total params: : 0.3156
[2026-08-25 05:10:31,087] Epoch: 1, Dataset: test, Dice: 0.1541, IoU: 0.0902
[2026-08-25 05:10:31,881] Epoch: 1, Dataset: val, Dice: 0.4104, IoU: 0.2904
[2026-08-25 05:10:31,882] ### Best Model Saved (Dice improved from 0.0000 to 0.4104) ###
[2026-08-25 05:10:58,472] Epoch: 2, Dataset: test, Dice: 0.1464, IoU: 0.0909
[2026-08-25 05:10:59,222] Epoch: 2, Dataset: val, Dice: 0.3747, IoU: 0.2557
[2026-08-25 05:11:26,121] Epoch: 3, Dataset: test, Dice: 0.1914, IoU: 0.1162
[2026-08-25 05:11:26,909] Epoch: 3, Dataset: val, Dice: 0.4128, IoU: 0.2891
[2026-08-25 05:11:26,910] ### Best Model Saved (Dice improved from 0.4104 to 0.4128) ###
[2026-08-25 05:11:54,030] Epoch: 4, Dataset: test, Dice: 0.2405, IoU: 0.1597
[2026-08-25 05:11:54,803] Epoch: 4, Dataset: val, Dice: 0.5617, IoU: 0.4431
[2026-08-25 05:11:54,804] ### Best Model Saved (Dice improved from 0.4128 to 0.5617) ###
[2026-08-25 05:12:22,133] Epoch: 5, Dataset: test, Dice: 0.1930, IoU: 0.1271
[2026-08-25 05:12:22,898] Epoch: 5, Dataset: val, Dice: 0.3916, IoU: 0.2785
[2026-08-25 05:12:50,388] Epoch: 6, Dataset: test, Dice: 0.2759, IoU: 0.1972
[2026-08-25 05:12:51,232] Epoch: 6, Dataset: val, Dice: 0.5830, IoU: 0.4602
[2026-08-25 05:12:51,233] ### Best Model Saved (Dice improved from 0.5617 to 0.5830) ###
[2026-08-25 05:13:18,987] Epoch: 7, Dataset: test, Dice: 0.2851, IoU: 0.1905
[2026-08-25 05:13:19,800] Epoch: 7, Dataset: val, Dice: 0.6118, IoU: 0.4866
[2026-08-25 05:13:19,800] ### Best Model Saved (Dice improved from 0.5830 to 0.6118) ###
[2026-08-25 05:13:47,693] Epoch: 8, Dataset: test, Dice: 0.2557, IoU: 0.1914
[2026-08-25 05:13:48,507] Epoch: 8, Dataset: val, Dice: 0.6188, IoU: 0.4850
[2026-08-25 05:13:48,507] ### Best Model Saved (Dice improved from 0.6118 to 0.6188) ###
[2026-08-25 05:14:16,460] Epoch: 9, Dataset: test, Dice: 0.2267, IoU: 0.1485
[2026-08-25 05:14:17,234] Epoch: 9, Dataset: val, Dice: 0.6749, IoU: 0.5613
[2026-08-25 05:14:17,234] ### Best Model Saved (Dice improved from 0.6188 to 0.6749) ###
[2026-08-25 05:14:45,143] Epoch: 10, Dataset: test, Dice: 0.2342, IoU: 0.1578
[2026-08-25 05:14:45,940] Epoch: 10, Dataset: val, Dice: 0.5110, IoU: 0.3792
[2026-08-25 05:15:13,845] Epoch: 11, Dataset: test, Dice: 0.3235, IoU: 0.2261
[2026-08-25 05:15:14,619] Epoch: 11, Dataset: val, Dice: 0.6955, IoU: 0.5843
[2026-08-25 05:15:14,619] ### Best Model Saved (Dice improved from 0.6749 to 0.6955) ###
[2026-08-25 05:15:42,569] Epoch: 12, Dataset: test, Dice: 0.3386, IoU: 0.2553
[2026-08-25 05:15:43,361] Epoch: 12, Dataset: val, Dice: 0.7122, IoU: 0.6009
[2026-08-25 05:15:43,361] ### Best Model Saved (Dice improved from 0.6955 to 0.7122) ###
[2026-08-25 05:16:11,342] Epoch: 13, Dataset: test, Dice: 0.4283, IoU: 0.3356
[2026-08-25 05:16:12,140] Epoch: 13, Dataset: val, Dice: 0.6992, IoU: 0.5953
[2026-08-25 05:16:40,029] Epoch: 14, Dataset: test, Dice: 0.3948, IoU: 0.2965
[2026-08-25 05:16:40,898] Epoch: 14, Dataset: val, Dice: 0.7478, IoU: 0.6412
[2026-08-25 05:16:40,899] ### Best Model Saved (Dice improved from 0.7122 to 0.7478) ###
[2026-08-25 05:17:08,875] Epoch: 15, Dataset: test, Dice: 0.3540, IoU: 0.2536
[2026-08-25 05:17:09,671] Epoch: 15, Dataset: val, Dice: 0.6934, IoU: 0.5778
[2026-08-25 05:17:37,622] Epoch: 16, Dataset: test, Dice: 0.4578, IoU: 0.3587
[2026-08-25 05:17:38,409] Epoch: 16, Dataset: val, Dice: 0.7733, IoU: 0.6721
[2026-08-25 05:17:38,409] ### Best Model Saved (Dice improved from 0.7478 to 0.7733) ###
[2026-08-25 05:18:06,376] Epoch: 17, Dataset: test, Dice: 0.4744, IoU: 0.3655
[2026-08-25 05:18:07,141] Epoch: 17, Dataset: val, Dice: 0.8053, IoU: 0.7091
[2026-08-25 05:18:07,141] ### Best Model Saved (Dice improved from 0.7733 to 0.8053) ###
[2026-08-25 05:18:35,111] Epoch: 18, Dataset: test, Dice: 0.4640, IoU: 0.3623
[2026-08-25 05:18:35,890] Epoch: 18, Dataset: val, Dice: 0.7924, IoU: 0.6920
[2026-08-25 05:19:03,833] Epoch: 19, Dataset: test, Dice: 0.3465, IoU: 0.2574
[2026-08-25 05:19:04,605] Epoch: 19, Dataset: val, Dice: 0.6950, IoU: 0.5789
[2026-08-25 05:19:32,518] Epoch: 20, Dataset: test, Dice: 0.4086, IoU: 0.3056
[2026-08-25 05:19:33,286] Epoch: 20, Dataset: val, Dice: 0.7506, IoU: 0.6521
[2026-08-25 05:20:01,152] Epoch: 21, Dataset: test, Dice: 0.4441, IoU: 0.3531
[2026-08-25 05:20:01,933] Epoch: 21, Dataset: val, Dice: 0.8020, IoU: 0.7003
[2026-08-25 05:20:29,844] Epoch: 22, Dataset: test, Dice: 0.4687, IoU: 0.3779
[2026-08-25 05:20:30,682] Epoch: 22, Dataset: val, Dice: 0.8015, IoU: 0.7002
[2026-08-25 05:20:58,843] Epoch: 23, Dataset: test, Dice: 0.4188, IoU: 0.3317
[2026-08-25 05:20:59,634] Epoch: 23, Dataset: val, Dice: 0.7382, IoU: 0.6416
[2026-08-25 05:21:27,538] Epoch: 24, Dataset: test, Dice: 0.4969, IoU: 0.4077
[2026-08-25 05:21:28,328] Epoch: 24, Dataset: val, Dice: 0.7673, IoU: 0.6700
[2026-08-25 05:21:56,286] Epoch: 25, Dataset: test, Dice: 0.4186, IoU: 0.3270
[2026-08-25 05:21:57,110] Epoch: 25, Dataset: val, Dice: 0.7892, IoU: 0.6907
[2026-08-25 05:22:25,031] Epoch: 26, Dataset: test, Dice: 0.4847, IoU: 0.3772
[2026-08-25 05:22:25,803] Epoch: 26, Dataset: val, Dice: 0.7667, IoU: 0.6616
[2026-08-25 05:22:53,695] Epoch: 27, Dataset: test, Dice: 0.4935, IoU: 0.4021
[2026-08-25 05:22:54,442] Epoch: 27, Dataset: val, Dice: 0.8133, IoU: 0.7208
[2026-08-25 05:22:54,443] ### Best Model Saved (Dice improved from 0.8053 to 0.8133) ###
[2026-08-25 05:23:22,397] Epoch: 28, Dataset: test, Dice: 0.5112, IoU: 0.4149
[2026-08-25 05:23:23,199] Epoch: 28, Dataset: val, Dice: 0.8268, IoU: 0.7403
[2026-08-25 05:23:23,200] ### Best Model Saved (Dice improved from 0.8133 to 0.8268) ###
[2026-08-25 05:23:51,192] Epoch: 29, Dataset: test, Dice: 0.3788, IoU: 0.2708
[2026-08-25 05:23:51,966] Epoch: 29, Dataset: val, Dice: 0.7671, IoU: 0.6727
[2026-08-25 05:24:19,846] Epoch: 30, Dataset: test, Dice: 0.4872, IoU: 0.3832
[2026-08-25 05:24:20,612] Epoch: 30, Dataset: val, Dice: 0.8221, IoU: 0.7409
[2026-08-25 05:24:48,531] Epoch: 31, Dataset: test, Dice: 0.5323, IoU: 0.4412
[2026-08-25 05:24:49,333] Epoch: 31, Dataset: val, Dice: 0.8254, IoU: 0.7418
[2026-08-25 05:25:17,277] Epoch: 32, Dataset: test, Dice: 0.4225, IoU: 0.3326
[2026-08-25 05:25:18,088] Epoch: 32, Dataset: val, Dice: 0.7803, IoU: 0.6812
[2026-08-25 05:25:45,992] Epoch: 33, Dataset: test, Dice: 0.4402, IoU: 0.3463
[2026-08-25 05:25:46,790] Epoch: 33, Dataset: val, Dice: 0.8342, IoU: 0.7505
[2026-08-25 05:25:46,790] ### Best Model Saved (Dice improved from 0.8268 to 0.8342) ###
[2026-08-25 05:26:14,733] Epoch: 34, Dataset: test, Dice: 0.4892, IoU: 0.3925
[2026-08-25 05:26:15,556] Epoch: 34, Dataset: val, Dice: 0.7685, IoU: 0.6682
[2026-08-25 05:26:43,503] Epoch: 35, Dataset: test, Dice: 0.4851, IoU: 0.3770
[2026-08-25 05:26:44,289] Epoch: 35, Dataset: val, Dice: 0.8624, IoU: 0.7869
[2026-08-25 05:26:44,290] ### Best Model Saved (Dice improved from 0.8342 to 0.8624) ###
[2026-08-25 05:27:12,219] Epoch: 36, Dataset: test, Dice: 0.4950, IoU: 0.3970
[2026-08-25 05:27:13,026] Epoch: 36, Dataset: val, Dice: 0.8475, IoU: 0.7645
[2026-08-25 05:27:40,988] Epoch: 37, Dataset: test, Dice: 0.4499, IoU: 0.3505
[2026-08-25 05:27:41,766] Epoch: 37, Dataset: val, Dice: 0.8021, IoU: 0.7028
[2026-08-25 05:28:09,649] Epoch: 38, Dataset: test, Dice: 0.4936, IoU: 0.3831
[2026-08-25 05:28:10,415] Epoch: 38, Dataset: val, Dice: 0.8364, IoU: 0.7495
[2026-08-25 05:28:38,423] Epoch: 39, Dataset: test, Dice: 0.5049, IoU: 0.4109
[2026-08-25 05:28:39,204] Epoch: 39, Dataset: val, Dice: 0.8533, IoU: 0.7747
[2026-08-25 05:29:07,131] Epoch: 40, Dataset: test, Dice: 0.5060, IoU: 0.4080
[2026-08-25 05:29:07,925] Epoch: 40, Dataset: val, Dice: 0.8447, IoU: 0.7638
[2026-08-25 05:29:35,780] Epoch: 41, Dataset: test, Dice: 0.5688, IoU: 0.4600
[2026-08-25 05:29:36,545] Epoch: 41, Dataset: val, Dice: 0.8612, IoU: 0.7822
[2026-08-25 05:30:04,442] Epoch: 42, Dataset: test, Dice: 0.4696, IoU: 0.3529
[2026-08-25 05:30:05,273] Epoch: 42, Dataset: val, Dice: 0.8149, IoU: 0.7263
[2026-08-25 05:30:33,103] Epoch: 43, Dataset: test, Dice: 0.5255, IoU: 0.4257
[2026-08-25 05:30:33,902] Epoch: 43, Dataset: val, Dice: 0.8634, IoU: 0.7906
[2026-08-25 05:30:33,902] ### Best Model Saved (Dice improved from 0.8624 to 0.8634) ###
[2026-08-25 05:31:01,845] Epoch: 44, Dataset: test, Dice: 0.5706, IoU: 0.4698
[2026-08-25 05:31:02,627] Epoch: 44, Dataset: val, Dice: 0.7985, IoU: 0.6960
[2026-08-25 05:31:30,487] Epoch: 45, Dataset: test, Dice: 0.5703, IoU: 0.4679
[2026-08-25 05:31:31,274] Epoch: 45, Dataset: val, Dice: 0.8482, IoU: 0.7686
[2026-08-25 05:31:59,175] Epoch: 46, Dataset: test, Dice: 0.4302, IoU: 0.3360
[2026-08-25 05:32:00,013] Epoch: 46, Dataset: val, Dice: 0.8408, IoU: 0.7608
[2026-08-25 05:32:27,896] Epoch: 47, Dataset: test, Dice: 0.5566, IoU: 0.4563
[2026-08-25 05:32:28,662] Epoch: 47, Dataset: val, Dice: 0.8573, IoU: 0.7823
[2026-08-25 05:32:56,589] Epoch: 48, Dataset: test, Dice: 0.5105, IoU: 0.4201
[2026-08-25 05:32:57,384] Epoch: 48, Dataset: val, Dice: 0.8516, IoU: 0.7707
[2026-08-25 05:33:25,298] Epoch: 49, Dataset: test, Dice: 0.3621, IoU: 0.2665
[2026-08-25 05:33:26,050] Epoch: 49, Dataset: val, Dice: 0.7747, IoU: 0.6776
[2026-08-25 05:33:53,988] Epoch: 50, Dataset: test, Dice: 0.4587, IoU: 0.3606
[2026-08-25 05:33:54,781] Epoch: 50, Dataset: val, Dice: 0.8514, IoU: 0.7759
[2026-08-25 05:34:22,654] Epoch: 51, Dataset: test, Dice: 0.4687, IoU: 0.3739
[2026-08-25 05:34:23,454] Epoch: 51, Dataset: val, Dice: 0.8437, IoU: 0.7550
[2026-08-25 05:34:51,381] Epoch: 52, Dataset: test, Dice: 0.3952, IoU: 0.3035
[2026-08-25 05:34:52,183] Epoch: 52, Dataset: val, Dice: 0.8098, IoU: 0.7094
[2026-08-25 05:35:20,117] Epoch: 53, Dataset: test, Dice: 0.5984, IoU: 0.4898
[2026-08-25 05:35:20,918] Epoch: 53, Dataset: val, Dice: 0.8805, IoU: 0.8052
[2026-08-25 05:35:20,919] ### Best Model Saved (Dice improved from 0.8634 to 0.8805) ###
[2026-08-25 05:35:48,909] Epoch: 54, Dataset: test, Dice: 0.3388, IoU: 0.2374
[2026-08-25 05:35:49,684] Epoch: 54, Dataset: val, Dice: 0.7721, IoU: 0.6678
[2026-08-25 05:36:17,585] Epoch: 55, Dataset: test, Dice: 0.5513, IoU: 0.4506
[2026-08-25 05:36:18,342] Epoch: 55, Dataset: val, Dice: 0.8633, IoU: 0.7869
[2026-08-25 05:36:46,246] Epoch: 56, Dataset: test, Dice: 0.5680, IoU: 0.4689
[2026-08-25 05:36:47,089] Epoch: 56, Dataset: val, Dice: 0.8636, IoU: 0.7952
[2026-08-25 05:37:14,995] Epoch: 57, Dataset: test, Dice: 0.4725, IoU: 0.3751
[2026-08-25 05:37:15,756] Epoch: 57, Dataset: val, Dice: 0.8082, IoU: 0.7093
[2026-08-25 05:37:43,630] Epoch: 58, Dataset: test, Dice: 0.5695, IoU: 0.4687
[2026-08-25 05:37:44,407] Epoch: 58, Dataset: val, Dice: 0.8808, IoU: 0.8040
[2026-08-25 05:37:44,407] ### Best Model Saved (Dice improved from 0.8805 to 0.8808) ###
[2026-08-25 05:38:12,335] Epoch: 59, Dataset: test, Dice: 0.5233, IoU: 0.4277
[2026-08-25 05:38:13,101] Epoch: 59, Dataset: val, Dice: 0.8836, IoU: 0.8102
[2026-08-25 05:38:13,101] ### Best Model Saved (Dice improved from 0.8808 to 0.8836) ###
[2026-08-25 05:38:41,100] Epoch: 60, Dataset: test, Dice: 0.5051, IoU: 0.4111
[2026-08-25 05:38:41,888] Epoch: 60, Dataset: val, Dice: 0.8693, IoU: 0.8029
[2026-08-25 05:39:09,718] Epoch: 61, Dataset: test, Dice: 0.4780, IoU: 0.3933
[2026-08-25 05:39:10,530] Epoch: 61, Dataset: val, Dice: 0.8292, IoU: 0.7435
[2026-08-25 05:39:38,488] Epoch: 62, Dataset: test, Dice: 0.5625, IoU: 0.4690
[2026-08-25 05:39:39,214] Epoch: 62, Dataset: val, Dice: 0.8704, IoU: 0.7983
[2026-08-25 05:40:07,104] Epoch: 63, Dataset: test, Dice: 0.5724, IoU: 0.4781
[2026-08-25 05:40:07,897] Epoch: 63, Dataset: val, Dice: 0.8755, IoU: 0.8054
[2026-08-25 05:40:35,766] Epoch: 64, Dataset: test, Dice: 0.4913, IoU: 0.4037
[2026-08-25 05:40:36,577] Epoch: 64, Dataset: val, Dice: 0.8746, IoU: 0.8031
[2026-08-25 05:41:04,492] Epoch: 65, Dataset: test, Dice: 0.5552, IoU: 0.4637
[2026-08-25 05:41:05,288] Epoch: 65, Dataset: val, Dice: 0.8860, IoU: 0.8217
[2026-08-25 05:41:05,288] ### Best Model Saved (Dice improved from 0.8836 to 0.8860) ###
[2026-08-25 05:41:33,226] Epoch: 66, Dataset: test, Dice: 0.5104, IoU: 0.4054
[2026-08-25 05:41:34,003] Epoch: 66, Dataset: val, Dice: 0.8854, IoU: 0.8170
[2026-08-25 05:42:01,918] Epoch: 67, Dataset: test, Dice: 0.4230, IoU: 0.3279
[2026-08-25 05:42:02,734] Epoch: 67, Dataset: val, Dice: 0.8373, IoU: 0.7512
[2026-08-25 05:42:30,666] Epoch: 68, Dataset: test, Dice: 0.6394, IoU: 0.5458
[2026-08-25 05:42:31,468] Epoch: 68, Dataset: val, Dice: 0.8869, IoU: 0.8165
[2026-08-25 05:42:31,468] ### Best Model Saved (Dice improved from 0.8860 to 0.8869) ###
[2026-08-25 05:42:59,457] Epoch: 69, Dataset: test, Dice: 0.5896, IoU: 0.4949
[2026-08-25 05:43:00,231] Epoch: 69, Dataset: val, Dice: 0.8854, IoU: 0.8175
[2026-08-25 05:43:28,215] Epoch: 70, Dataset: test, Dice: 0.5284, IoU: 0.4343
[2026-08-25 05:43:29,046] Epoch: 70, Dataset: val, Dice: 0.8891, IoU: 0.8154
[2026-08-25 05:43:29,047] ### Best Model Saved (Dice improved from 0.8869 to 0.8891) ###
[2026-08-25 05:43:57,025] Epoch: 71, Dataset: test, Dice: 0.5255, IoU: 0.4336
[2026-08-25 05:43:57,837] Epoch: 71, Dataset: val, Dice: 0.8803, IoU: 0.8068
[2026-08-25 05:44:25,713] Epoch: 72, Dataset: test, Dice: 0.5178, IoU: 0.4206
[2026-08-25 05:44:26,509] Epoch: 72, Dataset: val, Dice: 0.8896, IoU: 0.8222
[2026-08-25 05:44:26,510] ### Best Model Saved (Dice improved from 0.8891 to 0.8896) ###
[2026-08-25 05:44:54,488] Epoch: 73, Dataset: test, Dice: 0.5641, IoU: 0.4618
[2026-08-25 05:44:55,269] Epoch: 73, Dataset: val, Dice: 0.8851, IoU: 0.8171
[2026-08-25 05:45:23,262] Epoch: 74, Dataset: test, Dice: 0.5579, IoU: 0.4673
[2026-08-25 05:45:24,042] Epoch: 74, Dataset: val, Dice: 0.8723, IoU: 0.7979
[2026-08-25 05:45:51,996] Epoch: 75, Dataset: test, Dice: 0.5059, IoU: 0.4031
[2026-08-25 05:45:52,775] Epoch: 75, Dataset: val, Dice: 0.8568, IoU: 0.7810
[2026-08-25 05:46:20,707] Epoch: 76, Dataset: test, Dice: 0.5914, IoU: 0.4931
[2026-08-25 05:46:21,535] Epoch: 76, Dataset: val, Dice: 0.9042, IoU: 0.8359
[2026-08-25 05:46:21,535] ### Best Model Saved (Dice improved from 0.8896 to 0.9042) ###
[2026-08-25 05:46:49,555] Epoch: 77, Dataset: test, Dice: 0.5571, IoU: 0.4573
[2026-08-25 05:46:50,381] Epoch: 77, Dataset: val, Dice: 0.8728, IoU: 0.8039
[2026-08-25 05:47:18,392] Epoch: 78, Dataset: test, Dice: 0.5323, IoU: 0.4415
[2026-08-25 05:47:19,201] Epoch: 78, Dataset: val, Dice: 0.9048, IoU: 0.8412
[2026-08-25 05:47:19,201] ### Best Model Saved (Dice improved from 0.9042 to 0.9048) ###
[2026-08-25 05:47:47,256] Epoch: 79, Dataset: test, Dice: 0.5486, IoU: 0.4516
[2026-08-25 05:47:48,097] Epoch: 79, Dataset: val, Dice: 0.8850, IoU: 0.8160
[2026-08-25 05:48:16,032] Epoch: 80, Dataset: test, Dice: 0.6082, IoU: 0.5063
[2026-08-25 05:48:16,837] Epoch: 80, Dataset: val, Dice: 0.8770, IoU: 0.8013
[2026-08-25 05:48:44,738] Epoch: 81, Dataset: test, Dice: 0.5445, IoU: 0.4497
[2026-08-25 05:48:45,569] Epoch: 81, Dataset: val, Dice: 0.8757, IoU: 0.8016
[2026-08-25 05:49:13,489] Epoch: 82, Dataset: test, Dice: 0.5239, IoU: 0.4309
[2026-08-25 05:49:14,290] Epoch: 82, Dataset: val, Dice: 0.8801, IoU: 0.8084
[2026-08-25 05:49:42,178] Epoch: 83, Dataset: test, Dice: 0.5573, IoU: 0.4605
[2026-08-25 05:49:42,977] Epoch: 83, Dataset: val, Dice: 0.8866, IoU: 0.8155
[2026-08-25 05:50:10,970] Epoch: 84, Dataset: test, Dice: 0.5485, IoU: 0.4528
[2026-08-25 05:50:11,768] Epoch: 84, Dataset: val, Dice: 0.8915, IoU: 0.8271
[2026-08-25 05:50:39,700] Epoch: 85, Dataset: test, Dice: 0.5132, IoU: 0.4197
[2026-08-25 05:50:40,522] Epoch: 85, Dataset: val, Dice: 0.8801, IoU: 0.8104
[2026-08-25 05:51:08,462] Epoch: 86, Dataset: test, Dice: 0.5624, IoU: 0.4690
[2026-08-25 05:51:09,294] Epoch: 86, Dataset: val, Dice: 0.8874, IoU: 0.8169
[2026-08-25 05:51:37,217] Epoch: 87, Dataset: test, Dice: 0.5449, IoU: 0.4481
[2026-08-25 05:51:38,009] Epoch: 87, Dataset: val, Dice: 0.8876, IoU: 0.8143
[2026-08-25 05:52:05,966] Epoch: 88, Dataset: test, Dice: 0.5140, IoU: 0.4078
[2026-08-25 05:52:06,757] Epoch: 88, Dataset: val, Dice: 0.8879, IoU: 0.8213
[2026-08-25 05:52:34,658] Epoch: 89, Dataset: test, Dice: 0.5254, IoU: 0.4156
[2026-08-25 05:52:35,459] Epoch: 89, Dataset: val, Dice: 0.8785, IoU: 0.8112
[2026-08-25 05:53:03,358] Epoch: 90, Dataset: test, Dice: 0.6069, IoU: 0.5008
[2026-08-25 05:53:04,151] Epoch: 90, Dataset: val, Dice: 0.8986, IoU: 0.8338
[2026-08-25 05:53:32,037] Epoch: 91, Dataset: test, Dice: 0.4958, IoU: 0.3945
[2026-08-25 05:53:32,812] Epoch: 91, Dataset: val, Dice: 0.8853, IoU: 0.8215
[2026-08-25 05:54:00,756] Epoch: 92, Dataset: test, Dice: 0.4690, IoU: 0.3749
[2026-08-25 05:54:01,571] Epoch: 92, Dataset: val, Dice: 0.9017, IoU: 0.8391
[2026-08-25 05:54:29,448] Epoch: 93, Dataset: test, Dice: 0.5047, IoU: 0.4031
[2026-08-25 05:54:30,182] Epoch: 93, Dataset: val, Dice: 0.8917, IoU: 0.8262
[2026-08-25 05:54:58,098] Epoch: 94, Dataset: test, Dice: 0.5561, IoU: 0.4554
[2026-08-25 05:54:58,902] Epoch: 94, Dataset: val, Dice: 0.8904, IoU: 0.8248
[2026-08-25 05:55:26,839] Epoch: 95, Dataset: test, Dice: 0.5998, IoU: 0.5004
[2026-08-25 05:55:27,629] Epoch: 95, Dataset: val, Dice: 0.8839, IoU: 0.8141
[2026-08-25 05:55:55,498] Epoch: 96, Dataset: test, Dice: 0.5215, IoU: 0.4199
[2026-08-25 05:55:56,312] Epoch: 96, Dataset: val, Dice: 0.9029, IoU: 0.8370
[2026-08-25 05:56:24,141] Epoch: 97, Dataset: test, Dice: 0.6187, IoU: 0.5120
[2026-08-25 05:56:24,911] Epoch: 97, Dataset: val, Dice: 0.9026, IoU: 0.8386
[2026-08-25 05:56:52,823] Epoch: 98, Dataset: test, Dice: 0.5328, IoU: 0.4317
[2026-08-25 05:56:53,605] Epoch: 98, Dataset: val, Dice: 0.8811, IoU: 0.8072
[2026-08-25 05:57:21,515] Epoch: 99, Dataset: test, Dice: 0.6221, IoU: 0.5217
[2026-08-25 05:57:22,301] Epoch: 99, Dataset: val, Dice: 0.8935, IoU: 0.8229
[2026-08-25 05:57:50,262] Epoch: 100, Dataset: test, Dice: 0.5643, IoU: 0.4757
[2026-08-25 05:57:51,138] Epoch: 100, Dataset: val, Dice: 0.8925, IoU: 0.8277
[2026-08-25 05:58:19,116] Epoch: 101, Dataset: test, Dice: 0.5629, IoU: 0.4682
[2026-08-25 05:58:19,925] Epoch: 101, Dataset: val, Dice: 0.8873, IoU: 0.8231
[2026-08-25 05:58:47,884] Epoch: 102, Dataset: test, Dice: 0.5558, IoU: 0.4641
[2026-08-25 05:58:48,684] Epoch: 102, Dataset: val, Dice: 0.9024, IoU: 0.8353
[2026-08-25 05:59:16,574] Epoch: 103, Dataset: test, Dice: 0.6198, IoU: 0.5206
[2026-08-25 05:59:17,395] Epoch: 103, Dataset: val, Dice: 0.9047, IoU: 0.8419
[2026-08-25 05:59:45,307] Epoch: 104, Dataset: test, Dice: 0.5433, IoU: 0.4462
[2026-08-25 05:59:46,083] Epoch: 104, Dataset: val, Dice: 0.9016, IoU: 0.8356
[2026-08-25 06:00:13,914] Epoch: 105, Dataset: test, Dice: 0.6115, IoU: 0.5156
[2026-08-25 06:00:14,700] Epoch: 105, Dataset: val, Dice: 0.9055, IoU: 0.8415
[2026-08-25 06:00:14,701] ### Best Model Saved (Dice improved from 0.9048 to 0.9055) ###
[2026-08-25 06:00:42,652] Epoch: 106, Dataset: test, Dice: 0.5947, IoU: 0.4937
[2026-08-25 06:00:43,429] Epoch: 106, Dataset: val, Dice: 0.9058, IoU: 0.8401
[2026-08-25 06:00:43,429] ### Best Model Saved (Dice improved from 0.9055 to 0.9058) ###
[2026-08-25 06:01:11,418] Epoch: 107, Dataset: test, Dice: 0.5543, IoU: 0.4567
[2026-08-25 06:01:12,228] Epoch: 107, Dataset: val, Dice: 0.8988, IoU: 0.8339
[2026-08-25 06:01:40,171] Epoch: 108, Dataset: test, Dice: 0.5901, IoU: 0.4918
[2026-08-25 06:01:41,022] Epoch: 108, Dataset: val, Dice: 0.8985, IoU: 0.8340
[2026-08-25 06:02:08,933] Epoch: 109, Dataset: test, Dice: 0.5681, IoU: 0.4682
[2026-08-25 06:02:09,740] Epoch: 109, Dataset: val, Dice: 0.9028, IoU: 0.8382
[2026-08-25 06:02:37,633] Epoch: 110, Dataset: test, Dice: 0.5474, IoU: 0.4478
[2026-08-25 06:02:38,448] Epoch: 110, Dataset: val, Dice: 0.8957, IoU: 0.8298
[2026-08-25 06:03:06,394] Epoch: 111, Dataset: test, Dice: 0.6122, IoU: 0.5157
[2026-08-25 06:03:07,174] Epoch: 111, Dataset: val, Dice: 0.9089, IoU: 0.8453
[2026-08-25 06:03:07,174] ### Best Model Saved (Dice improved from 0.9058 to 0.9089) ###
[2026-08-25 06:03:35,123] Epoch: 112, Dataset: test, Dice: 0.6071, IoU: 0.4974
[2026-08-25 06:03:35,892] Epoch: 112, Dataset: val, Dice: 0.9046, IoU: 0.8406
[2026-08-25 06:04:03,796] Epoch: 113, Dataset: test, Dice: 0.6047, IoU: 0.4947
[2026-08-25 06:04:04,558] Epoch: 113, Dataset: val, Dice: 0.8976, IoU: 0.8286
[2026-08-25 06:04:32,472] Epoch: 114, Dataset: test, Dice: 0.6147, IoU: 0.5118
[2026-08-25 06:04:33,264] Epoch: 114, Dataset: val, Dice: 0.8988, IoU: 0.8293
[2026-08-25 06:05:01,251] Epoch: 115, Dataset: test, Dice: 0.5815, IoU: 0.4773
[2026-08-25 06:05:02,079] Epoch: 115, Dataset: val, Dice: 0.8880, IoU: 0.8184
[2026-08-25 06:05:30,052] Epoch: 116, Dataset: test, Dice: 0.5629, IoU: 0.4578
[2026-08-25 06:05:30,862] Epoch: 116, Dataset: val, Dice: 0.9010, IoU: 0.8372
[2026-08-25 06:05:58,839] Epoch: 117, Dataset: test, Dice: 0.5660, IoU: 0.4699
[2026-08-25 06:05:59,644] Epoch: 117, Dataset: val, Dice: 0.8916, IoU: 0.8232
[2026-08-25 06:06:27,547] Epoch: 118, Dataset: test, Dice: 0.5982, IoU: 0.4972
[2026-08-25 06:06:28,375] Epoch: 118, Dataset: val, Dice: 0.8851, IoU: 0.8152
[2026-08-25 06:06:56,295] Epoch: 119, Dataset: test, Dice: 0.6177, IoU: 0.5124
[2026-08-25 06:06:57,115] Epoch: 119, Dataset: val, Dice: 0.8965, IoU: 0.8303
[2026-08-25 06:07:25,102] Epoch: 120, Dataset: test, Dice: 0.5642, IoU: 0.4603
[2026-08-25 06:07:25,901] Epoch: 120, Dataset: val, Dice: 0.9000, IoU: 0.8346
[2026-08-25 06:07:53,818] Epoch: 121, Dataset: test, Dice: 0.5605, IoU: 0.4576
[2026-08-25 06:07:54,601] Epoch: 121, Dataset: val, Dice: 0.8943, IoU: 0.8287
[2026-08-25 06:08:22,511] Epoch: 122, Dataset: test, Dice: 0.5954, IoU: 0.4926
[2026-08-25 06:08:23,319] Epoch: 122, Dataset: val, Dice: 0.9015, IoU: 0.8369
[2026-08-25 06:08:51,352] Epoch: 123, Dataset: test, Dice: 0.5990, IoU: 0.4964
[2026-08-25 06:08:52,131] Epoch: 123, Dataset: val, Dice: 0.9055, IoU: 0.8424
[2026-08-25 06:09:20,078] Epoch: 124, Dataset: test, Dice: 0.5976, IoU: 0.4919
[2026-08-25 06:09:20,864] Epoch: 124, Dataset: val, Dice: 0.9036, IoU: 0.8405
[2026-08-25 06:09:48,757] Epoch: 125, Dataset: test, Dice: 0.5776, IoU: 0.4787
[2026-08-25 06:09:49,545] Epoch: 125, Dataset: val, Dice: 0.9074, IoU: 0.8443
[2026-08-25 06:10:17,471] Epoch: 126, Dataset: test, Dice: 0.6181, IoU: 0.5126
[2026-08-25 06:10:18,286] Epoch: 126, Dataset: val, Dice: 0.9023, IoU: 0.8374
[2026-08-25 06:10:46,215] Epoch: 127, Dataset: test, Dice: 0.5733, IoU: 0.4696
[2026-08-25 06:10:47,030] Epoch: 127, Dataset: val, Dice: 0.8904, IoU: 0.8250
[2026-08-25 06:11:14,941] Epoch: 128, Dataset: test, Dice: 0.6206, IoU: 0.5197
[2026-08-25 06:11:15,709] Epoch: 128, Dataset: val, Dice: 0.8960, IoU: 0.8267
[2026-08-25 06:11:43,578] Epoch: 129, Dataset: test, Dice: 0.5388, IoU: 0.4372
[2026-08-25 06:11:44,383] Epoch: 129, Dataset: val, Dice: 0.9079, IoU: 0.8453
[2026-08-25 06:12:12,320] Epoch: 130, Dataset: test, Dice: 0.5714, IoU: 0.4750
[2026-08-25 06:12:13,136] Epoch: 130, Dataset: val, Dice: 0.9029, IoU: 0.8392
[2026-08-25 06:12:41,117] Epoch: 131, Dataset: test, Dice: 0.6154, IoU: 0.5129
[2026-08-25 06:12:41,903] Epoch: 131, Dataset: val, Dice: 0.9050, IoU: 0.8450
[2026-08-25 06:13:09,824] Epoch: 132, Dataset: test, Dice: 0.5972, IoU: 0.4930
[2026-08-25 06:13:10,619] Epoch: 132, Dataset: val, Dice: 0.9067, IoU: 0.8421
[2026-08-25 06:13:38,586] Epoch: 133, Dataset: test, Dice: 0.5578, IoU: 0.4609
[2026-08-25 06:13:39,400] Epoch: 133, Dataset: val, Dice: 0.9075, IoU: 0.8457
[2026-08-25 06:14:07,306] Epoch: 134, Dataset: test, Dice: 0.5633, IoU: 0.4632
[2026-08-25 06:14:08,111] Epoch: 134, Dataset: val, Dice: 0.9012, IoU: 0.8389
[2026-08-25 06:14:35,986] Epoch: 135, Dataset: test, Dice: 0.5918, IoU: 0.4917
[2026-08-25 06:14:36,800] Epoch: 135, Dataset: val, Dice: 0.9086, IoU: 0.8469
[2026-08-25 06:15:04,733] Epoch: 136, Dataset: test, Dice: 0.5677, IoU: 0.4783
[2026-08-25 06:15:05,519] Epoch: 136, Dataset: val, Dice: 0.9022, IoU: 0.8373
[2026-08-25 06:15:33,419] Epoch: 137, Dataset: test, Dice: 0.6081, IoU: 0.5027
[2026-08-25 06:15:34,234] Epoch: 137, Dataset: val, Dice: 0.8988, IoU: 0.8338
[2026-08-25 06:16:02,184] Epoch: 138, Dataset: test, Dice: 0.6235, IoU: 0.5262
[2026-08-25 06:16:02,955] Epoch: 138, Dataset: val, Dice: 0.9042, IoU: 0.8387
[2026-08-25 06:16:30,980] Epoch: 139, Dataset: test, Dice: 0.5737, IoU: 0.4784
[2026-08-25 06:16:31,770] Epoch: 139, Dataset: val, Dice: 0.9080, IoU: 0.8454
[2026-08-25 06:16:59,662] Epoch: 140, Dataset: test, Dice: 0.6458, IoU: 0.5429
[2026-08-25 06:17:00,471] Epoch: 140, Dataset: val, Dice: 0.9096, IoU: 0.8483
[2026-08-25 06:17:00,471] ### Best Model Saved (Dice improved from 0.9089 to 0.9096) ###
[2026-08-25 06:17:28,464] Epoch: 141, Dataset: test, Dice: 0.5358, IoU: 0.4360
[2026-08-25 06:17:29,265] Epoch: 141, Dataset: val, Dice: 0.9046, IoU: 0.8389
[2026-08-25 06:17:57,256] Epoch: 142, Dataset: test, Dice: 0.5863, IoU: 0.4851
[2026-08-25 06:17:58,038] Epoch: 142, Dataset: val, Dice: 0.8946, IoU: 0.8291
[2026-08-25 06:18:26,010] Epoch: 143, Dataset: test, Dice: 0.5994, IoU: 0.5036
[2026-08-25 06:18:26,781] Epoch: 143, Dataset: val, Dice: 0.9065, IoU: 0.8427
[2026-08-25 06:18:54,706] Epoch: 144, Dataset: test, Dice: 0.5846, IoU: 0.4893
[2026-08-25 06:18:55,510] Epoch: 144, Dataset: val, Dice: 0.9064, IoU: 0.8428
[2026-08-25 06:19:23,499] Epoch: 145, Dataset: test, Dice: 0.5949, IoU: 0.4941
[2026-08-25 06:19:24,303] Epoch: 145, Dataset: val, Dice: 0.9082, IoU: 0.8447
[2026-08-25 06:19:52,192] Epoch: 146, Dataset: test, Dice: 0.5922, IoU: 0.4917
[2026-08-25 06:19:53,015] Epoch: 146, Dataset: val, Dice: 0.9081, IoU: 0.8460
[2026-08-25 06:20:20,942] Epoch: 147, Dataset: test, Dice: 0.5888, IoU: 0.4947
[2026-08-25 06:20:21,730] Epoch: 147, Dataset: val, Dice: 0.8981, IoU: 0.8319
[2026-08-25 06:20:49,677] Epoch: 148, Dataset: test, Dice: 0.6004, IoU: 0.5075
[2026-08-25 06:20:50,525] Epoch: 148, Dataset: val, Dice: 0.8866, IoU: 0.8160
[2026-08-25 06:21:18,533] Epoch: 149, Dataset: test, Dice: 0.6100, IoU: 0.5115
[2026-08-25 06:21:19,322] Epoch: 149, Dataset: val, Dice: 0.9104, IoU: 0.8488
[2026-08-25 06:21:19,322] ### Best Model Saved (Dice improved from 0.9096 to 0.9104) ###
[2026-08-25 06:21:47,290] Epoch: 150, Dataset: test, Dice: 0.6287, IoU: 0.5235
[2026-08-25 06:21:48,097] Epoch: 150, Dataset: val, Dice: 0.9122, IoU: 0.8525
[2026-08-25 06:21:48,097] ### Best Model Saved (Dice improved from 0.9104 to 0.9122) ###
[2026-08-25 06:22:16,073] Epoch: 151, Dataset: test, Dice: 0.6115, IoU: 0.5101
[2026-08-25 06:22:16,892] Epoch: 151, Dataset: val, Dice: 0.9017, IoU: 0.8392
[2026-08-25 06:22:44,830] Epoch: 152, Dataset: test, Dice: 0.6369, IoU: 0.5347
[2026-08-25 06:22:45,625] Epoch: 152, Dataset: val, Dice: 0.8985, IoU: 0.8360
[2026-08-25 06:23:13,552] Epoch: 153, Dataset: test, Dice: 0.6639, IoU: 0.5611
[2026-08-25 06:23:14,364] Epoch: 153, Dataset: val, Dice: 0.9046, IoU: 0.8447
[2026-08-25 06:23:42,315] Epoch: 154, Dataset: test, Dice: 0.6191, IoU: 0.5086
[2026-08-25 06:23:43,120] Epoch: 154, Dataset: val, Dice: 0.9083, IoU: 0.8502
[2026-08-25 06:24:11,139] Epoch: 155, Dataset: test, Dice: 0.6352, IoU: 0.5352
[2026-08-25 06:24:11,938] Epoch: 155, Dataset: val, Dice: 0.9042, IoU: 0.8446
[2026-08-25 06:24:39,872] Epoch: 156, Dataset: test, Dice: 0.6102, IoU: 0.5138
[2026-08-25 06:24:40,692] Epoch: 156, Dataset: val, Dice: 0.9083, IoU: 0.8450
[2026-08-25 06:25:08,664] Epoch: 157, Dataset: test, Dice: 0.5921, IoU: 0.4910
[2026-08-25 06:25:09,447] Epoch: 157, Dataset: val, Dice: 0.9118, IoU: 0.8526
[2026-08-25 06:25:37,359] Epoch: 158, Dataset: test, Dice: 0.5600, IoU: 0.4561
[2026-08-25 06:25:38,147] Epoch: 158, Dataset: val, Dice: 0.8841, IoU: 0.8166
[2026-08-25 06:26:06,132] Epoch: 159, Dataset: test, Dice: 0.6135, IoU: 0.5158
[2026-08-25 06:26:06,913] Epoch: 159, Dataset: val, Dice: 0.8997, IoU: 0.8362
[2026-08-25 06:26:34,862] Epoch: 160, Dataset: test, Dice: 0.6205, IoU: 0.5209
[2026-08-25 06:26:35,646] Epoch: 160, Dataset: val, Dice: 0.8982, IoU: 0.8349
[2026-08-25 06:27:03,581] Epoch: 161, Dataset: test, Dice: 0.6257, IoU: 0.5323
[2026-08-25 06:27:04,401] Epoch: 161, Dataset: val, Dice: 0.8980, IoU: 0.8339
[2026-08-25 06:27:32,330] Epoch: 162, Dataset: test, Dice: 0.6004, IoU: 0.4990
[2026-08-25 06:27:33,094] Epoch: 162, Dataset: val, Dice: 0.9003, IoU: 0.8367
[2026-08-25 06:28:01,055] Epoch: 163, Dataset: test, Dice: 0.5108, IoU: 0.4112
[2026-08-25 06:28:01,872] Epoch: 163, Dataset: val, Dice: 0.8902, IoU: 0.8254
[2026-08-25 06:28:29,783] Epoch: 164, Dataset: test, Dice: 0.6262, IoU: 0.5213
[2026-08-25 06:28:30,626] Epoch: 164, Dataset: val, Dice: 0.9081, IoU: 0.8453
[2026-08-25 06:28:58,521] Epoch: 165, Dataset: test, Dice: 0.6058, IoU: 0.4975
[2026-08-25 06:28:59,326] Epoch: 165, Dataset: val, Dice: 0.9079, IoU: 0.8489
[2026-08-25 06:29:27,259] Epoch: 166, Dataset: test, Dice: 0.6037, IoU: 0.4957
[2026-08-25 06:29:28,086] Epoch: 166, Dataset: val, Dice: 0.9097, IoU: 0.8486
[2026-08-25 06:29:55,983] Epoch: 167, Dataset: test, Dice: 0.6028, IoU: 0.5028
[2026-08-25 06:29:56,797] Epoch: 167, Dataset: val, Dice: 0.9025, IoU: 0.8425
[2026-08-25 06:30:24,712] Epoch: 168, Dataset: test, Dice: 0.5903, IoU: 0.4826
[2026-08-25 06:30:25,482] Epoch: 168, Dataset: val, Dice: 0.9127, IoU: 0.8528
[2026-08-25 06:30:25,483] ### Best Model Saved (Dice improved from 0.9122 to 0.9127) ###
[2026-08-25 06:30:53,496] Epoch: 169, Dataset: test, Dice: 0.6045, IoU: 0.5004
[2026-08-25 06:30:54,340] Epoch: 169, Dataset: val, Dice: 0.9043, IoU: 0.8417
[2026-08-25 06:31:22,308] Epoch: 170, Dataset: test, Dice: 0.5622, IoU: 0.4595
[2026-08-25 06:31:23,142] Epoch: 170, Dataset: val, Dice: 0.9023, IoU: 0.8374
[2026-08-25 06:31:51,110] Epoch: 171, Dataset: test, Dice: 0.5907, IoU: 0.4954
[2026-08-25 06:31:51,903] Epoch: 171, Dataset: val, Dice: 0.8976, IoU: 0.8331
[2026-08-25 06:32:19,851] Epoch: 172, Dataset: test, Dice: 0.5690, IoU: 0.4663
[2026-08-25 06:32:20,665] Epoch: 172, Dataset: val, Dice: 0.9080, IoU: 0.8475
[2026-08-25 06:32:48,565] Epoch: 173, Dataset: test, Dice: 0.5931, IoU: 0.5006
[2026-08-25 06:32:49,340] Epoch: 173, Dataset: val, Dice: 0.9020, IoU: 0.8388
[2026-08-25 06:33:17,235] Epoch: 174, Dataset: test, Dice: 0.5643, IoU: 0.4631
[2026-08-25 06:33:17,992] Epoch: 174, Dataset: val, Dice: 0.9095, IoU: 0.8490
[2026-08-25 06:33:45,922] Epoch: 175, Dataset: test, Dice: 0.5698, IoU: 0.4669
[2026-08-25 06:33:46,707] Epoch: 175, Dataset: val, Dice: 0.9108, IoU: 0.8514
[2026-08-25 06:34:14,676] Epoch: 176, Dataset: test, Dice: 0.5888, IoU: 0.4868
[2026-08-25 06:34:15,443] Epoch: 176, Dataset: val, Dice: 0.9030, IoU: 0.8392
[2026-08-25 06:34:43,407] Epoch: 177, Dataset: test, Dice: 0.5818, IoU: 0.4791
[2026-08-25 06:34:44,229] Epoch: 177, Dataset: val, Dice: 0.9022, IoU: 0.8411
[2026-08-25 06:35:12,168] Epoch: 178, Dataset: test, Dice: 0.6171, IoU: 0.5149
[2026-08-25 06:35:12,933] Epoch: 178, Dataset: val, Dice: 0.8992, IoU: 0.8360
[2026-08-25 06:35:40,909] Epoch: 179, Dataset: test, Dice: 0.6116, IoU: 0.5097
[2026-08-25 06:35:41,706] Epoch: 179, Dataset: val, Dice: 0.8997, IoU: 0.8370
[2026-08-25 06:36:09,679] Epoch: 180, Dataset: test, Dice: 0.6124, IoU: 0.5078
[2026-08-25 06:36:10,475] Epoch: 180, Dataset: val, Dice: 0.9014, IoU: 0.8407
[2026-08-25 06:36:38,382] Epoch: 181, Dataset: test, Dice: 0.6112, IoU: 0.5058
[2026-08-25 06:36:39,181] Epoch: 181, Dataset: val, Dice: 0.9033, IoU: 0.8410
[2026-08-25 06:37:07,096] Epoch: 182, Dataset: test, Dice: 0.5925, IoU: 0.4985
[2026-08-25 06:37:07,907] Epoch: 182, Dataset: val, Dice: 0.9016, IoU: 0.8406
[2026-08-25 06:37:35,901] Epoch: 183, Dataset: test, Dice: 0.6571, IoU: 0.5518
[2026-08-25 06:37:36,693] Epoch: 183, Dataset: val, Dice: 0.9048, IoU: 0.8451
[2026-08-25 06:38:04,643] Epoch: 184, Dataset: test, Dice: 0.5910, IoU: 0.4830
[2026-08-25 06:38:05,451] Epoch: 184, Dataset: val, Dice: 0.9027, IoU: 0.8418
[2026-08-25 06:38:33,379] Epoch: 185, Dataset: test, Dice: 0.5389, IoU: 0.4347
[2026-08-25 06:38:34,149] Epoch: 185, Dataset: val, Dice: 0.9011, IoU: 0.8401
[2026-08-25 06:39:02,119] Epoch: 186, Dataset: test, Dice: 0.5225, IoU: 0.4191
[2026-08-25 06:39:02,917] Epoch: 186, Dataset: val, Dice: 0.8924, IoU: 0.8286
[2026-08-25 06:39:30,953] Epoch: 187, Dataset: test, Dice: 0.6236, IoU: 0.5193
[2026-08-25 06:39:31,803] Epoch: 187, Dataset: val, Dice: 0.9048, IoU: 0.8452
[2026-08-25 06:39:59,775] Epoch: 188, Dataset: test, Dice: 0.5667, IoU: 0.4637
[2026-08-25 06:40:00,610] Epoch: 188, Dataset: val, Dice: 0.9053, IoU: 0.8440
[2026-08-25 06:40:28,519] Epoch: 189, Dataset: test, Dice: 0.5983, IoU: 0.4964
[2026-08-25 06:40:29,338] Epoch: 189, Dataset: val, Dice: 0.9057, IoU: 0.8457
[2026-08-25 06:40:57,269] Epoch: 190, Dataset: test, Dice: 0.5974, IoU: 0.5008
[2026-08-25 06:40:58,038] Epoch: 190, Dataset: val, Dice: 0.9060, IoU: 0.8465
[2026-08-25 06:41:25,948] Epoch: 191, Dataset: test, Dice: 0.5779, IoU: 0.4804
[2026-08-25 06:41:26,760] Epoch: 191, Dataset: val, Dice: 0.9074, IoU: 0.8491
[2026-08-25 06:41:54,810] Epoch: 192, Dataset: test, Dice: 0.6054, IoU: 0.5081
[2026-08-25 06:41:55,623] Epoch: 192, Dataset: val, Dice: 0.9060, IoU: 0.8439
[2026-08-25 06:42:23,609] Epoch: 193, Dataset: test, Dice: 0.5961, IoU: 0.4953
[2026-08-25 06:42:24,406] Epoch: 193, Dataset: val, Dice: 0.9024, IoU: 0.8420
[2026-08-25 06:42:52,342] Epoch: 194, Dataset: test, Dice: 0.5977, IoU: 0.4966
[2026-08-25 06:42:53,121] Epoch: 194, Dataset: val, Dice: 0.8973, IoU: 0.8335
[2026-08-25 06:43:21,125] Epoch: 195, Dataset: test, Dice: 0.5465, IoU: 0.4469
[2026-08-25 06:43:21,945] Epoch: 195, Dataset: val, Dice: 0.8996, IoU: 0.8377
[2026-08-25 06:43:49,870] Epoch: 196, Dataset: test, Dice: 0.5646, IoU: 0.4611
[2026-08-25 06:43:50,666] Epoch: 196, Dataset: val, Dice: 0.9056, IoU: 0.8423
[2026-08-25 06:44:18,630] Epoch: 197, Dataset: test, Dice: 0.6255, IoU: 0.5240
[2026-08-25 06:44:19,446] Epoch: 197, Dataset: val, Dice: 0.9034, IoU: 0.8438
[2026-08-25 06:44:47,382] Epoch: 198, Dataset: test, Dice: 0.5996, IoU: 0.4942
[2026-08-25 06:44:48,206] Epoch: 198, Dataset: val, Dice: 0.9020, IoU: 0.8405
[2026-08-25 06:45:16,161] Epoch: 199, Dataset: test, Dice: 0.5773, IoU: 0.4725
[2026-08-25 06:45:16,968] Epoch: 199, Dataset: val, Dice: 0.9129, IoU: 0.8541
[2026-08-25 06:45:16,968] ### Best Model Saved (Dice improved from 0.9127 to 0.9129) ###
[2026-08-25 06:45:45,033] Epoch: 200, Dataset: test, Dice: 0.5949, IoU: 0.4964
[2026-08-25 06:45:45,825] Epoch: 200, Dataset: val, Dice: 0.9049, IoU: 0.8449
[2026-08-25 06:45:45,827] 
========================================
FINAL RESULTS: ClinicDB_MK_UNet_bs8_lr0.0005_e200_augTrue_run1_t051001
Best Val Dice: 0.9129
Test Dice at Best Val: 0.5773
Total Train Time: 5441.29s
========================================
