[2026-08-24 17:33:19,581] flops: 0.126256062, params: 0.027384, Total params: : 0.0274
[2026-08-24 17:33:32,952] Epoch: 1, Dataset: test, Dice: 0.1745, IoU: 0.1058
[2026-08-24 17:33:33,523] Epoch: 1, Dataset: val, Dice: 0.3513, IoU: 0.2353
[2026-08-24 17:33:33,524] ### Best Model Saved (Dice improved from 0.0000 to 0.3513) ###
[2026-08-24 17:33:46,902] Epoch: 2, Dataset: test, Dice: 0.1836, IoU: 0.1116
[2026-08-24 17:33:47,479] Epoch: 2, Dataset: val, Dice: 0.3436, IoU: 0.2313
[2026-08-24 17:34:00,921] Epoch: 3, Dataset: test, Dice: 0.1670, IoU: 0.1055
[2026-08-24 17:34:01,496] Epoch: 3, Dataset: val, Dice: 0.4713, IoU: 0.3534
[2026-08-24 17:34:01,496] ### Best Model Saved (Dice improved from 0.3513 to 0.4713) ###
[2026-08-24 17:34:14,931] Epoch: 4, Dataset: test, Dice: 0.2341, IoU: 0.1515
[2026-08-24 17:34:15,496] Epoch: 4, Dataset: val, Dice: 0.5129, IoU: 0.3779
[2026-08-24 17:34:15,496] ### Best Model Saved (Dice improved from 0.4713 to 0.5129) ###
[2026-08-24 17:34:28,882] Epoch: 5, Dataset: test, Dice: 0.2988, IoU: 0.2011
[2026-08-24 17:34:29,463] Epoch: 5, Dataset: val, Dice: 0.4476, IoU: 0.3132
[2026-08-24 17:34:42,853] Epoch: 6, Dataset: test, Dice: 0.2397, IoU: 0.1497
[2026-08-24 17:34:43,418] Epoch: 6, Dataset: val, Dice: 0.5253, IoU: 0.3959
[2026-08-24 17:34:43,419] ### Best Model Saved (Dice improved from 0.5129 to 0.5253) ###
[2026-08-24 17:34:56,842] Epoch: 7, Dataset: test, Dice: 0.1848, IoU: 0.1248
[2026-08-24 17:34:57,399] Epoch: 7, Dataset: val, Dice: 0.5329, IoU: 0.4103
[2026-08-24 17:34:57,400] ### Best Model Saved (Dice improved from 0.5253 to 0.5329) ###
[2026-08-24 17:35:10,826] Epoch: 8, Dataset: test, Dice: 0.2595, IoU: 0.1852
[2026-08-24 17:35:11,395] Epoch: 8, Dataset: val, Dice: 0.5319, IoU: 0.4141
[2026-08-24 17:35:24,742] Epoch: 9, Dataset: test, Dice: 0.2041, IoU: 0.1375
[2026-08-24 17:35:25,305] Epoch: 9, Dataset: val, Dice: 0.5543, IoU: 0.4353
[2026-08-24 17:35:25,305] ### Best Model Saved (Dice improved from 0.5329 to 0.5543) ###
[2026-08-24 17:35:38,693] Epoch: 10, Dataset: test, Dice: 0.2890, IoU: 0.1917
[2026-08-24 17:35:39,270] Epoch: 10, Dataset: val, Dice: 0.6340, IoU: 0.5083
[2026-08-24 17:35:39,270] ### Best Model Saved (Dice improved from 0.5543 to 0.6340) ###
[2026-08-24 17:35:52,689] Epoch: 11, Dataset: test, Dice: 0.2564, IoU: 0.1685
[2026-08-24 17:35:53,281] Epoch: 11, Dataset: val, Dice: 0.6304, IoU: 0.5023
[2026-08-24 17:36:06,668] Epoch: 12, Dataset: test, Dice: 0.2101, IoU: 0.1422
[2026-08-24 17:36:07,225] Epoch: 12, Dataset: val, Dice: 0.5586, IoU: 0.4385
[2026-08-24 17:36:20,561] Epoch: 13, Dataset: test, Dice: 0.2753, IoU: 0.1904
[2026-08-24 17:36:21,116] Epoch: 13, Dataset: val, Dice: 0.5580, IoU: 0.4305
[2026-08-24 17:36:34,467] Epoch: 14, Dataset: test, Dice: 0.3081, IoU: 0.2218
[2026-08-24 17:36:35,039] Epoch: 14, Dataset: val, Dice: 0.6995, IoU: 0.5787
[2026-08-24 17:36:35,039] ### Best Model Saved (Dice improved from 0.6340 to 0.6995) ###
[2026-08-24 17:36:48,482] Epoch: 15, Dataset: test, Dice: 0.3642, IoU: 0.2589
[2026-08-24 17:36:49,050] Epoch: 15, Dataset: val, Dice: 0.6351, IoU: 0.5067
[2026-08-24 17:37:02,390] Epoch: 16, Dataset: test, Dice: 0.3115, IoU: 0.2257
[2026-08-24 17:37:02,969] Epoch: 16, Dataset: val, Dice: 0.6889, IoU: 0.5661
[2026-08-24 17:37:16,293] Epoch: 17, Dataset: test, Dice: 0.2846, IoU: 0.2197
[2026-08-24 17:37:16,854] Epoch: 17, Dataset: val, Dice: 0.6853, IoU: 0.5693
[2026-08-24 17:37:30,294] Epoch: 18, Dataset: test, Dice: 0.3106, IoU: 0.2239
[2026-08-24 17:37:30,875] Epoch: 18, Dataset: val, Dice: 0.7052, IoU: 0.5963
[2026-08-24 17:37:30,876] ### Best Model Saved (Dice improved from 0.6995 to 0.7052) ###
[2026-08-24 17:37:44,308] Epoch: 19, Dataset: test, Dice: 0.2693, IoU: 0.1987
[2026-08-24 17:37:44,854] Epoch: 19, Dataset: val, Dice: 0.5824, IoU: 0.4795
[2026-08-24 17:37:58,198] Epoch: 20, Dataset: test, Dice: 0.2592, IoU: 0.1856
[2026-08-24 17:37:58,780] Epoch: 20, Dataset: val, Dice: 0.6679, IoU: 0.5544
[2026-08-24 17:38:12,081] Epoch: 21, Dataset: test, Dice: 0.3391, IoU: 0.2599
[2026-08-24 17:38:12,633] Epoch: 21, Dataset: val, Dice: 0.7052, IoU: 0.5931
[2026-08-24 17:38:12,633] ### Best Model Saved (Dice improved from 0.7052 to 0.7052) ###
[2026-08-24 17:38:26,049] Epoch: 22, Dataset: test, Dice: 0.3686, IoU: 0.2732
[2026-08-24 17:38:26,633] Epoch: 22, Dataset: val, Dice: 0.7465, IoU: 0.6426
[2026-08-24 17:38:26,633] ### Best Model Saved (Dice improved from 0.7052 to 0.7465) ###
[2026-08-24 17:38:40,035] Epoch: 23, Dataset: test, Dice: 0.3471, IoU: 0.2741
[2026-08-24 17:38:40,627] Epoch: 23, Dataset: val, Dice: 0.7292, IoU: 0.6259
[2026-08-24 17:38:54,057] Epoch: 24, Dataset: test, Dice: 0.4102, IoU: 0.3051
[2026-08-24 17:38:54,622] Epoch: 24, Dataset: val, Dice: 0.7439, IoU: 0.6323
[2026-08-24 17:39:08,074] Epoch: 25, Dataset: test, Dice: 0.3584, IoU: 0.2730
[2026-08-24 17:39:08,681] Epoch: 25, Dataset: val, Dice: 0.6702, IoU: 0.5668
[2026-08-24 17:39:22,057] Epoch: 26, Dataset: test, Dice: 0.3071, IoU: 0.2370
[2026-08-24 17:39:22,633] Epoch: 26, Dataset: val, Dice: 0.6468, IoU: 0.5339
[2026-08-24 17:39:36,029] Epoch: 27, Dataset: test, Dice: 0.2605, IoU: 0.1720
[2026-08-24 17:39:36,611] Epoch: 27, Dataset: val, Dice: 0.6465, IoU: 0.5388
[2026-08-24 17:39:49,876] Epoch: 28, Dataset: test, Dice: 0.3259, IoU: 0.2383
[2026-08-24 17:39:50,439] Epoch: 28, Dataset: val, Dice: 0.7379, IoU: 0.6368
[2026-08-24 17:40:03,748] Epoch: 29, Dataset: test, Dice: 0.3238, IoU: 0.2490
[2026-08-24 17:40:04,348] Epoch: 29, Dataset: val, Dice: 0.7525, IoU: 0.6539
[2026-08-24 17:40:04,348] ### Best Model Saved (Dice improved from 0.7465 to 0.7525) ###
[2026-08-24 17:40:17,789] Epoch: 30, Dataset: test, Dice: 0.4745, IoU: 0.3760
[2026-08-24 17:40:18,364] Epoch: 30, Dataset: val, Dice: 0.7255, IoU: 0.6128
[2026-08-24 17:40:31,724] Epoch: 31, Dataset: test, Dice: 0.3542, IoU: 0.2733
[2026-08-24 17:40:32,294] Epoch: 31, Dataset: val, Dice: 0.7204, IoU: 0.6197
[2026-08-24 17:40:45,674] Epoch: 32, Dataset: test, Dice: 0.3483, IoU: 0.2634
[2026-08-24 17:40:46,241] Epoch: 32, Dataset: val, Dice: 0.7351, IoU: 0.6245
[2026-08-24 17:40:59,609] Epoch: 33, Dataset: test, Dice: 0.3856, IoU: 0.2982
[2026-08-24 17:41:00,155] Epoch: 33, Dataset: val, Dice: 0.7477, IoU: 0.6405
[2026-08-24 17:41:13,486] Epoch: 34, Dataset: test, Dice: 0.3267, IoU: 0.2564
[2026-08-24 17:41:14,082] Epoch: 34, Dataset: val, Dice: 0.7340, IoU: 0.6219
[2026-08-24 17:41:27,424] Epoch: 35, Dataset: test, Dice: 0.3927, IoU: 0.2900
[2026-08-24 17:41:27,982] Epoch: 35, Dataset: val, Dice: 0.7369, IoU: 0.6253
[2026-08-24 17:41:41,347] Epoch: 36, Dataset: test, Dice: 0.4327, IoU: 0.3482
[2026-08-24 17:41:41,928] Epoch: 36, Dataset: val, Dice: 0.7595, IoU: 0.6616
[2026-08-24 17:41:41,929] ### Best Model Saved (Dice improved from 0.7525 to 0.7595) ###
[2026-08-24 17:41:55,316] Epoch: 37, Dataset: test, Dice: 0.4356, IoU: 0.3409
[2026-08-24 17:41:55,909] Epoch: 37, Dataset: val, Dice: 0.7630, IoU: 0.6601
[2026-08-24 17:41:55,909] ### Best Model Saved (Dice improved from 0.7595 to 0.7630) ###
[2026-08-24 17:42:09,316] Epoch: 38, Dataset: test, Dice: 0.4002, IoU: 0.3115
[2026-08-24 17:42:09,878] Epoch: 38, Dataset: val, Dice: 0.7790, IoU: 0.6848
[2026-08-24 17:42:09,879] ### Best Model Saved (Dice improved from 0.7630 to 0.7790) ###
[2026-08-24 17:42:23,336] Epoch: 39, Dataset: test, Dice: 0.3943, IoU: 0.3169
[2026-08-24 17:42:23,941] Epoch: 39, Dataset: val, Dice: 0.7588, IoU: 0.6601
[2026-08-24 17:42:37,312] Epoch: 40, Dataset: test, Dice: 0.3554, IoU: 0.2732
[2026-08-24 17:42:37,887] Epoch: 40, Dataset: val, Dice: 0.7666, IoU: 0.6674
[2026-08-24 17:42:51,284] Epoch: 41, Dataset: test, Dice: 0.3785, IoU: 0.2915
[2026-08-24 17:42:51,859] Epoch: 41, Dataset: val, Dice: 0.7623, IoU: 0.6645
[2026-08-24 17:43:05,310] Epoch: 42, Dataset: test, Dice: 0.4205, IoU: 0.3135
[2026-08-24 17:43:05,870] Epoch: 42, Dataset: val, Dice: 0.7614, IoU: 0.6578
[2026-08-24 17:43:19,298] Epoch: 43, Dataset: test, Dice: 0.3734, IoU: 0.2897
[2026-08-24 17:43:19,867] Epoch: 43, Dataset: val, Dice: 0.7446, IoU: 0.6464
[2026-08-24 17:43:33,347] Epoch: 44, Dataset: test, Dice: 0.3291, IoU: 0.2469
[2026-08-24 17:43:33,935] Epoch: 44, Dataset: val, Dice: 0.8009, IoU: 0.7010
[2026-08-24 17:43:33,936] ### Best Model Saved (Dice improved from 0.7790 to 0.8009) ###
[2026-08-24 17:43:47,332] Epoch: 45, Dataset: test, Dice: 0.3504, IoU: 0.2584
[2026-08-24 17:43:47,915] Epoch: 45, Dataset: val, Dice: 0.7242, IoU: 0.6215
[2026-08-24 17:44:01,378] Epoch: 46, Dataset: test, Dice: 0.3807, IoU: 0.2782
[2026-08-24 17:44:01,953] Epoch: 46, Dataset: val, Dice: 0.7583, IoU: 0.6593
[2026-08-24 17:44:15,384] Epoch: 47, Dataset: test, Dice: 0.3955, IoU: 0.2996
[2026-08-24 17:44:15,959] Epoch: 47, Dataset: val, Dice: 0.7857, IoU: 0.6926
[2026-08-24 17:44:29,455] Epoch: 48, Dataset: test, Dice: 0.3795, IoU: 0.2742
[2026-08-24 17:44:30,043] Epoch: 48, Dataset: val, Dice: 0.7515, IoU: 0.6504
[2026-08-24 17:44:43,479] Epoch: 49, Dataset: test, Dice: 0.3864, IoU: 0.2994
[2026-08-24 17:44:44,089] Epoch: 49, Dataset: val, Dice: 0.7703, IoU: 0.6671
[2026-08-24 17:44:57,486] Epoch: 50, Dataset: test, Dice: 0.3929, IoU: 0.3126
[2026-08-24 17:44:58,055] Epoch: 50, Dataset: val, Dice: 0.7439, IoU: 0.6383
[2026-08-24 17:45:11,503] Epoch: 51, Dataset: test, Dice: 0.3106, IoU: 0.2261
[2026-08-24 17:45:12,086] Epoch: 51, Dataset: val, Dice: 0.7544, IoU: 0.6558
[2026-08-24 17:45:25,561] Epoch: 52, Dataset: test, Dice: 0.4557, IoU: 0.3711
[2026-08-24 17:45:26,132] Epoch: 52, Dataset: val, Dice: 0.7718, IoU: 0.6694
[2026-08-24 17:45:39,576] Epoch: 53, Dataset: test, Dice: 0.4124, IoU: 0.3267
[2026-08-24 17:45:40,147] Epoch: 53, Dataset: val, Dice: 0.7941, IoU: 0.6976
[2026-08-24 17:45:53,589] Epoch: 54, Dataset: test, Dice: 0.3936, IoU: 0.2910
[2026-08-24 17:45:54,196] Epoch: 54, Dataset: val, Dice: 0.7607, IoU: 0.6566
[2026-08-24 17:46:07,599] Epoch: 55, Dataset: test, Dice: 0.3975, IoU: 0.3010
[2026-08-24 17:46:08,162] Epoch: 55, Dataset: val, Dice: 0.7969, IoU: 0.7090
[2026-08-24 17:46:21,570] Epoch: 56, Dataset: test, Dice: 0.3684, IoU: 0.2736
[2026-08-24 17:46:22,159] Epoch: 56, Dataset: val, Dice: 0.7664, IoU: 0.6579
[2026-08-24 17:46:35,628] Epoch: 57, Dataset: test, Dice: 0.4356, IoU: 0.3305
[2026-08-24 17:46:36,188] Epoch: 57, Dataset: val, Dice: 0.7905, IoU: 0.6989
[2026-08-24 17:46:49,593] Epoch: 58, Dataset: test, Dice: 0.4262, IoU: 0.3260
[2026-08-24 17:46:50,152] Epoch: 58, Dataset: val, Dice: 0.7871, IoU: 0.6930
[2026-08-24 17:47:03,513] Epoch: 59, Dataset: test, Dice: 0.3952, IoU: 0.2989
[2026-08-24 17:47:04,120] Epoch: 59, Dataset: val, Dice: 0.8034, IoU: 0.7100
[2026-08-24 17:47:04,120] ### Best Model Saved (Dice improved from 0.8009 to 0.8034) ###
[2026-08-24 17:47:17,542] Epoch: 60, Dataset: test, Dice: 0.4219, IoU: 0.3203
[2026-08-24 17:47:18,124] Epoch: 60, Dataset: val, Dice: 0.8084, IoU: 0.7104
[2026-08-24 17:47:18,124] ### Best Model Saved (Dice improved from 0.8034 to 0.8084) ###
[2026-08-24 17:47:31,576] Epoch: 61, Dataset: test, Dice: 0.3991, IoU: 0.3152
[2026-08-24 17:47:32,131] Epoch: 61, Dataset: val, Dice: 0.7972, IoU: 0.7109
[2026-08-24 17:47:45,557] Epoch: 62, Dataset: test, Dice: 0.3930, IoU: 0.2911
[2026-08-24 17:47:46,156] Epoch: 62, Dataset: val, Dice: 0.7832, IoU: 0.6784
[2026-08-24 17:47:59,626] Epoch: 63, Dataset: test, Dice: 0.4618, IoU: 0.3577
[2026-08-24 17:48:00,219] Epoch: 63, Dataset: val, Dice: 0.7841, IoU: 0.6942
[2026-08-24 17:48:13,586] Epoch: 64, Dataset: test, Dice: 0.3278, IoU: 0.2251
[2026-08-24 17:48:14,201] Epoch: 64, Dataset: val, Dice: 0.7385, IoU: 0.6315
[2026-08-24 17:48:27,673] Epoch: 65, Dataset: test, Dice: 0.4564, IoU: 0.3720
[2026-08-24 17:48:28,241] Epoch: 65, Dataset: val, Dice: 0.8140, IoU: 0.7299
[2026-08-24 17:48:28,242] ### Best Model Saved (Dice improved from 0.8084 to 0.8140) ###
[2026-08-24 17:48:41,674] Epoch: 66, Dataset: test, Dice: 0.4199, IoU: 0.3175
[2026-08-24 17:48:42,267] Epoch: 66, Dataset: val, Dice: 0.7836, IoU: 0.6780
[2026-08-24 17:48:55,663] Epoch: 67, Dataset: test, Dice: 0.4236, IoU: 0.3381
[2026-08-24 17:48:56,216] Epoch: 67, Dataset: val, Dice: 0.7898, IoU: 0.6938
[2026-08-24 17:49:09,602] Epoch: 68, Dataset: test, Dice: 0.4320, IoU: 0.3352
[2026-08-24 17:49:10,149] Epoch: 68, Dataset: val, Dice: 0.8279, IoU: 0.7373
[2026-08-24 17:49:10,150] ### Best Model Saved (Dice improved from 0.8140 to 0.8279) ###
[2026-08-24 17:49:23,603] Epoch: 69, Dataset: test, Dice: 0.3710, IoU: 0.2637
[2026-08-24 17:49:24,222] Epoch: 69, Dataset: val, Dice: 0.7830, IoU: 0.6920
[2026-08-24 17:49:37,722] Epoch: 70, Dataset: test, Dice: 0.4516, IoU: 0.3472
[2026-08-24 17:49:38,277] Epoch: 70, Dataset: val, Dice: 0.7994, IoU: 0.7152
[2026-08-24 17:49:51,701] Epoch: 71, Dataset: test, Dice: 0.4355, IoU: 0.3400
[2026-08-24 17:49:52,298] Epoch: 71, Dataset: val, Dice: 0.7842, IoU: 0.6978
[2026-08-24 17:50:05,712] Epoch: 72, Dataset: test, Dice: 0.4372, IoU: 0.3330
[2026-08-24 17:50:06,293] Epoch: 72, Dataset: val, Dice: 0.7967, IoU: 0.7015
[2026-08-24 17:50:19,694] Epoch: 73, Dataset: test, Dice: 0.4573, IoU: 0.3490
[2026-08-24 17:50:20,260] Epoch: 73, Dataset: val, Dice: 0.8151, IoU: 0.7283
[2026-08-24 17:50:33,713] Epoch: 74, Dataset: test, Dice: 0.4324, IoU: 0.3403
[2026-08-24 17:50:34,314] Epoch: 74, Dataset: val, Dice: 0.8259, IoU: 0.7416
[2026-08-24 17:50:47,695] Epoch: 75, Dataset: test, Dice: 0.4458, IoU: 0.3437
[2026-08-24 17:50:48,285] Epoch: 75, Dataset: val, Dice: 0.8142, IoU: 0.7231
[2026-08-24 17:51:01,786] Epoch: 76, Dataset: test, Dice: 0.4126, IoU: 0.3318
[2026-08-24 17:51:02,360] Epoch: 76, Dataset: val, Dice: 0.7995, IoU: 0.7080
[2026-08-24 17:51:15,812] Epoch: 77, Dataset: test, Dice: 0.3729, IoU: 0.2750
[2026-08-24 17:51:16,384] Epoch: 77, Dataset: val, Dice: 0.8109, IoU: 0.7200
[2026-08-24 17:51:29,704] Epoch: 78, Dataset: test, Dice: 0.4042, IoU: 0.3082
[2026-08-24 17:51:30,279] Epoch: 78, Dataset: val, Dice: 0.7966, IoU: 0.7081
[2026-08-24 17:51:43,627] Epoch: 79, Dataset: test, Dice: 0.4500, IoU: 0.3575
[2026-08-24 17:51:44,217] Epoch: 79, Dataset: val, Dice: 0.8240, IoU: 0.7398
[2026-08-24 17:51:57,571] Epoch: 80, Dataset: test, Dice: 0.4654, IoU: 0.3679
[2026-08-24 17:51:58,151] Epoch: 80, Dataset: val, Dice: 0.8201, IoU: 0.7387
[2026-08-24 17:52:11,545] Epoch: 81, Dataset: test, Dice: 0.4487, IoU: 0.3489
[2026-08-24 17:52:12,123] Epoch: 81, Dataset: val, Dice: 0.7998, IoU: 0.7074
[2026-08-24 17:52:25,599] Epoch: 82, Dataset: test, Dice: 0.4871, IoU: 0.3898
[2026-08-24 17:52:26,172] Epoch: 82, Dataset: val, Dice: 0.8051, IoU: 0.7139
[2026-08-24 17:52:39,657] Epoch: 83, Dataset: test, Dice: 0.4652, IoU: 0.3641
[2026-08-24 17:52:40,227] Epoch: 83, Dataset: val, Dice: 0.8258, IoU: 0.7393
[2026-08-24 17:52:53,644] Epoch: 84, Dataset: test, Dice: 0.4461, IoU: 0.3541
[2026-08-24 17:52:54,240] Epoch: 84, Dataset: val, Dice: 0.8200, IoU: 0.7369
[2026-08-24 17:53:07,711] Epoch: 85, Dataset: test, Dice: 0.4018, IoU: 0.2999
[2026-08-24 17:53:08,289] Epoch: 85, Dataset: val, Dice: 0.7915, IoU: 0.6903
[2026-08-24 17:53:21,683] Epoch: 86, Dataset: test, Dice: 0.4131, IoU: 0.3091
[2026-08-24 17:53:22,250] Epoch: 86, Dataset: val, Dice: 0.8145, IoU: 0.7334
[2026-08-24 17:53:35,646] Epoch: 87, Dataset: test, Dice: 0.3954, IoU: 0.3027
[2026-08-24 17:53:36,209] Epoch: 87, Dataset: val, Dice: 0.8109, IoU: 0.7255
[2026-08-24 17:53:49,544] Epoch: 88, Dataset: test, Dice: 0.4638, IoU: 0.3711
[2026-08-24 17:53:50,137] Epoch: 88, Dataset: val, Dice: 0.8226, IoU: 0.7373
[2026-08-24 17:54:03,616] Epoch: 89, Dataset: test, Dice: 0.4386, IoU: 0.3374
[2026-08-24 17:54:04,207] Epoch: 89, Dataset: val, Dice: 0.7955, IoU: 0.7095
[2026-08-24 17:54:17,595] Epoch: 90, Dataset: test, Dice: 0.4636, IoU: 0.3687
[2026-08-24 17:54:18,154] Epoch: 90, Dataset: val, Dice: 0.8204, IoU: 0.7334
[2026-08-24 17:54:31,626] Epoch: 91, Dataset: test, Dice: 0.4219, IoU: 0.3172
[2026-08-24 17:54:32,208] Epoch: 91, Dataset: val, Dice: 0.8056, IoU: 0.7132
[2026-08-24 17:54:45,688] Epoch: 92, Dataset: test, Dice: 0.4481, IoU: 0.3484
[2026-08-24 17:54:46,242] Epoch: 92, Dataset: val, Dice: 0.8100, IoU: 0.7215
[2026-08-24 17:54:59,677] Epoch: 93, Dataset: test, Dice: 0.4199, IoU: 0.3208
[2026-08-24 17:55:00,270] Epoch: 93, Dataset: val, Dice: 0.8058, IoU: 0.7223
[2026-08-24 17:55:13,657] Epoch: 94, Dataset: test, Dice: 0.3593, IoU: 0.2651
[2026-08-24 17:55:14,264] Epoch: 94, Dataset: val, Dice: 0.8164, IoU: 0.7237
[2026-08-24 17:55:27,681] Epoch: 95, Dataset: test, Dice: 0.4217, IoU: 0.3193
[2026-08-24 17:55:28,284] Epoch: 95, Dataset: val, Dice: 0.8318, IoU: 0.7459
[2026-08-24 17:55:28,285] ### Best Model Saved (Dice improved from 0.8279 to 0.8318) ###
[2026-08-24 17:55:41,743] Epoch: 96, Dataset: test, Dice: 0.4735, IoU: 0.3797
[2026-08-24 17:55:42,312] Epoch: 96, Dataset: val, Dice: 0.8246, IoU: 0.7365
[2026-08-24 17:55:55,760] Epoch: 97, Dataset: test, Dice: 0.3676, IoU: 0.2730
[2026-08-24 17:55:56,340] Epoch: 97, Dataset: val, Dice: 0.8354, IoU: 0.7478
[2026-08-24 17:55:56,340] ### Best Model Saved (Dice improved from 0.8318 to 0.8354) ###
[2026-08-24 17:56:09,775] Epoch: 98, Dataset: test, Dice: 0.4035, IoU: 0.3026
[2026-08-24 17:56:10,363] Epoch: 98, Dataset: val, Dice: 0.8410, IoU: 0.7576
[2026-08-24 17:56:10,364] ### Best Model Saved (Dice improved from 0.8354 to 0.8410) ###
[2026-08-24 17:56:23,789] Epoch: 99, Dataset: test, Dice: 0.4509, IoU: 0.3523
[2026-08-24 17:56:24,377] Epoch: 99, Dataset: val, Dice: 0.8245, IoU: 0.7397
[2026-08-24 17:56:37,776] Epoch: 100, Dataset: test, Dice: 0.4414, IoU: 0.3383
[2026-08-24 17:56:38,340] Epoch: 100, Dataset: val, Dice: 0.8293, IoU: 0.7402
[2026-08-24 17:56:51,776] Epoch: 101, Dataset: test, Dice: 0.4252, IoU: 0.3155
[2026-08-24 17:56:52,359] Epoch: 101, Dataset: val, Dice: 0.8183, IoU: 0.7329
[2026-08-24 17:57:05,828] Epoch: 102, Dataset: test, Dice: 0.3838, IoU: 0.2789
[2026-08-24 17:57:06,389] Epoch: 102, Dataset: val, Dice: 0.8189, IoU: 0.7294
[2026-08-24 17:57:19,902] Epoch: 103, Dataset: test, Dice: 0.3994, IoU: 0.3046
[2026-08-24 17:57:20,475] Epoch: 103, Dataset: val, Dice: 0.8401, IoU: 0.7562
[2026-08-24 17:57:33,919] Epoch: 104, Dataset: test, Dice: 0.4369, IoU: 0.3367
[2026-08-24 17:57:34,488] Epoch: 104, Dataset: val, Dice: 0.8332, IoU: 0.7521
[2026-08-24 17:57:47,885] Epoch: 105, Dataset: test, Dice: 0.4510, IoU: 0.3583
[2026-08-24 17:57:48,459] Epoch: 105, Dataset: val, Dice: 0.8202, IoU: 0.7365
[2026-08-24 17:58:01,879] Epoch: 106, Dataset: test, Dice: 0.4285, IoU: 0.3151
[2026-08-24 17:58:02,462] Epoch: 106, Dataset: val, Dice: 0.8131, IoU: 0.7268
[2026-08-24 17:58:15,874] Epoch: 107, Dataset: test, Dice: 0.4584, IoU: 0.3481
[2026-08-24 17:58:16,447] Epoch: 107, Dataset: val, Dice: 0.8151, IoU: 0.7290
[2026-08-24 17:58:29,914] Epoch: 108, Dataset: test, Dice: 0.4121, IoU: 0.3193
[2026-08-24 17:58:30,486] Epoch: 108, Dataset: val, Dice: 0.8247, IoU: 0.7332
[2026-08-24 17:58:43,997] Epoch: 109, Dataset: test, Dice: 0.4661, IoU: 0.3758
[2026-08-24 17:58:44,558] Epoch: 109, Dataset: val, Dice: 0.8209, IoU: 0.7400
[2026-08-24 17:58:57,960] Epoch: 110, Dataset: test, Dice: 0.4419, IoU: 0.3422
[2026-08-24 17:58:58,545] Epoch: 110, Dataset: val, Dice: 0.8275, IoU: 0.7461
[2026-08-24 17:59:11,933] Epoch: 111, Dataset: test, Dice: 0.4572, IoU: 0.3519
[2026-08-24 17:59:12,501] Epoch: 111, Dataset: val, Dice: 0.8441, IoU: 0.7638
[2026-08-24 17:59:12,501] ### Best Model Saved (Dice improved from 0.8410 to 0.8441) ###
[2026-08-24 17:59:25,952] Epoch: 112, Dataset: test, Dice: 0.4169, IoU: 0.3165
[2026-08-24 17:59:26,541] Epoch: 112, Dataset: val, Dice: 0.8404, IoU: 0.7602
[2026-08-24 17:59:39,912] Epoch: 113, Dataset: test, Dice: 0.3847, IoU: 0.2907
[2026-08-24 17:59:40,483] Epoch: 113, Dataset: val, Dice: 0.8340, IoU: 0.7487
[2026-08-24 17:59:54,092] Epoch: 114, Dataset: test, Dice: 0.3587, IoU: 0.2643
[2026-08-24 17:59:54,663] Epoch: 114, Dataset: val, Dice: 0.8206, IoU: 0.7366
[2026-08-24 18:00:08,135] Epoch: 115, Dataset: test, Dice: 0.4194, IoU: 0.3233
[2026-08-24 18:00:08,704] Epoch: 115, Dataset: val, Dice: 0.8363, IoU: 0.7503
[2026-08-24 18:00:22,087] Epoch: 116, Dataset: test, Dice: 0.4390, IoU: 0.3294
[2026-08-24 18:00:22,664] Epoch: 116, Dataset: val, Dice: 0.8419, IoU: 0.7593
[2026-08-24 18:00:36,065] Epoch: 117, Dataset: test, Dice: 0.4510, IoU: 0.3527
[2026-08-24 18:00:36,630] Epoch: 117, Dataset: val, Dice: 0.8386, IoU: 0.7550
[2026-08-24 18:00:49,931] Epoch: 118, Dataset: test, Dice: 0.4489, IoU: 0.3552
[2026-08-24 18:00:50,495] Epoch: 118, Dataset: val, Dice: 0.8194, IoU: 0.7361
[2026-08-24 18:01:03,830] Epoch: 119, Dataset: test, Dice: 0.4358, IoU: 0.3525
[2026-08-24 18:01:04,405] Epoch: 119, Dataset: val, Dice: 0.8351, IoU: 0.7498
[2026-08-24 18:01:17,737] Epoch: 120, Dataset: test, Dice: 0.4121, IoU: 0.3089
[2026-08-24 18:01:18,304] Epoch: 120, Dataset: val, Dice: 0.8492, IoU: 0.7760
[2026-08-24 18:01:18,304] ### Best Model Saved (Dice improved from 0.8441 to 0.8492) ###
[2026-08-24 18:01:31,781] Epoch: 121, Dataset: test, Dice: 0.4280, IoU: 0.3129
[2026-08-24 18:01:32,358] Epoch: 121, Dataset: val, Dice: 0.8209, IoU: 0.7361
[2026-08-24 18:01:45,883] Epoch: 122, Dataset: test, Dice: 0.3563, IoU: 0.2606
[2026-08-24 18:01:46,463] Epoch: 122, Dataset: val, Dice: 0.8025, IoU: 0.7059
[2026-08-24 18:01:59,914] Epoch: 123, Dataset: test, Dice: 0.4598, IoU: 0.3621
[2026-08-24 18:02:00,489] Epoch: 123, Dataset: val, Dice: 0.8248, IoU: 0.7392
[2026-08-24 18:02:13,952] Epoch: 124, Dataset: test, Dice: 0.3674, IoU: 0.2688
[2026-08-24 18:02:14,514] Epoch: 124, Dataset: val, Dice: 0.8263, IoU: 0.7441
[2026-08-24 18:02:27,914] Epoch: 125, Dataset: test, Dice: 0.3656, IoU: 0.2617
[2026-08-24 18:02:28,489] Epoch: 125, Dataset: val, Dice: 0.8282, IoU: 0.7455
[2026-08-24 18:02:41,901] Epoch: 126, Dataset: test, Dice: 0.4192, IoU: 0.3245
[2026-08-24 18:02:42,476] Epoch: 126, Dataset: val, Dice: 0.8423, IoU: 0.7651
[2026-08-24 18:02:55,957] Epoch: 127, Dataset: test, Dice: 0.4374, IoU: 0.3396
[2026-08-24 18:02:56,535] Epoch: 127, Dataset: val, Dice: 0.8424, IoU: 0.7614
[2026-08-24 18:03:09,960] Epoch: 128, Dataset: test, Dice: 0.4288, IoU: 0.3352
[2026-08-24 18:03:10,540] Epoch: 128, Dataset: val, Dice: 0.8338, IoU: 0.7621
[2026-08-24 18:03:23,980] Epoch: 129, Dataset: test, Dice: 0.4624, IoU: 0.3659
[2026-08-24 18:03:24,527] Epoch: 129, Dataset: val, Dice: 0.8496, IoU: 0.7663
[2026-08-24 18:03:24,527] ### Best Model Saved (Dice improved from 0.8492 to 0.8496) ###
[2026-08-24 18:03:37,864] Epoch: 130, Dataset: test, Dice: 0.4356, IoU: 0.3268
[2026-08-24 18:03:38,436] Epoch: 130, Dataset: val, Dice: 0.8385, IoU: 0.7596
[2026-08-24 18:03:51,788] Epoch: 131, Dataset: test, Dice: 0.4801, IoU: 0.3658
[2026-08-24 18:03:52,348] Epoch: 131, Dataset: val, Dice: 0.8272, IoU: 0.7503
[2026-08-24 18:04:05,704] Epoch: 132, Dataset: test, Dice: 0.4316, IoU: 0.3233
[2026-08-24 18:04:06,268] Epoch: 132, Dataset: val, Dice: 0.8554, IoU: 0.7754
[2026-08-24 18:04:06,269] ### Best Model Saved (Dice improved from 0.8496 to 0.8554) ###
[2026-08-24 18:04:19,654] Epoch: 133, Dataset: test, Dice: 0.4243, IoU: 0.3144
[2026-08-24 18:04:20,230] Epoch: 133, Dataset: val, Dice: 0.8301, IoU: 0.7521
[2026-08-24 18:04:33,581] Epoch: 134, Dataset: test, Dice: 0.4458, IoU: 0.3393
[2026-08-24 18:04:34,182] Epoch: 134, Dataset: val, Dice: 0.8538, IoU: 0.7714
[2026-08-24 18:04:47,494] Epoch: 135, Dataset: test, Dice: 0.4611, IoU: 0.3651
[2026-08-24 18:04:48,074] Epoch: 135, Dataset: val, Dice: 0.8497, IoU: 0.7701
[2026-08-24 18:05:01,534] Epoch: 136, Dataset: test, Dice: 0.4454, IoU: 0.3580
[2026-08-24 18:05:02,118] Epoch: 136, Dataset: val, Dice: 0.8605, IoU: 0.7811
[2026-08-24 18:05:02,118] ### Best Model Saved (Dice improved from 0.8554 to 0.8605) ###
[2026-08-24 18:05:15,587] Epoch: 137, Dataset: test, Dice: 0.4443, IoU: 0.3485
[2026-08-24 18:05:16,149] Epoch: 137, Dataset: val, Dice: 0.8495, IoU: 0.7708
[2026-08-24 18:05:29,561] Epoch: 138, Dataset: test, Dice: 0.4347, IoU: 0.3363
[2026-08-24 18:05:30,119] Epoch: 138, Dataset: val, Dice: 0.8543, IoU: 0.7717
[2026-08-24 18:05:43,497] Epoch: 139, Dataset: test, Dice: 0.4533, IoU: 0.3654
[2026-08-24 18:05:44,113] Epoch: 139, Dataset: val, Dice: 0.8486, IoU: 0.7709
[2026-08-24 18:05:57,494] Epoch: 140, Dataset: test, Dice: 0.4075, IoU: 0.3148
[2026-08-24 18:05:58,077] Epoch: 140, Dataset: val, Dice: 0.8063, IoU: 0.7291
[2026-08-24 18:06:11,453] Epoch: 141, Dataset: test, Dice: 0.4339, IoU: 0.3429
[2026-08-24 18:06:12,014] Epoch: 141, Dataset: val, Dice: 0.8507, IoU: 0.7702
[2026-08-24 18:06:25,450] Epoch: 142, Dataset: test, Dice: 0.4568, IoU: 0.3573
[2026-08-24 18:06:26,021] Epoch: 142, Dataset: val, Dice: 0.8219, IoU: 0.7391
[2026-08-24 18:06:39,367] Epoch: 143, Dataset: test, Dice: 0.4311, IoU: 0.3508
[2026-08-24 18:06:39,927] Epoch: 143, Dataset: val, Dice: 0.8374, IoU: 0.7516
[2026-08-24 18:06:53,288] Epoch: 144, Dataset: test, Dice: 0.4285, IoU: 0.3404
[2026-08-24 18:06:53,869] Epoch: 144, Dataset: val, Dice: 0.8476, IoU: 0.7671
[2026-08-24 18:07:07,307] Epoch: 145, Dataset: test, Dice: 0.4296, IoU: 0.3381
[2026-08-24 18:07:07,877] Epoch: 145, Dataset: val, Dice: 0.8557, IoU: 0.7763
[2026-08-24 18:07:21,309] Epoch: 146, Dataset: test, Dice: 0.4059, IoU: 0.3120
[2026-08-24 18:07:21,883] Epoch: 146, Dataset: val, Dice: 0.8572, IoU: 0.7798
[2026-08-24 18:07:35,316] Epoch: 147, Dataset: test, Dice: 0.4389, IoU: 0.3575
[2026-08-24 18:07:35,889] Epoch: 147, Dataset: val, Dice: 0.8335, IoU: 0.7545
[2026-08-24 18:07:49,256] Epoch: 148, Dataset: test, Dice: 0.4153, IoU: 0.3262
[2026-08-24 18:07:49,819] Epoch: 148, Dataset: val, Dice: 0.8500, IoU: 0.7669
[2026-08-24 18:08:03,227] Epoch: 149, Dataset: test, Dice: 0.3712, IoU: 0.2716
[2026-08-24 18:08:03,828] Epoch: 149, Dataset: val, Dice: 0.8408, IoU: 0.7634
[2026-08-24 18:08:17,272] Epoch: 150, Dataset: test, Dice: 0.4135, IoU: 0.3363
[2026-08-24 18:08:17,840] Epoch: 150, Dataset: val, Dice: 0.8409, IoU: 0.7631
[2026-08-24 18:08:31,204] Epoch: 151, Dataset: test, Dice: 0.4229, IoU: 0.3278
[2026-08-24 18:08:31,770] Epoch: 151, Dataset: val, Dice: 0.8476, IoU: 0.7728
[2026-08-24 18:08:45,129] Epoch: 152, Dataset: test, Dice: 0.4595, IoU: 0.3685
[2026-08-24 18:08:45,718] Epoch: 152, Dataset: val, Dice: 0.8345, IoU: 0.7519
[2026-08-24 18:08:59,095] Epoch: 153, Dataset: test, Dice: 0.4049, IoU: 0.3028
[2026-08-24 18:08:59,674] Epoch: 153, Dataset: val, Dice: 0.8511, IoU: 0.7741
[2026-08-24 18:09:13,094] Epoch: 154, Dataset: test, Dice: 0.4341, IoU: 0.3420
[2026-08-24 18:09:13,667] Epoch: 154, Dataset: val, Dice: 0.8681, IoU: 0.7944
[2026-08-24 18:09:13,667] ### Best Model Saved (Dice improved from 0.8605 to 0.8681) ###
[2026-08-24 18:09:27,171] Epoch: 155, Dataset: test, Dice: 0.4413, IoU: 0.3522
[2026-08-24 18:09:27,733] Epoch: 155, Dataset: val, Dice: 0.8552, IoU: 0.7781
[2026-08-24 18:09:41,096] Epoch: 156, Dataset: test, Dice: 0.4487, IoU: 0.3549
[2026-08-24 18:09:41,649] Epoch: 156, Dataset: val, Dice: 0.8533, IoU: 0.7738
[2026-08-24 18:09:54,988] Epoch: 157, Dataset: test, Dice: 0.4658, IoU: 0.3707
[2026-08-24 18:09:55,578] Epoch: 157, Dataset: val, Dice: 0.8431, IoU: 0.7648
[2026-08-24 18:10:09,053] Epoch: 158, Dataset: test, Dice: 0.4456, IoU: 0.3495
[2026-08-24 18:10:09,627] Epoch: 158, Dataset: val, Dice: 0.8567, IoU: 0.7781
[2026-08-24 18:10:23,086] Epoch: 159, Dataset: test, Dice: 0.4603, IoU: 0.3635
[2026-08-24 18:10:23,657] Epoch: 159, Dataset: val, Dice: 0.8448, IoU: 0.7645
[2026-08-24 18:10:37,088] Epoch: 160, Dataset: test, Dice: 0.4429, IoU: 0.3456
[2026-08-24 18:10:37,640] Epoch: 160, Dataset: val, Dice: 0.8581, IoU: 0.7784
[2026-08-24 18:10:51,016] Epoch: 161, Dataset: test, Dice: 0.4575, IoU: 0.3632
[2026-08-24 18:10:51,602] Epoch: 161, Dataset: val, Dice: 0.8562, IoU: 0.7784
[2026-08-24 18:11:05,010] Epoch: 162, Dataset: test, Dice: 0.4128, IoU: 0.3107
[2026-08-24 18:11:05,570] Epoch: 162, Dataset: val, Dice: 0.8403, IoU: 0.7583
[2026-08-24 18:11:18,894] Epoch: 163, Dataset: test, Dice: 0.4444, IoU: 0.3438
[2026-08-24 18:11:19,465] Epoch: 163, Dataset: val, Dice: 0.8409, IoU: 0.7538
[2026-08-24 18:11:32,862] Epoch: 164, Dataset: test, Dice: 0.4528, IoU: 0.3579
[2026-08-24 18:11:33,403] Epoch: 164, Dataset: val, Dice: 0.8505, IoU: 0.7748
[2026-08-24 18:11:46,861] Epoch: 165, Dataset: test, Dice: 0.4149, IoU: 0.3291
[2026-08-24 18:11:47,425] Epoch: 165, Dataset: val, Dice: 0.8506, IoU: 0.7680
[2026-08-24 18:12:00,742] Epoch: 166, Dataset: test, Dice: 0.4366, IoU: 0.3360
[2026-08-24 18:12:01,310] Epoch: 166, Dataset: val, Dice: 0.8556, IoU: 0.7753
[2026-08-24 18:12:14,671] Epoch: 167, Dataset: test, Dice: 0.4466, IoU: 0.3467
[2026-08-24 18:12:15,234] Epoch: 167, Dataset: val, Dice: 0.8624, IoU: 0.7848
[2026-08-24 18:12:28,682] Epoch: 168, Dataset: test, Dice: 0.4513, IoU: 0.3450
[2026-08-24 18:12:29,255] Epoch: 168, Dataset: val, Dice: 0.8625, IoU: 0.7823
[2026-08-24 18:12:42,593] Epoch: 169, Dataset: test, Dice: 0.4589, IoU: 0.3669
[2026-08-24 18:12:43,166] Epoch: 169, Dataset: val, Dice: 0.8551, IoU: 0.7786
[2026-08-24 18:12:56,442] Epoch: 170, Dataset: test, Dice: 0.4617, IoU: 0.3592
[2026-08-24 18:12:57,006] Epoch: 170, Dataset: val, Dice: 0.8408, IoU: 0.7632
[2026-08-24 18:13:10,440] Epoch: 171, Dataset: test, Dice: 0.3836, IoU: 0.2854
[2026-08-24 18:13:11,034] Epoch: 171, Dataset: val, Dice: 0.8436, IoU: 0.7669
[2026-08-24 18:13:24,438] Epoch: 172, Dataset: test, Dice: 0.4243, IoU: 0.3376
[2026-08-24 18:13:24,988] Epoch: 172, Dataset: val, Dice: 0.8578, IoU: 0.7790
[2026-08-24 18:13:38,341] Epoch: 173, Dataset: test, Dice: 0.4261, IoU: 0.3319
[2026-08-24 18:13:38,904] Epoch: 173, Dataset: val, Dice: 0.8510, IoU: 0.7729
[2026-08-24 18:13:52,272] Epoch: 174, Dataset: test, Dice: 0.4257, IoU: 0.3368
[2026-08-24 18:13:52,857] Epoch: 174, Dataset: val, Dice: 0.8612, IoU: 0.7846
[2026-08-24 18:14:06,255] Epoch: 175, Dataset: test, Dice: 0.4240, IoU: 0.3154
[2026-08-24 18:14:06,824] Epoch: 175, Dataset: val, Dice: 0.8561, IoU: 0.7756
[2026-08-24 18:14:20,204] Epoch: 176, Dataset: test, Dice: 0.3865, IoU: 0.2830
[2026-08-24 18:14:20,792] Epoch: 176, Dataset: val, Dice: 0.8528, IoU: 0.7706
[2026-08-24 18:14:34,251] Epoch: 177, Dataset: test, Dice: 0.4543, IoU: 0.3553
[2026-08-24 18:14:34,822] Epoch: 177, Dataset: val, Dice: 0.7568, IoU: 0.6599
[2026-08-24 18:14:48,231] Epoch: 178, Dataset: test, Dice: 0.4502, IoU: 0.3559
[2026-08-24 18:14:48,793] Epoch: 178, Dataset: val, Dice: 0.8503, IoU: 0.7714
[2026-08-24 18:15:02,266] Epoch: 179, Dataset: test, Dice: 0.4329, IoU: 0.3369
[2026-08-24 18:15:02,834] Epoch: 179, Dataset: val, Dice: 0.8600, IoU: 0.7829
[2026-08-24 18:15:16,163] Epoch: 180, Dataset: test, Dice: 0.4500, IoU: 0.3572
[2026-08-24 18:15:16,734] Epoch: 180, Dataset: val, Dice: 0.8536, IoU: 0.7796
[2026-08-24 18:15:30,148] Epoch: 181, Dataset: test, Dice: 0.4347, IoU: 0.3375
[2026-08-24 18:15:30,717] Epoch: 181, Dataset: val, Dice: 0.8618, IoU: 0.7817
[2026-08-24 18:15:44,074] Epoch: 182, Dataset: test, Dice: 0.4432, IoU: 0.3374
[2026-08-24 18:15:44,631] Epoch: 182, Dataset: val, Dice: 0.8389, IoU: 0.7596
[2026-08-24 18:15:58,011] Epoch: 183, Dataset: test, Dice: 0.4334, IoU: 0.3408
[2026-08-24 18:15:58,568] Epoch: 183, Dataset: val, Dice: 0.8671, IoU: 0.7920
[2026-08-24 18:16:11,992] Epoch: 184, Dataset: test, Dice: 0.4522, IoU: 0.3540
[2026-08-24 18:16:12,553] Epoch: 184, Dataset: val, Dice: 0.8551, IoU: 0.7770
[2026-08-24 18:16:25,964] Epoch: 185, Dataset: test, Dice: 0.4154, IoU: 0.3219
[2026-08-24 18:16:26,582] Epoch: 185, Dataset: val, Dice: 0.8516, IoU: 0.7676
[2026-08-24 18:16:39,949] Epoch: 186, Dataset: test, Dice: 0.4372, IoU: 0.3335
[2026-08-24 18:16:40,512] Epoch: 186, Dataset: val, Dice: 0.8486, IoU: 0.7693
[2026-08-24 18:16:53,852] Epoch: 187, Dataset: test, Dice: 0.4488, IoU: 0.3511
[2026-08-24 18:16:54,417] Epoch: 187, Dataset: val, Dice: 0.8654, IoU: 0.7873
[2026-08-24 18:17:07,725] Epoch: 188, Dataset: test, Dice: 0.4268, IoU: 0.3275
[2026-08-24 18:17:08,286] Epoch: 188, Dataset: val, Dice: 0.8557, IoU: 0.7794
[2026-08-24 18:17:21,602] Epoch: 189, Dataset: test, Dice: 0.4262, IoU: 0.3219
[2026-08-24 18:17:22,156] Epoch: 189, Dataset: val, Dice: 0.8514, IoU: 0.7731
[2026-08-24 18:17:35,560] Epoch: 190, Dataset: test, Dice: 0.4257, IoU: 0.3235
[2026-08-24 18:17:36,110] Epoch: 190, Dataset: val, Dice: 0.8617, IoU: 0.7811
[2026-08-24 18:17:49,491] Epoch: 191, Dataset: test, Dice: 0.3891, IoU: 0.2852
[2026-08-24 18:17:50,059] Epoch: 191, Dataset: val, Dice: 0.8387, IoU: 0.7580
[2026-08-24 18:18:03,417] Epoch: 192, Dataset: test, Dice: 0.4294, IoU: 0.3433
[2026-08-24 18:18:04,017] Epoch: 192, Dataset: val, Dice: 0.8577, IoU: 0.7798
[2026-08-24 18:18:17,447] Epoch: 193, Dataset: test, Dice: 0.4295, IoU: 0.3305
[2026-08-24 18:18:18,026] Epoch: 193, Dataset: val, Dice: 0.8623, IoU: 0.7851
[2026-08-24 18:18:31,463] Epoch: 194, Dataset: test, Dice: 0.4216, IoU: 0.3204
[2026-08-24 18:18:32,055] Epoch: 194, Dataset: val, Dice: 0.8597, IoU: 0.7801
[2026-08-24 18:18:45,471] Epoch: 195, Dataset: test, Dice: 0.4272, IoU: 0.3377
[2026-08-24 18:18:46,032] Epoch: 195, Dataset: val, Dice: 0.8586, IoU: 0.7809
[2026-08-24 18:18:59,350] Epoch: 196, Dataset: test, Dice: 0.4309, IoU: 0.3381
[2026-08-24 18:18:59,912] Epoch: 196, Dataset: val, Dice: 0.8326, IoU: 0.7543
[2026-08-24 18:19:13,363] Epoch: 197, Dataset: test, Dice: 0.4334, IoU: 0.3355
[2026-08-24 18:19:13,947] Epoch: 197, Dataset: val, Dice: 0.8648, IoU: 0.7856
[2026-08-24 18:19:27,306] Epoch: 198, Dataset: test, Dice: 0.4474, IoU: 0.3553
[2026-08-24 18:19:27,867] Epoch: 198, Dataset: val, Dice: 0.8631, IoU: 0.7841
[2026-08-24 18:19:41,129] Epoch: 199, Dataset: test, Dice: 0.4446, IoU: 0.3514
[2026-08-24 18:19:41,699] Epoch: 199, Dataset: val, Dice: 0.8649, IoU: 0.7867
[2026-08-24 18:19:55,079] Epoch: 200, Dataset: test, Dice: 0.4168, IoU: 0.3313
[2026-08-24 18:19:55,655] Epoch: 200, Dataset: val, Dice: 0.8618, IoU: 0.7838
[2026-08-24 18:19:55,656] 
========================================
FINAL RESULTS: ClinicDB_MK_UNet_T_bs8_lr0.0005_e200_augTrue_run5_t173319
Best Val Dice: 0.8681
Test Dice at Best Val: 0.4341
Total Train Time: 2573.68s
========================================
