[2026-08-24 01:27:27,651] flops: 0.619251354, params: 0.315566, Total params: : 0.3156
[2026-08-24 01:27:56,242] Epoch: 1, Dataset: test, Dice: 0.2010, IoU: 0.1316
[2026-08-24 01:27:56,992] Epoch: 1, Dataset: val, Dice: 0.3879, IoU: 0.2728
[2026-08-24 01:27:56,992] ### Best Model Saved (Dice improved from 0.0000 to 0.3879) ###
[2026-08-24 01:28:25,650] Epoch: 2, Dataset: test, Dice: 0.2256, IoU: 0.1402
[2026-08-24 01:28:26,412] Epoch: 2, Dataset: val, Dice: 0.4988, IoU: 0.3727
[2026-08-24 01:28:26,412] ### Best Model Saved (Dice improved from 0.3879 to 0.4988) ###
[2026-08-24 01:28:55,125] Epoch: 3, Dataset: test, Dice: 0.1872, IoU: 0.1176
[2026-08-24 01:28:55,872] Epoch: 3, Dataset: val, Dice: 0.5013, IoU: 0.3692
[2026-08-24 01:28:55,872] ### Best Model Saved (Dice improved from 0.4988 to 0.5013) ###
[2026-08-24 01:29:24,563] Epoch: 4, Dataset: test, Dice: 0.1927, IoU: 0.1265
[2026-08-24 01:29:25,280] Epoch: 4, Dataset: val, Dice: 0.5468, IoU: 0.4306
[2026-08-24 01:29:25,280] ### Best Model Saved (Dice improved from 0.5013 to 0.5468) ###
[2026-08-24 01:29:53,980] Epoch: 5, Dataset: test, Dice: 0.2612, IoU: 0.1706
[2026-08-24 01:29:54,738] Epoch: 5, Dataset: val, Dice: 0.5250, IoU: 0.3938
[2026-08-24 01:30:23,351] Epoch: 6, Dataset: test, Dice: 0.3674, IoU: 0.2689
[2026-08-24 01:30:24,097] Epoch: 6, Dataset: val, Dice: 0.5835, IoU: 0.4541
[2026-08-24 01:30:24,098] ### Best Model Saved (Dice improved from 0.5468 to 0.5835) ###
[2026-08-24 01:30:52,804] Epoch: 7, Dataset: test, Dice: 0.3006, IoU: 0.2080
[2026-08-24 01:30:53,524] Epoch: 7, Dataset: val, Dice: 0.5430, IoU: 0.4095
[2026-08-24 01:31:22,145] Epoch: 8, Dataset: test, Dice: 0.2794, IoU: 0.1913
[2026-08-24 01:31:22,902] Epoch: 8, Dataset: val, Dice: 0.6129, IoU: 0.4829
[2026-08-24 01:31:22,902] ### Best Model Saved (Dice improved from 0.5835 to 0.6129) ###
[2026-08-24 01:31:51,558] Epoch: 9, Dataset: test, Dice: 0.4164, IoU: 0.3122
[2026-08-24 01:31:52,264] Epoch: 9, Dataset: val, Dice: 0.6975, IoU: 0.5808
[2026-08-24 01:31:52,264] ### Best Model Saved (Dice improved from 0.6129 to 0.6975) ###
[2026-08-24 01:32:20,938] Epoch: 10, Dataset: test, Dice: 0.3286, IoU: 0.2386
[2026-08-24 01:32:21,715] Epoch: 10, Dataset: val, Dice: 0.7314, IoU: 0.6168
[2026-08-24 01:32:21,716] ### Best Model Saved (Dice improved from 0.6975 to 0.7314) ###
[2026-08-24 01:32:50,405] Epoch: 11, Dataset: test, Dice: 0.3606, IoU: 0.2633
[2026-08-24 01:32:51,140] Epoch: 11, Dataset: val, Dice: 0.6799, IoU: 0.5596
[2026-08-24 01:33:19,764] Epoch: 12, Dataset: test, Dice: 0.3389, IoU: 0.2434
[2026-08-24 01:33:20,512] Epoch: 12, Dataset: val, Dice: 0.6973, IoU: 0.5876
[2026-08-24 01:33:49,059] Epoch: 13, Dataset: test, Dice: 0.2606, IoU: 0.1684
[2026-08-24 01:33:49,774] Epoch: 13, Dataset: val, Dice: 0.6685, IoU: 0.5531
[2026-08-24 01:34:18,403] Epoch: 14, Dataset: test, Dice: 0.3887, IoU: 0.2856
[2026-08-24 01:34:19,169] Epoch: 14, Dataset: val, Dice: 0.7069, IoU: 0.5882
[2026-08-24 01:34:47,808] Epoch: 15, Dataset: test, Dice: 0.4458, IoU: 0.3539
[2026-08-24 01:34:48,567] Epoch: 15, Dataset: val, Dice: 0.6425, IoU: 0.5216
[2026-08-24 01:35:17,202] Epoch: 16, Dataset: test, Dice: 0.3605, IoU: 0.2737
[2026-08-24 01:35:17,927] Epoch: 16, Dataset: val, Dice: 0.7229, IoU: 0.6082
[2026-08-24 01:35:46,513] Epoch: 17, Dataset: test, Dice: 0.4483, IoU: 0.3507
[2026-08-24 01:35:47,271] Epoch: 17, Dataset: val, Dice: 0.7521, IoU: 0.6361
[2026-08-24 01:35:47,272] ### Best Model Saved (Dice improved from 0.7314 to 0.7521) ###
[2026-08-24 01:36:15,888] Epoch: 18, Dataset: test, Dice: 0.4184, IoU: 0.3338
[2026-08-24 01:36:16,629] Epoch: 18, Dataset: val, Dice: 0.7285, IoU: 0.6105
[2026-08-24 01:36:45,250] Epoch: 19, Dataset: test, Dice: 0.4216, IoU: 0.3258
[2026-08-24 01:36:45,983] Epoch: 19, Dataset: val, Dice: 0.7601, IoU: 0.6540
[2026-08-24 01:36:45,983] ### Best Model Saved (Dice improved from 0.7521 to 0.7601) ###
[2026-08-24 01:37:14,688] Epoch: 20, Dataset: test, Dice: 0.3654, IoU: 0.2655
[2026-08-24 01:37:15,469] Epoch: 20, Dataset: val, Dice: 0.7751, IoU: 0.6706
[2026-08-24 01:37:15,469] ### Best Model Saved (Dice improved from 0.7601 to 0.7751) ###
[2026-08-24 01:37:44,117] Epoch: 21, Dataset: test, Dice: 0.3903, IoU: 0.2894
[2026-08-24 01:37:44,858] Epoch: 21, Dataset: val, Dice: 0.7555, IoU: 0.6513
[2026-08-24 01:38:13,450] Epoch: 22, Dataset: test, Dice: 0.5004, IoU: 0.4013
[2026-08-24 01:38:14,197] Epoch: 22, Dataset: val, Dice: 0.7451, IoU: 0.6363
[2026-08-24 01:38:42,841] Epoch: 23, Dataset: test, Dice: 0.4517, IoU: 0.3550
[2026-08-24 01:38:43,547] Epoch: 23, Dataset: val, Dice: 0.7858, IoU: 0.6822
[2026-08-24 01:38:43,548] ### Best Model Saved (Dice improved from 0.7751 to 0.7858) ###
[2026-08-24 01:39:12,296] Epoch: 24, Dataset: test, Dice: 0.3652, IoU: 0.2693
[2026-08-24 01:39:13,019] Epoch: 24, Dataset: val, Dice: 0.6748, IoU: 0.5532
[2026-08-24 01:39:41,612] Epoch: 25, Dataset: test, Dice: 0.5076, IoU: 0.4061
[2026-08-24 01:39:42,424] Epoch: 25, Dataset: val, Dice: 0.8016, IoU: 0.7025
[2026-08-24 01:39:42,425] ### Best Model Saved (Dice improved from 0.7858 to 0.8016) ###
[2026-08-24 01:40:11,076] Epoch: 26, Dataset: test, Dice: 0.4600, IoU: 0.3540
[2026-08-24 01:40:11,838] Epoch: 26, Dataset: val, Dice: 0.7873, IoU: 0.6888
[2026-08-24 01:40:40,586] Epoch: 27, Dataset: test, Dice: 0.3650, IoU: 0.2828
[2026-08-24 01:40:41,324] Epoch: 27, Dataset: val, Dice: 0.7852, IoU: 0.6766
[2026-08-24 01:41:09,974] Epoch: 28, Dataset: test, Dice: 0.5639, IoU: 0.4590
[2026-08-24 01:41:10,729] Epoch: 28, Dataset: val, Dice: 0.7777, IoU: 0.6780
[2026-08-24 01:41:39,347] Epoch: 29, Dataset: test, Dice: 0.5423, IoU: 0.4380
[2026-08-24 01:41:40,090] Epoch: 29, Dataset: val, Dice: 0.8275, IoU: 0.7339
[2026-08-24 01:41:40,090] ### Best Model Saved (Dice improved from 0.8016 to 0.8275) ###
[2026-08-24 01:42:08,807] Epoch: 30, Dataset: test, Dice: 0.5690, IoU: 0.4686
[2026-08-24 01:42:09,572] Epoch: 30, Dataset: val, Dice: 0.8383, IoU: 0.7518
[2026-08-24 01:42:09,573] ### Best Model Saved (Dice improved from 0.8275 to 0.8383) ###
[2026-08-24 01:42:38,299] Epoch: 31, Dataset: test, Dice: 0.4541, IoU: 0.3537
[2026-08-24 01:42:39,054] Epoch: 31, Dataset: val, Dice: 0.8050, IoU: 0.7097
[2026-08-24 01:43:07,734] Epoch: 32, Dataset: test, Dice: 0.4352, IoU: 0.3249
[2026-08-24 01:43:08,477] Epoch: 32, Dataset: val, Dice: 0.7934, IoU: 0.6974
[2026-08-24 01:43:37,133] Epoch: 33, Dataset: test, Dice: 0.4686, IoU: 0.3640
[2026-08-24 01:43:37,893] Epoch: 33, Dataset: val, Dice: 0.7840, IoU: 0.6871
[2026-08-24 01:44:06,571] Epoch: 34, Dataset: test, Dice: 0.5129, IoU: 0.4161
[2026-08-24 01:44:07,335] Epoch: 34, Dataset: val, Dice: 0.7901, IoU: 0.6939
[2026-08-24 01:44:36,067] Epoch: 35, Dataset: test, Dice: 0.5652, IoU: 0.4571
[2026-08-24 01:44:36,810] Epoch: 35, Dataset: val, Dice: 0.8457, IoU: 0.7605
[2026-08-24 01:44:36,810] ### Best Model Saved (Dice improved from 0.8383 to 0.8457) ###
[2026-08-24 01:45:05,430] Epoch: 36, Dataset: test, Dice: 0.5051, IoU: 0.3999
[2026-08-24 01:45:06,141] Epoch: 36, Dataset: val, Dice: 0.8346, IoU: 0.7414
[2026-08-24 01:45:34,638] Epoch: 37, Dataset: test, Dice: 0.5573, IoU: 0.4580
[2026-08-24 01:45:35,364] Epoch: 37, Dataset: val, Dice: 0.8290, IoU: 0.7408
[2026-08-24 01:46:03,976] Epoch: 38, Dataset: test, Dice: 0.4538, IoU: 0.3635
[2026-08-24 01:46:04,721] Epoch: 38, Dataset: val, Dice: 0.8082, IoU: 0.7124
[2026-08-24 01:46:33,458] Epoch: 39, Dataset: test, Dice: 0.5147, IoU: 0.4023
[2026-08-24 01:46:34,200] Epoch: 39, Dataset: val, Dice: 0.8451, IoU: 0.7617
[2026-08-24 01:47:02,906] Epoch: 40, Dataset: test, Dice: 0.5944, IoU: 0.4959
[2026-08-24 01:47:03,632] Epoch: 40, Dataset: val, Dice: 0.8307, IoU: 0.7440
[2026-08-24 01:47:32,350] Epoch: 41, Dataset: test, Dice: 0.4724, IoU: 0.3674
[2026-08-24 01:47:33,075] Epoch: 41, Dataset: val, Dice: 0.8444, IoU: 0.7602
[2026-08-24 01:48:01,697] Epoch: 42, Dataset: test, Dice: 0.5007, IoU: 0.3928
[2026-08-24 01:48:02,494] Epoch: 42, Dataset: val, Dice: 0.8658, IoU: 0.7841
[2026-08-24 01:48:02,495] ### Best Model Saved (Dice improved from 0.8457 to 0.8658) ###
[2026-08-24 01:48:31,215] Epoch: 43, Dataset: test, Dice: 0.5054, IoU: 0.4012
[2026-08-24 01:48:31,984] Epoch: 43, Dataset: val, Dice: 0.8171, IoU: 0.7312
[2026-08-24 01:49:00,726] Epoch: 44, Dataset: test, Dice: 0.5139, IoU: 0.4035
[2026-08-24 01:49:01,484] Epoch: 44, Dataset: val, Dice: 0.8420, IoU: 0.7610
[2026-08-24 01:49:30,122] Epoch: 45, Dataset: test, Dice: 0.5722, IoU: 0.4676
[2026-08-24 01:49:30,915] Epoch: 45, Dataset: val, Dice: 0.8430, IoU: 0.7635
[2026-08-24 01:49:59,620] Epoch: 46, Dataset: test, Dice: 0.4413, IoU: 0.3446
[2026-08-24 01:50:00,348] Epoch: 46, Dataset: val, Dice: 0.8378, IoU: 0.7509
[2026-08-24 01:50:29,041] Epoch: 47, Dataset: test, Dice: 0.3863, IoU: 0.2926
[2026-08-24 01:50:29,781] Epoch: 47, Dataset: val, Dice: 0.8061, IoU: 0.7158
[2026-08-24 01:50:58,438] Epoch: 48, Dataset: test, Dice: 0.5012, IoU: 0.3963
[2026-08-24 01:50:59,211] Epoch: 48, Dataset: val, Dice: 0.8647, IoU: 0.7851
[2026-08-24 01:51:27,912] Epoch: 49, Dataset: test, Dice: 0.5604, IoU: 0.4549
[2026-08-24 01:51:28,652] Epoch: 49, Dataset: val, Dice: 0.8510, IoU: 0.7698
[2026-08-24 01:51:57,331] Epoch: 50, Dataset: test, Dice: 0.5502, IoU: 0.4541
[2026-08-24 01:51:58,081] Epoch: 50, Dataset: val, Dice: 0.8667, IoU: 0.7894
[2026-08-24 01:51:58,081] ### Best Model Saved (Dice improved from 0.8658 to 0.8667) ###
[2026-08-24 01:52:26,766] Epoch: 51, Dataset: test, Dice: 0.5686, IoU: 0.4697
[2026-08-24 01:52:27,521] Epoch: 51, Dataset: val, Dice: 0.8744, IoU: 0.8006
[2026-08-24 01:52:27,522] ### Best Model Saved (Dice improved from 0.8667 to 0.8744) ###
[2026-08-24 01:52:56,199] Epoch: 52, Dataset: test, Dice: 0.4845, IoU: 0.3944
[2026-08-24 01:52:56,945] Epoch: 52, Dataset: val, Dice: 0.8266, IoU: 0.7468
[2026-08-24 01:53:25,637] Epoch: 53, Dataset: test, Dice: 0.4292, IoU: 0.3322
[2026-08-24 01:53:26,370] Epoch: 53, Dataset: val, Dice: 0.8333, IoU: 0.7498
[2026-08-24 01:53:55,099] Epoch: 54, Dataset: test, Dice: 0.4267, IoU: 0.3334
[2026-08-24 01:53:55,853] Epoch: 54, Dataset: val, Dice: 0.8350, IoU: 0.7544
[2026-08-24 01:54:24,467] Epoch: 55, Dataset: test, Dice: 0.5654, IoU: 0.4678
[2026-08-24 01:54:25,230] Epoch: 55, Dataset: val, Dice: 0.8564, IoU: 0.7764
[2026-08-24 01:54:53,799] Epoch: 56, Dataset: test, Dice: 0.4963, IoU: 0.4034
[2026-08-24 01:54:54,521] Epoch: 56, Dataset: val, Dice: 0.8463, IoU: 0.7614
[2026-08-24 01:55:23,162] Epoch: 57, Dataset: test, Dice: 0.5489, IoU: 0.4531
[2026-08-24 01:55:23,881] Epoch: 57, Dataset: val, Dice: 0.8784, IoU: 0.8033
[2026-08-24 01:55:23,881] ### Best Model Saved (Dice improved from 0.8744 to 0.8784) ###
[2026-08-24 01:55:52,645] Epoch: 58, Dataset: test, Dice: 0.5573, IoU: 0.4606
[2026-08-24 01:55:53,362] Epoch: 58, Dataset: val, Dice: 0.8779, IoU: 0.8054
[2026-08-24 01:56:21,991] Epoch: 59, Dataset: test, Dice: 0.5415, IoU: 0.4482
[2026-08-24 01:56:22,757] Epoch: 59, Dataset: val, Dice: 0.8597, IoU: 0.7779
[2026-08-24 01:56:51,381] Epoch: 60, Dataset: test, Dice: 0.4851, IoU: 0.3890
[2026-08-24 01:56:52,127] Epoch: 60, Dataset: val, Dice: 0.8293, IoU: 0.7415
[2026-08-24 01:57:20,822] Epoch: 61, Dataset: test, Dice: 0.5727, IoU: 0.4774
[2026-08-24 01:57:21,562] Epoch: 61, Dataset: val, Dice: 0.8470, IoU: 0.7738
[2026-08-24 01:57:50,215] Epoch: 62, Dataset: test, Dice: 0.5723, IoU: 0.4662
[2026-08-24 01:57:50,963] Epoch: 62, Dataset: val, Dice: 0.8711, IoU: 0.7910
[2026-08-24 01:58:19,570] Epoch: 63, Dataset: test, Dice: 0.6176, IoU: 0.5205
[2026-08-24 01:58:20,246] Epoch: 63, Dataset: val, Dice: 0.8899, IoU: 0.8231
[2026-08-24 01:58:20,247] ### Best Model Saved (Dice improved from 0.8784 to 0.8899) ###
[2026-08-24 01:58:48,867] Epoch: 64, Dataset: test, Dice: 0.4671, IoU: 0.3724
[2026-08-24 01:58:49,588] Epoch: 64, Dataset: val, Dice: 0.8552, IoU: 0.7755
[2026-08-24 01:59:18,304] Epoch: 65, Dataset: test, Dice: 0.5463, IoU: 0.4459
[2026-08-24 01:59:19,077] Epoch: 65, Dataset: val, Dice: 0.8892, IoU: 0.8208
[2026-08-24 01:59:47,746] Epoch: 66, Dataset: test, Dice: 0.4619, IoU: 0.3691
[2026-08-24 01:59:48,504] Epoch: 66, Dataset: val, Dice: 0.8280, IoU: 0.7367
[2026-08-24 02:00:17,081] Epoch: 67, Dataset: test, Dice: 0.5136, IoU: 0.4142
[2026-08-24 02:00:17,850] Epoch: 67, Dataset: val, Dice: 0.8810, IoU: 0.8084
[2026-08-24 02:00:46,488] Epoch: 68, Dataset: test, Dice: 0.5154, IoU: 0.4178
[2026-08-24 02:00:47,226] Epoch: 68, Dataset: val, Dice: 0.8789, IoU: 0.8063
[2026-08-24 02:01:15,926] Epoch: 69, Dataset: test, Dice: 0.5579, IoU: 0.4617
[2026-08-24 02:01:16,645] Epoch: 69, Dataset: val, Dice: 0.8817, IoU: 0.8111
[2026-08-24 02:01:45,324] Epoch: 70, Dataset: test, Dice: 0.4763, IoU: 0.3806
[2026-08-24 02:01:46,043] Epoch: 70, Dataset: val, Dice: 0.8773, IoU: 0.8010
[2026-08-24 02:02:14,713] Epoch: 71, Dataset: test, Dice: 0.5913, IoU: 0.4911
[2026-08-24 02:02:15,476] Epoch: 71, Dataset: val, Dice: 0.8911, IoU: 0.8168
[2026-08-24 02:02:15,476] ### Best Model Saved (Dice improved from 0.8899 to 0.8911) ###
[2026-08-24 02:02:44,201] Epoch: 72, Dataset: test, Dice: 0.5590, IoU: 0.4666
[2026-08-24 02:02:44,944] Epoch: 72, Dataset: val, Dice: 0.9008, IoU: 0.8344
[2026-08-24 02:02:44,944] ### Best Model Saved (Dice improved from 0.8911 to 0.9008) ###
[2026-08-24 02:03:13,657] Epoch: 73, Dataset: test, Dice: 0.5147, IoU: 0.4015
[2026-08-24 02:03:14,389] Epoch: 73, Dataset: val, Dice: 0.8623, IoU: 0.7850
[2026-08-24 02:03:43,130] Epoch: 74, Dataset: test, Dice: 0.5038, IoU: 0.3903
[2026-08-24 02:03:43,893] Epoch: 74, Dataset: val, Dice: 0.8848, IoU: 0.8129
[2026-08-24 02:04:12,614] Epoch: 75, Dataset: test, Dice: 0.5942, IoU: 0.4883
[2026-08-24 02:04:13,369] Epoch: 75, Dataset: val, Dice: 0.8805, IoU: 0.8088
[2026-08-24 02:04:42,105] Epoch: 76, Dataset: test, Dice: 0.4771, IoU: 0.3714
[2026-08-24 02:04:42,854] Epoch: 76, Dataset: val, Dice: 0.8871, IoU: 0.8185
[2026-08-24 02:05:11,521] Epoch: 77, Dataset: test, Dice: 0.4814, IoU: 0.3885
[2026-08-24 02:05:12,320] Epoch: 77, Dataset: val, Dice: 0.8894, IoU: 0.8173
[2026-08-24 02:05:41,018] Epoch: 78, Dataset: test, Dice: 0.5631, IoU: 0.4679
[2026-08-24 02:05:41,748] Epoch: 78, Dataset: val, Dice: 0.8969, IoU: 0.8309
[2026-08-24 02:06:10,499] Epoch: 79, Dataset: test, Dice: 0.5831, IoU: 0.4895
[2026-08-24 02:06:11,250] Epoch: 79, Dataset: val, Dice: 0.8929, IoU: 0.8228
[2026-08-24 02:06:39,968] Epoch: 80, Dataset: test, Dice: 0.6475, IoU: 0.5364
[2026-08-24 02:06:40,704] Epoch: 80, Dataset: val, Dice: 0.8999, IoU: 0.8329
[2026-08-24 02:07:09,410] Epoch: 81, Dataset: test, Dice: 0.5753, IoU: 0.4758
[2026-08-24 02:07:10,151] Epoch: 81, Dataset: val, Dice: 0.8840, IoU: 0.8123
[2026-08-24 02:07:38,851] Epoch: 82, Dataset: test, Dice: 0.5825, IoU: 0.4890
[2026-08-24 02:07:39,603] Epoch: 82, Dataset: val, Dice: 0.8969, IoU: 0.8289
[2026-08-24 02:08:08,281] Epoch: 83, Dataset: test, Dice: 0.4581, IoU: 0.3683
[2026-08-24 02:08:09,057] Epoch: 83, Dataset: val, Dice: 0.8741, IoU: 0.8003
[2026-08-24 02:08:37,759] Epoch: 84, Dataset: test, Dice: 0.6125, IoU: 0.5234
[2026-08-24 02:08:38,518] Epoch: 84, Dataset: val, Dice: 0.8687, IoU: 0.7994
[2026-08-24 02:09:07,196] Epoch: 85, Dataset: test, Dice: 0.4787, IoU: 0.3726
[2026-08-24 02:09:07,989] Epoch: 85, Dataset: val, Dice: 0.8827, IoU: 0.8106
[2026-08-24 02:09:36,619] Epoch: 86, Dataset: test, Dice: 0.5412, IoU: 0.4432
[2026-08-24 02:09:37,356] Epoch: 86, Dataset: val, Dice: 0.8838, IoU: 0.8137
[2026-08-24 02:10:06,000] Epoch: 87, Dataset: test, Dice: 0.4480, IoU: 0.3602
[2026-08-24 02:10:06,731] Epoch: 87, Dataset: val, Dice: 0.9026, IoU: 0.8324
[2026-08-24 02:10:06,731] ### Best Model Saved (Dice improved from 0.9008 to 0.9026) ###
[2026-08-24 02:10:35,519] Epoch: 88, Dataset: test, Dice: 0.5458, IoU: 0.4470
[2026-08-24 02:10:36,301] Epoch: 88, Dataset: val, Dice: 0.8957, IoU: 0.8292
[2026-08-24 02:11:04,965] Epoch: 89, Dataset: test, Dice: 0.6242, IoU: 0.5196
[2026-08-24 02:11:05,719] Epoch: 89, Dataset: val, Dice: 0.8960, IoU: 0.8276
[2026-08-24 02:11:34,338] Epoch: 90, Dataset: test, Dice: 0.5822, IoU: 0.4824
[2026-08-24 02:11:35,074] Epoch: 90, Dataset: val, Dice: 0.8967, IoU: 0.8308
[2026-08-24 02:12:03,700] Epoch: 91, Dataset: test, Dice: 0.6165, IoU: 0.5177
[2026-08-24 02:12:04,470] Epoch: 91, Dataset: val, Dice: 0.8883, IoU: 0.8209
[2026-08-24 02:12:33,166] Epoch: 92, Dataset: test, Dice: 0.6264, IoU: 0.5338
[2026-08-24 02:12:33,888] Epoch: 92, Dataset: val, Dice: 0.8996, IoU: 0.8381
[2026-08-24 02:13:02,642] Epoch: 93, Dataset: test, Dice: 0.5765, IoU: 0.4814
[2026-08-24 02:13:03,383] Epoch: 93, Dataset: val, Dice: 0.8989, IoU: 0.8286
[2026-08-24 02:13:32,062] Epoch: 94, Dataset: test, Dice: 0.5577, IoU: 0.4616
[2026-08-24 02:13:32,816] Epoch: 94, Dataset: val, Dice: 0.9003, IoU: 0.8353
[2026-08-24 02:14:01,518] Epoch: 95, Dataset: test, Dice: 0.4766, IoU: 0.3765
[2026-08-24 02:14:02,257] Epoch: 95, Dataset: val, Dice: 0.8686, IoU: 0.7891
[2026-08-24 02:14:30,910] Epoch: 96, Dataset: test, Dice: 0.5854, IoU: 0.4941
[2026-08-24 02:14:31,670] Epoch: 96, Dataset: val, Dice: 0.8943, IoU: 0.8248
[2026-08-24 02:15:00,400] Epoch: 97, Dataset: test, Dice: 0.5594, IoU: 0.4579
[2026-08-24 02:15:01,132] Epoch: 97, Dataset: val, Dice: 0.9060, IoU: 0.8364
[2026-08-24 02:15:01,133] ### Best Model Saved (Dice improved from 0.9026 to 0.9060) ###
[2026-08-24 02:15:29,899] Epoch: 98, Dataset: test, Dice: 0.5148, IoU: 0.4213
[2026-08-24 02:15:30,644] Epoch: 98, Dataset: val, Dice: 0.9008, IoU: 0.8341
[2026-08-24 02:15:59,331] Epoch: 99, Dataset: test, Dice: 0.5233, IoU: 0.4287
[2026-08-24 02:16:00,069] Epoch: 99, Dataset: val, Dice: 0.8931, IoU: 0.8253
[2026-08-24 02:16:28,700] Epoch: 100, Dataset: test, Dice: 0.5157, IoU: 0.4123
[2026-08-24 02:16:29,458] Epoch: 100, Dataset: val, Dice: 0.9071, IoU: 0.8442
[2026-08-24 02:16:29,458] ### Best Model Saved (Dice improved from 0.9060 to 0.9071) ###
[2026-08-24 02:16:58,243] Epoch: 101, Dataset: test, Dice: 0.5692, IoU: 0.4737
[2026-08-24 02:16:58,989] Epoch: 101, Dataset: val, Dice: 0.8974, IoU: 0.8325
[2026-08-24 02:17:27,776] Epoch: 102, Dataset: test, Dice: 0.5737, IoU: 0.4819
[2026-08-24 02:17:28,545] Epoch: 102, Dataset: val, Dice: 0.8918, IoU: 0.8236
[2026-08-24 02:17:57,207] Epoch: 103, Dataset: test, Dice: 0.5640, IoU: 0.4691
[2026-08-24 02:17:57,956] Epoch: 103, Dataset: val, Dice: 0.8937, IoU: 0.8292
[2026-08-24 02:18:26,672] Epoch: 104, Dataset: test, Dice: 0.4868, IoU: 0.3930
[2026-08-24 02:18:27,416] Epoch: 104, Dataset: val, Dice: 0.8812, IoU: 0.8088
[2026-08-24 02:18:56,024] Epoch: 105, Dataset: test, Dice: 0.5624, IoU: 0.4697
[2026-08-24 02:18:56,792] Epoch: 105, Dataset: val, Dice: 0.8867, IoU: 0.8178
[2026-08-24 02:19:25,341] Epoch: 106, Dataset: test, Dice: 0.5588, IoU: 0.4654
[2026-08-24 02:19:26,076] Epoch: 106, Dataset: val, Dice: 0.8811, IoU: 0.8118
[2026-08-24 02:19:54,692] Epoch: 107, Dataset: test, Dice: 0.5366, IoU: 0.4398
[2026-08-24 02:19:55,438] Epoch: 107, Dataset: val, Dice: 0.8897, IoU: 0.8236
[2026-08-24 02:20:24,074] Epoch: 108, Dataset: test, Dice: 0.5264, IoU: 0.4249
[2026-08-24 02:20:24,810] Epoch: 108, Dataset: val, Dice: 0.9093, IoU: 0.8452
[2026-08-24 02:20:24,811] ### Best Model Saved (Dice improved from 0.9071 to 0.9093) ###
[2026-08-24 02:20:53,532] Epoch: 109, Dataset: test, Dice: 0.5614, IoU: 0.4647
[2026-08-24 02:20:54,263] Epoch: 109, Dataset: val, Dice: 0.8895, IoU: 0.8233
[2026-08-24 02:21:22,943] Epoch: 110, Dataset: test, Dice: 0.5707, IoU: 0.4796
[2026-08-24 02:21:23,671] Epoch: 110, Dataset: val, Dice: 0.9071, IoU: 0.8401
[2026-08-24 02:21:52,434] Epoch: 111, Dataset: test, Dice: 0.4970, IoU: 0.4052
[2026-08-24 02:21:53,121] Epoch: 111, Dataset: val, Dice: 0.8959, IoU: 0.8313
[2026-08-24 02:22:21,810] Epoch: 112, Dataset: test, Dice: 0.5109, IoU: 0.4115
[2026-08-24 02:22:22,572] Epoch: 112, Dataset: val, Dice: 0.8948, IoU: 0.8235
[2026-08-24 02:22:51,286] Epoch: 113, Dataset: test, Dice: 0.5223, IoU: 0.4273
[2026-08-24 02:22:52,016] Epoch: 113, Dataset: val, Dice: 0.8896, IoU: 0.8250
[2026-08-24 02:23:20,734] Epoch: 114, Dataset: test, Dice: 0.5814, IoU: 0.4769
[2026-08-24 02:23:21,476] Epoch: 114, Dataset: val, Dice: 0.8901, IoU: 0.8256
[2026-08-24 02:23:50,202] Epoch: 115, Dataset: test, Dice: 0.5303, IoU: 0.4367
[2026-08-24 02:23:50,926] Epoch: 115, Dataset: val, Dice: 0.8853, IoU: 0.8165
[2026-08-24 02:24:19,664] Epoch: 116, Dataset: test, Dice: 0.6078, IoU: 0.5032
[2026-08-24 02:24:20,443] Epoch: 116, Dataset: val, Dice: 0.9012, IoU: 0.8386
[2026-08-24 02:24:49,228] Epoch: 117, Dataset: test, Dice: 0.5646, IoU: 0.4712
[2026-08-24 02:24:49,955] Epoch: 117, Dataset: val, Dice: 0.8944, IoU: 0.8316
[2026-08-24 02:25:18,629] Epoch: 118, Dataset: test, Dice: 0.5707, IoU: 0.4715
[2026-08-24 02:25:19,366] Epoch: 118, Dataset: val, Dice: 0.8923, IoU: 0.8271
[2026-08-24 02:25:48,037] Epoch: 119, Dataset: test, Dice: 0.5145, IoU: 0.4183
[2026-08-24 02:25:48,770] Epoch: 119, Dataset: val, Dice: 0.8953, IoU: 0.8294
[2026-08-24 02:26:17,342] Epoch: 120, Dataset: test, Dice: 0.5561, IoU: 0.4673
[2026-08-24 02:26:18,099] Epoch: 120, Dataset: val, Dice: 0.8881, IoU: 0.8226
[2026-08-24 02:26:46,803] Epoch: 121, Dataset: test, Dice: 0.5737, IoU: 0.4794
[2026-08-24 02:26:47,549] Epoch: 121, Dataset: val, Dice: 0.8943, IoU: 0.8314
[2026-08-24 02:27:16,213] Epoch: 122, Dataset: test, Dice: 0.5634, IoU: 0.4651
[2026-08-24 02:27:16,960] Epoch: 122, Dataset: val, Dice: 0.8914, IoU: 0.8282
[2026-08-24 02:27:45,659] Epoch: 123, Dataset: test, Dice: 0.5775, IoU: 0.4774
[2026-08-24 02:27:46,415] Epoch: 123, Dataset: val, Dice: 0.9050, IoU: 0.8432
[2026-08-24 02:28:15,091] Epoch: 124, Dataset: test, Dice: 0.5577, IoU: 0.4641
[2026-08-24 02:28:15,847] Epoch: 124, Dataset: val, Dice: 0.8924, IoU: 0.8282
[2026-08-24 02:28:44,525] Epoch: 125, Dataset: test, Dice: 0.5717, IoU: 0.4688
[2026-08-24 02:28:45,271] Epoch: 125, Dataset: val, Dice: 0.8975, IoU: 0.8344
[2026-08-24 02:29:13,981] Epoch: 126, Dataset: test, Dice: 0.5865, IoU: 0.4844
[2026-08-24 02:29:14,722] Epoch: 126, Dataset: val, Dice: 0.9010, IoU: 0.8373
[2026-08-24 02:29:43,410] Epoch: 127, Dataset: test, Dice: 0.5705, IoU: 0.4731
[2026-08-24 02:29:44,128] Epoch: 127, Dataset: val, Dice: 0.8948, IoU: 0.8324
[2026-08-24 02:30:12,806] Epoch: 128, Dataset: test, Dice: 0.5779, IoU: 0.4849
[2026-08-24 02:30:13,528] Epoch: 128, Dataset: val, Dice: 0.8958, IoU: 0.8321
[2026-08-24 02:30:42,208] Epoch: 129, Dataset: test, Dice: 0.5614, IoU: 0.4631
[2026-08-24 02:30:42,998] Epoch: 129, Dataset: val, Dice: 0.9000, IoU: 0.8369
[2026-08-24 02:31:11,661] Epoch: 130, Dataset: test, Dice: 0.5617, IoU: 0.4648
[2026-08-24 02:31:12,426] Epoch: 130, Dataset: val, Dice: 0.8975, IoU: 0.8337
[2026-08-24 02:31:41,114] Epoch: 131, Dataset: test, Dice: 0.5619, IoU: 0.4609
[2026-08-24 02:31:41,897] Epoch: 131, Dataset: val, Dice: 0.9054, IoU: 0.8433
[2026-08-24 02:32:10,582] Epoch: 132, Dataset: test, Dice: 0.5562, IoU: 0.4575
[2026-08-24 02:32:11,317] Epoch: 132, Dataset: val, Dice: 0.9082, IoU: 0.8470
[2026-08-24 02:32:40,043] Epoch: 133, Dataset: test, Dice: 0.5854, IoU: 0.4905
[2026-08-24 02:32:40,772] Epoch: 133, Dataset: val, Dice: 0.8957, IoU: 0.8285
[2026-08-24 02:33:09,501] Epoch: 134, Dataset: test, Dice: 0.5502, IoU: 0.4556
[2026-08-24 02:33:10,267] Epoch: 134, Dataset: val, Dice: 0.9062, IoU: 0.8452
[2026-08-24 02:33:38,869] Epoch: 135, Dataset: test, Dice: 0.5706, IoU: 0.4731
[2026-08-24 02:33:39,573] Epoch: 135, Dataset: val, Dice: 0.8949, IoU: 0.8327
[2026-08-24 02:34:08,265] Epoch: 136, Dataset: test, Dice: 0.5527, IoU: 0.4695
[2026-08-24 02:34:08,979] Epoch: 136, Dataset: val, Dice: 0.8993, IoU: 0.8384
[2026-08-24 02:34:37,706] Epoch: 137, Dataset: test, Dice: 0.5559, IoU: 0.4579
[2026-08-24 02:34:38,432] Epoch: 137, Dataset: val, Dice: 0.8994, IoU: 0.8384
[2026-08-24 02:35:07,154] Epoch: 138, Dataset: test, Dice: 0.5392, IoU: 0.4430
[2026-08-24 02:35:07,911] Epoch: 138, Dataset: val, Dice: 0.9096, IoU: 0.8504
[2026-08-24 02:35:07,911] ### Best Model Saved (Dice improved from 0.9093 to 0.9096) ###
[2026-08-24 02:35:36,657] Epoch: 139, Dataset: test, Dice: 0.5595, IoU: 0.4698
[2026-08-24 02:35:37,411] Epoch: 139, Dataset: val, Dice: 0.8883, IoU: 0.8227
[2026-08-24 02:36:06,104] Epoch: 140, Dataset: test, Dice: 0.5660, IoU: 0.4743
[2026-08-24 02:36:06,819] Epoch: 140, Dataset: val, Dice: 0.8985, IoU: 0.8378
[2026-08-24 02:36:35,563] Epoch: 141, Dataset: test, Dice: 0.5743, IoU: 0.4722
[2026-08-24 02:36:36,323] Epoch: 141, Dataset: val, Dice: 0.8989, IoU: 0.8399
[2026-08-24 02:37:05,005] Epoch: 142, Dataset: test, Dice: 0.5681, IoU: 0.4723
[2026-08-24 02:37:05,746] Epoch: 142, Dataset: val, Dice: 0.8965, IoU: 0.8356
[2026-08-24 02:37:34,480] Epoch: 143, Dataset: test, Dice: 0.5621, IoU: 0.4616
[2026-08-24 02:37:35,238] Epoch: 143, Dataset: val, Dice: 0.8917, IoU: 0.8279
[2026-08-24 02:38:03,954] Epoch: 144, Dataset: test, Dice: 0.5592, IoU: 0.4598
[2026-08-24 02:38:04,706] Epoch: 144, Dataset: val, Dice: 0.9087, IoU: 0.8493
[2026-08-24 02:38:33,373] Epoch: 145, Dataset: test, Dice: 0.5681, IoU: 0.4693
[2026-08-24 02:38:34,091] Epoch: 145, Dataset: val, Dice: 0.9008, IoU: 0.8400
[2026-08-24 02:39:02,773] Epoch: 146, Dataset: test, Dice: 0.5538, IoU: 0.4540
[2026-08-24 02:39:03,502] Epoch: 146, Dataset: val, Dice: 0.9004, IoU: 0.8422
[2026-08-24 02:39:32,256] Epoch: 147, Dataset: test, Dice: 0.5758, IoU: 0.4802
[2026-08-24 02:39:32,976] Epoch: 147, Dataset: val, Dice: 0.8990, IoU: 0.8388
[2026-08-24 02:40:01,666] Epoch: 148, Dataset: test, Dice: 0.5529, IoU: 0.4518
[2026-08-24 02:40:02,454] Epoch: 148, Dataset: val, Dice: 0.9000, IoU: 0.8405
[2026-08-24 02:40:31,141] Epoch: 149, Dataset: test, Dice: 0.5769, IoU: 0.4753
[2026-08-24 02:40:31,890] Epoch: 149, Dataset: val, Dice: 0.8943, IoU: 0.8325
[2026-08-24 02:41:00,661] Epoch: 150, Dataset: test, Dice: 0.5549, IoU: 0.4560
[2026-08-24 02:41:01,404] Epoch: 150, Dataset: val, Dice: 0.9019, IoU: 0.8422
[2026-08-24 02:41:30,156] Epoch: 151, Dataset: test, Dice: 0.5930, IoU: 0.4918
[2026-08-24 02:41:30,890] Epoch: 151, Dataset: val, Dice: 0.8912, IoU: 0.8306
[2026-08-24 02:41:59,642] Epoch: 152, Dataset: test, Dice: 0.5522, IoU: 0.4456
[2026-08-24 02:42:00,393] Epoch: 152, Dataset: val, Dice: 0.8981, IoU: 0.8352
[2026-08-24 02:42:29,087] Epoch: 153, Dataset: test, Dice: 0.5787, IoU: 0.4768
[2026-08-24 02:42:29,812] Epoch: 153, Dataset: val, Dice: 0.9022, IoU: 0.8401
[2026-08-24 02:42:58,517] Epoch: 154, Dataset: test, Dice: 0.5826, IoU: 0.4914
[2026-08-24 02:42:59,279] Epoch: 154, Dataset: val, Dice: 0.8981, IoU: 0.8348
[2026-08-24 02:43:27,948] Epoch: 155, Dataset: test, Dice: 0.5549, IoU: 0.4571
[2026-08-24 02:43:28,650] Epoch: 155, Dataset: val, Dice: 0.8979, IoU: 0.8364
[2026-08-24 02:43:57,315] Epoch: 156, Dataset: test, Dice: 0.5691, IoU: 0.4802
[2026-08-24 02:43:58,080] Epoch: 156, Dataset: val, Dice: 0.8989, IoU: 0.8349
[2026-08-24 02:44:26,749] Epoch: 157, Dataset: test, Dice: 0.5754, IoU: 0.4794
[2026-08-24 02:44:27,493] Epoch: 157, Dataset: val, Dice: 0.8946, IoU: 0.8335
[2026-08-24 02:44:56,216] Epoch: 158, Dataset: test, Dice: 0.6065, IoU: 0.4998
[2026-08-24 02:44:57,008] Epoch: 158, Dataset: val, Dice: 0.9034, IoU: 0.8418
[2026-08-24 02:45:25,735] Epoch: 159, Dataset: test, Dice: 0.5306, IoU: 0.4369
[2026-08-24 02:45:26,477] Epoch: 159, Dataset: val, Dice: 0.8988, IoU: 0.8357
[2026-08-24 02:45:55,153] Epoch: 160, Dataset: test, Dice: 0.5578, IoU: 0.4594
[2026-08-24 02:45:55,924] Epoch: 160, Dataset: val, Dice: 0.9036, IoU: 0.8443
[2026-08-24 02:46:24,593] Epoch: 161, Dataset: test, Dice: 0.5594, IoU: 0.4673
[2026-08-24 02:46:25,305] Epoch: 161, Dataset: val, Dice: 0.8953, IoU: 0.8310
[2026-08-24 02:46:53,998] Epoch: 162, Dataset: test, Dice: 0.6027, IoU: 0.5058
[2026-08-24 02:46:54,751] Epoch: 162, Dataset: val, Dice: 0.9117, IoU: 0.8522
[2026-08-24 02:46:54,751] ### Best Model Saved (Dice improved from 0.9096 to 0.9117) ###
[2026-08-24 02:47:23,557] Epoch: 163, Dataset: test, Dice: 0.6149, IoU: 0.5230
[2026-08-24 02:47:24,301] Epoch: 163, Dataset: val, Dice: 0.8966, IoU: 0.8337
[2026-08-24 02:47:52,995] Epoch: 164, Dataset: test, Dice: 0.5648, IoU: 0.4653
[2026-08-24 02:47:53,735] Epoch: 164, Dataset: val, Dice: 0.9044, IoU: 0.8441
[2026-08-24 02:48:22,439] Epoch: 165, Dataset: test, Dice: 0.5645, IoU: 0.4693
[2026-08-24 02:48:23,196] Epoch: 165, Dataset: val, Dice: 0.9085, IoU: 0.8475
[2026-08-24 02:48:51,854] Epoch: 166, Dataset: test, Dice: 0.5692, IoU: 0.4751
[2026-08-24 02:48:52,580] Epoch: 166, Dataset: val, Dice: 0.9074, IoU: 0.8455
[2026-08-24 02:49:21,277] Epoch: 167, Dataset: test, Dice: 0.5470, IoU: 0.4502
[2026-08-24 02:49:22,051] Epoch: 167, Dataset: val, Dice: 0.9048, IoU: 0.8440
[2026-08-24 02:49:50,778] Epoch: 168, Dataset: test, Dice: 0.5834, IoU: 0.4908
[2026-08-24 02:49:51,516] Epoch: 168, Dataset: val, Dice: 0.9008, IoU: 0.8350
[2026-08-24 02:50:20,179] Epoch: 169, Dataset: test, Dice: 0.5904, IoU: 0.4912
[2026-08-24 02:50:20,921] Epoch: 169, Dataset: val, Dice: 0.9103, IoU: 0.8510
[2026-08-24 02:50:49,576] Epoch: 170, Dataset: test, Dice: 0.5887, IoU: 0.4944
[2026-08-24 02:50:50,304] Epoch: 170, Dataset: val, Dice: 0.9082, IoU: 0.8468
[2026-08-24 02:51:19,035] Epoch: 171, Dataset: test, Dice: 0.5487, IoU: 0.4553
[2026-08-24 02:51:19,793] Epoch: 171, Dataset: val, Dice: 0.9083, IoU: 0.8481
[2026-08-24 02:51:48,441] Epoch: 172, Dataset: test, Dice: 0.5856, IoU: 0.4886
[2026-08-24 02:51:49,184] Epoch: 172, Dataset: val, Dice: 0.9125, IoU: 0.8537
[2026-08-24 02:51:49,184] ### Best Model Saved (Dice improved from 0.9117 to 0.9125) ###
[2026-08-24 02:52:17,883] Epoch: 173, Dataset: test, Dice: 0.5709, IoU: 0.4754
[2026-08-24 02:52:18,652] Epoch: 173, Dataset: val, Dice: 0.9071, IoU: 0.8473
[2026-08-24 02:52:47,350] Epoch: 174, Dataset: test, Dice: 0.5602, IoU: 0.4666
[2026-08-24 02:52:48,106] Epoch: 174, Dataset: val, Dice: 0.9026, IoU: 0.8431
[2026-08-24 02:53:16,820] Epoch: 175, Dataset: test, Dice: 0.5503, IoU: 0.4540
[2026-08-24 02:53:17,562] Epoch: 175, Dataset: val, Dice: 0.9042, IoU: 0.8465
[2026-08-24 02:53:46,267] Epoch: 176, Dataset: test, Dice: 0.5601, IoU: 0.4625
[2026-08-24 02:53:47,003] Epoch: 176, Dataset: val, Dice: 0.9128, IoU: 0.8538
[2026-08-24 02:53:47,003] ### Best Model Saved (Dice improved from 0.9125 to 0.9128) ###
[2026-08-24 02:54:15,723] Epoch: 177, Dataset: test, Dice: 0.5356, IoU: 0.4403
[2026-08-24 02:54:16,482] Epoch: 177, Dataset: val, Dice: 0.9027, IoU: 0.8411
[2026-08-24 02:54:45,107] Epoch: 178, Dataset: test, Dice: 0.5605, IoU: 0.4709
[2026-08-24 02:54:45,839] Epoch: 178, Dataset: val, Dice: 0.9037, IoU: 0.8446
[2026-08-24 02:55:14,524] Epoch: 179, Dataset: test, Dice: 0.5779, IoU: 0.4867
[2026-08-24 02:55:15,270] Epoch: 179, Dataset: val, Dice: 0.9006, IoU: 0.8412
[2026-08-24 02:55:43,942] Epoch: 180, Dataset: test, Dice: 0.5613, IoU: 0.4681
[2026-08-24 02:55:44,692] Epoch: 180, Dataset: val, Dice: 0.8964, IoU: 0.8350
[2026-08-24 02:56:13,357] Epoch: 181, Dataset: test, Dice: 0.6012, IoU: 0.5045
[2026-08-24 02:56:14,077] Epoch: 181, Dataset: val, Dice: 0.8982, IoU: 0.8382
[2026-08-24 02:56:42,782] Epoch: 182, Dataset: test, Dice: 0.5589, IoU: 0.4702
[2026-08-24 02:56:43,539] Epoch: 182, Dataset: val, Dice: 0.8974, IoU: 0.8336
[2026-08-24 02:57:12,236] Epoch: 183, Dataset: test, Dice: 0.5680, IoU: 0.4788
[2026-08-24 02:57:12,914] Epoch: 183, Dataset: val, Dice: 0.9061, IoU: 0.8453
[2026-08-24 02:57:41,583] Epoch: 184, Dataset: test, Dice: 0.5906, IoU: 0.5010
[2026-08-24 02:57:42,350] Epoch: 184, Dataset: val, Dice: 0.8990, IoU: 0.8389
[2026-08-24 02:58:11,037] Epoch: 185, Dataset: test, Dice: 0.5744, IoU: 0.4884
[2026-08-24 02:58:11,786] Epoch: 185, Dataset: val, Dice: 0.9015, IoU: 0.8396
[2026-08-24 02:58:40,470] Epoch: 186, Dataset: test, Dice: 0.5462, IoU: 0.4543
[2026-08-24 02:58:41,202] Epoch: 186, Dataset: val, Dice: 0.9053, IoU: 0.8437
[2026-08-24 02:59:09,892] Epoch: 187, Dataset: test, Dice: 0.5621, IoU: 0.4651
[2026-08-24 02:59:10,632] Epoch: 187, Dataset: val, Dice: 0.8998, IoU: 0.8393
[2026-08-24 02:59:39,264] Epoch: 188, Dataset: test, Dice: 0.5818, IoU: 0.4852
[2026-08-24 02:59:40,031] Epoch: 188, Dataset: val, Dice: 0.8991, IoU: 0.8378
[2026-08-24 03:00:08,652] Epoch: 189, Dataset: test, Dice: 0.5513, IoU: 0.4567
[2026-08-24 03:00:09,406] Epoch: 189, Dataset: val, Dice: 0.9048, IoU: 0.8454
[2026-08-24 03:00:38,122] Epoch: 190, Dataset: test, Dice: 0.5371, IoU: 0.4436
[2026-08-24 03:00:38,868] Epoch: 190, Dataset: val, Dice: 0.9056, IoU: 0.8456
[2026-08-24 03:01:07,554] Epoch: 191, Dataset: test, Dice: 0.5591, IoU: 0.4627
[2026-08-24 03:01:08,292] Epoch: 191, Dataset: val, Dice: 0.8992, IoU: 0.8388
[2026-08-24 03:01:36,975] Epoch: 192, Dataset: test, Dice: 0.5444, IoU: 0.4450
[2026-08-24 03:01:37,694] Epoch: 192, Dataset: val, Dice: 0.9077, IoU: 0.8480
[2026-08-24 03:02:06,342] Epoch: 193, Dataset: test, Dice: 0.5768, IoU: 0.4789
[2026-08-24 03:02:07,065] Epoch: 193, Dataset: val, Dice: 0.9075, IoU: 0.8469
[2026-08-24 03:02:35,718] Epoch: 194, Dataset: test, Dice: 0.5757, IoU: 0.4835
[2026-08-24 03:02:36,428] Epoch: 194, Dataset: val, Dice: 0.9003, IoU: 0.8408
[2026-08-24 03:03:05,161] Epoch: 195, Dataset: test, Dice: 0.5452, IoU: 0.4474
[2026-08-24 03:03:05,887] Epoch: 195, Dataset: val, Dice: 0.9028, IoU: 0.8423
[2026-08-24 03:03:34,504] Epoch: 196, Dataset: test, Dice: 0.5815, IoU: 0.4834
[2026-08-24 03:03:35,232] Epoch: 196, Dataset: val, Dice: 0.8990, IoU: 0.8394
[2026-08-24 03:04:03,876] Epoch: 197, Dataset: test, Dice: 0.5285, IoU: 0.4325
[2026-08-24 03:04:04,585] Epoch: 197, Dataset: val, Dice: 0.9027, IoU: 0.8438
[2026-08-24 03:04:33,216] Epoch: 198, Dataset: test, Dice: 0.5514, IoU: 0.4632
[2026-08-24 03:04:33,984] Epoch: 198, Dataset: val, Dice: 0.9033, IoU: 0.8450
[2026-08-24 03:05:02,715] Epoch: 199, Dataset: test, Dice: 0.5848, IoU: 0.4929
[2026-08-24 03:05:03,440] Epoch: 199, Dataset: val, Dice: 0.9023, IoU: 0.8419
[2026-08-24 03:05:32,107] Epoch: 200, Dataset: test, Dice: 0.5832, IoU: 0.4967
[2026-08-24 03:05:32,859] Epoch: 200, Dataset: val, Dice: 0.9002, IoU: 0.8389
[2026-08-24 03:05:32,861] 
========================================
FINAL RESULTS: ClinicDB_MK_UNet_bs8_lr0.0005_e200_augTrue_run5_t012727
Best Val Dice: 0.9128
Test Dice at Best Val: 0.5601
Total Train Time: 5605.98s
========================================
